time="2026-09-30T09:31:24+09:00" level=info msg="[run] 시작 09:31:24 MODE=sync TAG=FLASH-sync-ff-db-single PROMOTION_ID=1" source=console
time="2026-09-30T09:31:24+09:00" level=info msg="[flash] 시도 09:31:54 ~ 09:33:41 (최고 초당 3000건), 관찰 끝 09:38:41" source=console
time="2026-09-30T09:38:41+09:00" level=info msg="[run] 종료 09:38:41 TAG=FLASH-sync-ff-db-single" source=console
     base_accepted[2m..................:[0m [36m15501[0m  [36;2m35.469247/s[0m
     base_accepted_duration[2m.........:[0m avg=[36m12.66ms[0m  min=[36m346µs[0m   med=[36m4.32ms[0m   max=[36m383.45ms[0m p(90)=[36m5.29ms[0m   p(95)=[36m96.44ms[0m  p(99)=[36m122.54ms[0m
     base_rejected[2m..................:[0m [36m1980[0m   [36;2m4.530618/s[0m
     data_received[2m..................:[0m [36m36 MB[0m  [36;2m82 kB/s[0m
     data_sent[2m......................:[0m [36m70 MB[0m  [36;2m160 kB/s[0m
     http_req_blocked[2m...............:[0m avg=[36m16.51µs[0m  min=[36m0s[0m      med=[36m0s[0m       max=[36m14.71ms[0m  p(90)=[36m0s[0m       p(95)=[36m0s[0m       p(99)=[36m521.8µs[0m 
     http_req_connecting[2m............:[0m avg=[36m16.17µs[0m  min=[36m0s[0m      med=[36m0s[0m       max=[36m14.71ms[0m  p(90)=[36m0s[0m       p(95)=[36m0s[0m       p(99)=[36m521.4µs[0m 
     http_req_duration[2m..............:[0m avg=[36m46.24ms[0m  min=[36m0s[0m      med=[36m2.61ms[0m   max=[36m677.01ms[0m p(90)=[36m117.12ms[0m p(95)=[36m133.02ms[0m p(99)=[36m222.74ms[0m
       { expected_response:true }[2m...:[0m avg=[36m98.54ms[0m  min=[36m346µs[0m   med=[36m111.28ms[0m max=[36m677.01ms[0m p(90)=[36m137.07ms[0m p(95)=[36m209.99ms[0m p(99)=[36m299.68ms[0m
     http_req_failed[2m................:[0m [36m53.79%[0m [36;2m✓ 134470[0m     [36;2m✗ 115501[0m
     http_req_receiving[2m.............:[0m avg=[36m79.13µs[0m  min=[36m0s[0m      med=[36m0s[0m       max=[36m7.65ms[0m   p(90)=[36m0s[0m       p(95)=[36m516.1µs[0m  p(99)=[36m2.69ms[0m  
     http_req_sending[2m...............:[0m avg=[36m916ns[0m    min=[36m0s[0m      med=[36m0s[0m       max=[36m2.13ms[0m   p(90)=[36m0s[0m       p(95)=[36m0s[0m       p(99)=[36m0s[0m      
     http_req_tls_handshaking[2m.......:[0m avg=[36m0s[0m       min=[36m0s[0m      med=[36m0s[0m       max=[36m0s[0m       p(90)=[36m0s[0m       p(95)=[36m0s[0m       p(99)=[36m0s[0m      
     http_req_waiting[2m...............:[0m avg=[36m46.16ms[0m  min=[36m0s[0m      med=[36m2.2ms[0m    max=[36m677.01ms[0m p(90)=[36m117.09ms[0m p(95)=[36m132.97ms[0m p(99)=[36m222.72ms[0m
     http_reqs[2m......................:[0m [36m249971[0m [36;2m571.981367/s[0m
     iteration_duration[2m.............:[0m avg=[36m46.29ms[0m  min=[36m0s[0m      med=[36m2.64ms[0m   max=[36m677.01ms[0m p(90)=[36m117.17ms[0m p(95)=[36m133.08ms[0m p(99)=[36m222.76ms[0m
     iterations[2m.....................:[0m [36m249971[0m [36;2m571.981367/s[0m
     promo_queue_full[2m...............:[0m [36m120126[0m [36;2m274.87122/s[0m
     promo_queue_full_duration[2m......:[0m avg=[36m1.37ms[0m   min=[36m0s[0m      med=[36m1.01ms[0m   max=[36m161.55ms[0m p(90)=[36m2.38ms[0m   p(95)=[36m3.48ms[0m   p(99)=[36m11.3ms[0m  
     promo_sold_out[2m.................:[0m [36m12364[0m  [36;2m28.291192/s[0m
     promo_sold_out_duration[2m........:[0m avg=[36m898.41µs[0m min=[36m0s[0m      med=[36m627.4µs[0m  max=[36m34.01ms[0m  p(90)=[36m1.19ms[0m   p(95)=[36m1.49ms[0m   p(99)=[36m2.32ms[0m  
     promo_success[2m..................:[0m [36m100000[0m [36;2m228.81909/s[0m
     promo_success_duration[2m.........:[0m avg=[36m111.86ms[0m min=[36m503.1µs[0m med=[36m112.44ms[0m max=[36m677.01ms[0m p(90)=[36m195.59ms[0m p(95)=[36m211.46ms[0m p(99)=[36m303.48ms[0m
     vus[2m............................:[0m [36m0[0m      [36;2mmin=0[0m        [36;2mmax=186[0m 
     vus_max[2m........................:[0m [36m2050[0m   [36;2mmin=2050[0m     [36;2mmax=2050[0m