time="2026-09-30T09:29:59+09:00" level=info msg="[run] 시작 09:29:59 MODE=sync TAG=FLASH-warmup PROMOTION_ID=2" source=console
time="2026-09-30T09:29:59+09:00" level=info msg="[flash] 시도 09:30:04 ~ 09:30:59 (최고 초당 1000건), 관찰 끝 09:31:04" source=console
time="2026-09-30T09:31:04+09:00" level=info msg="[run] 종료 09:31:04 TAG=FLASH-warmup" source=console
     base_accepted[2m..................:[0m [36m2434[0m   [36;2m37.432975/s[0m
     base_accepted_duration[2m.........:[0m avg=[36m34.85ms[0m  min=[36m509.1µs[0m med=[36m2.49ms[0m  max=[36m1.47s[0m   p(90)=[36m66.34ms[0m  p(95)=[36m158.7ms[0m  p(99)=[36m879.36ms[0m
     base_rejected[2m..................:[0m [36m162[0m    [36;2m2.491431/s[0m
     data_received[2m..................:[0m [36m7.7 MB[0m [36;2m118 kB/s[0m
     data_sent[2m......................:[0m [36m15 MB[0m  [36;2m235 kB/s[0m
     dropped_iterations[2m.............:[0m [36m5[0m      [36;2m0.076896/s[0m
     http_req_blocked[2m...............:[0m avg=[36m19.69µs[0m  min=[36m0s[0m      med=[36m0s[0m      max=[36m55.55ms[0m p(90)=[36m0s[0m       p(95)=[36m0s[0m       p(99)=[36m516.2µs[0m 
     http_req_connecting[2m............:[0m avg=[36m19.09µs[0m  min=[36m0s[0m      med=[36m0s[0m      max=[36m55.55ms[0m p(90)=[36m0s[0m       p(95)=[36m0s[0m       p(99)=[36m515µs[0m   
     http_req_duration[2m..............:[0m avg=[36m26.04ms[0m  min=[36m0s[0m      med=[36m1.02ms[0m  max=[36m1.47s[0m   p(90)=[36m134.42ms[0m p(95)=[36m178.58ms[0m p(99)=[36m319.8ms[0m 
       { expected_response:true }[2m...:[0m avg=[36m62.84ms[0m  min=[36m509.1µs[0m med=[36m3.65ms[0m  max=[36m1.47s[0m   p(90)=[36m184.74ms[0m p(95)=[36m240.73ms[0m p(99)=[36m396.25ms[0m
     http_req_failed[2m................:[0m [36m59.27%[0m [36;2m✓ 32652[0m      [36;2m✗ 22434[0m
     http_req_receiving[2m.............:[0m avg=[36m45.56µs[0m  min=[36m0s[0m      med=[36m0s[0m      max=[36m13.45ms[0m p(90)=[36m0s[0m       p(95)=[36m507.4µs[0m  p(99)=[36m638.4µs[0m 
     http_req_sending[2m...............:[0m avg=[36m1.62µs[0m   min=[36m0s[0m      med=[36m0s[0m      max=[36m5.63ms[0m  p(90)=[36m0s[0m       p(95)=[36m0s[0m       p(99)=[36m0s[0m      
     http_req_tls_handshaking[2m.......:[0m avg=[36m0s[0m       min=[36m0s[0m      med=[36m0s[0m      max=[36m0s[0m      p(90)=[36m0s[0m       p(95)=[36m0s[0m       p(99)=[36m0s[0m      
     http_req_waiting[2m...............:[0m avg=[36m25.99ms[0m  min=[36m0s[0m      med=[36m1.01ms[0m  max=[36m1.47s[0m   p(90)=[36m134.28ms[0m p(95)=[36m178.52ms[0m p(99)=[36m319.8ms[0m 
     http_reqs[2m......................:[0m [36m55086[0m  [36;2m847.178671/s[0m
     iteration_duration[2m.............:[0m avg=[36m26.09ms[0m  min=[36m0s[0m      med=[36m1.02ms[0m  max=[36m1.47s[0m   p(90)=[36m134.47ms[0m p(95)=[36m178.65ms[0m p(99)=[36m319.8ms[0m 
     iterations[2m.....................:[0m [36m55086[0m  [36;2m847.178671/s[0m
     promo_queue_full[2m...............:[0m [36m2529[0m   [36;2m38.894/s[0m
     promo_queue_full_duration[2m......:[0m avg=[36m1.56ms[0m   min=[36m0s[0m      med=[36m1.03ms[0m  max=[36m18.25ms[0m p(90)=[36m2.34ms[0m   p(95)=[36m4.07ms[0m   p(99)=[36m11.17ms[0m 
     promo_sold_out[2m.................:[0m [36m29961[0m  [36;2m460.776243/s[0m
     promo_sold_out_duration[2m........:[0m avg=[36m682.25µs[0m min=[36m0s[0m      med=[36m513.1µs[0m max=[36m23.39ms[0m p(90)=[36m1.02ms[0m   p(95)=[36m1.06ms[0m   p(99)=[36m1.55ms[0m  
     promo_success[2m..................:[0m [36m20000[0m  [36;2m307.584022/s[0m
     promo_success_duration[2m.........:[0m avg=[36m66.25ms[0m  min=[36m518.4µs[0m med=[36m3.97ms[0m  max=[36m1.02s[0m   p(90)=[36m188.12ms[0m p(95)=[36m248.04ms[0m p(99)=[36m380.32ms[0m
     vus[2m............................:[0m [36m1[0m      [36;2mmin=0[0m        [36;2mmax=133[0m
     vus_max[2m........................:[0m [36m555[0m    [36;2mmin=550[0m      [36;2mmax=555[0m