[2026-09-28T08:04:27.150+0900][0.006s] Using G1
[2026-09-28T08:04:28.034+0900][0.885s] GC(0) Pause Young (Normal) (G1 Evacuation Pause) 102M->5M(2048M) 4.687ms
[2026-09-28T08:04:28.436+0900][1.289s] GC(1) Pause Young (Concurrent Start) (Metadata GC Threshold) 103M->10M(2048M) 5.851ms
[2026-09-28T08:04:28.436+0900][1.289s] GC(2) Concurrent Mark Cycle
[2026-09-28T08:04:28.444+0900][1.295s] GC(2) Pause Remark 11M->11M(2048M) 1.500ms
[2026-09-28T08:04:28.444+0900][1.295s] GC(2) Pause Cleanup 11M->11M(2048M) 0.006ms
[2026-09-28T08:04:28.450+0900][1.300s] GC(2) Concurrent Mark Cycle 11.139ms
[2026-09-28T08:04:29.414+0900][2.265s] GC(3) Pause Young (Normal) (G1 Evacuation Pause) 131M->16M(2048M) 9.928ms
[2026-09-28T08:04:29.898+0900][2.750s] GC(4) Pause Young (Concurrent Start) (Metadata GC Threshold) 73M->18M(2048M) 6.938ms
[2026-09-28T08:04:29.898+0900][2.750s] GC(5) Concurrent Mark Cycle
[2026-09-28T08:04:29.912+0900][2.764s] GC(5) Pause Remark 20M->20M(2048M) 2.924ms
[2026-09-28T08:04:29.914+0900][2.766s] GC(5) Pause Cleanup 20M->20M(2048M) 0.149ms
[2026-09-28T08:04:29.919+0900][2.769s] GC(5) Concurrent Mark Cycle 19.032ms
[2026-09-28T08:04:31.381+0900][4.232s] GC(6) Pause Young (Concurrent Start) (Metadata GC Threshold) 189M->26M(2048M) 10.668ms
[2026-09-28T08:04:31.382+0900][4.232s] GC(7) Concurrent Mark Cycle
[2026-09-28T08:04:31.399+0900][4.249s] GC(7) Pause Remark 28M->28M(2048M) 4.308ms
[2026-09-28T08:04:31.401+0900][4.252s] GC(7) Pause Cleanup 28M->28M(2048M) 0.156ms
[2026-09-28T08:04:31.403+0900][4.254s] GC(7) Concurrent Mark Cycle 21.298ms
[2026-09-28T08:04:54.507+0900][27.358s] GC(8) Pause Young (Concurrent Start) (Metadata GC Threshold) 662M->71M(2048M) 31.487ms
[2026-09-28T08:04:54.507+0900][27.358s] GC(9) Concurrent Mark Cycle
[2026-09-28T08:04:54.539+0900][27.390s] GC(9) Pause Remark 81M->81M(2048M) 6.954ms
[2026-09-28T08:04:54.554+0900][27.405s] GC(9) Pause Cleanup 87M->87M(2048M) 0.255ms
[2026-09-28T08:04:54.557+0900][27.408s] GC(9) Concurrent Mark Cycle 49.974ms
[2026-09-28T08:04:55.645+0900][28.495s] GC(10) Pause Young (Prepare Mixed) (G1 Evacuation Pause) 505M->194M(2048M) 74.852ms
[2026-09-28T08:04:55.701+0900][28.552s] GC(11) Pause Young (Mixed) (G1 Evacuation Pause) 233M->209M(2048M) 35.227ms
[2026-09-28T08:04:55.826+0900][28.677s] GC(12) Pause Young (Normal) (G1 Evacuation Pause) 298M->244M(2048M) 29.044ms
[2026-09-28T08:04:55.919+0900][28.770s] GC(13) Pause Young (Normal) (G1 Evacuation Pause) 348M->288M(2048M) 32.437ms
[2026-09-28T08:04:56.026+0900][28.877s] GC(14) Pause Young (Normal) (G1 Evacuation Pause) 414M->339M(2048M) 34.964ms
[2026-09-28T08:04:56.164+0900][29.016s] GC(15) Pause Young (Normal) (G1 Evacuation Pause) 481M->399M(2048M) 46.092ms
[2026-09-28T08:04:56.382+0900][29.232s] GC(16) Pause Young (Normal) (G1 Evacuation Pause) 672M->438M(2048M) 26.542ms
[2026-09-28T08:04:56.633+0900][29.485s] GC(17) Pause Young (Normal) (G1 Evacuation Pause) 825M->457M(2048M) 22.037ms
[2026-09-28T08:04:57.007+0900][29.859s] GC(18) Pause Young (Normal) (G1 Evacuation Pause) 962M->598M(2048M) 77.832ms
[2026-09-28T08:04:59.204+0900][32.057s] GC(19) Pause Young (Normal) (G1 Evacuation Pause) 1039M->573M(2048M) 25.607ms
[2026-09-28T08:05:03.021+0900][35.874s] GC(20) Pause Young (Normal) (G1 Evacuation Pause) 1402M->585M(2048M) 17.309ms
[2026-09-28T08:05:03.166+0900][36.017s] GC(21) Pause Young (Concurrent Start) (CodeCache GC Threshold) 628M->585M(2048M) 12.195ms
[2026-09-28T08:05:03.166+0900][36.017s] GC(22) Concurrent Mark Cycle
[2026-09-28T08:05:03.371+0900][36.223s] GC(22) Pause Remark 617M->397M(2048M) 28.748ms
[2026-09-28T08:05:03.451+0900][36.302s] GC(22) Pause Cleanup 409M->409M(2048M) 0.558ms
[2026-09-28T08:05:03.461+0900][36.312s] GC(22) Concurrent Mark Cycle 294.877ms
[2026-09-28T08:05:07.533+0900][40.385s] GC(23) Pause Young (Prepare Mixed) (G1 Evacuation Pause) 1492M->366M(2048M) 12.110ms
[2026-09-28T08:05:11.339+0900][44.191s] GC(24) Pause Young (Mixed) (G1 Evacuation Pause) 1566M->310M(2048M) 13.994ms
[2026-09-28T08:05:13.757+0900][46.609s] GC(25) Pause Young (Normal) (G1 Evacuation Pause) 1507M->313M(2048M) 15.163ms
[2026-09-28T08:05:16.057+0900][48.910s] GC(26) Pause Young (Normal) (G1 Evacuation Pause) 1507M->317M(2048M) 13.482ms
[2026-09-28T08:05:18.390+0900][51.242s] GC(27) Pause Young (Normal) (G1 Evacuation Pause) 1507M->322M(2048M) 14.736ms
[2026-09-28T08:05:20.689+0900][53.540s] GC(28) Pause Young (Normal) (G1 Evacuation Pause) 1507M->326M(2048M) 15.312ms
[2026-09-28T08:05:23.024+0900][55.874s] GC(29) Pause Young (Normal) (G1 Evacuation Pause) 1508M->330M(2048M) 17.151ms
[2026-09-28T08:05:25.437+0900][58.288s] GC(30) Pause Young (Normal) (G1 Evacuation Pause) 1508M->333M(2048M) 19.500ms
[2026-09-28T08:05:27.809+0900][60.660s] GC(31) Pause Young (Normal) (G1 Evacuation Pause) 1508M->336M(2048M) 18.228ms
[2026-09-28T08:05:30.255+0900][63.109s] GC(32) Pause Young (Normal) (G1 Evacuation Pause) 1508M->339M(2048M) 19.568ms
[2026-09-28T08:05:32.671+0900][65.523s] GC(33) Pause Young (Normal) (G1 Evacuation Pause) 1508M->340M(2048M) 20.079ms
[2026-09-28T08:05:35.098+0900][67.950s] GC(34) Pause Young (Normal) (G1 Evacuation Pause) 1508M->343M(2048M) 21.513ms
[2026-09-28T08:05:37.479+0900][70.330s] GC(35) Pause Young (Normal) (G1 Evacuation Pause) 1508M->344M(2048M) 23.224ms
[2026-09-28T08:05:39.871+0900][72.722s] GC(36) Pause Young (Normal) (G1 Evacuation Pause) 1519M->350M(2048M) 16.079ms
[2026-09-28T08:05:42.252+0900][75.105s] GC(37) Pause Young (Normal) (G1 Evacuation Pause) 1533M->359M(2048M) 18.579ms
[2026-09-28T08:05:44.649+0900][77.500s] GC(38) Pause Young (Normal) (G1 Evacuation Pause) 1536M->363M(2048M) 18.514ms
[2026-09-28T08:05:47.021+0900][79.873s] GC(39) Pause Young (Normal) (G1 Evacuation Pause) 1537M->365M(2048M) 18.339ms
[2026-09-28T08:05:49.371+0900][82.222s] GC(40) Pause Young (Normal) (G1 Evacuation Pause) 1539M->367M(2048M) 21.378ms
[2026-09-28T08:05:51.736+0900][84.588s] GC(41) Pause Young (Normal) (G1 Evacuation Pause) 1543M->373M(2048M) 20.035ms
[2026-09-28T08:05:54.099+0900][86.952s] GC(42) Pause Young (Normal) (G1 Evacuation Pause) 1548M->376M(2048M) 20.988ms
[2026-09-28T08:06:44.882+0900][137.733s] GC(43) Pause Young (Normal) (G1 Evacuation Pause) 1553M->407M(2048M) 20.940ms
[2026-09-28T08:06:47.129+0900][139.980s] GC(44) Pause Young (Normal) (G1 Evacuation Pause) 1557M->408M(2048M) 19.306ms
[2026-09-28T08:06:49.317+0900][142.168s] GC(45) Pause Young (Normal) (G1 Evacuation Pause) 1561M->412M(2048M) 21.850ms
[2026-09-28T08:06:51.567+0900][144.420s] GC(46) Pause Young (Normal) (G1 Evacuation Pause) 1566M->414M(2048M) 23.047ms
[2026-09-28T08:06:53.875+0900][146.727s] GC(47) Pause Young (Normal) (G1 Evacuation Pause) 1568M->416M(2048M) 21.738ms
[2026-09-28T08:06:56.152+0900][149.004s] GC(48) Pause Young (Normal) (G1 Evacuation Pause) 1570M->419M(2048M) 21.805ms
[2026-09-28T08:06:58.445+0900][151.299s] GC(49) Pause Young (Normal) (G1 Evacuation Pause) 1573M->421M(2048M) 23.661ms
[2026-09-28T08:07:00.733+0900][153.583s] GC(50) Pause Young (Normal) (G1 Evacuation Pause) 1575M->424M(2048M) 22.428ms
[2026-09-28T08:07:03.037+0900][155.888s] GC(51) Pause Young (Normal) (G1 Evacuation Pause) 1578M->426M(2048M) 19.930ms
[2026-09-28T08:07:05.308+0900][158.159s] GC(52) Pause Young (Normal) (G1 Evacuation Pause) 1585M->431M(2048M) 23.257ms
[2026-09-28T08:07:07.640+0900][160.492s] GC(53) Pause Young (Normal) (G1 Evacuation Pause) 1589M->434M(2048M) 21.369ms
[2026-09-28T08:07:10.095+0900][162.945s] GC(54) Pause Young (Normal) (G1 Evacuation Pause) 1594M->435M(2048M) 24.063ms
[2026-09-28T08:07:12.544+0900][165.398s] GC(55) Pause Young (Normal) (G1 Evacuation Pause) 1596M->438M(2048M) 22.967ms
[2026-09-28T08:07:15.056+0900][167.908s] GC(56) Pause Young (Normal) (G1 Evacuation Pause) 1599M->440M(2048M) 24.055ms
[2026-09-28T08:07:17.469+0900][170.322s] GC(57) Pause Young (Normal) (G1 Evacuation Pause) 1604M->443M(2048M) 21.542ms
[2026-09-28T08:07:19.972+0900][172.823s] GC(58) Pause Young (Normal) (G1 Evacuation Pause) 1607M->446M(2048M) 21.631ms
[2026-09-28T08:07:22.463+0900][175.314s] GC(59) Pause Young (Normal) (G1 Evacuation Pause) 1638M->450M(2048M) 21.559ms
[2026-09-28T08:07:24.982+0900][177.833s] GC(60) Pause Young (Normal) (G1 Evacuation Pause) 1642M->453M(2048M) 21.991ms
[2026-09-28T08:07:27.430+0900][180.280s] GC(61) Pause Young (Normal) (G1 Evacuation Pause) 1645M->456M(2048M) 22.131ms
[2026-09-28T08:07:29.877+0900][182.730s] GC(62) Pause Young (Normal) (G1 Evacuation Pause) 1648M->459M(2048M) 23.306ms
[2026-09-28T08:07:32.344+0900][185.194s] GC(63) Pause Young (Normal) (G1 Evacuation Pause) 1650M->461M(2048M) 22.808ms
[2026-09-28T08:07:34.897+0900][187.750s] GC(64) Pause Young (Normal) (G1 Evacuation Pause) 1652M->463M(2048M) 26.303ms
[2026-09-28T08:07:37.330+0900][190.181s] GC(65) Pause Young (Normal) (G1 Evacuation Pause) 1654M->465M(2048M) 23.157ms
[2026-09-28T08:07:39.742+0900][192.593s] GC(66) Pause Young (Normal) (G1 Evacuation Pause) 1657M->468M(2048M) 20.762ms
[2026-09-28T08:07:42.146+0900][194.997s] GC(67) Pause Young (Normal) (G1 Evacuation Pause) 1659M->471M(2048M) 21.177ms
[2026-09-28T08:07:44.553+0900][197.405s] GC(68) Pause Young (Normal) (G1 Evacuation Pause) 1663M->472M(2048M) 23.864ms
[2026-09-28T08:07:46.952+0900][199.804s] GC(69) Pause Young (Normal) (G1 Evacuation Pause) 1665M->475M(2048M) 20.648ms
[2026-09-28T08:07:49.340+0900][202.191s] GC(70) Pause Young (Normal) (G1 Evacuation Pause) 1667M->477M(2048M) 20.010ms
[2026-09-28T08:07:51.813+0900][204.664s] GC(71) Pause Young (Normal) (G1 Evacuation Pause) 1669M->480M(2048M) 20.654ms
[2026-09-28T08:07:54.246+0900][207.096s] GC(72) Pause Young (Normal) (G1 Evacuation Pause) 1672M->483M(2048M) 20.459ms
[2026-09-28T08:07:56.623+0900][209.474s] GC(73) Pause Young (Normal) (G1 Evacuation Pause) 1674M->485M(2048M) 21.540ms
[2026-09-28T08:07:59.126+0900][211.977s] GC(74) Pause Young (Normal) (G1 Evacuation Pause) 1676M->488M(2048M) 21.557ms
[2026-09-28T08:08:01.585+0900][214.437s] GC(75) Pause Young (Normal) (G1 Evacuation Pause) 1679M->490M(2048M) 20.743ms
[2026-09-28T08:08:03.993+0900][216.845s] GC(76) Pause Young (Normal) (G1 Evacuation Pause) 1681M->492M(2048M) 20.714ms
[2026-09-28T08:08:06.397+0900][219.249s] GC(77) Pause Young (Normal) (G1 Evacuation Pause) 1683M->494M(2048M) 27.110ms
[2026-09-28T08:08:08.843+0900][221.695s] GC(78) Pause Young (Normal) (G1 Evacuation Pause) 1686M->497M(2048M) 20.570ms
[2026-09-28T08:08:11.218+0900][224.071s] GC(79) Pause Young (Normal) (G1 Evacuation Pause) 1689M->500M(2048M) 20.906ms
[2026-09-28T08:08:13.624+0900][226.476s] GC(80) Pause Young (Normal) (G1 Evacuation Pause) 1691M->502M(2048M) 21.130ms
[2026-09-28T08:08:16.086+0900][228.938s] GC(81) Pause Young (Normal) (G1 Evacuation Pause) 1698M->512M(2048M) 24.776ms
[2026-09-28T08:08:18.517+0900][231.369s] GC(82) Pause Young (Normal) (G1 Evacuation Pause) 1701M->514M(2048M) 24.718ms
[2026-09-28T08:08:20.969+0900][233.820s] GC(83) Pause Young (Normal) (G1 Evacuation Pause) 1703M->516M(2048M) 28.989ms
[2026-09-28T08:08:23.392+0900][236.245s] GC(84) Pause Young (Normal) (G1 Evacuation Pause) 1705M->519M(2048M) 25.079ms
[2026-09-28T08:08:25.810+0900][238.661s] GC(85) Pause Young (Normal) (G1 Evacuation Pause) 1708M->521M(2048M) 26.968ms
[2026-09-28T08:08:28.256+0900][241.106s] GC(86) Pause Young (Normal) (G1 Evacuation Pause) 1710M->524M(2048M) 25.432ms
[2026-09-28T08:08:30.830+0900][243.681s] GC(87) Pause Young (Normal) (G1 Evacuation Pause) 1713M->527M(2048M) 26.110ms
[2026-09-28T08:08:33.233+0900][246.086s] GC(88) Pause Young (Normal) (G1 Evacuation Pause) 1715M->529M(2048M) 26.141ms
[2026-09-28T08:08:35.935+0900][248.785s] GC(89) Pause Young (Normal) (G1 Evacuation Pause) 1717M->531M(2048M) 31.136ms
[2026-09-28T08:08:38.455+0900][251.306s] GC(90) Pause Young (Normal) (G1 Evacuation Pause) 1720M->534M(2048M) 25.433ms
[2026-09-28T08:08:41.006+0900][253.858s] GC(91) Pause Young (Normal) (G1 Evacuation Pause) 1722M->535M(2048M) 25.544ms
[2026-09-28T08:08:43.441+0900][256.294s] GC(92) Pause Young (Normal) (G1 Evacuation Pause) 1724M->539M(2048M) 25.327ms
[2026-09-28T08:08:45.867+0900][258.718s] GC(93) Pause Young (Normal) (G1 Evacuation Pause) 1727M->540M(2048M) 27.412ms
[2026-09-28T08:08:48.305+0900][261.156s] GC(94) Pause Young (Normal) (G1 Evacuation Pause) 1729M->544M(2048M) 25.727ms
[2026-09-28T08:08:50.716+0900][263.568s] GC(95) Pause Young (Normal) (G1 Evacuation Pause) 1731M->546M(2048M) 25.162ms
[2026-09-28T08:08:53.160+0900][266.011s] GC(96) Pause Young (Normal) (G1 Evacuation Pause) 1733M->549M(2048M) 26.303ms
[2026-09-28T08:08:55.576+0900][268.428s] GC(97) Pause Young (Normal) (G1 Evacuation Pause) 1738M->551M(2048M) 22.130ms
[2026-09-28T08:08:58.089+0900][270.940s] GC(98) Pause Young (Normal) (G1 Evacuation Pause) 1741M->554M(2048M) 24.904ms
[2026-09-28T08:09:00.609+0900][273.460s] GC(99) Pause Young (Normal) (G1 Evacuation Pause) 1743M->557M(2048M) 23.630ms
[2026-09-28T08:09:03.069+0900][275.921s] GC(100) Pause Young (Normal) (G1 Evacuation Pause) 1746M->559M(2048M) 24.846ms
[2026-09-28T08:09:05.500+0900][278.351s] GC(101) Pause Young (Normal) (G1 Evacuation Pause) 1749M->561M(2048M) 24.151ms
[2026-09-28T08:09:07.987+0900][280.838s] GC(102) Pause Young (Normal) (G1 Evacuation Pause) 1751M->564M(2048M) 25.469ms
[2026-09-28T08:09:10.550+0900][283.400s] GC(103) Pause Young (Normal) (G1 Evacuation Pause) 1753M->567M(2048M) 22.968ms
[2026-09-28T08:09:13.067+0900][285.917s] GC(104) Pause Young (Normal) (G1 Evacuation Pause) 1756M->570M(2048M) 23.718ms
[2026-09-28T08:09:15.577+0900][288.429s] GC(105) Pause Young (Normal) (G1 Evacuation Pause) 1759M->572M(2048M) 23.796ms
[2026-09-28T08:09:18.080+0900][290.931s] GC(106) Pause Young (Normal) (G1 Evacuation Pause) 1761M->574M(2048M) 24.425ms
[2026-09-28T08:09:20.504+0900][293.357s] GC(107) Pause Young (Normal) (G1 Evacuation Pause) 1764M->577M(2048M) 24.126ms
[2026-09-28T08:09:22.995+0900][295.845s] GC(108) Pause Young (Normal) (G1 Evacuation Pause) 1766M->578M(2048M) 25.841ms
[2026-09-28T08:09:25.506+0900][298.357s] GC(109) Pause Young (Normal) (G1 Evacuation Pause) 1768M->582M(2048M) 23.487ms
[2026-09-28T08:09:27.968+0900][300.820s] GC(110) Pause Young (Normal) (G1 Evacuation Pause) 1771M->585M(2048M) 24.569ms
[2026-09-28T08:09:30.478+0900][303.328s] GC(111) Pause Young (Normal) (G1 Evacuation Pause) 1774M->587M(2048M) 25.901ms
[2026-09-28T08:09:32.934+0900][305.784s] GC(112) Pause Young (Normal) (G1 Evacuation Pause) 1776M->589M(2048M) 24.943ms
[2026-09-28T08:09:35.351+0900][308.202s] GC(113) Pause Young (Normal) (G1 Evacuation Pause) 1779M->592M(2048M) 23.449ms
[2026-09-28T08:09:37.898+0900][310.749s] GC(114) Pause Young (Normal) (G1 Evacuation Pause) 1782M->595M(2048M) 23.692ms
[2026-09-28T08:09:40.341+0900][313.194s] GC(115) Pause Young (Normal) (G1 Evacuation Pause) 1784M->598M(2048M) 23.306ms
[2026-09-28T08:09:42.760+0900][315.611s] GC(116) Pause Young (Normal) (G1 Evacuation Pause) 1787M->600M(2048M) 24.079ms
