[11:33:48] === 리뷰 revreal 시작: 회차 3개 (before sync async, 폴더 1번부터), 휴식 300초, closed VUS 50, SHOP_POOL 1000, 15m ===
lock_deadlocks	enabled
innodb_print_all_deadlocks	0
노트북 CPU 기록 시작 pid=16016 rc=0
[11:33:53] [1/3 before] 전 휴식 296초 (끝 11:38:48)
[11:38:50] 전원 상태 [1회차 기동 전] = 2 98 (첫 값 2 = 충전기)
서버 기동 요청 P=20  rc=0 pid=12536
[11:39:01] 서버 준비 완료 (풀 20.0, 3회 확인)
서버 커넥션 풀 = 20.0 (기대 20), 리뷰 통계 워커 = 10.0 (기대 10), 설계 = before
[1/1 11:39:18] 부하 전 노트북 CPU 평균 = 0.019 (기준 0.15 미만) / 데스크톱 = 4.1% (기준 30% 미만)
워밍업 종료 11:40:18 exit=0 (open 초당 200건, SHOP_POOL 1000)
워밍업 k6 연결 실패 0건
통계 작업 소진 (queued=0.0 active=0.0, 2초 이내)
reviews	orders	order_menus	stats_not_zero
0	0	0	0
shops_stats_not_zero	0
[11:40:21] 전원 상태 [1회차 측정 전] = 2 98 (첫 값 2 = 충전기)
서버 커넥션 풀 = 20.0 (기대 20), 리뷰 통계 워커 = 10.0 (기대 10), 설계 = before
[1/8 11:40:37] 부하 전 노트북 CPU 평균 = 0.045 (기준 0.15 미만) / 데스크톱 = 5.2% (기준 30% 미만)
본측정 시작 11:40:38 (설계 before, open 초당 20건, SHOP_POOL 1000, 15m)
본측정 종료 11:55:38 exit=0
측정 k6 연결 실패 0건
통계 작업 소진 (queued=0.0 active=0.0, 2초 이내)
측정 중 데스크톱 CPU 평균 9.1% / 최대 19.0% / 80% 이상 최장 연속 0표본 → 통과
[11:56:15] 정합성: reviews 18001|v4a_rows_deficit_excess 0 0 0|v4c_avg_rows 0|
[11:56:16] 전원 상태 [1회차 측정 후] = 2 98 (첫 값 2 = 충전기)
서버 종료 pid=8348
서버 종료 pid=12040
== 01-before  (설계 before)
  요청 18,001건 (900초): 성공(2xx) 18,001 · 5xx 0 · 그 밖 0 | 처리량 20건/s
  성공 응답 ms (평균 / 중앙값 / p95 / p99 / 최대): 3.9 / 4.2 / 5.6 / 8.1 / 26  → p95 ≤ 500ms ✓
  MySQL: 교착 0건, 행 잠금 대기 0회 / 0.0초, 커밋 18,001 · 롤백 0, 요청당 명령 6.00
  원본 리뷰 18,001건 vs 성공 응답 18,001건 → 일치 ✓
  ① 정합성(shops 통계 vs 리뷰): 불일치 가게 0곳, 통계 부족 0건 · 초과 0건, 평균 불일치 0곳
  최근 교착의 잠금 대상: shops.PRIMARY (잠금 종류 S·X)
  통계 갱신 거절 0건 · 실패 0건
  커넥션 점유 평균 0.0개, 커넥션 획득 대기 평균 0.1ms
  노트북 CPU 3.0% (mysqld 0.8 / java 0.5), 클럭 76%, TCP 재전송 0/s
  데스크톱 CPU 평균 9.1% / 최대 19.0% → 유효
  GC 멈춤 17회(워밍업 포함), 최대 23ms
[11:56:19] 회차 완료 1/3 (before)
[11:56:19] [2/3 sync] 전 휴식 294초 (끝 12:01:13)
[12:01:14] 전원 상태 [2회차 기동 전] = 2 98 (첫 값 2 = 충전기)
서버 기동 요청 P=20 --omp.review.stats.mode=sync rc=0 pid=14056
[12:01:26] 서버 준비 완료 (풀 20.0, 3회 확인)
서버 커넥션 풀 = 20.0 (기대 20), 리뷰 통계 워커 = 10.0 (기대 10), 설계 = sync
[1/1 12:01:43] 부하 전 노트북 CPU 평균 = 0.018 (기준 0.15 미만) / 데스크톱 = 3.7% (기준 30% 미만)
워밍업 종료 12:02:43 exit=0 (open 초당 200건, SHOP_POOL 1000)
워밍업 k6 연결 실패 0건
통계 작업 소진 (queued=0.0 active=0.0, 2초 이내)
reviews	orders	order_menus	stats_not_zero
0	0	0	0
[12:02:45] 전원 상태 [2회차 측정 전] = 2 98 (첫 값 2 = 충전기)
서버 커넥션 풀 = 20.0 (기대 20), 리뷰 통계 워커 = 10.0 (기대 10), 설계 = sync
[1/8 12:03:02] 부하 전 노트북 CPU 평균 = 0.140 (기준 0.15 미만) / 데스크톱 = 2.2% (기준 30% 미만)
본측정 시작 12:03:03 (설계 sync, open 초당 20건, SHOP_POOL 1000, 15m)
본측정 종료 12:18:03 exit=0
측정 k6 연결 실패 0건
통계 작업 소진 (queued=0.0 active=0.0, 2초 이내)
측정 중 데스크톱 CPU 평균 7.1% / 최대 20.0% / 80% 이상 최장 연속 0표본 → 통과
[12:18:39] 정합성: reviews 18000|v2_rows_deficit_excess 0 0 0|v2b_rows_reviews 0 0|v2c_avg_rows 0|
[12:18:40] 전원 상태 [2회차 측정 후] = 2 98 (첫 값 2 = 충전기)
서버 종료 pid=11528
서버 종료 pid=19268
== 02-sync  (설계 sync)
  요청 18,000건 (900초): 성공(2xx) 18,000 · 5xx 0 · 그 밖 0 | 처리량 20건/s
  성공 응답 ms (평균 / 중앙값 / p95 / p99 / 최대): 3.6 / 4.2 / 4.8 / 8.1 / 26  → p95 ≤ 500ms ✓
  MySQL: 교착 0건, 행 잠금 대기 0회 / 0.0초, 커밋 18,000 · 롤백 0, 요청당 명령 6.00
  원본 리뷰 18,000건 vs 성공 응답 18,000건 → 일치 ✓
  통계 정합성(verify 2·2-b·2-c): 불일치 가게 0곳(부족 0건 · 초과 0건), 통계 행 없는 가게 0곳(0건), 평균 불일치 0곳 → 일치 ✓
  통계 갱신 거절 0건 · 실패 0건
  커넥션 점유 평균 0.0개, 커넥션 획득 대기 평균 0.1ms
  노트북 CPU 4.3% (mysqld 0.7 / java 0.6), 클럭 83%, TCP 재전송 0/s
  데스크톱 CPU 평균 7.1% / 최대 20.0% → 유효
  GC 멈춤 18회(워밍업 포함), 최대 21ms
[12:18:44] 회차 완료 2/3 (sync)
[12:18:44] [3/3 async] 전 휴식 294초 (끝 12:23:38)
[12:23:39] 전원 상태 [3회차 기동 전] = 2 98 (첫 값 2 = 충전기)
서버 기동 요청 P=20 --omp.review.stats.mode=async rc=0 pid=15620
[12:23:50] 서버 준비 완료 (풀 20.0, 3회 확인)
서버 커넥션 풀 = 20.0 (기대 20), 리뷰 통계 워커 = 10.0 (기대 10), 설계 = async
[1/1 12:24:07] 부하 전 노트북 CPU 평균 = 0.025 (기준 0.15 미만) / 데스크톱 = 2.1% (기준 30% 미만)
워밍업 종료 12:25:07 exit=0 (open 초당 200건, SHOP_POOL 1000)
워밍업 k6 연결 실패 0건
통계 작업 소진 (queued=0.0 active=0.0, 2초 이내)
reviews	orders	order_menus	stats_not_zero
0	0	0	0
[12:25:09] 전원 상태 [3회차 측정 전] = 2 98 (첫 값 2 = 충전기)
서버 커넥션 풀 = 20.0 (기대 20), 리뷰 통계 워커 = 10.0 (기대 10), 설계 = async
[1/8 12:25:26] 부하 전 노트북 CPU 평균 = 0.049 (기준 0.15 미만) / 데스크톱 = 2.3% (기준 30% 미만)
본측정 시작 12:25:26 (설계 async, open 초당 20건, SHOP_POOL 1000, 15m)
본측정 종료 12:40:27 exit=0
측정 k6 연결 실패 0건
통계 작업 소진 (queued=0.0 active=0.0, 2초 이내)
측정 중 데스크톱 CPU 평균 6.6% / 최대 11.5% / 80% 이상 최장 연속 0표본 → 통과
[12:41:03] 정합성: reviews 18001|v2_rows_deficit_excess 0 0 0|v2b_rows_reviews 0 0|v2c_avg_rows 0|
[12:41:04] 전원 상태 [3회차 측정 후] = 2 98 (첫 값 2 = 충전기)
서버 종료 pid=1992
서버 종료 pid=14996
== 03-async  (설계 async)
  요청 18,001건 (900초): 성공(2xx) 18,001 · 5xx 0 · 그 밖 0 | 처리량 20건/s
  성공 응답 ms (평균 / 중앙값 / p95 / p99 / 최대): 3.1 / 3.7 / 4.3 / 6.8 / 37  → p95 ≤ 500ms ✓
  MySQL: 교착 0건, 행 잠금 대기 0회 / 0.0초, 커밋 36,002 · 롤백 0, 요청당 명령 9.00
  원본 리뷰 18,001건 vs 성공 응답 18,001건 → 일치 ✓
  통계 정합성(verify 2·2-b·2-c): 불일치 가게 0곳(부족 0건 · 초과 0건), 통계 행 없는 가게 0곳(0건), 평균 불일치 0곳 → 일치 ✓
  통계 갱신 거절 0건 · 실패 0건 | 통계 반영 지연(커밋 → 통계 커밋, 18,001건): 평균 1.7ms, p95 ≈ 5ms, p99 ≈ 5ms
  커넥션 점유 평균 0.1개, 커넥션 획득 대기 평균 0.0ms
  노트북 CPU 5.0% (mysqld 0.8 / java 0.7), 클럭 87%, TCP 재전송 0/s
  데스크톱 CPU 평균 6.6% / 최대 11.5% → 유효
  GC 멈춤 18회(워밍업 포함), 최대 33ms
[12:41:07] 회차 완료 3/3 (async)
노트북 CPU 기록 종료 pid=16016
[12:41:08] 노트북 CPU 기록 → benchmark/results/2026-10-01-REVIEW-real/laptop-cpu-revreal.csv
[12:41:08] === 리뷰 revreal 끝 ===
