time="2026-09-28T21:42:13+09:00" level=info msg="[run] 시작 21:42:13 MODE=async SCENARIO=fixed TAG=P2-p20-k20" source=console
time="2026-09-28T21:45:13+09:00" level=info msg="[run] 종료 21:45:13 TAG=P2-p20-k20" source=console
[31m     ✗ status is 202
      ↳  97% — ✓ 472224 / ✗ 13282[0m
[31m     ✗ has sse location
      ↳  97% — ✓ 472224 / ✗ 13282[0m

     checks[2m.........................:[0m [36m97.26%[0m [36;2m✓ 944448[0m      [36;2m✗ 26564[0m 
     data_received[2m..................:[0m [36m68 MB[0m  [36;2m377 kB/s[0m
     data_sent[2m......................:[0m [36m130 MB[0m [36;2m724 kB/s[0m
     dropped_iterations[2m.............:[0m [36m495[0m    [36;2m2.749598/s[0m
     http_req_blocked[2m...............:[0m avg=[36m1.11ms[0m  min=[36m0s[0m med=[36m0s[0m      max=[36m15.02s[0m  p(90)=[36m0s[0m       p(95)=[36m0s[0m       p(99)=[36m2.36ms[0m  
     http_req_connecting[2m............:[0m avg=[36m1.11ms[0m  min=[36m0s[0m med=[36m0s[0m      max=[36m15.02s[0m  p(90)=[36m0s[0m       p(95)=[36m0s[0m       p(99)=[36m2.32ms[0m  
     http_req_duration[2m..............:[0m avg=[36m52.99ms[0m min=[36m0s[0m med=[36m27.76ms[0m max=[36m2.44s[0m   p(90)=[36m77.08ms[0m  p(95)=[36m283.72ms[0m p(99)=[36m536.84ms[0m
       { expected_response:true }[2m...:[0m avg=[36m52.74ms[0m min=[36m0s[0m med=[36m28.14ms[0m max=[36m2.44s[0m   p(90)=[36m76.32ms[0m  p(95)=[36m283.13ms[0m p(99)=[36m376.16ms[0m
     http_req_failed[2m................:[0m [36m2.73%[0m  [36;2m✓ 13282[0m       [36;2m✗ 472224[0m
     http_req_receiving[2m.............:[0m avg=[36m17.07µs[0m min=[36m0s[0m med=[36m0s[0m      max=[36m15.65ms[0m p(90)=[36m0s[0m       p(95)=[36m0s[0m       p(99)=[36m541.69µs[0m
     http_req_sending[2m...............:[0m avg=[36m982ns[0m   min=[36m0s[0m med=[36m0s[0m      max=[36m10.22ms[0m p(90)=[36m0s[0m       p(95)=[36m0s[0m       p(99)=[36m0s[0m      
     http_req_tls_handshaking[2m.......:[0m avg=[36m0s[0m      min=[36m0s[0m med=[36m0s[0m      max=[36m0s[0m      p(90)=[36m0s[0m       p(95)=[36m0s[0m       p(99)=[36m0s[0m      
     http_req_waiting[2m...............:[0m avg=[36m52.98ms[0m min=[36m0s[0m med=[36m27.74ms[0m max=[36m2.44s[0m   p(90)=[36m77.05ms[0m  p(95)=[36m283.68ms[0m p(99)=[36m536.84ms[0m
     http_reqs[2m......................:[0m [36m485506[0m [36;2m2696.861391/s[0m
     iteration_duration[2m.............:[0m avg=[36m54.15ms[0m min=[36m0s[0m med=[36m28.01ms[0m max=[36m15.06s[0m  p(90)=[36m78.4ms[0m   p(95)=[36m284.66ms[0m p(99)=[36m566.93ms[0m
     iterations[2m.....................:[0m [36m485506[0m [36;2m2696.861391/s[0m
     order_accepted_duration[2m........:[0m avg=[36m52.74ms[0m min=[36m0s[0m med=[36m28.14ms[0m max=[36m2.44s[0m   p(90)=[36m76.32ms[0m  p(95)=[36m283.13ms[0m p(99)=[36m376.16ms[0m
     order_rejected_duration[2m........:[0m avg=[36m62.07ms[0m min=[36m0s[0m med=[36m10.69ms[0m max=[36m2.37s[0m   p(90)=[36m268.65ms[0m p(95)=[36m292.13ms[0m p(99)=[36m586.91ms[0m
     orders_accepted[2m................:[0m [36m472224[0m [36;2m2623.083286/s[0m
     orders_rejected[2m................:[0m [36m13282[0m  [36;2m73.778106/s[0m
     vus[2m............................:[0m [36m31[0m     [36;2mmin=7[0m         [36;2mmax=525[0m 
     vus_max[2m........................:[0m [36m602[0m    [36;2mmin=300[0m       [36;2mmax=602[0m 