time="2026-09-30T18:59:12+09:00" level=info msg="[run] 시작 18:59:12 MODE=async TAG=FLASH-async-memory PROMOTION_ID=1" source=console
time="2026-09-30T18:59:12+09:00" level=info msg="[flash] 시도 18:59:42 ~ 19:01:29 (최고 초당 3000건), 관찰 끝 19:06:29" source=console
time="2026-09-30T19:06:29+09:00" level=info msg="[run] 종료 19:06:29 TAG=FLASH-async-memory" source=console
     base_accepted[2m..................:[0m [36m17481[0m  [36;2m40.000398/s[0m
     base_accepted_duration[2m.........:[0m avg=[36m7.77ms[0m  min=[36m0s[0m med=[36m1.5ms[0m   max=[36m4.78s[0m   p(90)=[36m3.55ms[0m   p(95)=[36m15.63ms[0m  p(99)=[36m120.06ms[0m
     data_received[2m..................:[0m [36m35 MB[0m  [36;2m81 kB/s[0m
     data_sent[2m......................:[0m [36m71 MB[0m  [36;2m163 kB/s[0m
     http_req_blocked[2m...............:[0m avg=[36m19.89µs[0m min=[36m0s[0m med=[36m0s[0m      max=[36m47.24ms[0m p(90)=[36m0s[0m       p(95)=[36m0s[0m       p(99)=[36m532.93µs[0m
     http_req_connecting[2m............:[0m avg=[36m18.89µs[0m min=[36m0s[0m med=[36m0s[0m      max=[36m11.65ms[0m p(90)=[36m0s[0m       p(95)=[36m0s[0m       p(99)=[36m527.1µs[0m 
     http_req_duration[2m..............:[0m avg=[36m34.4ms[0m  min=[36m0s[0m med=[36m2.82ms[0m  max=[36m4.79s[0m   p(90)=[36m43.35ms[0m  p(95)=[36m139ms[0m    p(99)=[36m583.46ms[0m
       { expected_response:true }[2m...:[0m avg=[36m68.19ms[0m min=[36m0s[0m med=[36m15.84ms[0m max=[36m4.79s[0m   p(90)=[36m143.47ms[0m p(95)=[36m292.97ms[0m p(99)=[36m1.16s[0m   
     http_req_failed[2m................:[0m [36m53.00%[0m [36;2m✓ 132489[0m     [36;2m✗ 117481[0m
     http_req_receiving[2m.............:[0m avg=[36m63.23µs[0m min=[36m0s[0m med=[36m0s[0m      max=[36m69.88ms[0m p(90)=[36m0s[0m       p(95)=[36m536.29µs[0m p(99)=[36m902.8µs[0m 
     http_req_sending[2m...............:[0m avg=[36m3.74µs[0m  min=[36m0s[0m med=[36m0s[0m      max=[36m35.12ms[0m p(90)=[36m0s[0m       p(95)=[36m0s[0m       p(99)=[36m0s[0m      
     http_req_tls_handshaking[2m.......:[0m avg=[36m0s[0m      min=[36m0s[0m med=[36m0s[0m      max=[36m0s[0m      p(90)=[36m0s[0m       p(95)=[36m0s[0m       p(99)=[36m0s[0m      
     http_req_waiting[2m...............:[0m avg=[36m34.33ms[0m min=[36m0s[0m med=[36m2.75ms[0m  max=[36m4.79s[0m   p(90)=[36m43.27ms[0m  p(95)=[36m138.98ms[0m p(99)=[36m583.38ms[0m
     http_reqs[2m......................:[0m [36m249970[0m [36;2m571.986695/s[0m
     iteration_duration[2m.............:[0m avg=[36m34.47ms[0m min=[36m0s[0m med=[36m2.93ms[0m  max=[36m4.79s[0m   p(90)=[36m43.44ms[0m  p(95)=[36m139.07ms[0m p(99)=[36m583.53ms[0m
     iterations[2m.....................:[0m [36m249970[0m [36;2m571.986695/s[0m
     promo_sold_out[2m.................:[0m [36m132489[0m [36;2m303.164161/s[0m
     promo_sold_out_duration[2m........:[0m avg=[36m4.43ms[0m  min=[36m0s[0m med=[36m1.11ms[0m  max=[36m2.46s[0m   p(90)=[36m3.28ms[0m   p(95)=[36m3.84ms[0m   p(99)=[36m69.61ms[0m 
     promo_success[2m..................:[0m [36m100000[0m [36;2m228.822137/s[0m
     promo_success_duration[2m.........:[0m avg=[36m78.76ms[0m min=[36m0s[0m med=[36m18.87ms[0m max=[36m4.79s[0m   p(90)=[36m245.69ms[0m p(95)=[36m307.16ms[0m p(99)=[36m1.17s[0m   
     vus[2m............................:[0m [36m0[0m      [36;2mmin=0[0m        [36;2mmax=1381[0m
     vus_max[2m........................:[0m [36m2050[0m   [36;2mmin=2050[0m     [36;2mmax=2050[0m