time="2026-09-30T18:57:46+09:00" level=info msg="[run] 시작 18:57:46 MODE=async TAG=FLASH-warmup PROMOTION_ID=2" source=console
time="2026-09-30T18:57:46+09:00" level=info msg="[flash] 시도 18:57:51 ~ 18:58:46 (최고 초당 1000건), 관찰 끝 18:58:51" source=console
time="2026-09-30T18:58:51+09:00" level=info msg="[run] 종료 18:58:51 TAG=FLASH-warmup" source=console
     base_accepted[2m..................:[0m [36m2601[0m   [36;2m40.00031/s[0m
     base_accepted_duration[2m.........:[0m avg=[36m2.04ms[0m   min=[36m0s[0m med=[36m641.29µs[0m max=[36m119.38ms[0m p(90)=[36m3.41ms[0m p(95)=[36m5.77ms[0m  p(99)=[36m21.08ms[0m 
     data_received[2m..................:[0m [36m7.8 MB[0m [36;2m120 kB/s[0m
     data_sent[2m......................:[0m [36m16 MB[0m  [36;2m240 kB/s[0m
     http_req_blocked[2m...............:[0m avg=[36m23.04µs[0m  min=[36m0s[0m med=[36m0s[0m       max=[36m48.07ms[0m  p(90)=[36m0s[0m     p(95)=[36m0s[0m      p(99)=[36m588.36µs[0m
     http_req_connecting[2m............:[0m avg=[36m21.81µs[0m  min=[36m0s[0m med=[36m0s[0m       max=[36m48.07ms[0m  p(90)=[36m0s[0m     p(95)=[36m0s[0m      p(99)=[36m555.24µs[0m
     http_req_duration[2m..............:[0m avg=[36m1.44ms[0m   min=[36m0s[0m med=[36m530.2µs[0m  max=[36m119.38ms[0m p(90)=[36m3.1ms[0m  p(95)=[36m4.52ms[0m  p(99)=[36m12.74ms[0m 
       { expected_response:true }[2m...:[0m avg=[36m2.46ms[0m   min=[36m0s[0m med=[36m1.1ms[0m    max=[36m119.38ms[0m p(90)=[36m5.02ms[0m p(95)=[36m7.92ms[0m  p(99)=[36m21.83ms[0m 
     http_req_failed[2m................:[0m [36m58.97%[0m [36;2m✓ 32489[0m      [36;2m✗ 22601[0m
     http_req_receiving[2m.............:[0m avg=[36m42.79µs[0m  min=[36m0s[0m med=[36m0s[0m       max=[36m8.06ms[0m   p(90)=[36m0s[0m     p(95)=[36m512.8µs[0m p(99)=[36m754.94µs[0m
     http_req_sending[2m...............:[0m avg=[36m4.59µs[0m   min=[36m0s[0m med=[36m0s[0m       max=[36m7ms[0m      p(90)=[36m0s[0m     p(95)=[36m0s[0m      p(99)=[36m0s[0m      
     http_req_tls_handshaking[2m.......:[0m avg=[36m0s[0m       min=[36m0s[0m med=[36m0s[0m       max=[36m0s[0m       p(90)=[36m0s[0m     p(95)=[36m0s[0m      p(99)=[36m0s[0m      
     http_req_waiting[2m...............:[0m avg=[36m1.39ms[0m   min=[36m0s[0m med=[36m527.69µs[0m max=[36m119.38ms[0m p(90)=[36m3.04ms[0m p(95)=[36m4.43ms[0m  p(99)=[36m12.52ms[0m 
     http_reqs[2m......................:[0m [36m55090[0m  [36;2m847.219173/s[0m
     iteration_duration[2m.............:[0m avg=[36m1.51ms[0m   min=[36m0s[0m med=[36m539.44µs[0m max=[36m130.51ms[0m p(90)=[36m3.18ms[0m p(95)=[36m4.67ms[0m  p(99)=[36m13.26ms[0m 
     iterations[2m.....................:[0m [36m55090[0m  [36;2m847.219173/s[0m
     promo_sold_out[2m.................:[0m [36m32489[0m  [36;2m499.642471/s[0m
     promo_sold_out_duration[2m........:[0m avg=[36m735.87µs[0m min=[36m0s[0m med=[36m521.2µs[0m  max=[36m22.66ms[0m  p(90)=[36m1.24ms[0m p(95)=[36m2.11ms[0m  p(99)=[36m3.53ms[0m  
     promo_success[2m..................:[0m [36m20000[0m  [36;2m307.576393/s[0m
     promo_success_duration[2m.........:[0m avg=[36m2.51ms[0m   min=[36m0s[0m med=[36m1.17ms[0m   max=[36m74.88ms[0m  p(90)=[36m5.19ms[0m p(95)=[36m8.13ms[0m  p(99)=[36m21.83ms[0m 
     vus[2m............................:[0m [36m0[0m      [36;2mmin=0[0m        [36;2mmax=10[0m 
     vus_max[2m........................:[0m [36m550[0m    [36;2mmin=550[0m      [36;2mmax=550[0m