time="2026-09-30T07:29:12+09:00" level=info msg="[run] 시작 07:29:12 MODE=sync TAG=FLASH-sync-ff-db-bucket PROMOTION_ID=1" source=console
time="2026-09-30T07:29:12+09:00" level=info msg="[flash] 시도 07:29:42 ~ 07:31:29 (최고 초당 3000건), 관찰 끝 07:36:29" source=console
time="2026-09-30T07:36:29+09:00" level=info msg="[run] 종료 07:36:29 TAG=FLASH-sync-ff-db-bucket" source=console
     base_accepted[2m..................:[0m [36m16681[0m  [36;2m38.169448/s[0m
     base_accepted_duration[2m.........:[0m avg=[36m11.95ms[0m  min=[36m0s[0m     med=[36m4.34ms[0m  max=[36m956.23ms[0m p(90)=[36m5.1ms[0m    p(95)=[36m48.24ms[0m  p(99)=[36m209.79ms[0m
     base_rejected[2m..................:[0m [36m800[0m    [36;2m1.830559/s[0m
     data_received[2m..................:[0m [36m35 MB[0m  [36;2m80 kB/s[0m
     data_sent[2m......................:[0m [36m70 MB[0m  [36;2m160 kB/s[0m
     http_req_blocked[2m...............:[0m avg=[36m29.55µs[0m  min=[36m0s[0m     med=[36m0s[0m      max=[36m30.96ms[0m  p(90)=[36m0s[0m       p(95)=[36m0s[0m       p(99)=[36m519.9µs[0m 
     http_req_connecting[2m............:[0m avg=[36m29.16µs[0m  min=[36m0s[0m     med=[36m0s[0m      max=[36m30.96ms[0m  p(90)=[36m0s[0m       p(95)=[36m0s[0m       p(99)=[36m519.4µs[0m 
     http_req_duration[2m..............:[0m avg=[36m48.89ms[0m  min=[36m0s[0m     med=[36m15.58ms[0m max=[36m1.5s[0m     p(90)=[36m138.98ms[0m p(95)=[36m231.7ms[0m  p(99)=[36m381.49ms[0m
       { expected_response:true }[2m...:[0m avg=[36m85.93ms[0m  min=[36m0s[0m     med=[36m56.26ms[0m max=[36m1.5s[0m     p(90)=[36m199.39ms[0m p(95)=[36m287.65ms[0m p(99)=[36m428.21ms[0m
     http_req_failed[2m................:[0m [36m53.32%[0m [36;2m✓ 133289[0m     [36;2m✗ 116681[0m
     http_req_receiving[2m.............:[0m avg=[36m112.75µs[0m min=[36m0s[0m     med=[36m0s[0m      max=[36m49.84ms[0m  p(90)=[36m0s[0m       p(95)=[36m542µs[0m    p(99)=[36m3.26ms[0m  
     http_req_sending[2m...............:[0m avg=[36m859ns[0m    min=[36m0s[0m     med=[36m0s[0m      max=[36m4.02ms[0m   p(90)=[36m0s[0m       p(95)=[36m0s[0m       p(99)=[36m0s[0m      
     http_req_tls_handshaking[2m.......:[0m avg=[36m0s[0m       min=[36m0s[0m     med=[36m0s[0m      max=[36m0s[0m       p(90)=[36m0s[0m       p(95)=[36m0s[0m       p(99)=[36m0s[0m      
     http_req_waiting[2m...............:[0m avg=[36m48.78ms[0m  min=[36m0s[0m     med=[36m15.56ms[0m max=[36m1.5s[0m     p(90)=[36m138.93ms[0m p(95)=[36m231.69ms[0m p(99)=[36m381.49ms[0m
     http_reqs[2m......................:[0m [36m249970[0m [36;2m571.981114/s[0m
     iteration_duration[2m.............:[0m avg=[36m48.94ms[0m  min=[36m0s[0m     med=[36m15.64ms[0m max=[36m1.5s[0m     p(90)=[36m139.01ms[0m p(95)=[36m231.76ms[0m p(99)=[36m381.55ms[0m
     iterations[2m.....................:[0m [36m249970[0m [36;2m571.981114/s[0m
     promo_queue_full[2m...............:[0m [36m60907[0m  [36;2m139.367339/s[0m
     promo_queue_full_duration[2m......:[0m avg=[36m33.63ms[0m  min=[36m0s[0m     med=[36m13.48ms[0m max=[36m1.22s[0m    p(90)=[36m40.56ms[0m  p(95)=[36m263.35ms[0m p(99)=[36m320.67ms[0m
     promo_sold_out[2m.................:[0m [36m71582[0m  [36;2m163.793864/s[0m
     promo_sold_out_duration[2m........:[0m avg=[36m1.72ms[0m   min=[36m0s[0m     med=[36m1.03ms[0m  max=[36m409.29ms[0m p(90)=[36m1.22ms[0m   p(95)=[36m1.54ms[0m   p(99)=[36m10.79ms[0m 
     promo_success[2m..................:[0m [36m100000[0m [36;2m228.819904/s[0m
     promo_success_duration[2m.........:[0m avg=[36m98.27ms[0m  min=[36m1.11ms[0m med=[36m72.14ms[0m max=[36m1.5s[0m     p(90)=[36m213.29ms[0m p(95)=[36m300.66ms[0m p(99)=[36m443.48ms[0m
     vus[2m............................:[0m [36m0[0m      [36;2mmin=0[0m        [36;2mmax=393[0m 
     vus_max[2m........................:[0m [36m2050[0m   [36;2mmin=2050[0m     [36;2mmax=2050[0m