time="2026-09-30T07:27:46+09:00" level=info msg="[run] 시작 07:27:46 MODE=sync TAG=FLASH-warmup PROMOTION_ID=2" source=console
time="2026-09-30T07:27:46+09:00" level=info msg="[flash] 시도 07:27:51 ~ 07:28:46 (최고 초당 1000건), 관찰 끝 07:28:51" source=console
time="2026-09-30T07:28:51+09:00" level=info msg="[run] 종료 07:28:51 TAG=FLASH-warmup" source=console
     base_accepted[2m..................:[0m [36m2593[0m   [36;2m39.880691/s[0m
     base_accepted_duration[2m.........:[0m avg=[36m26.76ms[0m min=[36m516.9µs[0m med=[36m2.48ms[0m max=[36m1.25s[0m    p(90)=[36m28.37ms[0m  p(95)=[36m113.42ms[0m p(99)=[36m700.13ms[0m
     base_rejected[2m..................:[0m [36m6[0m      [36;2m0.092281/s[0m
     data_received[2m..................:[0m [36m7.6 MB[0m [36;2m117 kB/s[0m
     data_sent[2m......................:[0m [36m15 MB[0m  [36;2m235 kB/s[0m
     dropped_iterations[2m.............:[0m [36m1[0m      [36;2m0.01538/s[0m
     http_req_blocked[2m...............:[0m avg=[36m17.41µs[0m min=[36m0s[0m      med=[36m0s[0m     max=[36m35.33ms[0m  p(90)=[36m0s[0m       p(95)=[36m0s[0m       p(99)=[36m523.95µs[0m
     http_req_connecting[2m............:[0m avg=[36m16.61µs[0m min=[36m0s[0m      med=[36m0s[0m     max=[36m35.33ms[0m  p(90)=[36m0s[0m       p(95)=[36m0s[0m       p(99)=[36m522.11µs[0m
     http_req_duration[2m..............:[0m avg=[36m16.22ms[0m min=[36m0s[0m      med=[36m1.1ms[0m  max=[36m1.44s[0m    p(90)=[36m35.78ms[0m  p(95)=[36m95.34ms[0m  p(99)=[36m259.16ms[0m
       { expected_response:true }[2m...:[0m avg=[36m38.04ms[0m min=[36m516.9µs[0m med=[36m6.25ms[0m max=[36m1.44s[0m    p(90)=[36m116.43ms[0m p(95)=[36m178.65ms[0m p(99)=[36m388.97ms[0m
     http_req_failed[2m................:[0m [36m58.98%[0m [36;2m✓ 32495[0m      [36;2m✗ 22593[0m
     http_req_receiving[2m.............:[0m avg=[36m57.22µs[0m min=[36m0s[0m      med=[36m0s[0m     max=[36m37.55ms[0m  p(90)=[36m0s[0m       p(95)=[36m509µs[0m    p(99)=[36m771.92µs[0m
     http_req_sending[2m...............:[0m avg=[36m1.66µs[0m  min=[36m0s[0m      med=[36m0s[0m     max=[36m8.06ms[0m   p(90)=[36m0s[0m       p(95)=[36m0s[0m       p(99)=[36m0s[0m      
     http_req_tls_handshaking[2m.......:[0m avg=[36m0s[0m      min=[36m0s[0m      med=[36m0s[0m     max=[36m0s[0m       p(90)=[36m0s[0m       p(95)=[36m0s[0m       p(99)=[36m0s[0m      
     http_req_waiting[2m...............:[0m avg=[36m16.16ms[0m min=[36m0s[0m      med=[36m1.08ms[0m max=[36m1.44s[0m    p(90)=[36m35.66ms[0m  p(95)=[36m95.29ms[0m  p(99)=[36m259.16ms[0m
     http_reqs[2m......................:[0m [36m55088[0m  [36;2m847.260897/s[0m
     iteration_duration[2m.............:[0m avg=[36m16.27ms[0m min=[36m0s[0m      med=[36m1.12ms[0m max=[36m1.44s[0m    p(90)=[36m35.79ms[0m  p(95)=[36m95.34ms[0m  p(99)=[36m259.17ms[0m
     iterations[2m.....................:[0m [36m55088[0m  [36;2m847.260897/s[0m
     promo_queue_full[2m...............:[0m [36m108[0m    [36;2m1.661055/s[0m
     promo_queue_full_duration[2m......:[0m avg=[36m15.31ms[0m min=[36m508.7µs[0m med=[36m6.4ms[0m  max=[36m269.88ms[0m p(90)=[36m17.93ms[0m  p(95)=[36m91.47ms[0m  p(99)=[36m102.98ms[0m
     promo_sold_out[2m.................:[0m [36m32381[0m  [36;2m498.024163/s[0m
     promo_sold_out_duration[2m........:[0m avg=[36m1ms[0m     min=[36m0s[0m      med=[36m1.02ms[0m max=[36m17.59ms[0m  p(90)=[36m1.13ms[0m   p(95)=[36m1.22ms[0m   p(99)=[36m1.69ms[0m  
     promo_success[2m..................:[0m [36m20000[0m  [36;2m307.602707/s[0m
     promo_success_duration[2m.........:[0m avg=[36m39.5ms[0m  min=[36m1.91ms[0m  med=[36m7.67ms[0m max=[36m1.44s[0m    p(90)=[36m121.31ms[0m p(95)=[36m187.25ms[0m p(99)=[36m371.35ms[0m
     vus[2m............................:[0m [36m0[0m      [36;2mmin=0[0m        [36;2mmax=157[0m
     vus_max[2m........................:[0m [36m551[0m    [36;2mmin=550[0m      [36;2mmax=551[0m