[32m     ✓ status is 2xx[0m

     checks[2m.........................:[0m [36m100.00%[0m [36;2m✓ 12001[0m      [36;2m✗ 0[0m    
     data_received[2m..................:[0m [36m1.5 MB[0m  [36;2m26 kB/s[0m
     data_sent[2m......................:[0m [36m2.8 MB[0m  [36;2m47 kB/s[0m
     http_req_blocked[2m...............:[0m avg=[36m55.53µs[0m min=[36m0s[0m      med=[36m0s[0m       max=[36m48.37ms[0m  p(90)=[36m0s[0m     p(95)=[36m0s[0m     p(99)=[36m699.8µs[0m
     http_req_connecting[2m............:[0m avg=[36m55.15µs[0m min=[36m0s[0m      med=[36m0s[0m       max=[36m48.37ms[0m  p(90)=[36m0s[0m     p(95)=[36m0s[0m     p(99)=[36m693.5µs[0m
     http_req_duration[2m..............:[0m avg=[36m5.23ms[0m  min=[36m306.5µs[0m med=[36m3.39ms[0m   max=[36m435.91ms[0m p(90)=[36m4.15ms[0m p(95)=[36m5.22ms[0m p(99)=[36m26.89ms[0m
       { expected_response:true }[2m...:[0m avg=[36m5.23ms[0m  min=[36m306.5µs[0m med=[36m3.39ms[0m   max=[36m435.91ms[0m p(90)=[36m4.15ms[0m p(95)=[36m5.22ms[0m p(99)=[36m26.89ms[0m
     http_req_failed[2m................:[0m [36m0.00%[0m   [36;2m✓ 0[0m          [36;2m✗ 12001[0m
     http_req_receiving[2m.............:[0m avg=[36m1.18ms[0m  min=[36m0s[0m      med=[36m902.59µs[0m max=[36m12.78ms[0m  p(90)=[36m2.86ms[0m p(95)=[36m3.09ms[0m p(99)=[36m3.5ms[0m  
     http_req_sending[2m...............:[0m avg=[36m551ns[0m   min=[36m0s[0m      med=[36m0s[0m       max=[36m1.29ms[0m   p(90)=[36m0s[0m     p(95)=[36m0s[0m     p(99)=[36m0s[0m     
     http_req_tls_handshaking[2m.......:[0m avg=[36m0s[0m      min=[36m0s[0m      med=[36m0s[0m       max=[36m0s[0m       p(90)=[36m0s[0m     p(95)=[36m0s[0m     p(99)=[36m0s[0m     
     http_req_waiting[2m...............:[0m avg=[36m4.04ms[0m  min=[36m300.2µs[0m med=[36m2.13ms[0m   max=[36m435.91ms[0m p(90)=[36m3.75ms[0m p(95)=[36m5.06ms[0m p(99)=[36m26.89ms[0m
     http_reqs[2m......................:[0m [36m12001[0m   [36;2m200.006057/s[0m
     iteration_duration[2m.............:[0m avg=[36m5.34ms[0m  min=[36m306.5µs[0m med=[36m3.41ms[0m   max=[36m438.13ms[0m p(90)=[36m4.19ms[0m p(95)=[36m5.31ms[0m p(99)=[36m28.62ms[0m
     iterations[2m.....................:[0m [36m12001[0m   [36;2m200.006057/s[0m
     reviews_created[2m................:[0m [36m12001[0m   [36;2m200.006057/s[0m
     reviews_success_duration[2m.......:[0m avg=[36m5.23ms[0m  min=[36m306.5µs[0m med=[36m3.39ms[0m   max=[36m435.91ms[0m p(90)=[36m4.15ms[0m p(95)=[36m5.22ms[0m p(99)=[36m26.89ms[0m
     vus[2m............................:[0m [36m1[0m       [36;2mmin=0[0m        [36;2mmax=3[0m  
     vus_max[2m........................:[0m [36m100[0m     [36;2mmin=100[0m      [36;2mmax=100[0m