time="2026-09-30T14:03:23+09:00" level=info msg="[run] 시작 14:03:23 MODE=async TAG=FLASH-async-memory PROMOTION_ID=1" source=console
time="2026-09-30T14:03:23+09:00" level=info msg="[flash] 시도 14:03:53 ~ 14:05:40 (최고 초당 3000건), 관찰 끝 14:10:40" source=console
time="2026-09-30T14:10:40+09:00" level=info msg="[run] 종료 14:10:40 TAG=FLASH-async-memory" source=console
     base_accepted[2m..................:[0m [36m17480[0m  [36;2m39.997984/s[0m
     base_accepted_duration[2m.........:[0m avg=[36m1.93ms[0m   min=[36m0s[0m med=[36m1.39ms[0m   max=[36m523.89ms[0m p(90)=[36m1.9ms[0m   p(95)=[36m4.9ms[0m   p(99)=[36m15.15ms[0m 
     data_received[2m..................:[0m [36m35 MB[0m  [36;2m81 kB/s[0m
     data_sent[2m......................:[0m [36m71 MB[0m  [36;2m163 kB/s[0m
     http_req_blocked[2m...............:[0m avg=[36m8.87µs[0m   min=[36m0s[0m med=[36m0s[0m       max=[36m3.85ms[0m   p(90)=[36m0s[0m      p(95)=[36m0s[0m      p(99)=[36m511.7µs[0m 
     http_req_connecting[2m............:[0m avg=[36m8.31µs[0m   min=[36m0s[0m med=[36m0s[0m       max=[36m3.85ms[0m   p(90)=[36m0s[0m      p(95)=[36m0s[0m      p(99)=[36m511µs[0m   
     http_req_duration[2m..............:[0m avg=[36m4.42ms[0m   min=[36m0s[0m med=[36m572.79µs[0m max=[36m537.98ms[0m p(90)=[36m10.52ms[0m p(95)=[36m15.32ms[0m p(99)=[36m32.92ms[0m 
       { expected_response:true }[2m...:[0m avg=[36m8.83ms[0m   min=[36m0s[0m med=[36m5.32ms[0m   max=[36m537.98ms[0m p(90)=[36m15.61ms[0m p(95)=[36m22.66ms[0m p(99)=[36m52.25ms[0m 
     http_req_failed[2m................:[0m [36m53.00%[0m [36;2m✓ 132490[0m     [36;2m✗ 117480[0m
     http_req_receiving[2m.............:[0m avg=[36m63.82µs[0m  min=[36m0s[0m med=[36m0s[0m       max=[36m21.14ms[0m  p(90)=[36m460.4µs[0m p(95)=[36m538.4µs[0m p(99)=[36m815.12µs[0m
     http_req_sending[2m...............:[0m avg=[36m1.23µs[0m   min=[36m0s[0m med=[36m0s[0m       max=[36m4.2ms[0m    p(90)=[36m0s[0m      p(95)=[36m0s[0m      p(99)=[36m0s[0m      
     http_req_tls_handshaking[2m.......:[0m avg=[36m0s[0m       min=[36m0s[0m med=[36m0s[0m       max=[36m0s[0m       p(90)=[36m0s[0m      p(95)=[36m0s[0m      p(99)=[36m0s[0m      
     http_req_waiting[2m...............:[0m avg=[36m4.35ms[0m   min=[36m0s[0m med=[36m553.25µs[0m max=[36m537.98ms[0m p(90)=[36m10.5ms[0m  p(95)=[36m15.29ms[0m p(99)=[36m32.9ms[0m  
     http_reqs[2m......................:[0m [36m249970[0m [36;2m571.984907/s[0m
     iteration_duration[2m.............:[0m avg=[36m4.48ms[0m   min=[36m0s[0m med=[36m615.6µs[0m  max=[36m537.98ms[0m p(90)=[36m10.55ms[0m p(95)=[36m15.37ms[0m p(99)=[36m32.96ms[0m 
     iterations[2m.....................:[0m [36m249970[0m [36;2m571.984907/s[0m
     promo_sold_out[2m.................:[0m [36m132490[0m [36;2m303.165501/s[0m
     promo_sold_out_duration[2m........:[0m avg=[36m515.58µs[0m min=[36m0s[0m med=[36m507.49µs[0m max=[36m39.4ms[0m   p(90)=[36m600.9µs[0m p(95)=[36m868.3µs[0m p(99)=[36m6.58ms[0m  
     promo_success[2m..................:[0m [36m100000[0m [36;2m228.821421/s[0m
     promo_success_duration[2m.........:[0m avg=[36m10.03ms[0m  min=[36m0s[0m med=[36m6.23ms[0m   max=[36m537.98ms[0m p(90)=[36m16.94ms[0m p(95)=[36m24.18ms[0m p(99)=[36m57.65ms[0m 
     vus[2m............................:[0m [36m0[0m      [36;2mmin=0[0m        [36;2mmax=248[0m 
     vus_max[2m........................:[0m [36m2050[0m   [36;2mmin=2050[0m     [36;2mmax=2050[0m