time="2026-09-30T14:01:57+09:00" level=info msg="[run] 시작 14:01:57 MODE=async TAG=FLASH-warmup PROMOTION_ID=2" source=console
time="2026-09-30T14:01:57+09:00" level=info msg="[flash] 시도 14:02:02 ~ 14:02:57 (최고 초당 1000건), 관찰 끝 14:03:02" source=console
time="2026-09-30T14:03:02+09:00" level=info msg="[run] 종료 14:03:02 TAG=FLASH-warmup" source=console
     base_accepted[2m..................:[0m [36m2600[0m   [36;2m39.986719/s[0m
     base_accepted_duration[2m.........:[0m avg=[36m3.14ms[0m   min=[36m0s[0m med=[36m524.1µs[0m  max=[36m124.15ms[0m p(90)=[36m3.62ms[0m   p(95)=[36m12.52ms[0m  p(99)=[36m56.84ms[0m 
     data_received[2m..................:[0m [36m7.8 MB[0m [36;2m120 kB/s[0m
     data_sent[2m......................:[0m [36m16 MB[0m  [36;2m240 kB/s[0m
     http_req_blocked[2m...............:[0m avg=[36m18.47µs[0m  min=[36m0s[0m med=[36m0s[0m       max=[36m50.88ms[0m  p(90)=[36m0s[0m       p(95)=[36m0s[0m       p(99)=[36m526.02µs[0m
     http_req_connecting[2m............:[0m avg=[36m17.92µs[0m  min=[36m0s[0m med=[36m0s[0m       max=[36m50.88ms[0m  p(90)=[36m0s[0m       p(95)=[36m0s[0m       p(99)=[36m523.51µs[0m
     http_req_duration[2m..............:[0m avg=[36m2.9ms[0m    min=[36m0s[0m med=[36m519.1µs[0m  max=[36m149.28ms[0m p(90)=[36m2.95ms[0m   p(95)=[36m12.91ms[0m  p(99)=[36m56.9ms[0m  
       { expected_response:true }[2m...:[0m avg=[36m6.3ms[0m    min=[36m0s[0m med=[36m642.35µs[0m max=[36m149.28ms[0m p(90)=[36m21.58ms[0m  p(95)=[36m42.67ms[0m  p(99)=[36m69.52ms[0m 
     http_req_failed[2m................:[0m [36m58.97%[0m [36;2m✓ 32490[0m      [36;2m✗ 22600[0m
     http_req_receiving[2m.............:[0m avg=[36m38.66µs[0m  min=[36m0s[0m med=[36m0s[0m       max=[36m6.95ms[0m   p(90)=[36m0s[0m       p(95)=[36m509.6µs[0m  p(99)=[36m719.75µs[0m
     http_req_sending[2m...............:[0m avg=[36m1.22µs[0m   min=[36m0s[0m med=[36m0s[0m       max=[36m9.48ms[0m   p(90)=[36m0s[0m       p(95)=[36m0s[0m       p(99)=[36m0s[0m      
     http_req_tls_handshaking[2m.......:[0m avg=[36m0s[0m       min=[36m0s[0m med=[36m0s[0m       max=[36m0s[0m       p(90)=[36m0s[0m       p(95)=[36m0s[0m       p(99)=[36m0s[0m      
     http_req_waiting[2m...............:[0m avg=[36m2.86ms[0m   min=[36m0s[0m med=[36m518.4µs[0m  max=[36m149.28ms[0m p(90)=[36m2.87ms[0m   p(95)=[36m12.9ms[0m   p(99)=[36m56.9ms[0m  
     http_reqs[2m......................:[0m [36m55090[0m  [36;2m847.257055/s[0m
     iteration_duration[2m.............:[0m avg=[36m2.94ms[0m   min=[36m0s[0m med=[36m519.8µs[0m  max=[36m149.28ms[0m p(90)=[36m3.11ms[0m   p(95)=[36m13.09ms[0m  p(99)=[36m57.08ms[0m 
     iterations[2m.....................:[0m [36m55090[0m  [36;2m847.257055/s[0m
     promo_sold_out[2m.................:[0m [36m32490[0m  [36;2m499.680191/s[0m
     promo_sold_out_duration[2m........:[0m avg=[36m538.23µs[0m min=[36m0s[0m med=[36m513.4µs[0m  max=[36m24.02ms[0m  p(90)=[36m559.61µs[0m p(95)=[36m653.65µs[0m p(99)=[36m1.12ms[0m  
     promo_success[2m..................:[0m [36m20000[0m  [36;2m307.590145/s[0m
     promo_success_duration[2m.........:[0m avg=[36m6.71ms[0m   min=[36m0s[0m med=[36m713.09µs[0m max=[36m149.28ms[0m p(90)=[36m24.71ms[0m  p(95)=[36m44.38ms[0m  p(99)=[36m70.24ms[0m 
     vus[2m............................:[0m [36m0[0m      [36;2mmin=0[0m        [36;2mmax=53[0m 
     vus_max[2m........................:[0m [36m550[0m    [36;2mmin=550[0m      [36;2mmax=550[0m