time="2026-09-27T10:41:52+09:00" level=info msg="[run] 시작 10:41:52 MODE=async SCENARIO=fixed TAG=P2-p10-k6-warmup" source=console
time="2026-09-27T10:42:52+09:00" level=info msg="[run] 종료 10:42:52 TAG=P2-p10-k6-warmup" source=console
[31m     ✗ status is 202
      ↳  61% — ✓ 82532 / ✗ 51244[0m
[31m     ✗ has sse location
      ↳  61% — ✓ 82532 / ✗ 51244[0m

     checks[2m.........................:[0m [36m61.69%[0m [36;2m✓ 165064[0m      [36;2m✗ 102488[0m
     data_received[2m..................:[0m [36m21 MB[0m  [36;2m343 kB/s[0m
     data_sent[2m......................:[0m [36m36 MB[0m  [36;2m598 kB/s[0m
     dropped_iterations[2m.............:[0m [36m1225[0m   [36;2m20.39819/s[0m
     http_req_blocked[2m...............:[0m avg=[36m17.1ms[0m   min=[36m0s[0m      med=[36m0s[0m      max=[36m1.07s[0m    p(90)=[36m41.22ms[0m  p(95)=[36m112.98ms[0m p(99)=[36m267.83ms[0m
     http_req_connecting[2m............:[0m avg=[36m17.08ms[0m  min=[36m0s[0m      med=[36m0s[0m      max=[36m1.07s[0m    p(90)=[36m41.19ms[0m  p(95)=[36m112.9ms[0m  p(99)=[36m267.82ms[0m
     http_req_duration[2m..............:[0m avg=[36m45.39ms[0m  min=[36m0s[0m      med=[36m19.1ms[0m  max=[36m2.21s[0m    p(90)=[36m116.73ms[0m p(95)=[36m186.74ms[0m p(99)=[36m335.36ms[0m
       { expected_response:true }[2m...:[0m avg=[36m40.91ms[0m  min=[36m914.3µs[0m med=[36m19.41ms[0m max=[36m2.21s[0m    p(90)=[36m86.75ms[0m  p(95)=[36m147.89ms[0m p(99)=[36m310.28ms[0m
     http_req_failed[2m................:[0m [36m38.30%[0m [36;2m✓ 51244[0m       [36;2m✗ 82532[0m 
     http_req_receiving[2m.............:[0m avg=[36m127.28µs[0m min=[36m0s[0m      med=[36m0s[0m      max=[36m45.32ms[0m  p(90)=[36m508.9µs[0m  p(95)=[36m750.4µs[0m  p(99)=[36m2.45ms[0m  
     http_req_sending[2m...............:[0m avg=[36m36.29µs[0m  min=[36m0s[0m      med=[36m0s[0m      max=[36m30ms[0m     p(90)=[36m0s[0m       p(95)=[36m0s[0m       p(99)=[36m1ms[0m     
     http_req_tls_handshaking[2m.......:[0m avg=[36m0s[0m       min=[36m0s[0m      med=[36m0s[0m      max=[36m0s[0m       p(90)=[36m0s[0m       p(95)=[36m0s[0m       p(99)=[36m0s[0m      
     http_req_waiting[2m...............:[0m avg=[36m45.22ms[0m  min=[36m0s[0m      med=[36m19.01ms[0m max=[36m2.21s[0m    p(90)=[36m116.15ms[0m p(95)=[36m186.02ms[0m p(99)=[36m334.76ms[0m
     http_reqs[2m......................:[0m [36m133776[0m [36;2m2227.582252/s[0m
     iteration_duration[2m.............:[0m avg=[36m62.56ms[0m  min=[36m0s[0m      med=[36m21.38ms[0m max=[36m2.21s[0m    p(90)=[36m168.16ms[0m p(95)=[36m279.26ms[0m p(99)=[36m541.93ms[0m
     iterations[2m.....................:[0m [36m133776[0m [36;2m2227.582252/s[0m
     order_accepted_duration[2m........:[0m avg=[36m40.91ms[0m  min=[36m914.3µs[0m med=[36m19.41ms[0m max=[36m2.21s[0m    p(90)=[36m86.75ms[0m  p(95)=[36m147.89ms[0m p(99)=[36m310.28ms[0m
     order_rejected_duration[2m........:[0m avg=[36m52.59ms[0m  min=[36m0s[0m      med=[36m18.25ms[0m max=[36m414.52ms[0m p(90)=[36m155.43ms[0m p(95)=[36m223.24ms[0m p(99)=[36m354.98ms[0m
     orders_accepted[2m................:[0m [36m82532[0m  [36;2m1374.288501/s[0m
     orders_rejected[2m................:[0m [36m51244[0m  [36;2m853.293752/s[0m
     vus[2m............................:[0m [36m46[0m     [36;2mmin=2[0m         [36;2mmax=1161[0m
     vus_max[2m........................:[0m [36m1181[0m   [36;2mmin=375[0m       [36;2mmax=1181[0m