time="2026-09-26T21:15:43+09:00" level=info msg="[run] 시작 21:15:43 MODE=sync SCENARIO=saturate TAG=P1-p15" source=console
time="2026-09-26T21:18:43+09:00" level=info msg="[run] 종료 21:18:43 TAG=P1-p15" source=console
[32m     ✓ status is 200[0m
[32m     ✓ has order id[0m

     checks[2m.........................:[0m [36m100.00%[0m [36;2m✓ 863348[0m      [36;2m✗ 0[0m     
     data_received[2m..................:[0m [36m56 MB[0m   [36;2m312 kB/s[0m
     data_sent[2m......................:[0m [36m113 MB[0m  [36;2m630 kB/s[0m
     http_req_blocked[2m...............:[0m avg=[36m65.05µs[0m  min=[36m0s[0m     med=[36m0s[0m      max=[36m36.4ms[0m   p(90)=[36m0s[0m      p(95)=[36m0s[0m      p(99)=[36m779.48µs[0m
     http_req_connecting[2m............:[0m avg=[36m63.2µs[0m   min=[36m0s[0m     med=[36m0s[0m      max=[36m36.4ms[0m   p(90)=[36m0s[0m      p(95)=[36m0s[0m      p(99)=[36m504.35µs[0m
     http_req_duration[2m..............:[0m avg=[36m26.55ms[0m  min=[36m2.49ms[0m med=[36m22.81ms[0m max=[36m529.67ms[0m p(90)=[36m39.42ms[0m p(95)=[36m51.69ms[0m p(99)=[36m116.7ms[0m 
       { expected_response:true }[2m...:[0m avg=[36m26.55ms[0m  min=[36m2.49ms[0m med=[36m22.81ms[0m max=[36m529.67ms[0m p(90)=[36m39.42ms[0m p(95)=[36m51.69ms[0m p(99)=[36m116.7ms[0m 
     http_req_failed[2m................:[0m [36m0.00%[0m   [36;2m✓ 0[0m           [36;2m✗ 431674[0m
     http_req_receiving[2m.............:[0m avg=[36m166.69µs[0m min=[36m0s[0m     med=[36m0s[0m      max=[36m200.6ms[0m  p(90)=[36m499.7µs[0m p(95)=[36m836.3µs[0m p(99)=[36m2.54ms[0m  
     http_req_sending[2m...............:[0m avg=[36m6.86µs[0m   min=[36m0s[0m     med=[36m0s[0m      max=[36m7.29ms[0m   p(90)=[36m0s[0m      p(95)=[36m0s[0m      p(99)=[36m492.9µs[0m 
     http_req_tls_handshaking[2m.......:[0m avg=[36m0s[0m       min=[36m0s[0m     med=[36m0s[0m      max=[36m0s[0m       p(90)=[36m0s[0m      p(95)=[36m0s[0m      p(99)=[36m0s[0m      
     http_req_waiting[2m...............:[0m avg=[36m26.38ms[0m  min=[36m2.18ms[0m med=[36m22.68ms[0m max=[36m529.67ms[0m p(90)=[36m39.22ms[0m p(95)=[36m51.39ms[0m p(99)=[36m115.58ms[0m
     http_reqs[2m......................:[0m [36m431674[0m  [36;2m2397.548954/s[0m
     iteration_duration[2m.............:[0m avg=[36m26.68ms[0m  min=[36m2.56ms[0m med=[36m22.93ms[0m max=[36m529.67ms[0m p(90)=[36m39.64ms[0m p(95)=[36m51.92ms[0m p(99)=[36m116.84ms[0m
     iterations[2m.....................:[0m [36m431674[0m  [36;2m2397.548954/s[0m
     order_accepted_duration[2m........:[0m avg=[36m26.55ms[0m  min=[36m2.49ms[0m med=[36m22.81ms[0m max=[36m529.67ms[0m p(90)=[36m39.42ms[0m p(95)=[36m51.69ms[0m p(99)=[36m116.7ms[0m 
     orders_accepted[2m................:[0m [36m431674[0m  [36;2m2397.548954/s[0m
     vus[2m............................:[0m [36m64[0m      [36;2mmin=64[0m        [36;2mmax=64[0m  
     vus_max[2m........................:[0m [36m64[0m      [36;2mmin=64[0m        [36;2mmax=64[0m  