time="2026-09-26T21:14:03+09:00" level=info msg="[run] 시작 21:14:03 MODE=sync SCENARIO=saturate TAG=P1-p15-warmup" source=console
time="2026-09-26T21:15:03+09:00" level=info msg="[run] 종료 21:15:03 TAG=P1-p15-warmup" source=console
[32m     ✓ status is 200[0m
[32m     ✓ has order id[0m

     checks[2m.........................:[0m [36m100.00%[0m [36;2m✓ 262134[0m      [36;2m✗ 0[0m     
     data_received[2m..................:[0m [36m17 MB[0m   [36;2m284 kB/s[0m
     data_sent[2m......................:[0m [36m34 MB[0m   [36;2m573 kB/s[0m
     http_req_blocked[2m...............:[0m avg=[36m78.99µs[0m  min=[36m0s[0m     med=[36m0s[0m      max=[36m58.24ms[0m  p(90)=[36m0s[0m      p(95)=[36m0s[0m      p(99)=[36m893.53µs[0m
     http_req_connecting[2m............:[0m avg=[36m77.34µs[0m  min=[36m0s[0m     med=[36m0s[0m      max=[36m58.24ms[0m  p(90)=[36m0s[0m      p(95)=[36m0s[0m      p(99)=[36m825.13µs[0m
     http_req_duration[2m..............:[0m avg=[36m29.15ms[0m  min=[36m2.49ms[0m med=[36m23.29ms[0m max=[36m1.67s[0m    p(90)=[36m46.33ms[0m p(95)=[36m61.66ms[0m p(99)=[36m123.39ms[0m
       { expected_response:true }[2m...:[0m avg=[36m29.15ms[0m  min=[36m2.49ms[0m med=[36m23.29ms[0m max=[36m1.67s[0m    p(90)=[36m46.33ms[0m p(95)=[36m61.66ms[0m p(99)=[36m123.39ms[0m
     http_req_failed[2m................:[0m [36m0.00%[0m   [36;2m✓ 0[0m           [36;2m✗ 131067[0m
     http_req_receiving[2m.............:[0m avg=[36m156.67µs[0m min=[36m0s[0m     med=[36m0s[0m      max=[36m148.49ms[0m p(90)=[36m455.1µs[0m p(95)=[36m778.4µs[0m p(99)=[36m2.54ms[0m  
     http_req_sending[2m...............:[0m avg=[36m6.89µs[0m   min=[36m0s[0m     med=[36m0s[0m      max=[36m3.05ms[0m   p(90)=[36m0s[0m      p(95)=[36m0s[0m      p(99)=[36m503.49µs[0m
     http_req_tls_handshaking[2m.......:[0m avg=[36m0s[0m       min=[36m0s[0m     med=[36m0s[0m      max=[36m0s[0m       p(90)=[36m0s[0m      p(95)=[36m0s[0m      p(99)=[36m0s[0m      
     http_req_waiting[2m...............:[0m avg=[36m28.99ms[0m  min=[36m2.49ms[0m med=[36m23.15ms[0m max=[36m1.67s[0m    p(90)=[36m46.14ms[0m p(95)=[36m61.39ms[0m p(99)=[36m122.59ms[0m
     http_reqs[2m......................:[0m [36m131067[0m  [36;2m2183.070518/s[0m
     iteration_duration[2m.............:[0m avg=[36m29.29ms[0m  min=[36m2.74ms[0m med=[36m23.41ms[0m max=[36m1.67s[0m    p(90)=[36m46.53ms[0m p(95)=[36m61.96ms[0m p(99)=[36m123.59ms[0m
     iterations[2m.....................:[0m [36m131067[0m  [36;2m2183.070518/s[0m
     order_accepted_duration[2m........:[0m avg=[36m29.15ms[0m  min=[36m2.49ms[0m med=[36m23.29ms[0m max=[36m1.67s[0m    p(90)=[36m46.33ms[0m p(95)=[36m61.66ms[0m p(99)=[36m123.39ms[0m
     orders_accepted[2m................:[0m [36m131067[0m  [36;2m2183.070518/s[0m
     vus[2m............................:[0m [36m64[0m      [36;2mmin=64[0m        [36;2mmax=64[0m  
     vus_max[2m........................:[0m [36m64[0m      [36;2mmin=64[0m        [36;2mmax=64[0m  