time="2026-09-26T16:21:09+09:00" level=info msg="[run] 시작 16:21:09 MODE=sync SCENARIO=saturate TAG=P1-p20" source=console
time="2026-09-26T16:24:09+09:00" level=info msg="[run] 종료 16:24:09 TAG=P1-p20" source=console
[32m     ✓ status is 200[0m
[32m     ✓ has order id[0m

     checks[2m.........................:[0m [36m100.00%[0m [36;2m✓ 969088[0m      [36;2m✗ 0[0m     
     data_received[2m..................:[0m [36m63 MB[0m   [36;2m350 kB/s[0m
     data_sent[2m......................:[0m [36m127 MB[0m  [36;2m707 kB/s[0m
     http_req_blocked[2m...............:[0m avg=[36m94.23µs[0m  min=[36m0s[0m     med=[36m0s[0m      max=[36m45.2ms[0m   p(90)=[36m0s[0m      p(95)=[36m0s[0m       p(99)=[36m2.24ms[0m 
     http_req_connecting[2m............:[0m avg=[36m90.62µs[0m  min=[36m0s[0m     med=[36m0s[0m      max=[36m45.2ms[0m   p(90)=[36m0s[0m      p(95)=[36m0s[0m       p(99)=[36m1.95ms[0m 
     http_req_duration[2m..............:[0m avg=[36m23.54ms[0m  min=[36m4.35ms[0m med=[36m22.31ms[0m max=[36m264.72ms[0m p(90)=[36m31.15ms[0m p(95)=[36m35.45ms[0m  p(99)=[36m47.87ms[0m
       { expected_response:true }[2m...:[0m avg=[36m23.54ms[0m  min=[36m4.35ms[0m med=[36m22.31ms[0m max=[36m264.72ms[0m p(90)=[36m31.15ms[0m p(95)=[36m35.45ms[0m  p(99)=[36m47.87ms[0m
     http_req_failed[2m................:[0m [36m0.00%[0m   [36;2m✓ 0[0m           [36;2m✗ 484544[0m
     http_req_receiving[2m.............:[0m avg=[36m116.14µs[0m min=[36m0s[0m     med=[36m0s[0m      max=[36m105.41ms[0m p(90)=[36m505.7µs[0m p(95)=[36m642.28µs[0m p(99)=[36m1.44ms[0m 
     http_req_sending[2m...............:[0m avg=[36m14.16µs[0m  min=[36m0s[0m     med=[36m0s[0m      max=[36m33.59ms[0m  p(90)=[36m0s[0m      p(95)=[36m0s[0m       p(99)=[36m520.5µs[0m
     http_req_tls_handshaking[2m.......:[0m avg=[36m0s[0m       min=[36m0s[0m     med=[36m0s[0m      max=[36m0s[0m       p(90)=[36m0s[0m      p(95)=[36m0s[0m       p(99)=[36m0s[0m     
     http_req_waiting[2m...............:[0m avg=[36m23.41ms[0m  min=[36m4.35ms[0m med=[36m22.19ms[0m max=[36m264.19ms[0m p(90)=[36m30.98ms[0m p(95)=[36m35.24ms[0m  p(99)=[36m47.53ms[0m
     http_reqs[2m......................:[0m [36m484544[0m  [36;2m2691.182919/s[0m
     iteration_duration[2m.............:[0m avg=[36m23.76ms[0m  min=[36m5.16ms[0m med=[36m22.48ms[0m max=[36m265.72ms[0m p(90)=[36m31.57ms[0m p(95)=[36m35.97ms[0m  p(99)=[36m48.6ms[0m 
     iterations[2m.....................:[0m [36m484544[0m  [36;2m2691.182919/s[0m
     order_accepted_duration[2m........:[0m avg=[36m23.54ms[0m  min=[36m4.35ms[0m med=[36m22.31ms[0m max=[36m264.72ms[0m p(90)=[36m31.15ms[0m p(95)=[36m35.45ms[0m  p(99)=[36m47.87ms[0m
     orders_accepted[2m................:[0m [36m484544[0m  [36;2m2691.182919/s[0m
     vus[2m............................:[0m [36m64[0m      [36;2mmin=64[0m        [36;2mmax=64[0m  
     vus_max[2m........................:[0m [36m64[0m      [36;2mmin=64[0m        [36;2mmax=64[0m  