time="2026-09-26T16:20:08+09:00" level=info msg="[run] 시작 16:20:08 MODE=sync SCENARIO=saturate TAG=P1-p20-warmup" source=console
time="2026-09-26T16:21:08+09:00" level=info msg="[run] 종료 16:21:08 TAG=P1-p20-warmup" source=console
[32m     ✓ status is 200[0m
[32m     ✓ has order id[0m

     checks[2m.........................:[0m [36m100.00%[0m [36;2m✓ 255702[0m      [36;2m✗ 0[0m     
     data_received[2m..................:[0m [36m17 MB[0m   [36;2m275 kB/s[0m
     data_sent[2m......................:[0m [36m34 MB[0m   [36;2m559 kB/s[0m
     http_req_blocked[2m...............:[0m avg=[36m121.25µs[0m min=[36m0s[0m     med=[36m0s[0m      max=[36m63.55ms[0m p(90)=[36m0s[0m      p(95)=[36m0s[0m      p(99)=[36m2.45ms[0m  
     http_req_connecting[2m............:[0m avg=[36m117.57µs[0m min=[36m0s[0m     med=[36m0s[0m      max=[36m63.55ms[0m p(90)=[36m0s[0m      p(95)=[36m0s[0m      p(99)=[36m2.25ms[0m  
     http_req_duration[2m..............:[0m avg=[36m29.78ms[0m  min=[36m5.02ms[0m med=[36m24.44ms[0m max=[36m1.45s[0m   p(90)=[36m44.18ms[0m p(95)=[36m59.39ms[0m p(99)=[36m106.53ms[0m
       { expected_response:true }[2m...:[0m avg=[36m29.78ms[0m  min=[36m5.02ms[0m med=[36m24.44ms[0m max=[36m1.45s[0m   p(90)=[36m44.18ms[0m p(95)=[36m59.39ms[0m p(99)=[36m106.53ms[0m
     http_req_failed[2m................:[0m [36m0.00%[0m   [36;2m✓ 0[0m           [36;2m✗ 127851[0m
     http_req_receiving[2m.............:[0m avg=[36m139.84µs[0m min=[36m0s[0m     med=[36m0s[0m      max=[36m53.48ms[0m p(90)=[36m507.9µs[0m p(95)=[36m667.8µs[0m p(99)=[36m1.25ms[0m  
     http_req_sending[2m...............:[0m avg=[36m13.75µs[0m  min=[36m0s[0m     med=[36m0s[0m      max=[36m38.62ms[0m p(90)=[36m0s[0m      p(95)=[36m0s[0m      p(99)=[36m522.1µs[0m 
     http_req_tls_handshaking[2m.......:[0m avg=[36m0s[0m       min=[36m0s[0m     med=[36m0s[0m      max=[36m0s[0m      p(90)=[36m0s[0m      p(95)=[36m0s[0m      p(99)=[36m0s[0m      
     http_req_waiting[2m...............:[0m avg=[36m29.62ms[0m  min=[36m4.49ms[0m med=[36m24.32ms[0m max=[36m1.45s[0m   p(90)=[36m44ms[0m    p(95)=[36m59.06ms[0m p(99)=[36m106.25ms[0m
     http_reqs[2m......................:[0m [36m127851[0m  [36;2m2129.141467/s[0m
     iteration_duration[2m.............:[0m avg=[36m30.03ms[0m  min=[36m5.02ms[0m med=[36m24.63ms[0m max=[36m1.45s[0m   p(90)=[36m44.64ms[0m p(95)=[36m59.88ms[0m p(99)=[36m106.78ms[0m
     iterations[2m.....................:[0m [36m127851[0m  [36;2m2129.141467/s[0m
     order_accepted_duration[2m........:[0m avg=[36m29.78ms[0m  min=[36m5.02ms[0m med=[36m24.44ms[0m max=[36m1.45s[0m   p(90)=[36m44.18ms[0m p(95)=[36m59.39ms[0m p(99)=[36m106.53ms[0m
     orders_accepted[2m................:[0m [36m127851[0m  [36;2m2129.141467/s[0m
     vus[2m............................:[0m [36m64[0m      [36;2mmin=64[0m        [36;2mmax=64[0m  
     vus_max[2m........................:[0m [36m64[0m      [36;2mmin=64[0m        [36;2mmax=64[0m  