time="2026-09-30T13:10:35+09:00" level=info msg="[run] 시작 13:10:35 MODE=async TAG=FLASH-warmup PROMOTION_ID=2" source=console
time="2026-09-30T13:10:35+09:00" level=info msg="[flash] 시도 13:10:40 ~ 13:11:35 (최고 초당 1000건), 관찰 끝 13:11:40" source=console
time="2026-09-30T13:11:40+09:00" level=info msg="[run] 종료 13:11:40 TAG=FLASH-warmup" source=console
     base_accepted[2m..................:[0m [36m2601[0m   [36;2m40.004672/s[0m
     base_accepted_duration[2m.........:[0m avg=[36m1.54ms[0m   min=[36m0s[0m med=[36m528.8µs[0m  max=[36m113.77ms[0m p(90)=[36m2.17ms[0m   p(95)=[36m3.19ms[0m  p(99)=[36m20ms[0m    
     data_received[2m..................:[0m [36m7.7 MB[0m [36;2m118 kB/s[0m
     data_sent[2m......................:[0m [36m16 MB[0m  [36;2m240 kB/s[0m
     http_req_blocked[2m...............:[0m avg=[36m17.15µs[0m  min=[36m0s[0m med=[36m0s[0m       max=[36m56.45ms[0m  p(90)=[36m0s[0m       p(95)=[36m0s[0m      p(99)=[36m518.59µs[0m
     http_req_connecting[2m............:[0m avg=[36m16.34µs[0m  min=[36m0s[0m med=[36m0s[0m       max=[36m56.45ms[0m  p(90)=[36m0s[0m       p(95)=[36m0s[0m      p(99)=[36m517.7µs[0m 
     http_req_duration[2m..............:[0m avg=[36m963.88µs[0m min=[36m0s[0m med=[36m513.29µs[0m max=[36m211.04ms[0m p(90)=[36m1.62ms[0m   p(95)=[36m2.32ms[0m  p(99)=[36m6.09ms[0m  
       { expected_response:true }[2m...:[0m avg=[36m963.88µs[0m min=[36m0s[0m med=[36m513.29µs[0m max=[36m211.04ms[0m p(90)=[36m1.62ms[0m   p(95)=[36m2.32ms[0m  p(99)=[36m6.09ms[0m  
     http_req_failed[2m................:[0m [36m0.00%[0m  [36;2m✓ 0[0m          [36;2m✗ 55090[0m
     http_req_receiving[2m.............:[0m avg=[36m65.5µs[0m   min=[36m0s[0m med=[36m0s[0m       max=[36m10.89ms[0m  p(90)=[36m508.49µs[0m p(95)=[36m514.9µs[0m p(99)=[36m642.2µs[0m 
     http_req_sending[2m...............:[0m avg=[36m1.56µs[0m   min=[36m0s[0m med=[36m0s[0m       max=[36m5.89ms[0m   p(90)=[36m0s[0m       p(95)=[36m0s[0m      p(99)=[36m0s[0m      
     http_req_tls_handshaking[2m.......:[0m avg=[36m0s[0m       min=[36m0s[0m med=[36m0s[0m       max=[36m0s[0m       p(90)=[36m0s[0m       p(95)=[36m0s[0m      p(99)=[36m0s[0m      
     http_req_waiting[2m...............:[0m avg=[36m896.8µs[0m  min=[36m0s[0m med=[36m511.29µs[0m max=[36m211.04ms[0m p(90)=[36m1.6ms[0m    p(95)=[36m2.24ms[0m  p(99)=[36m6.05ms[0m  
     http_reqs[2m......................:[0m [36m55090[0m  [36;2m847.311575/s[0m
     iteration_duration[2m.............:[0m avg=[36m1.03ms[0m   min=[36m0s[0m med=[36m515.59µs[0m max=[36m211.04ms[0m p(90)=[36m1.64ms[0m   p(95)=[36m2.62ms[0m  p(99)=[36m6.23ms[0m  
     iterations[2m.....................:[0m [36m55090[0m  [36;2m847.311575/s[0m
     promo_success[2m..................:[0m [36m52489[0m  [36;2m807.306902/s[0m
     promo_success_duration[2m.........:[0m avg=[36m935.02µs[0m min=[36m0s[0m med=[36m513µs[0m    max=[36m211.04ms[0m p(90)=[36m1.61ms[0m   p(95)=[36m2.26ms[0m  p(99)=[36m5.99ms[0m  
     vus[2m............................:[0m [36m0[0m      [36;2mmin=0[0m        [36;2mmax=6[0m  
     vus_max[2m........................:[0m [36m550[0m    [36;2mmin=550[0m      [36;2mmax=550[0m