time="2026-09-29T10:21:42+09:00" level=info msg="[run] 시작 10:21:42 MODE=async SCENARIO=fixed TAG=ISO-2000" source=console
time="2026-09-29T10:24:42+09:00" level=info msg="[run] 종료 10:24:42 TAG=ISO-2000" source=console
[32m     ✓ status is 202[0m
[32m     ✓ has sse location[0m

     checks[2m.........................:[0m [36m100.00%[0m [36;2m✓ 720000[0m      [36;2m✗ 0[0m     
     data_received[2m..................:[0m [36m50 MB[0m   [36;2m278 kB/s[0m
     data_sent[2m......................:[0m [36m97 MB[0m   [36;2m537 kB/s[0m
     http_req_blocked[2m...............:[0m avg=[36m31.68µs[0m min=[36m0s[0m med=[36m0s[0m     max=[36m20.45ms[0m p(90)=[36m0s[0m     p(95)=[36m0s[0m     p(99)=[36m327.16µs[0m
     http_req_connecting[2m............:[0m avg=[36m31.46µs[0m min=[36m0s[0m med=[36m0s[0m     max=[36m19.91ms[0m p(90)=[36m0s[0m     p(95)=[36m0s[0m     p(99)=[36m0s[0m      
     http_req_duration[2m..............:[0m avg=[36m2.28ms[0m  min=[36m0s[0m med=[36m1.57ms[0m max=[36m55.87ms[0m p(90)=[36m4.23ms[0m p(95)=[36m6.32ms[0m p(99)=[36m13.92ms[0m 
       { expected_response:true }[2m...:[0m avg=[36m2.28ms[0m  min=[36m0s[0m med=[36m1.57ms[0m max=[36m55.87ms[0m p(90)=[36m4.23ms[0m p(95)=[36m6.32ms[0m p(99)=[36m13.92ms[0m 
     http_req_failed[2m................:[0m [36m0.00%[0m   [36;2m✓ 0[0m           [36;2m✗ 360000[0m
     http_req_receiving[2m.............:[0m avg=[36m17.81µs[0m min=[36m0s[0m med=[36m0s[0m     max=[36m3.22ms[0m  p(90)=[36m0s[0m     p(95)=[36m0s[0m     p(99)=[36m531.4µs[0m 
     http_req_sending[2m...............:[0m avg=[36m640ns[0m   min=[36m0s[0m med=[36m0s[0m     max=[36m4.34ms[0m  p(90)=[36m0s[0m     p(95)=[36m0s[0m     p(99)=[36m0s[0m      
     http_req_tls_handshaking[2m.......:[0m avg=[36m0s[0m      min=[36m0s[0m med=[36m0s[0m     max=[36m0s[0m      p(90)=[36m0s[0m     p(95)=[36m0s[0m     p(99)=[36m0s[0m      
     http_req_waiting[2m...............:[0m avg=[36m2.26ms[0m  min=[36m0s[0m med=[36m1.56ms[0m max=[36m55.34ms[0m p(90)=[36m4.21ms[0m p(95)=[36m6.3ms[0m  p(99)=[36m13.89ms[0m 
     http_reqs[2m......................:[0m [36m360000[0m  [36;2m1999.702051/s[0m
     iteration_duration[2m.............:[0m avg=[36m2.36ms[0m  min=[36m0s[0m med=[36m1.58ms[0m max=[36m55.87ms[0m p(90)=[36m4.31ms[0m p(95)=[36m6.69ms[0m p(99)=[36m14.31ms[0m 
     iterations[2m.....................:[0m [36m360000[0m  [36;2m1999.702051/s[0m
     order_accepted_duration[2m........:[0m avg=[36m2.28ms[0m  min=[36m0s[0m med=[36m1.57ms[0m max=[36m55.87ms[0m p(90)=[36m4.23ms[0m p(95)=[36m6.32ms[0m p(99)=[36m13.92ms[0m 
     orders_accepted[2m................:[0m [36m360000[0m  [36;2m1999.702051/s[0m
     vus[2m............................:[0m [36m19[0m      [36;2mmin=0[0m         [36;2mmax=29[0m  
     vus_max[2m........................:[0m [36m300[0m     [36;2mmin=300[0m       [36;2mmax=300[0m 