time="2026-09-29T10:20:06+09:00" level=info msg="[run] 시작 10:20:06 MODE=async SCENARIO=fixed TAG=S-warmup" source=console
time="2026-09-29T10:21:06+09:00" level=info msg="[run] 종료 10:21:06 TAG=S-warmup" source=console
[32m     ✓ status is 202[0m
[32m     ✓ has sse location[0m

     checks[2m.........................:[0m [36m100.00%[0m [36;2m✓ 179788[0m     [36;2m✗ 0[0m    
     data_received[2m..................:[0m [36m13 MB[0m   [36;2m208 kB/s[0m
     data_sent[2m......................:[0m [36m24 MB[0m   [36;2m402 kB/s[0m
     dropped_iterations[2m.............:[0m [36m107[0m     [36;2m1.782776/s[0m
     http_req_blocked[2m...............:[0m avg=[36m10.61µs[0m min=[36m0s[0m med=[36m0s[0m      max=[36m11.94ms[0m  p(90)=[36m0s[0m      p(95)=[36m0s[0m      p(99)=[36m510.7µs[0m 
     http_req_connecting[2m............:[0m avg=[36m10.22µs[0m min=[36m0s[0m med=[36m0s[0m      max=[36m11.94ms[0m  p(90)=[36m0s[0m      p(95)=[36m0s[0m      p(99)=[36m510.49µs[0m
     http_req_duration[2m..............:[0m avg=[36m10.22ms[0m min=[36m0s[0m med=[36m523µs[0m   max=[36m782.61ms[0m p(90)=[36m20.06ms[0m p(95)=[36m51.37ms[0m p(99)=[36m180.72ms[0m
       { expected_response:true }[2m...:[0m avg=[36m10.22ms[0m min=[36m0s[0m med=[36m523µs[0m   max=[36m782.61ms[0m p(90)=[36m20.06ms[0m p(95)=[36m51.37ms[0m p(99)=[36m180.72ms[0m
     http_req_failed[2m................:[0m [36m0.00%[0m   [36;2m✓ 0[0m          [36;2m✗ 89894[0m
     http_req_receiving[2m.............:[0m avg=[36m11.51µs[0m min=[36m0s[0m med=[36m0s[0m      max=[36m2.01ms[0m   p(90)=[36m0s[0m      p(95)=[36m0s[0m      p(99)=[36m512.9µs[0m 
     http_req_sending[2m...............:[0m avg=[36m1.04µs[0m  min=[36m0s[0m med=[36m0s[0m      max=[36m2.5ms[0m    p(90)=[36m0s[0m      p(95)=[36m0s[0m      p(99)=[36m0s[0m      
     http_req_tls_handshaking[2m.......:[0m avg=[36m0s[0m      min=[36m0s[0m med=[36m0s[0m      max=[36m0s[0m       p(90)=[36m0s[0m      p(95)=[36m0s[0m      p(99)=[36m0s[0m      
     http_req_waiting[2m...............:[0m avg=[36m10.21ms[0m min=[36m0s[0m med=[36m522.1µs[0m max=[36m782.61ms[0m p(90)=[36m20.05ms[0m p(95)=[36m51.35ms[0m p(99)=[36m180.72ms[0m
     http_reqs[2m......................:[0m [36m89894[0m   [36;2m1497.76482/s[0m
     iteration_duration[2m.............:[0m avg=[36m10.26ms[0m min=[36m0s[0m med=[36m527.1µs[0m max=[36m782.61ms[0m p(90)=[36m20.12ms[0m p(95)=[36m51.4ms[0m  p(99)=[36m180.72ms[0m
     iterations[2m.....................:[0m [36m89894[0m   [36;2m1497.76482/s[0m
     order_accepted_duration[2m........:[0m avg=[36m10.22ms[0m min=[36m0s[0m med=[36m523µs[0m   max=[36m782.61ms[0m p(90)=[36m20.06ms[0m p(95)=[36m51.37ms[0m p(99)=[36m180.72ms[0m
     orders_accepted[2m................:[0m [36m89894[0m   [36;2m1497.76482/s[0m
     vus[2m............................:[0m [36m2[0m       [36;2mmin=0[0m        [36;2mmax=262[0m
     vus_max[2m........................:[0m [36m390[0m     [36;2mmin=390[0m      [36;2mmax=390[0m