[2026-09-30T15:15:14.020+0900][0.006s] Using G1
[2026-09-30T15:15:14.907+0900][0.894s] GC(0) Pause Young (Normal) (G1 Evacuation Pause) 102M->5M(2048M) 4.805ms
[2026-09-30T15:15:15.294+0900][1.282s] GC(1) Pause Young (Concurrent Start) (Metadata GC Threshold) 102M->10M(2048M) 5.507ms
[2026-09-30T15:15:15.294+0900][1.282s] GC(2) Concurrent Mark Cycle
[2026-09-30T15:15:15.302+0900][1.288s] GC(2) Pause Remark 12M->12M(2048M) 1.705ms
[2026-09-30T15:15:15.302+0900][1.288s] GC(2) Pause Cleanup 12M->12M(2048M) 0.007ms
[2026-09-30T15:15:15.307+0900][1.293s] GC(2) Concurrent Mark Cycle 11.543ms
[2026-09-30T15:15:16.291+0900][2.281s] GC(3) Pause Young (Normal) (G1 Evacuation Pause) 130M->16M(2048M) 11.031ms
[2026-09-30T15:15:16.778+0900][2.765s] GC(4) Pause Young (Concurrent Start) (Metadata GC Threshold) 78M->18M(2048M) 5.626ms
[2026-09-30T15:15:16.778+0900][2.765s] GC(5) Concurrent Mark Cycle
[2026-09-30T15:15:16.792+0900][2.779s] GC(5) Pause Remark 20M->20M(2048M) 3.318ms
[2026-09-30T15:15:16.794+0900][2.781s] GC(5) Pause Cleanup 21M->21M(2048M) 0.146ms
[2026-09-30T15:15:16.797+0900][2.783s] GC(5) Concurrent Mark Cycle 18.372ms
[2026-09-30T15:15:18.271+0900][4.260s] GC(6) Pause Young (Concurrent Start) (Metadata GC Threshold) 192M->26M(2048M) 11.468ms
[2026-09-30T15:15:18.271+0900][4.260s] GC(7) Concurrent Mark Cycle
[2026-09-30T15:15:18.292+0900][4.278s] GC(7) Pause Remark 27M->27M(2048M) 4.437ms
[2026-09-30T15:15:18.295+0900][4.281s] GC(7) Pause Cleanup 28M->28M(2048M) 0.174ms
[2026-09-30T15:15:18.296+0900][4.283s] GC(7) Concurrent Mark Cycle 23.096ms
[2026-09-30T15:15:41.212+0900][27.198s] GC(8) Pause Young (Normal) (GCLocker Initiated GC) 642M->60M(2048M) 21.589ms
[2026-09-30T15:15:41.964+0900][27.950s] GC(9) Pause Young (Normal) (G1 Evacuation Pause) 582M->246M(2048M) 98.436ms
[2026-09-30T15:15:42.004+0900][27.991s] GC(10) Pause Young (Normal) (G1 Evacuation Pause) 275M->260M(2048M) 29.154ms
[2026-09-30T15:15:42.095+0900][28.082s] GC(11) Pause Young (Normal) (G1 Evacuation Pause) 349M->297M(2048M) 30.265ms
[2026-09-30T15:15:42.214+0900][28.201s] GC(12) Pause Young (Normal) (G1 Evacuation Pause) 431M->353M(2048M) 36.824ms
[2026-09-30T15:15:42.428+0900][28.415s] GC(13) Pause Young (Normal) (G1 Evacuation Pause) 569M->419M(2048M) 38.069ms
[2026-09-30T15:15:42.661+0900][28.648s] GC(14) Pause Young (Concurrent Start) (Metadata GC Threshold) 667M->493M(2048M) 45.726ms
[2026-09-30T15:15:42.661+0900][28.648s] GC(15) Concurrent Mark Cycle
[2026-09-30T15:15:42.814+0900][28.803s] GC(15) Pause Remark 607M->430M(2048M) 16.937ms
[2026-09-30T15:15:43.030+0900][29.017s] GC(16) Pause Young (Normal) (G1 Evacuation Pause) 649M->402M(2048M) 50.948ms
[2026-09-30T15:15:43.176+0900][29.163s] GC(15) Pause Cleanup 585M->585M(2048M) 0.471ms
[2026-09-30T15:15:43.183+0900][29.169s] GC(15) Concurrent Mark Cycle 521.703ms
[2026-09-30T15:15:43.345+0900][29.331s] GC(17) Pause Young (Prepare Mixed) (G1 Evacuation Pause) 720M->497M(2048M) 67.889ms
[2026-09-30T15:15:45.984+0900][31.970s] GC(18) Pause Young (Mixed) (G1 Evacuation Pause) 947M->513M(2048M) 28.128ms
[2026-09-30T15:15:48.746+0900][34.734s] GC(19) Pause Young (Mixed) (G1 Evacuation Pause) 1123M->509M(2048M) 11.621ms
[2026-09-30T15:15:51.615+0900][37.602s] GC(20) Pause Young (Mixed) (G1 Evacuation Pause) 1229M->500M(2048M) 10.482ms
[2026-09-30T15:15:55.727+0900][41.714s] GC(21) Pause Young (Normal) (G1 Evacuation Pause) 1709M->498M(2048M) 10.636ms
[2026-09-30T15:15:59.721+0900][45.708s] GC(22) Pause Young (Normal) (G1 Evacuation Pause) 1709M->498M(2048M) 10.526ms
[2026-09-30T15:16:03.721+0900][49.708s] GC(23) Pause Young (Normal) (G1 Evacuation Pause) 1709M->498M(2048M) 11.088ms
[2026-09-30T15:16:07.721+0900][53.710s] GC(24) Pause Young (Normal) (G1 Evacuation Pause) 1709M->498M(2048M) 10.072ms
[2026-09-30T15:16:11.723+0900][57.711s] GC(25) Pause Young (Normal) (G1 Evacuation Pause) 1709M->498M(2048M) 10.321ms
[2026-09-30T15:16:15.727+0900][61.713s] GC(26) Pause Young (Normal) (G1 Evacuation Pause) 1709M->498M(2048M) 10.206ms
[2026-09-30T15:16:19.734+0900][65.720s] GC(27) Pause Young (Normal) (G1 Evacuation Pause) 1710M->499M(2048M) 11.178ms
[2026-09-30T15:16:23.732+0900][69.720s] GC(28) Pause Young (Normal) (G1 Evacuation Pause) 1710M->499M(2048M) 11.139ms
[2026-09-30T15:16:27.736+0900][73.724s] GC(29) Pause Young (Normal) (G1 Evacuation Pause) 1710M->500M(2048M) 11.145ms
[2026-09-30T15:16:31.741+0900][77.727s] GC(30) Pause Young (Normal) (G1 Evacuation Pause) 1710M->499M(2048M) 11.804ms
[2026-09-30T15:16:35.736+0900][81.724s] GC(31) Pause Young (Normal) (G1 Evacuation Pause) 1709M->499M(2048M) 10.707ms
[2026-09-30T15:16:39.741+0900][85.728s] GC(32) Pause Young (Normal) (G1 Evacuation Pause) 1709M->499M(2048M) 10.731ms
[2026-09-30T15:17:18.288+0900][124.277s] GC(33) Pause Young (Concurrent Start) (CodeCache GC Threshold) 1400M->502M(2048M) 12.166ms
[2026-09-30T15:17:18.288+0900][124.277s] GC(34) Concurrent Mark Cycle
[2026-09-30T15:17:18.434+0900][124.424s] GC(34) Pause Remark 571M->431M(2048M) 12.208ms
[2026-09-30T15:17:18.501+0900][124.488s] GC(34) Pause Cleanup 454M->454M(2048M) 0.634ms
[2026-09-30T15:17:18.507+0900][124.494s] GC(34) Concurrent Mark Cycle 216.926ms
[2026-09-30T15:17:20.762+0900][126.749s] GC(35) Pause Young (Prepare Mixed) (G1 Evacuation Pause) 1585M->365M(2048M) 4.838ms
[2026-09-30T15:17:23.015+0900][129.003s] GC(36) Pause Young (Mixed) (G1 Evacuation Pause) 1587M->268M(2048M) 4.748ms
[2026-09-30T15:17:25.233+0900][131.220s] GC(37) Pause Young (Normal) (G1 Evacuation Pause) 1490M->268M(2048M) 4.241ms
[2026-09-30T15:17:27.469+0900][133.457s] GC(38) Pause Young (Normal) (G1 Evacuation Pause) 1490M->269M(2048M) 3.918ms
[2026-09-30T15:17:29.715+0900][135.703s] GC(39) Pause Young (Normal) (G1 Evacuation Pause) 1491M->268M(2048M) 3.792ms
[2026-09-30T15:17:32.019+0900][138.007s] GC(40) Pause Young (Normal) (G1 Evacuation Pause) 1490M->268M(2048M) 4.112ms
[2026-09-30T15:17:34.390+0900][140.377s] GC(41) Pause Young (Normal) (G1 Evacuation Pause) 1490M->268M(2048M) 4.187ms
[2026-09-30T15:17:36.730+0900][142.717s] GC(42) Pause Young (Normal) (G1 Evacuation Pause) 1490M->268M(2048M) 4.226ms
[2026-09-30T15:17:39.066+0900][145.051s] GC(43) Pause Young (Normal) (G1 Evacuation Pause) 1490M->269M(2048M) 4.133ms
[2026-09-30T15:17:41.457+0900][147.446s] GC(44) Pause Young (Normal) (G1 Evacuation Pause) 1491M->268M(2048M) 4.708ms
[2026-09-30T15:17:43.861+0900][149.848s] GC(45) Pause Young (Normal) (G1 Evacuation Pause) 1490M->268M(2048M) 4.457ms
[2026-09-30T15:17:46.273+0900][152.259s] GC(46) Pause Young (Normal) (G1 Evacuation Pause) 1490M->268M(2048M) 4.121ms
[2026-09-30T15:17:48.707+0900][154.694s] GC(47) Pause Young (Normal) (G1 Evacuation Pause) 1490M->268M(2048M) 5.079ms
[2026-09-30T15:17:51.092+0900][157.079s] GC(48) Pause Young (Normal) (G1 Evacuation Pause) 1490M->268M(2048M) 4.119ms
[2026-09-30T15:17:53.427+0900][159.414s] GC(49) Pause Young (Normal) (G1 Evacuation Pause) 1490M->268M(2048M) 4.298ms
[2026-09-30T15:17:55.767+0900][161.755s] GC(50) Pause Young (Normal) (G1 Evacuation Pause) 1490M->268M(2048M) 3.779ms
[2026-09-30T15:17:58.172+0900][164.158s] GC(51) Pause Young (Normal) (G1 Evacuation Pause) 1493M->268M(2048M) 4.748ms
[2026-09-30T15:18:00.558+0900][166.546s] GC(52) Pause Young (Normal) (G1 Evacuation Pause) 1492M->268M(2048M) 3.877ms
[2026-09-30T15:18:02.942+0900][168.930s] GC(53) Pause Young (Normal) (G1 Evacuation Pause) 1492M->268M(2048M) 3.747ms
[2026-09-30T15:18:05.360+0900][171.347s] GC(54) Pause Young (Normal) (G1 Evacuation Pause) 1492M->268M(2048M) 4.255ms
[2026-09-30T15:18:07.740+0900][173.728s] GC(55) Pause Young (Normal) (G1 Evacuation Pause) 1492M->268M(2048M) 3.795ms
[2026-09-30T15:18:10.193+0900][176.181s] GC(56) Pause Young (Normal) (G1 Evacuation Pause) 1493M->268M(2048M) 3.796ms
[2026-09-30T15:18:12.618+0900][178.606s] GC(57) Pause Young (Normal) (G1 Evacuation Pause) 1492M->268M(2048M) 4.250ms
[2026-09-30T15:18:14.984+0900][180.971s] GC(58) Pause Young (Normal) (G1 Evacuation Pause) 1492M->268M(2048M) 3.956ms
[2026-09-30T15:18:17.359+0900][183.347s] GC(59) Pause Young (Normal) (G1 Evacuation Pause) 1492M->268M(2048M) 4.005ms
[2026-09-30T15:18:19.753+0900][185.741s] GC(60) Pause Young (Normal) (G1 Evacuation Pause) 1493M->268M(2048M) 4.457ms
[2026-09-30T15:18:22.195+0900][188.183s] GC(61) Pause Young (Normal) (G1 Evacuation Pause) 1492M->268M(2048M) 3.865ms
[2026-09-30T15:18:24.632+0900][190.619s] GC(62) Pause Young (Normal) (G1 Evacuation Pause) 1493M->268M(2048M) 4.218ms
[2026-09-30T15:18:26.976+0900][192.965s] GC(63) Pause Young (Normal) (G1 Evacuation Pause) 1492M->268M(2048M) 3.778ms
[2026-09-30T15:18:29.367+0900][195.355s] GC(64) Pause Young (Normal) (G1 Evacuation Pause) 1493M->268M(2048M) 4.408ms
[2026-09-30T15:18:31.766+0900][197.754s] GC(65) Pause Young (Normal) (G1 Evacuation Pause) 1492M->268M(2048M) 3.905ms
[2026-09-30T15:18:34.132+0900][200.118s] GC(66) Pause Young (Normal) (G1 Evacuation Pause) 1492M->268M(2048M) 3.955ms
[2026-09-30T15:18:36.499+0900][202.487s] GC(67) Pause Young (Normal) (G1 Evacuation Pause) 1493M->268M(2048M) 3.734ms
[2026-09-30T15:18:38.869+0900][204.857s] GC(68) Pause Young (Normal) (G1 Evacuation Pause) 1492M->268M(2048M) 3.799ms
[2026-09-30T15:18:41.227+0900][207.215s] GC(69) Pause Young (Normal) (G1 Evacuation Pause) 1492M->268M(2048M) 4.020ms
[2026-09-30T15:18:43.604+0900][209.593s] GC(70) Pause Young (Normal) (G1 Evacuation Pause) 1493M->268M(2048M) 4.116ms
[2026-09-30T15:18:45.951+0900][211.939s] GC(71) Pause Young (Normal) (G1 Evacuation Pause) 1492M->268M(2048M) 3.790ms
[2026-09-30T15:18:48.332+0900][214.319s] GC(72) Pause Young (Normal) (G1 Evacuation Pause) 1492M->268M(2048M) 3.791ms
[2026-09-30T15:18:50.673+0900][216.660s] GC(73) Pause Young (Normal) (G1 Evacuation Pause) 1493M->268M(2048M) 3.585ms
[2026-09-30T15:18:53.075+0900][219.062s] GC(74) Pause Young (Normal) (G1 Evacuation Pause) 1493M->268M(2048M) 3.857ms
[2026-09-30T15:18:55.461+0900][221.449s] GC(75) Pause Young (Normal) (G1 Evacuation Pause) 1493M->268M(2048M) 3.781ms
[2026-09-30T15:18:57.889+0900][223.878s] GC(76) Pause Young (Normal) (G1 Evacuation Pause) 1493M->268M(2048M) 3.713ms
[2026-09-30T15:19:00.287+0900][226.273s] GC(77) Pause Young (Normal) (G1 Evacuation Pause) 1492M->268M(2048M) 4.058ms
[2026-09-30T15:19:02.667+0900][228.654s] GC(78) Pause Young (Normal) (G1 Evacuation Pause) 1493M->268M(2048M) 4.349ms
[2026-09-30T15:19:05.073+0900][231.061s] GC(79) Pause Young (Normal) (G1 Evacuation Pause) 1493M->268M(2048M) 4.072ms
[2026-09-30T15:19:07.445+0900][233.433s] GC(80) Pause Young (Normal) (G1 Evacuation Pause) 1492M->268M(2048M) 4.461ms
[2026-09-30T15:19:09.836+0900][235.824s] GC(81) Pause Young (Normal) (G1 Evacuation Pause) 1492M->268M(2048M) 3.903ms
[2026-09-30T15:19:12.288+0900][238.276s] GC(82) Pause Young (Normal) (G1 Evacuation Pause) 1493M->268M(2048M) 3.923ms
[2026-09-30T15:19:14.692+0900][240.680s] GC(83) Pause Young (Normal) (G1 Evacuation Pause) 1493M->268M(2048M) 4.874ms
[2026-09-30T15:19:17.136+0900][243.122s] GC(84) Pause Young (Normal) (G1 Evacuation Pause) 1492M->268M(2048M) 3.709ms
[2026-09-30T15:19:19.513+0900][245.499s] GC(85) Pause Young (Normal) (G1 Evacuation Pause) 1492M->268M(2048M) 3.993ms
[2026-09-30T15:19:21.980+0900][247.968s] GC(86) Pause Young (Normal) (G1 Evacuation Pause) 1493M->268M(2048M) 4.073ms
[2026-09-30T15:19:24.371+0900][250.357s] GC(87) Pause Young (Normal) (G1 Evacuation Pause) 1493M->268M(2048M) 3.748ms
[2026-09-30T15:19:26.817+0900][252.803s] GC(88) Pause Young (Normal) (G1 Evacuation Pause) 1493M->268M(2048M) 4.577ms
[2026-09-30T15:19:29.208+0900][255.195s] GC(89) Pause Young (Normal) (G1 Evacuation Pause) 1493M->268M(2048M) 4.327ms
[2026-09-30T15:19:31.600+0900][257.588s] GC(90) Pause Young (Normal) (G1 Evacuation Pause) 1493M->268M(2048M) 3.534ms
[2026-09-30T15:19:33.969+0900][259.956s] GC(91) Pause Young (Normal) (G1 Evacuation Pause) 1492M->268M(2048M) 4.376ms
[2026-09-30T15:19:36.323+0900][262.312s] GC(92) Pause Young (Normal) (G1 Evacuation Pause) 1493M->268M(2048M) 4.330ms
[2026-09-30T15:19:38.835+0900][264.823s] GC(93) Pause Young (Normal) (G1 Evacuation Pause) 1492M->268M(2048M) 4.272ms
[2026-09-30T15:19:41.232+0900][267.220s] GC(94) Pause Young (Normal) (G1 Evacuation Pause) 1493M->268M(2048M) 4.175ms
[2026-09-30T15:19:43.647+0900][269.635s] GC(95) Pause Young (Normal) (G1 Evacuation Pause) 1493M->268M(2048M) 4.352ms
[2026-09-30T15:19:46.153+0900][272.139s] GC(96) Pause Young (Normal) (G1 Evacuation Pause) 1493M->268M(2048M) 4.017ms
[2026-09-30T15:19:48.542+0900][274.530s] GC(97) Pause Young (Normal) (G1 Evacuation Pause) 1493M->268M(2048M) 3.883ms
[2026-09-30T15:19:50.926+0900][276.913s] GC(98) Pause Young (Normal) (G1 Evacuation Pause) 1493M->268M(2048M) 4.025ms
[2026-09-30T15:19:53.372+0900][279.360s] GC(99) Pause Young (Normal) (G1 Evacuation Pause) 1492M->268M(2048M) 3.870ms
[2026-09-30T15:19:55.786+0900][281.772s] GC(100) Pause Young (Normal) (G1 Evacuation Pause) 1492M->269M(2048M) 4.227ms
[2026-09-30T15:19:58.194+0900][284.181s] GC(101) Pause Young (Normal) (G1 Evacuation Pause) 1493M->268M(2048M) 4.692ms
[2026-09-30T15:20:00.582+0900][286.569s] GC(102) Pause Young (Normal) (G1 Evacuation Pause) 1492M->269M(2048M) 4.024ms
[2026-09-30T15:20:02.983+0900][288.971s] GC(103) Pause Young (Normal) (G1 Evacuation Pause) 1493M->268M(2048M) 3.477ms
[2026-09-30T15:20:05.425+0900][291.414s] GC(104) Pause Young (Normal) (G1 Evacuation Pause) 1493M->268M(2048M) 4.405ms
[2026-09-30T15:20:07.824+0900][293.812s] GC(105) Pause Young (Normal) (G1 Evacuation Pause) 1493M->268M(2048M) 4.516ms
[2026-09-30T15:20:10.289+0900][296.276s] GC(106) Pause Young (Normal) (G1 Evacuation Pause) 1493M->268M(2048M) 4.739ms
[2026-09-30T15:20:12.773+0900][298.761s] GC(107) Pause Young (Normal) (G1 Evacuation Pause) 1493M->268M(2048M) 3.899ms
[2026-09-30T15:20:15.171+0900][301.159s] GC(108) Pause Young (Normal) (G1 Evacuation Pause) 1493M->268M(2048M) 3.847ms
