time="2026-09-30T15:17:18+09:00" level=info msg="[run] 시작 15:17:18 MODE=sync SCENARIO=fixed TAG=CAP-sync-ff" source=console
time="2026-09-30T15:20:18+09:00" level=info msg="[run] 종료 15:20:18 TAG=CAP-sync-ff" source=console
[31m     ✗ status is 200
      ↳  79% — ✓ 574422 / ✗ 144479[0m
[32m     ✓ has order id[0m

     checks[2m.........................:[0m [36m89.95%[0m [36;2m✓ 1293323[0m     [36;2m✗ 144479[0m
     data_received[2m..................:[0m [36m98 MB[0m  [36;2m541 kB/s[0m
     data_sent[2m......................:[0m [36m189 MB[0m [36;2m1.0 MB/s[0m
     dropped_iterations[2m.............:[0m [36m1101[0m   [36;2m6.110041/s[0m
     http_req_blocked[2m...............:[0m avg=[36m483.45µs[0m min=[36m0s[0m     med=[36m0s[0m      max=[36m3.06s[0m    p(90)=[36m0s[0m       p(95)=[36m0s[0m       p(99)=[36m1.06ms[0m  
     http_req_connecting[2m............:[0m avg=[36m483.11µs[0m min=[36m0s[0m     med=[36m0s[0m      max=[36m3.06s[0m    p(90)=[36m0s[0m       p(95)=[36m0s[0m       p(99)=[36m1.05ms[0m  
     http_req_duration[2m..............:[0m avg=[36m57.26ms[0m  min=[36m0s[0m     med=[36m58.07ms[0m max=[36m4.83s[0m    p(90)=[36m114.59ms[0m p(95)=[36m159.42ms[0m p(99)=[36m303.11ms[0m
       { expected_response:true }[2m...:[0m avg=[36m68.26ms[0m  min=[36m3.59ms[0m med=[36m61.02ms[0m max=[36m4.83s[0m    p(90)=[36m118.46ms[0m p(95)=[36m163.03ms[0m p(99)=[36m312.16ms[0m
     http_req_failed[2m................:[0m [36m20.09%[0m [36;2m✓ 144479[0m      [36;2m✗ 574422[0m
     http_req_receiving[2m.............:[0m avg=[36m43.4µs[0m   min=[36m0s[0m     med=[36m0s[0m      max=[36m111.59ms[0m p(90)=[36m0s[0m       p(95)=[36m511.49µs[0m p(99)=[36m605.29µs[0m
     http_req_sending[2m...............:[0m avg=[36m1.06µs[0m   min=[36m0s[0m     med=[36m0s[0m      max=[36m10.67ms[0m  p(90)=[36m0s[0m       p(95)=[36m0s[0m       p(99)=[36m0s[0m      
     http_req_tls_handshaking[2m.......:[0m avg=[36m0s[0m       min=[36m0s[0m     med=[36m0s[0m      max=[36m0s[0m       p(90)=[36m0s[0m       p(95)=[36m0s[0m       p(99)=[36m0s[0m      
     http_req_waiting[2m...............:[0m avg=[36m57.22ms[0m  min=[36m0s[0m     med=[36m58.02ms[0m max=[36m4.83s[0m    p(90)=[36m114.55ms[0m p(95)=[36m159.38ms[0m p(99)=[36m303.05ms[0m
     http_reqs[2m......................:[0m [36m718901[0m [36;2m3989.568037/s[0m
     iteration_duration[2m.............:[0m avg=[36m57.79ms[0m  min=[36m0s[0m     med=[36m58.15ms[0m max=[36m4.83s[0m    p(90)=[36m114.75ms[0m p(95)=[36m159.73ms[0m p(99)=[36m306.2ms[0m 
     iterations[2m.....................:[0m [36m718901[0m [36;2m3989.568037/s[0m
     order_accepted_duration[2m........:[0m avg=[36m68.26ms[0m  min=[36m3.59ms[0m med=[36m61.02ms[0m max=[36m4.83s[0m    p(90)=[36m118.46ms[0m p(95)=[36m163.03ms[0m p(99)=[36m312.16ms[0m
     order_rejected_duration[2m........:[0m avg=[36m13.57ms[0m  min=[36m0s[0m     med=[36m3.29ms[0m  max=[36m1.27s[0m    p(90)=[36m12.69ms[0m  p(95)=[36m21.37ms[0m  p(99)=[36m281.43ms[0m
     orders_accepted[2m................:[0m [36m574422[0m [36;2m3187.776413/s[0m
     orders_rejected[2m................:[0m [36m144479[0m [36;2m801.791624/s[0m
     vus[2m............................:[0m [36m236[0m    [36;2mmin=183[0m       [36;2mmax=746[0m 
     vus_max[2m........................:[0m [36m959[0m    [36;2mmin=792[0m       [36;2mmax=959[0m 