[32m     ✓ status is 2xx[0m

     checks[2m.........................:[0m [36m100.00%[0m [36;2m✓ 12001[0m      [36;2m✗ 0[0m    
     data_received[2m..................:[0m [36m1.6 MB[0m  [36;2m26 kB/s[0m
     data_sent[2m......................:[0m [36m2.8 MB[0m  [36;2m47 kB/s[0m
     http_req_blocked[2m...............:[0m avg=[36m22.34µs[0m min=[36m0s[0m       med=[36m0s[0m       max=[36m20.22ms[0m  p(90)=[36m0s[0m     p(95)=[36m0s[0m     p(99)=[36m633µs[0m  
     http_req_connecting[2m............:[0m avg=[36m22.18µs[0m min=[36m0s[0m       med=[36m0s[0m       max=[36m20.22ms[0m  p(90)=[36m0s[0m     p(95)=[36m0s[0m     p(99)=[36m630.6µs[0m
     http_req_duration[2m..............:[0m avg=[36m3.41ms[0m  min=[36m377.9µs[0m  med=[36m2.3ms[0m    max=[36m334.51ms[0m p(90)=[36m3.3ms[0m  p(95)=[36m3.96ms[0m p(99)=[36m14.98ms[0m
       { expected_response:true }[2m...:[0m avg=[36m3.41ms[0m  min=[36m377.9µs[0m  med=[36m2.3ms[0m    max=[36m334.51ms[0m p(90)=[36m3.3ms[0m  p(95)=[36m3.96ms[0m p(99)=[36m14.98ms[0m
     http_req_failed[2m................:[0m [36m0.00%[0m   [36;2m✓ 0[0m          [36;2m✗ 12001[0m
     http_req_receiving[2m.............:[0m avg=[36m1.26ms[0m  min=[36m0s[0m       med=[36m1.5ms[0m    max=[36m33.06ms[0m  p(90)=[36m2.33ms[0m p(95)=[36m2.58ms[0m p(99)=[36m3.2ms[0m  
     http_req_sending[2m...............:[0m avg=[36m784ns[0m   min=[36m0s[0m       med=[36m0s[0m       max=[36m4.18ms[0m   p(90)=[36m0s[0m     p(95)=[36m0s[0m     p(99)=[36m0s[0m     
     http_req_tls_handshaking[2m.......:[0m avg=[36m0s[0m      min=[36m0s[0m       med=[36m0s[0m       max=[36m0s[0m       p(90)=[36m0s[0m     p(95)=[36m0s[0m     p(99)=[36m0s[0m     
     http_req_waiting[2m...............:[0m avg=[36m2.14ms[0m  min=[36m306µs[0m    med=[36m620.29µs[0m max=[36m334.51ms[0m p(90)=[36m2.25ms[0m p(95)=[36m3.16ms[0m p(99)=[36m14.77ms[0m
     http_reqs[2m......................:[0m [36m12001[0m   [36;2m200.008741/s[0m
     iteration_duration[2m.............:[0m avg=[36m3.64ms[0m  min=[36m504.29µs[0m med=[36m2.39ms[0m   max=[36m336.93ms[0m p(90)=[36m3.34ms[0m p(95)=[36m3.99ms[0m p(99)=[36m15.46ms[0m
     iterations[2m.....................:[0m [36m12001[0m   [36;2m200.008741/s[0m
     reviews_created[2m................:[0m [36m12001[0m   [36;2m200.008741/s[0m
     reviews_success_duration[2m.......:[0m avg=[36m3.41ms[0m  min=[36m377.9µs[0m  med=[36m2.3ms[0m    max=[36m334.51ms[0m p(90)=[36m3.3ms[0m  p(95)=[36m3.96ms[0m p(99)=[36m14.98ms[0m
     vus[2m............................:[0m [36m0[0m       [36;2mmin=0[0m        [36;2mmax=11[0m 
     vus_max[2m........................:[0m [36m100[0m     [36;2mmin=100[0m      [36;2mmax=100[0m