[2026-09-28T08:25:20.571+0900][0.006s] Using G1
[2026-09-28T08:25:21.464+0900][0.890s] GC(0) Pause Young (Normal) (G1 Evacuation Pause) 102M->5M(2048M) 4.769ms
[2026-09-28T08:25:21.880+0900][1.309s] GC(1) Pause Young (Concurrent Start) (Metadata GC Threshold) 103M->10M(2048M) 6.434ms
[2026-09-28T08:25:21.880+0900][1.309s] GC(2) Concurrent Mark Cycle
[2026-09-28T08:25:21.888+0900][1.315s] GC(2) Pause Remark 11M->11M(2048M) 1.484ms
[2026-09-28T08:25:21.888+0900][1.316s] GC(2) Pause Cleanup 11M->11M(2048M) 0.007ms
[2026-09-28T08:25:21.896+0900][1.321s] GC(2) Concurrent Mark Cycle 11.905ms
[2026-09-28T08:25:22.878+0900][2.306s] GC(3) Pause Young (Normal) (G1 Evacuation Pause) 131M->16M(2048M) 9.810ms
[2026-09-28T08:25:23.344+0900][2.770s] GC(4) Pause Young (Concurrent Start) (Metadata GC Threshold) 74M->19M(2048M) 5.834ms
[2026-09-28T08:25:23.344+0900][2.770s] GC(5) Concurrent Mark Cycle
[2026-09-28T08:25:23.355+0900][2.783s] GC(5) Pause Remark 20M->20M(2048M) 2.397ms
[2026-09-28T08:25:23.360+0900][2.786s] GC(5) Pause Cleanup 20M->20M(2048M) 0.147ms
[2026-09-28T08:25:23.362+0900][2.788s] GC(5) Concurrent Mark Cycle 17.125ms
[2026-09-28T08:25:24.890+0900][4.316s] GC(6) Pause Young (Concurrent Start) (Metadata GC Threshold) 191M->26M(2048M) 9.818ms
[2026-09-28T08:25:24.892+0900][4.316s] GC(7) Concurrent Mark Cycle
[2026-09-28T08:25:24.909+0900][4.335s] GC(7) Pause Remark 27M->27M(2048M) 4.401ms
[2026-09-28T08:25:24.912+0900][4.337s] GC(7) Pause Cleanup 28M->28M(2048M) 0.128ms
[2026-09-28T08:25:24.913+0900][4.340s] GC(7) Concurrent Mark Cycle 23.318ms
[2026-09-28T08:25:48.994+0900][28.420s] GC(8) Pause Young (Concurrent Start) (Metadata GC Threshold) 765M->71M(2048M) 29.995ms
[2026-09-28T08:25:48.994+0900][28.420s] GC(9) Concurrent Mark Cycle
[2026-09-28T08:25:49.026+0900][28.451s] GC(9) Pause Remark 82M->82M(2048M) 9.050ms
[2026-09-28T08:25:49.031+0900][28.456s] GC(9) Pause Cleanup 82M->82M(2048M) 0.236ms
[2026-09-28T08:25:49.034+0900][28.459s] GC(9) Concurrent Mark Cycle 39.503ms
[2026-09-28T08:25:49.489+0900][28.914s] GC(10) Pause Young (Normal) (G1 Evacuation Pause) 305M->130M(2048M) 46.938ms
[2026-09-28T08:25:49.612+0900][29.038s] GC(11) Pause Young (Normal) (G1 Evacuation Pause) 252M->172M(2048M) 33.761ms
[2026-09-28T08:25:49.765+0900][29.190s] GC(12) Pause Young (Normal) (G1 Evacuation Pause) 303M->222M(2048M) 34.045ms
[2026-09-28T08:25:49.914+0900][29.339s] GC(13) Pause Young (Normal) (G1 Evacuation Pause) 366M->275M(2048M) 36.417ms
[2026-09-28T08:25:50.047+0900][29.472s] GC(14) Pause Young (Normal) (G1 Evacuation Pause) 414M->329M(2048M) 39.423ms
[2026-09-28T08:25:50.264+0900][29.690s] GC(15) Pause Young (Normal) (G1 Evacuation Pause) 628M->402M(2048M) 42.228ms
[2026-09-28T08:25:50.477+0900][29.903s] GC(16) Pause Young (Normal) (G1 Evacuation Pause) 727M->447M(2048M) 41.234ms
[2026-09-28T08:25:50.767+0900][30.192s] GC(17) Pause Young (Normal) (G1 Evacuation Pause) 888M->517M(2048M) 51.503ms
[2026-09-28T08:25:52.988+0900][32.414s] GC(18) Pause Young (Normal) (G1 Evacuation Pause) 1031M->505M(2048M) 21.592ms
[2026-09-28T08:25:56.428+0900][35.854s] GC(19) Pause Young (Normal) (G1 Evacuation Pause) 1373M->512M(2048M) 8.841ms
[2026-09-28T08:26:00.274+0900][39.701s] GC(20) Pause Young (Concurrent Start) (CodeCache GC Threshold) 1615M->513M(2048M) 11.543ms
[2026-09-28T08:26:00.274+0900][39.701s] GC(21) Concurrent Mark Cycle
[2026-09-28T08:26:00.390+0900][39.817s] GC(21) Pause Remark 534M->322M(2048M) 26.359ms
[2026-09-28T08:26:00.433+0900][39.859s] GC(21) Pause Cleanup 329M->329M(2048M) 0.483ms
[2026-09-28T08:26:00.441+0900][39.866s] GC(21) Concurrent Mark Cycle 165.248ms
[2026-09-28T08:26:04.182+0900][43.608s] GC(22) Pause Young (Prepare Mixed) (G1 Evacuation Pause) 1509M->302M(2048M) 12.130ms
[2026-09-28T08:26:06.485+0900][45.913s] GC(23) Pause Young (Mixed) (G1 Evacuation Pause) 1509M->222M(2048M) 12.679ms
[2026-09-28T08:26:08.684+0900][48.111s] GC(24) Pause Young (Normal) (G1 Evacuation Pause) 1426M->224M(2048M) 11.182ms
[2026-09-28T08:26:11.110+0900][50.537s] GC(25) Pause Young (Normal) (G1 Evacuation Pause) 1426M->228M(2048M) 12.285ms
[2026-09-28T08:26:13.394+0900][52.819s] GC(26) Pause Young (Normal) (G1 Evacuation Pause) 1426M->232M(2048M) 13.252ms
[2026-09-28T08:26:15.627+0900][55.054s] GC(27) Pause Young (Normal) (G1 Evacuation Pause) 1426M->233M(2048M) 14.582ms
[2026-09-28T08:26:18.061+0900][57.487s] GC(28) Pause Young (Normal) (G1 Evacuation Pause) 1427M->237M(2048M) 16.915ms
[2026-09-28T08:26:20.539+0900][59.966s] GC(29) Pause Young (Normal) (G1 Evacuation Pause) 1427M->246M(2048M) 16.573ms
[2026-09-28T08:26:22.738+0900][62.164s] GC(30) Pause Young (Normal) (G1 Evacuation Pause) 1427M->249M(2048M) 17.631ms
[2026-09-28T08:26:24.967+0900][64.394s] GC(31) Pause Young (Normal) (G1 Evacuation Pause) 1427M->251M(2048M) 18.965ms
[2026-09-28T08:26:27.194+0900][66.621s] GC(32) Pause Young (Normal) (G1 Evacuation Pause) 1427M->254M(2048M) 19.156ms
[2026-09-28T08:26:29.447+0900][68.872s] GC(33) Pause Young (Normal) (G1 Evacuation Pause) 1427M->256M(2048M) 20.460ms
[2026-09-28T08:26:31.746+0900][71.171s] GC(34) Pause Young (Normal) (G1 Evacuation Pause) 1427M->258M(2048M) 21.091ms
[2026-09-28T08:26:34.249+0900][73.676s] GC(35) Pause Young (Normal) (G1 Evacuation Pause) 1438M->264M(2048M) 17.746ms
[2026-09-28T08:26:36.522+0900][75.947s] GC(36) Pause Young (Normal) (G1 Evacuation Pause) 1447M->267M(2048M) 17.651ms
[2026-09-28T08:26:38.799+0900][78.227s] GC(37) Pause Young (Normal) (G1 Evacuation Pause) 1449M->270M(2048M) 18.201ms
[2026-09-28T08:26:41.193+0900][80.620s] GC(38) Pause Young (Normal) (G1 Evacuation Pause) 1450M->272M(2048M) 20.060ms
[2026-09-28T08:26:43.515+0900][82.941s] GC(39) Pause Young (Normal) (G1 Evacuation Pause) 1453M->274M(2048M) 20.217ms
[2026-09-28T08:26:45.802+0900][85.228s] GC(40) Pause Young (Normal) (G1 Evacuation Pause) 1455M->278M(2048M) 18.242ms
[2026-09-28T08:27:24.914+0900][124.340s] GC(41) Pause Young (Normal) (G1 Evacuation Pause) 1459M->280M(2048M) 16.154ms
[2026-09-28T08:27:27.665+0900][127.091s] GC(42) Pause Young (Normal) (G1 Evacuation Pause) 1463M->283M(2048M) 17.068ms
[2026-09-28T08:27:29.753+0900][129.180s] GC(43) Pause Young (Normal) (G1 Evacuation Pause) 1465M->286M(2048M) 17.897ms
[2026-09-28T08:27:31.891+0900][131.318s] GC(44) Pause Young (Normal) (G1 Evacuation Pause) 1468M->288M(2048M) 17.423ms
[2026-09-28T08:27:34.123+0900][133.550s] GC(45) Pause Young (Normal) (G1 Evacuation Pause) 1477M->291M(2048M) 17.401ms
[2026-09-28T08:27:36.300+0900][135.727s] GC(46) Pause Young (Normal) (G1 Evacuation Pause) 1482M->294M(2048M) 17.665ms
[2026-09-28T08:27:38.488+0900][137.913s] GC(47) Pause Young (Normal) (G1 Evacuation Pause) 1484M->295M(2048M) 17.723ms
[2026-09-28T08:27:40.687+0900][140.114s] GC(48) Pause Young (Normal) (G1 Evacuation Pause) 1486M->298M(2048M) 17.644ms
[2026-09-28T08:27:43.244+0900][142.670s] GC(49) Pause Young (Normal) (G1 Evacuation Pause) 1489M->300M(2048M) 20.717ms
[2026-09-28T08:27:45.478+0900][144.905s] GC(50) Pause Young (Normal) (G1 Evacuation Pause) 1494M->307M(2048M) 21.475ms
[2026-09-28T08:27:47.716+0900][147.142s] GC(51) Pause Young (Normal) (G1 Evacuation Pause) 1497M->309M(2048M) 20.038ms
[2026-09-28T08:27:49.995+0900][149.422s] GC(52) Pause Young (Normal) (G1 Evacuation Pause) 1500M->311M(2048M) 20.314ms
[2026-09-28T08:27:52.536+0900][151.961s] GC(53) Pause Young (Normal) (G1 Evacuation Pause) 1503M->315M(2048M) 22.195ms
[2026-09-28T08:27:54.972+0900][154.399s] GC(54) Pause Young (Normal) (G1 Evacuation Pause) 1505M->317M(2048M) 20.777ms
[2026-09-28T08:27:57.248+0900][156.676s] GC(55) Pause Young (Normal) (G1 Evacuation Pause) 1508M->318M(2048M) 20.128ms
[2026-09-28T08:27:59.668+0900][159.094s] GC(56) Pause Young (Normal) (G1 Evacuation Pause) 1510M->322M(2048M) 22.292ms
[2026-09-28T08:28:02.114+0900][161.540s] GC(57) Pause Young (Normal) (G1 Evacuation Pause) 1512M->323M(2048M) 22.634ms
[2026-09-28T08:28:04.504+0900][163.929s] GC(58) Pause Young (Normal) (G1 Evacuation Pause) 1515M->326M(2048M) 22.861ms
[2026-09-28T08:28:06.732+0900][166.158s] GC(59) Pause Young (Normal) (G1 Evacuation Pause) 1518M->328M(2048M) 20.463ms
[2026-09-28T08:28:09.023+0900][168.448s] GC(60) Pause Young (Normal) (G1 Evacuation Pause) 1520M->331M(2048M) 21.817ms
[2026-09-28T08:28:11.314+0900][170.740s] GC(61) Pause Young (Normal) (G1 Evacuation Pause) 1522M->333M(2048M) 20.364ms
[2026-09-28T08:28:13.601+0900][173.027s] GC(62) Pause Young (Normal) (G1 Evacuation Pause) 1524M->336M(2048M) 20.060ms
[2026-09-28T08:28:15.830+0900][175.255s] GC(63) Pause Young (Normal) (G1 Evacuation Pause) 1527M->337M(2048M) 20.344ms
[2026-09-28T08:28:18.123+0900][177.549s] GC(64) Pause Young (Normal) (G1 Evacuation Pause) 1529M->340M(2048M) 20.137ms
[2026-09-28T08:28:20.404+0900][179.831s] GC(65) Pause Young (Normal) (G1 Evacuation Pause) 1532M->343M(2048M) 20.062ms
[2026-09-28T08:28:22.682+0900][182.108s] GC(66) Pause Young (Normal) (G1 Evacuation Pause) 1536M->345M(2048M) 19.259ms
[2026-09-28T08:28:24.917+0900][184.344s] GC(67) Pause Young (Normal) (G1 Evacuation Pause) 1538M->348M(2048M) 19.065ms
[2026-09-28T08:28:27.241+0900][186.667s] GC(68) Pause Young (Normal) (G1 Evacuation Pause) 1541M->350M(2048M) 19.380ms
[2026-09-28T08:28:29.520+0900][188.946s] GC(69) Pause Young (Normal) (G1 Evacuation Pause) 1543M->353M(2048M) 19.204ms
[2026-09-28T08:28:31.864+0900][191.289s] GC(70) Pause Young (Normal) (G1 Evacuation Pause) 1547M->355M(2048M) 18.971ms
[2026-09-28T08:28:34.198+0900][193.623s] GC(71) Pause Young (Normal) (G1 Evacuation Pause) 1549M->358M(2048M) 18.849ms
[2026-09-28T08:28:36.495+0900][195.922s] GC(72) Pause Young (Normal) (G1 Evacuation Pause) 1551M->361M(2048M) 20.116ms
[2026-09-28T08:28:38.781+0900][198.206s] GC(73) Pause Young (Normal) (G1 Evacuation Pause) 1553M->363M(2048M) 19.456ms
[2026-09-28T08:28:41.125+0900][200.549s] GC(74) Pause Young (Normal) (G1 Evacuation Pause) 1556M->365M(2048M) 21.251ms
[2026-09-28T08:28:43.420+0900][202.845s] GC(75) Pause Young (Normal) (G1 Evacuation Pause) 1558M->367M(2048M) 21.843ms
[2026-09-28T08:28:45.833+0900][205.260s] GC(76) Pause Young (Normal) (G1 Evacuation Pause) 1560M->370M(2048M) 19.818ms
[2026-09-28T08:28:48.055+0900][207.481s] GC(77) Pause Young (Normal) (G1 Evacuation Pause) 1563M->372M(2048M) 19.846ms
[2026-09-28T08:28:50.335+0900][209.761s] GC(78) Pause Young (Normal) (G1 Evacuation Pause) 1565M->376M(2048M) 19.952ms
[2026-09-28T08:28:52.700+0900][212.127s] GC(79) Pause Young (Normal) (G1 Evacuation Pause) 1568M->378M(2048M) 22.018ms
[2026-09-28T08:28:55.056+0900][214.483s] GC(80) Pause Young (Normal) (G1 Evacuation Pause) 1575M->387M(2048M) 23.763ms
[2026-09-28T08:28:57.309+0900][216.735s] GC(81) Pause Young (Normal) (G1 Evacuation Pause) 1578M->389M(2048M) 23.565ms
[2026-09-28T08:28:59.614+0900][219.039s] GC(82) Pause Young (Normal) (G1 Evacuation Pause) 1580M->391M(2048M) 23.690ms
[2026-09-28T08:29:01.870+0900][221.297s] GC(83) Pause Young (Normal) (G1 Evacuation Pause) 1582M->393M(2048M) 23.506ms
[2026-09-28T08:29:04.147+0900][223.574s] GC(84) Pause Young (Normal) (G1 Evacuation Pause) 1584M->395M(2048M) 23.085ms
[2026-09-28T08:29:06.447+0900][225.872s] GC(85) Pause Young (Normal) (G1 Evacuation Pause) 1587M->398M(2048M) 23.313ms
[2026-09-28T08:29:08.690+0900][228.115s] GC(86) Pause Young (Normal) (G1 Evacuation Pause) 1589M->401M(2048M) 23.321ms
[2026-09-28T08:29:11.016+0900][230.443s] GC(87) Pause Young (Normal) (G1 Evacuation Pause) 1592M->403M(2048M) 23.384ms
[2026-09-28T08:29:13.278+0900][232.705s] GC(88) Pause Young (Normal) (G1 Evacuation Pause) 1594M->406M(2048M) 23.025ms
[2026-09-28T08:29:15.647+0900][235.073s] GC(89) Pause Young (Normal) (G1 Evacuation Pause) 1598M->409M(2048M) 25.034ms
[2026-09-28T08:29:17.900+0900][237.326s] GC(90) Pause Young (Normal) (G1 Evacuation Pause) 1600M->411M(2048M) 23.447ms
[2026-09-28T08:29:20.163+0900][239.589s] GC(91) Pause Young (Normal) (G1 Evacuation Pause) 1602M->413M(2048M) 24.112ms
[2026-09-28T08:29:22.433+0900][241.860s] GC(92) Pause Young (Normal) (G1 Evacuation Pause) 1605M->416M(2048M) 23.411ms
[2026-09-28T08:29:24.723+0900][244.150s] GC(93) Pause Young (Normal) (G1 Evacuation Pause) 1607M->419M(2048M) 23.978ms
[2026-09-28T08:29:26.991+0900][246.418s] GC(94) Pause Young (Normal) (G1 Evacuation Pause) 1610M->421M(2048M) 23.785ms
[2026-09-28T08:29:29.417+0900][248.842s] GC(95) Pause Young (Normal) (G1 Evacuation Pause) 1611M->423M(2048M) 23.203ms
[2026-09-28T08:29:31.741+0900][251.166s] GC(96) Pause Young (Normal) (G1 Evacuation Pause) 1616M->426M(2048M) 21.417ms
[2026-09-28T08:29:34.097+0900][253.524s] GC(97) Pause Young (Normal) (G1 Evacuation Pause) 1619M->428M(2048M) 20.910ms
[2026-09-28T08:29:36.369+0900][255.794s] GC(98) Pause Young (Normal) (G1 Evacuation Pause) 1620M->431M(2048M) 21.151ms
[2026-09-28T08:29:38.606+0900][258.032s] GC(99) Pause Young (Normal) (G1 Evacuation Pause) 1623M->432M(2048M) 20.786ms
[2026-09-28T08:29:40.907+0900][260.334s] GC(100) Pause Young (Normal) (G1 Evacuation Pause) 1625M->434M(2048M) 21.500ms
[2026-09-28T08:29:43.182+0900][262.608s] GC(101) Pause Young (Normal) (G1 Evacuation Pause) 1627M->437M(2048M) 20.693ms
[2026-09-28T08:29:45.453+0900][264.878s] GC(102) Pause Young (Normal) (G1 Evacuation Pause) 1630M->440M(2048M) 21.042ms
[2026-09-28T08:29:47.723+0900][267.148s] GC(103) Pause Young (Normal) (G1 Evacuation Pause) 1632M->442M(2048M) 21.484ms
[2026-09-28T08:29:50.021+0900][269.447s] GC(104) Pause Young (Normal) (G1 Evacuation Pause) 1635M->444M(2048M) 21.422ms
[2026-09-28T08:29:52.388+0900][271.814s] GC(105) Pause Young (Normal) (G1 Evacuation Pause) 1638M->446M(2048M) 23.815ms
[2026-09-28T08:29:54.875+0900][274.300s] GC(106) Pause Young (Normal) (G1 Evacuation Pause) 1640M->450M(2048M) 24.071ms
[2026-09-28T08:29:57.173+0900][276.597s] GC(107) Pause Young (Normal) (G1 Evacuation Pause) 1643M->452M(2048M) 24.071ms
[2026-09-28T08:29:59.457+0900][278.882s] GC(108) Pause Young (Normal) (G1 Evacuation Pause) 1646M->455M(2048M) 21.518ms
[2026-09-28T08:30:01.772+0900][281.198s] GC(109) Pause Young (Normal) (G1 Evacuation Pause) 1649M->457M(2048M) 22.680ms
[2026-09-28T08:30:04.085+0900][283.509s] GC(110) Pause Young (Normal) (G1 Evacuation Pause) 1651M->459M(2048M) 21.711ms
[2026-09-28T08:30:06.505+0900][285.930s] GC(111) Pause Young (Normal) (G1 Evacuation Pause) 1653M->462M(2048M) 23.792ms
[2026-09-28T08:30:08.800+0900][288.226s] GC(112) Pause Young (Normal) (G1 Evacuation Pause) 1655M->465M(2048M) 21.822ms
[2026-09-28T08:30:11.122+0900][290.547s] GC(113) Pause Young (Normal) (G1 Evacuation Pause) 1658M->467M(2048M) 21.167ms
[2026-09-28T08:30:13.499+0900][292.926s] GC(114) Pause Young (Normal) (G1 Evacuation Pause) 1660M->470M(2048M) 21.501ms
[2026-09-28T08:30:15.743+0900][295.168s] GC(115) Pause Young (Normal) (G1 Evacuation Pause) 1663M->471M(2048M) 22.032ms
[2026-09-28T08:30:18.028+0900][297.454s] GC(116) Pause Young (Normal) (G1 Evacuation Pause) 1665M->474M(2048M) 21.747ms
[2026-09-28T08:30:20.268+0900][299.694s] GC(117) Pause Young (Normal) (G1 Evacuation Pause) 1667M->477M(2048M) 21.806ms
[2026-09-28T08:30:22.644+0900][302.071s] GC(118) Pause Young (Normal) (G1 Evacuation Pause) 1670M->479M(2048M) 22.297ms
[2026-09-28T08:30:24.945+0900][304.372s] GC(119) Pause Young (Normal) (G1 Evacuation Pause) 1671M->481M(2048M) 23.714ms
