time="2026-09-26T17:57:48+09:00" level=info msg="[run] 시작 17:57:48 MODE=sync SCENARIO=saturate TAG=P1-p10" source=console
time="2026-09-26T18:00:48+09:00" level=info msg="[run] 종료 18:00:48 TAG=P1-p10" source=console
[32m     ✓ status is 200[0m
[32m     ✓ has order id[0m

     checks[2m.........................:[0m [36m100.00%[0m [36;2m✓ 603402[0m      [36;2m✗ 0[0m     
     data_received[2m..................:[0m [36m39 MB[0m   [36;2m217 kB/s[0m
     data_sent[2m......................:[0m [36m79 MB[0m   [36;2m440 kB/s[0m
     http_req_blocked[2m...............:[0m avg=[36m348.5µs[0m  min=[36m0s[0m     med=[36m0s[0m      max=[36m1.13s[0m    p(90)=[36m0s[0m      p(95)=[36m0s[0m      p(99)=[36m6.52ms[0m  
     http_req_connecting[2m............:[0m avg=[36m236.33µs[0m min=[36m0s[0m     med=[36m0s[0m      max=[36m895.3ms[0m  p(90)=[36m0s[0m      p(95)=[36m0s[0m      p(99)=[36m3.52ms[0m  
     http_req_duration[2m..............:[0m avg=[36m34.84ms[0m  min=[36m2.99ms[0m med=[36m29.63ms[0m max=[36m1.17s[0m    p(90)=[36m51.32ms[0m p(95)=[36m67.07ms[0m p(99)=[36m167.32ms[0m
       { expected_response:true }[2m...:[0m avg=[36m34.84ms[0m  min=[36m2.99ms[0m med=[36m29.63ms[0m max=[36m1.17s[0m    p(90)=[36m51.32ms[0m p(95)=[36m67.07ms[0m p(99)=[36m167.32ms[0m
     http_req_failed[2m................:[0m [36m0.00%[0m   [36;2m✓ 0[0m           [36;2m✗ 301701[0m
     http_req_receiving[2m.............:[0m avg=[36m863.34µs[0m min=[36m0s[0m     med=[36m0s[0m      max=[36m1.11s[0m    p(90)=[36m753.9µs[0m p(95)=[36m1ms[0m     p(99)=[36m10.15ms[0m 
     http_req_sending[2m...............:[0m avg=[36m303.1µs[0m  min=[36m0s[0m     med=[36m0s[0m      max=[36m1.05s[0m    p(90)=[36m0s[0m      p(95)=[36m0s[0m      p(99)=[36m1.52ms[0m  
     http_req_tls_handshaking[2m.......:[0m avg=[36m0s[0m       min=[36m0s[0m     med=[36m0s[0m      max=[36m0s[0m       p(90)=[36m0s[0m      p(95)=[36m0s[0m      p(99)=[36m0s[0m      
     http_req_waiting[2m...............:[0m avg=[36m33.68ms[0m  min=[36m2.99ms[0m med=[36m29.29ms[0m max=[36m965.51ms[0m p(90)=[36m50ms[0m    p(95)=[36m62.85ms[0m p(99)=[36m143.85ms[0m
     http_reqs[2m......................:[0m [36m301701[0m  [36;2m1674.923439/s[0m
     iteration_duration[2m.............:[0m avg=[36m38ms[0m     min=[36m3.01ms[0m med=[36m30.46ms[0m max=[36m1.58s[0m    p(90)=[36m54.9ms[0m  p(95)=[36m78.33ms[0m p(99)=[36m224.76ms[0m
     iterations[2m.....................:[0m [36m301701[0m  [36;2m1674.923439/s[0m
     order_accepted_duration[2m........:[0m avg=[36m34.84ms[0m  min=[36m2.99ms[0m med=[36m29.63ms[0m max=[36m1.17s[0m    p(90)=[36m51.32ms[0m p(95)=[36m67.07ms[0m p(99)=[36m167.32ms[0m
     orders_accepted[2m................:[0m [36m301701[0m  [36;2m1674.923439/s[0m
     vus[2m............................:[0m [36m64[0m      [36;2mmin=64[0m        [36;2mmax=64[0m  
     vus_max[2m........................:[0m [36m64[0m      [36;2mmin=64[0m        [36;2mmax=64[0m  