time="2026-09-26T17:55:13+09:00" level=info msg="[run] 시작 17:55:13 MODE=sync SCENARIO=saturate TAG=P1-p10-warmup" source=console
time="2026-09-26T17:56:13+09:00" level=info msg="[run] 종료 17:56:13 TAG=P1-p10-warmup" source=console
[32m     ✓ status is 200[0m
[32m     ✓ has order id[0m

     checks[2m.........................:[0m [36m100.00%[0m [36;2m✓ 196964[0m      [36;2m✗ 0[0m    
     data_received[2m..................:[0m [36m13 MB[0m   [36;2m213 kB/s[0m
     data_sent[2m......................:[0m [36m26 MB[0m   [36;2m430 kB/s[0m
     http_req_blocked[2m...............:[0m avg=[36m258.93µs[0m min=[36m0s[0m     med=[36m0s[0m      max=[36m247.4ms[0m  p(90)=[36m0s[0m       p(95)=[36m0s[0m      p(99)=[36m7.01ms[0m  
     http_req_connecting[2m............:[0m avg=[36m212.56µs[0m min=[36m0s[0m     med=[36m0s[0m      max=[36m118.16ms[0m p(90)=[36m0s[0m       p(95)=[36m0s[0m      p(99)=[36m5.48ms[0m  
     http_req_duration[2m..............:[0m avg=[36m37.41ms[0m  min=[36m2.03ms[0m med=[36m32.06ms[0m max=[36m1.16s[0m    p(90)=[36m57.38ms[0m  p(95)=[36m74.56ms[0m p(99)=[36m144.55ms[0m
       { expected_response:true }[2m...:[0m avg=[36m37.41ms[0m  min=[36m2.03ms[0m med=[36m32.06ms[0m max=[36m1.16s[0m    p(90)=[36m57.38ms[0m  p(95)=[36m74.56ms[0m p(99)=[36m144.55ms[0m
     http_req_failed[2m................:[0m [36m0.00%[0m   [36;2m✓ 0[0m           [36;2m✗ 98482[0m
     http_req_receiving[2m.............:[0m avg=[36m702.67µs[0m min=[36m0s[0m     med=[36m0s[0m      max=[36m353.04ms[0m p(90)=[36m950.79µs[0m p(95)=[36m1.11ms[0m  p(99)=[36m10.14ms[0m 
     http_req_sending[2m...............:[0m avg=[36m196.01µs[0m min=[36m0s[0m     med=[36m0s[0m      max=[36m301.42ms[0m p(90)=[36m0s[0m       p(95)=[36m0s[0m      p(99)=[36m2.02ms[0m  
     http_req_tls_handshaking[2m.......:[0m avg=[36m0s[0m       min=[36m0s[0m     med=[36m0s[0m      max=[36m0s[0m       p(90)=[36m0s[0m       p(95)=[36m0s[0m      p(99)=[36m0s[0m      
     http_req_waiting[2m...............:[0m avg=[36m36.51ms[0m  min=[36m2.03ms[0m med=[36m31.66ms[0m max=[36m1.16s[0m    p(90)=[36m55.81ms[0m  p(95)=[36m71.69ms[0m p(99)=[36m134.52ms[0m
     http_reqs[2m......................:[0m [36m98482[0m   [36;2m1638.533994/s[0m
     iteration_duration[2m.............:[0m avg=[36m38.92ms[0m  min=[36m3.04ms[0m med=[36m32.78ms[0m max=[36m1.18s[0m    p(90)=[36m59.66ms[0m  p(95)=[36m79.46ms[0m p(99)=[36m162.3ms[0m 
     iterations[2m.....................:[0m [36m98482[0m   [36;2m1638.533994/s[0m
     order_accepted_duration[2m........:[0m avg=[36m37.41ms[0m  min=[36m2.03ms[0m med=[36m32.06ms[0m max=[36m1.16s[0m    p(90)=[36m57.38ms[0m  p(95)=[36m74.56ms[0m p(99)=[36m144.55ms[0m
     orders_accepted[2m................:[0m [36m98482[0m   [36;2m1638.533994/s[0m
     vus[2m............................:[0m [36m64[0m      [36;2mmin=64[0m        [36;2mmax=64[0m 
     vus_max[2m........................:[0m [36m64[0m      [36;2mmin=64[0m        [36;2mmax=64[0m 