time="2026-09-30T10:44:44+09:00" level=info msg="[run] 시작 10:44:44 MODE=async TAG=FLASH-async-db-bucket PROMOTION_ID=1" source=console
time="2026-09-30T10:44:44+09:00" level=info msg="[flash] 시도 10:45:14 ~ 10:47:01 (최고 초당 3000건), 관찰 끝 10:52:01" source=console
time="2026-09-30T10:46:12+09:00" level=warning msg="Insufficient VUs, reached 4000 active VUs and cannot initialize more" executor=ramping-arrival-rate scenario=attempts
time="2026-09-30T10:52:01+09:00" level=info msg="[run] 종료 10:52:01 TAG=FLASH-async-db-bucket" source=console
     base_accepted[2m..................:[0m [36m17420[0m  [36;2m39.860562/s[0m
     base_accepted_duration[2m.........:[0m avg=[36m35.38ms[0m  min=[36m0s[0m med=[36m1.04ms[0m  max=[36m9.68s[0m   p(90)=[36m11.09ms[0m  p(95)=[36m28.63ms[0m  p(99)=[36m953.47ms[0m
     data_received[2m..................:[0m [36m34 MB[0m  [36;2m77 kB/s[0m
     data_sent[2m......................:[0m [36m69 MB[0m  [36;2m158 kB/s[0m
     dropped_iterations[2m.............:[0m [36m8495[0m   [36;2m19.438317/s[0m
     http_req_blocked[2m...............:[0m avg=[36m23.4ms[0m   min=[36m0s[0m med=[36m0s[0m      max=[36m15.04s[0m  p(90)=[36m0s[0m       p(95)=[36m0s[0m       p(99)=[36m4.7ms[0m   
     http_req_connecting[2m............:[0m avg=[36m23.4ms[0m   min=[36m0s[0m med=[36m0s[0m      max=[36m15.04s[0m  p(90)=[36m0s[0m       p(95)=[36m0s[0m       p(99)=[36m4.67ms[0m  
     http_req_duration[2m..............:[0m avg=[36m140.82ms[0m min=[36m0s[0m med=[36m11.36ms[0m max=[36m13.86s[0m  p(90)=[36m233.74ms[0m p(95)=[36m632.36ms[0m p(99)=[36m2.44s[0m   
       { expected_response:true }[2m...:[0m avg=[36m140.82ms[0m min=[36m0s[0m med=[36m11.36ms[0m max=[36m13.86s[0m  p(90)=[36m233.74ms[0m p(95)=[36m632.36ms[0m p(99)=[36m2.44s[0m   
     http_req_failed[2m................:[0m [36m0.00%[0m  [36;2m✓ 0[0m          [36;2m✗ 241476[0m
     http_req_receiving[2m.............:[0m avg=[36m38.33µs[0m  min=[36m0s[0m med=[36m0s[0m      max=[36m8.18ms[0m  p(90)=[36m0s[0m       p(95)=[36m511µs[0m    p(99)=[36m739.5µs[0m 
     http_req_sending[2m...............:[0m avg=[36m1.2µs[0m    min=[36m0s[0m med=[36m0s[0m      max=[36m15.94ms[0m p(90)=[36m0s[0m       p(95)=[36m0s[0m       p(99)=[36m0s[0m      
     http_req_tls_handshaking[2m.......:[0m avg=[36m0s[0m       min=[36m0s[0m med=[36m0s[0m      max=[36m0s[0m      p(90)=[36m0s[0m       p(95)=[36m0s[0m       p(99)=[36m0s[0m      
     http_req_waiting[2m...............:[0m avg=[36m140.78ms[0m min=[36m0s[0m med=[36m11.34ms[0m max=[36m13.86s[0m  p(90)=[36m233.73ms[0m p(95)=[36m632.36ms[0m p(99)=[36m2.44s[0m   
     http_reqs[2m......................:[0m [36m241476[0m [36;2m552.547021/s[0m
     iteration_duration[2m.............:[0m avg=[36m164.25ms[0m min=[36m0s[0m med=[36m11.55ms[0m max=[36m15.04s[0m  p(90)=[36m241.97ms[0m p(95)=[36m714.9ms[0m  p(99)=[36m3.62s[0m   
     iterations[2m.....................:[0m [36m241476[0m [36;2m552.547021/s[0m
     promo_success[2m..................:[0m [36m224056[0m [36;2m512.686459/s[0m
     promo_success_duration[2m.........:[0m avg=[36m149.01ms[0m min=[36m0s[0m med=[36m12.7ms[0m  max=[36m13.86s[0m  p(90)=[36m249.13ms[0m p(95)=[36m720.86ms[0m p(99)=[36m2.54s[0m   
     vus[2m............................:[0m [36m0[0m      [36;2mmin=0[0m        [36;2mmax=4102[0m
     vus_max[2m........................:[0m [36m4111[0m   [36;2mmin=2050[0m     [36;2mmax=4111[0m