time="2026-10-01T10:43:36+09:00" level=info msg="[run] 시작 10:43:36 MODE=sync SCENARIO=fixed TAG=CAP-warmup" source=console
time="2026-10-01T10:44:36+09:00" level=info msg="[run] 종료 10:44:36 TAG=CAP-warmup" source=console
[31m     ✗ status is 200
      ↳  90% — ✓ 108134 / ✗ 10775[0m
[32m     ✓ has order id[0m

     checks[2m.........................:[0m [36m95.46%[0m [36;2m✓ 227043[0m      [36;2m✗ 10775[0m 
     data_received[2m..................:[0m [36m16 MB[0m  [36;2m263 kB/s[0m
     data_sent[2m......................:[0m [36m31 MB[0m  [36;2m520 kB/s[0m
     dropped_iterations[2m.............:[0m [36m1092[0m   [36;2m18.196438/s[0m
     http_req_blocked[2m...............:[0m avg=[36m4.18ms[0m   min=[36m0s[0m med=[36m0s[0m      max=[36m7.05s[0m   p(90)=[36m0s[0m       p(95)=[36m0s[0m       p(99)=[36m546.99µs[0m
     http_req_connecting[2m............:[0m avg=[36m4.18ms[0m   min=[36m0s[0m med=[36m0s[0m      max=[36m7.05s[0m   p(90)=[36m0s[0m       p(95)=[36m0s[0m       p(99)=[36m542.18µs[0m
     http_req_duration[2m..............:[0m avg=[36m78.59ms[0m  min=[36m0s[0m med=[36m3.13ms[0m  max=[36m12.69s[0m  p(90)=[36m216.06ms[0m p(95)=[36m440.31ms[0m p(99)=[36m1.22s[0m   
       { expected_response:true }[2m...:[0m avg=[36m63.21ms[0m  min=[36m0s[0m med=[36m3.1ms[0m   max=[36m12.69s[0m  p(90)=[36m126.85ms[0m p(95)=[36m376.45ms[0m p(99)=[36m1.09s[0m   
     http_req_failed[2m................:[0m [36m9.06%[0m  [36;2m✓ 10775[0m       [36;2m✗ 108134[0m
     http_req_receiving[2m.............:[0m avg=[36m36.27µs[0m  min=[36m0s[0m med=[36m0s[0m      max=[36m87.91ms[0m p(90)=[36m0s[0m       p(95)=[36m0s[0m       p(99)=[36m564.4µs[0m 
     http_req_sending[2m...............:[0m avg=[36m842ns[0m    min=[36m0s[0m med=[36m0s[0m      max=[36m2.01ms[0m  p(90)=[36m0s[0m       p(95)=[36m0s[0m       p(99)=[36m0s[0m      
     http_req_tls_handshaking[2m.......:[0m avg=[36m0s[0m       min=[36m0s[0m med=[36m0s[0m      max=[36m0s[0m      p(90)=[36m0s[0m       p(95)=[36m0s[0m       p(99)=[36m0s[0m      
     http_req_waiting[2m...............:[0m avg=[36m78.55ms[0m  min=[36m0s[0m med=[36m3.12ms[0m  max=[36m12.69s[0m  p(90)=[36m216.06ms[0m p(95)=[36m440.3ms[0m  p(99)=[36m1.22s[0m   
     http_reqs[2m......................:[0m [36m118909[0m [36;2m1981.428749/s[0m
     iteration_duration[2m.............:[0m avg=[36m82.81ms[0m  min=[36m0s[0m med=[36m3.14ms[0m  max=[36m12.69s[0m  p(90)=[36m221.79ms[0m p(95)=[36m455.47ms[0m p(99)=[36m1.3s[0m    
     iterations[2m.....................:[0m [36m118909[0m [36;2m1981.428749/s[0m
     order_accepted_duration[2m........:[0m avg=[36m63.21ms[0m  min=[36m0s[0m med=[36m3.1ms[0m   max=[36m12.69s[0m  p(90)=[36m126.85ms[0m p(95)=[36m376.45ms[0m p(99)=[36m1.09s[0m   
     order_rejected_duration[2m........:[0m avg=[36m232.93ms[0m min=[36m0s[0m med=[36m90.34ms[0m max=[36m6.08s[0m   p(90)=[36m569.53ms[0m p(95)=[36m705.72ms[0m p(99)=[36m1.37s[0m   
     orders_accepted[2m................:[0m [36m108134[0m [36;2m1801.880567/s[0m
     orders_rejected[2m................:[0m [36m10775[0m  [36;2m179.548182/s[0m
     vus[2m............................:[0m [36m10[0m     [36;2mmin=0[0m         [36;2mmax=1063[0m
     vus_max[2m........................:[0m [36m1229[0m   [36;2mmin=610[0m       [36;2mmax=1229[0m