time="2026-09-27T16:00:31+09:00" level=info msg="[run] 시작 16:00:31 MODE=async SCENARIO=fixed TAG=P2-p15-k10" source=console
time="2026-09-27T16:03:32+09:00" level=info msg="[run] 종료 16:03:32 TAG=P2-p15-k10" source=console
[31m     ✗ status is 202
      ↳  60% — ✓ 293959 / ✗ 189764[0m
[31m     ✗ has sse location
      ↳  60% — ✓ 293959 / ✗ 189764[0m

     checks[2m.........................:[0m [36m60.77%[0m [36;2m✓ 587918[0m      [36;2m✗ 379528[0m
     data_received[2m..................:[0m [36m75 MB[0m  [36;2m414 kB/s[0m
     data_sent[2m......................:[0m [36m130 MB[0m [36;2m720 kB/s[0m
     dropped_iterations[2m.............:[0m [36m2278[0m   [36;2m12.627961/s[0m
     http_req_blocked[2m...............:[0m avg=[36m43.05ms[0m  min=[36m0s[0m      med=[36m0s[0m       max=[36m1.34s[0m    p(90)=[36m144.17ms[0m p(95)=[36m199.61ms[0m p(99)=[36m329.74ms[0m
     http_req_connecting[2m............:[0m avg=[36m43.04ms[0m  min=[36m0s[0m      med=[36m0s[0m       max=[36m1.34s[0m    p(90)=[36m144.14ms[0m p(95)=[36m199.6ms[0m  p(99)=[36m329.72ms[0m
     http_req_duration[2m..............:[0m avg=[36m144.68ms[0m min=[36m628.6µs[0m med=[36m121.14ms[0m max=[36m994.9ms[0m  p(90)=[36m277.7ms[0m  p(95)=[36m336.21ms[0m p(99)=[36m455.58ms[0m
       { expected_response:true }[2m...:[0m avg=[36m150.7ms[0m  min=[36m3.99ms[0m  med=[36m126.98ms[0m max=[36m994.9ms[0m  p(90)=[36m285.38ms[0m p(95)=[36m344.86ms[0m p(99)=[36m466.15ms[0m
     http_req_failed[2m................:[0m [36m39.22%[0m [36;2m✓ 189764[0m      [36;2m✗ 293959[0m
     http_req_receiving[2m.............:[0m avg=[36m180.64µs[0m min=[36m0s[0m      med=[36m0s[0m       max=[36m40.17ms[0m  p(90)=[36m513.7µs[0m  p(95)=[36m1ms[0m      p(99)=[36m3.51ms[0m  
     http_req_sending[2m...............:[0m avg=[36m40.36µs[0m  min=[36m0s[0m      med=[36m0s[0m       max=[36m77.07ms[0m  p(90)=[36m0s[0m       p(95)=[36m0s[0m       p(99)=[36m1ms[0m     
     http_req_tls_handshaking[2m.......:[0m avg=[36m0s[0m       min=[36m0s[0m      med=[36m0s[0m       max=[36m0s[0m       p(90)=[36m0s[0m       p(95)=[36m0s[0m       p(99)=[36m0s[0m      
     http_req_waiting[2m...............:[0m avg=[36m144.46ms[0m min=[36m0s[0m      med=[36m120.92ms[0m max=[36m994.9ms[0m  p(90)=[36m277.45ms[0m p(95)=[36m336.03ms[0m p(99)=[36m454.81ms[0m
     http_reqs[2m......................:[0m [36m483723[0m [36;2m2681.490443/s[0m
     iteration_duration[2m.............:[0m avg=[36m187.8ms[0m  min=[36m1.24ms[0m  med=[36m151.08ms[0m max=[36m1.58s[0m    p(90)=[36m358.27ms[0m p(95)=[36m443.78ms[0m p(99)=[36m670.55ms[0m
     iterations[2m.....................:[0m [36m483723[0m [36;2m2681.490443/s[0m
     order_accepted_duration[2m........:[0m avg=[36m150.7ms[0m  min=[36m3.99ms[0m  med=[36m126.98ms[0m max=[36m994.9ms[0m  p(90)=[36m285.38ms[0m p(95)=[36m344.86ms[0m p(99)=[36m466.15ms[0m
     order_rejected_duration[2m........:[0m avg=[36m135.36ms[0m min=[36m628.6µs[0m med=[36m112.4ms[0m  max=[36m821.05ms[0m p(90)=[36m260.65ms[0m p(95)=[36m322.31ms[0m p(99)=[36m441.7ms[0m 
     orders_accepted[2m................:[0m [36m293959[0m [36;2m1629.544696/s[0m
     orders_rejected[2m................:[0m [36m189764[0m [36;2m1051.945747/s[0m
     vus[2m............................:[0m [36m849[0m    [36;2mmin=67[0m        [36;2mmax=1594[0m
     vus_max[2m........................:[0m [36m1663[0m   [36;2mmin=374[0m       [36;2mmax=1663[0m