time="2026-10-02T06:55:20+09:00" level=info msg="[run] 시작 06:55:20 MODE=sync TAG=FLASH-sync-ff-memory PROMOTION_ID=1" source=console
time="2026-10-02T06:55:20+09:00" level=info msg="[flash] 시도 06:55:50 ~ 06:57:37 (최고 초당 3000건), 관찰 끝 07:02:37" source=console
time="2026-10-02T07:02:37+09:00" level=info msg="[run] 종료 07:02:37 TAG=FLASH-sync-ff-memory" source=console
     base_accepted[2m..................:[0m [36m17291[0m  [36;2m39.566238/s[0m
     base_accepted_duration[2m.........:[0m avg=[36m11.4ms[0m   min=[36m300.3µs[0m med=[36m4.31ms[0m  max=[36m2.49s[0m    p(90)=[36m4.96ms[0m   p(95)=[36m48.28ms[0m  p(99)=[36m183.19ms[0m
     base_rejected[2m..................:[0m [36m190[0m    [36;2m0.434769/s[0m
     data_received[2m..................:[0m [36m35 MB[0m  [36;2m79 kB/s[0m
     data_sent[2m......................:[0m [36m70 MB[0m  [36;2m160 kB/s[0m
     http_req_blocked[2m...............:[0m avg=[36m11.01µs[0m  min=[36m0s[0m      med=[36m0s[0m      max=[36m34.2ms[0m   p(90)=[36m0s[0m       p(95)=[36m0s[0m       p(99)=[36m513.9µs[0m 
     http_req_connecting[2m............:[0m avg=[36m10.57µs[0m  min=[36m0s[0m      med=[36m0s[0m      max=[36m33.73ms[0m  p(90)=[36m0s[0m       p(95)=[36m0s[0m       p(99)=[36m512.9µs[0m 
     http_req_duration[2m..............:[0m avg=[36m44.29ms[0m  min=[36m0s[0m      med=[36m3.07ms[0m  max=[36m2.49s[0m    p(90)=[36m128.7ms[0m  p(95)=[36m200.51ms[0m p(99)=[36m396.74ms[0m
       { expected_response:true }[2m...:[0m avg=[36m88.27ms[0m  min=[36m300.3µs[0m med=[36m64.67ms[0m max=[36m2.49s[0m    p(90)=[36m196.99ms[0m p(95)=[36m306.45ms[0m p(99)=[36m475.09ms[0m
     http_req_failed[2m................:[0m [36m53.07%[0m [36;2m✓ 132681[0m     [36;2m✗ 117291[0m
     http_req_receiving[2m.............:[0m avg=[36m135.18µs[0m min=[36m0s[0m      med=[36m0s[0m      max=[36m105.33ms[0m p(90)=[36m506.7µs[0m  p(95)=[36m557.6µs[0m  p(99)=[36m3.33ms[0m  
     http_req_sending[2m...............:[0m avg=[36m1.17µs[0m   min=[36m0s[0m      med=[36m0s[0m      max=[36m34.96ms[0m  p(90)=[36m0s[0m       p(95)=[36m0s[0m       p(99)=[36m0s[0m      
     http_req_tls_handshaking[2m.......:[0m avg=[36m0s[0m       min=[36m0s[0m      med=[36m0s[0m      max=[36m0s[0m       p(90)=[36m0s[0m       p(95)=[36m0s[0m       p(99)=[36m0s[0m      
     http_req_waiting[2m...............:[0m avg=[36m44.15ms[0m  min=[36m0s[0m      med=[36m2.04ms[0m  max=[36m2.49s[0m    p(90)=[36m128.63ms[0m p(95)=[36m200.46ms[0m p(99)=[36m396.67ms[0m
     http_reqs[2m......................:[0m [36m249972[0m [36;2m571.999977/s[0m
     iteration_duration[2m.............:[0m avg=[36m44.34ms[0m  min=[36m0s[0m      med=[36m3.26ms[0m  max=[36m2.49s[0m    p(90)=[36m128.77ms[0m p(95)=[36m200.56ms[0m p(99)=[36m396.74ms[0m
     iterations[2m.....................:[0m [36m249972[0m [36;2m571.999977/s[0m
     promo_queue_full[2m...............:[0m [36m13393[0m  [36;2m30.646615/s[0m
     promo_queue_full_duration[2m......:[0m avg=[36m49.23ms[0m  min=[36m0s[0m      med=[36m15.54ms[0m max=[36m1.24s[0m    p(90)=[36m97.77ms[0m  p(95)=[36m300.33ms[0m p(99)=[36m403.36ms[0m
     promo_sold_out[2m.................:[0m [36m119098[0m [36;2m272.526736/s[0m
     promo_sold_out_duration[2m........:[0m avg=[36m426.47µs[0m min=[36m0s[0m      med=[36m503.7µs[0m max=[36m62.8ms[0m   p(90)=[36m581.6µs[0m  p(95)=[36m681.1µs[0m  p(99)=[36m3.31ms[0m  
     promo_success[2m..................:[0m [36m100000[0m [36;2m228.825619/s[0m
     promo_success_duration[2m.........:[0m avg=[36m101.56ms[0m min=[36m400.3µs[0m med=[36m73.22ms[0m max=[36m2.37s[0m    p(90)=[36m217.48ms[0m p(95)=[36m323.81ms[0m p(99)=[36m491.96ms[0m
     vus[2m............................:[0m [36m0[0m      [36;2mmin=0[0m        [36;2mmax=552[0m 
     vus_max[2m........................:[0m [36m2050[0m   [36;2mmin=2050[0m     [36;2mmax=2050[0m