time="2026-09-27T17:23:15+09:00" level=info msg="[run] 시작 17:23:15 MODE=async SCENARIO=fixed TAG=P2-p10-k8" source=console
time="2026-09-27T17:26:15+09:00" level=info msg="[run] 종료 17:26:15 TAG=P2-p10-k8" source=console
[31m     ✗ status is 202
      ↳  68% — ✓ 331173 / ✗ 154768[0m
[31m     ✗ has sse location
      ↳  68% — ✓ 331173 / ✗ 154768[0m

     checks[2m.........................:[0m [36m68.15%[0m [36;2m✓ 662346[0m      [36;2m✗ 309536[0m
     data_received[2m..................:[0m [36m74 MB[0m  [36;2m409 kB/s[0m
     data_sent[2m......................:[0m [36m131 MB[0m [36;2m725 kB/s[0m
     dropped_iterations[2m.............:[0m [36m61[0m     [36;2m0.338756/s[0m
     http_req_blocked[2m...............:[0m avg=[36m2.18ms[0m  min=[36m0s[0m     med=[36m0s[0m      max=[36m92.35ms[0m  p(90)=[36m7.14ms[0m  p(95)=[36m11.15ms[0m  p(99)=[36m23.01ms[0m 
     http_req_connecting[2m............:[0m avg=[36m2.18ms[0m  min=[36m0s[0m     med=[36m0s[0m      max=[36m92.35ms[0m  p(90)=[36m7.13ms[0m  p(95)=[36m11.12ms[0m  p(99)=[36m23ms[0m    
     http_req_duration[2m..............:[0m avg=[36m19.05ms[0m min=[36m0s[0m     med=[36m12.3ms[0m  max=[36m352.39ms[0m p(90)=[36m42.67ms[0m p(95)=[36m58.75ms[0m  p(99)=[36m100.32ms[0m
       { expected_response:true }[2m...:[0m avg=[36m24.08ms[0m min=[36m1.05ms[0m med=[36m16.83ms[0m max=[36m352.39ms[0m p(90)=[36m51.21ms[0m p(95)=[36m67.87ms[0m  p(99)=[36m110.59ms[0m
     http_req_failed[2m................:[0m [36m31.84%[0m [36;2m✓ 154768[0m      [36;2m✗ 331173[0m
     http_req_receiving[2m.............:[0m avg=[36m52.75µs[0m min=[36m0s[0m     med=[36m0s[0m      max=[36m11.55ms[0m  p(90)=[36m0s[0m      p(95)=[36m527.69µs[0m p(99)=[36m1ms[0m     
     http_req_sending[2m...............:[0m avg=[36m13.88µs[0m min=[36m0s[0m     med=[36m0s[0m      max=[36m8.52ms[0m   p(90)=[36m0s[0m      p(95)=[36m0s[0m       p(99)=[36m538µs[0m   
     http_req_tls_handshaking[2m.......:[0m avg=[36m0s[0m      min=[36m0s[0m     med=[36m0s[0m      max=[36m0s[0m       p(90)=[36m0s[0m      p(95)=[36m0s[0m       p(99)=[36m0s[0m      
     http_req_waiting[2m...............:[0m avg=[36m18.99ms[0m min=[36m0s[0m     med=[36m12.23ms[0m max=[36m352.39ms[0m p(90)=[36m42.63ms[0m p(95)=[36m58.71ms[0m  p(99)=[36m100.28ms[0m
     http_reqs[2m......................:[0m [36m485941[0m [36;2m2698.613205/s[0m
     iteration_duration[2m.............:[0m avg=[36m21.31ms[0m min=[36m0s[0m     med=[36m14.53ms[0m max=[36m352.39ms[0m p(90)=[36m46.69ms[0m p(95)=[36m63.16ms[0m  p(99)=[36m106.01ms[0m
     iterations[2m.....................:[0m [36m485941[0m [36;2m2698.613205/s[0m
     order_accepted_duration[2m........:[0m avg=[36m24.08ms[0m min=[36m1.05ms[0m med=[36m16.83ms[0m max=[36m352.39ms[0m p(90)=[36m51.21ms[0m p(95)=[36m67.87ms[0m  p(99)=[36m110.59ms[0m
     order_rejected_duration[2m........:[0m avg=[36m8.29ms[0m  min=[36m0s[0m     med=[36m6.4ms[0m   max=[36m92.49ms[0m  p(90)=[36m16.19ms[0m p(95)=[36m21.65ms[0m  p(99)=[36m36.19ms[0m 
     orders_accepted[2m................:[0m [36m331173[0m [36;2m1839.128271/s[0m
     orders_rejected[2m................:[0m [36m154768[0m [36;2m859.484935/s[0m
     vus[2m............................:[0m [36m160[0m    [36;2mmin=19[0m        [36;2mmax=192[0m 
     vus_max[2m........................:[0m [36m339[0m    [36;2mmin=300[0m       [36;2mmax=339[0m 