time="2026-09-27T16:19:39+09:00" level=info msg="[run] 시작 16:19:39 MODE=async SCENARIO=fixed TAG=P2-p10-k6-warmup" source=console
time="2026-09-27T16:20:39+09:00" level=info msg="[run] 종료 16:20:39 TAG=P2-p10-k6-warmup" source=console
[31m     ✗ status is 202
      ↳  62% — ✓ 99844 / ✗ 60351[0m
[31m     ✗ has sse location
      ↳  62% — ✓ 99844 / ✗ 60351[0m

     checks[2m.........................:[0m [36m62.32%[0m [36;2m✓ 199688[0m      [36;2m✗ 120702[0m
     data_received[2m..................:[0m [36m25 MB[0m  [36;2m410 kB/s[0m
     data_sent[2m......................:[0m [36m43 MB[0m  [36;2m717 kB/s[0m
     dropped_iterations[2m.............:[0m [36m1806[0m   [36;2m30.087205/s[0m
     http_req_blocked[2m...............:[0m avg=[36m29.61ms[0m min=[36m0s[0m med=[36m0s[0m      max=[36m1.1s[0m     p(90)=[36m105.53ms[0m p(95)=[36m222.72ms[0m p(99)=[36m292.27ms[0m
     http_req_connecting[2m............:[0m avg=[36m29.6ms[0m  min=[36m0s[0m med=[36m0s[0m      max=[36m1.1s[0m     p(90)=[36m105.38ms[0m p(95)=[36m222.71ms[0m p(99)=[36m292.21ms[0m
     http_req_duration[2m..............:[0m avg=[36m42.21ms[0m min=[36m0s[0m med=[36m4.29ms[0m  max=[36m435.33ms[0m p(90)=[36m203.45ms[0m p(95)=[36m255.79ms[0m p(99)=[36m308.54ms[0m
       { expected_response:true }[2m...:[0m avg=[36m22.89ms[0m min=[36m0s[0m med=[36m3.94ms[0m  max=[36m435.33ms[0m p(90)=[36m24.22ms[0m  p(95)=[36m210.1ms[0m  p(99)=[36m292.75ms[0m
     http_req_failed[2m................:[0m [36m37.67%[0m [36;2m✓ 60351[0m       [36;2m✗ 99844[0m 
     http_req_receiving[2m.............:[0m avg=[36m89.73µs[0m min=[36m0s[0m med=[36m0s[0m      max=[36m25.83ms[0m  p(90)=[36m0s[0m       p(95)=[36m540.69µs[0m p(99)=[36m2ms[0m     
     http_req_sending[2m...............:[0m avg=[36m31.4µs[0m  min=[36m0s[0m med=[36m0s[0m      max=[36m22.02ms[0m  p(90)=[36m0s[0m       p(95)=[36m0s[0m       p(99)=[36m999.8µs[0m 
     http_req_tls_handshaking[2m.......:[0m avg=[36m0s[0m      min=[36m0s[0m med=[36m0s[0m      max=[36m0s[0m       p(90)=[36m0s[0m       p(95)=[36m0s[0m       p(99)=[36m0s[0m      
     http_req_waiting[2m...............:[0m avg=[36m42.09ms[0m min=[36m0s[0m med=[36m4.26ms[0m  max=[36m434.82ms[0m p(90)=[36m202.99ms[0m p(95)=[36m255.19ms[0m p(99)=[36m307.98ms[0m
     http_reqs[2m......................:[0m [36m160195[0m [36;2m2668.781732/s[0m
     iteration_duration[2m.............:[0m avg=[36m71.89ms[0m min=[36m0s[0m med=[36m5.65ms[0m  max=[36m1.19s[0m    p(90)=[36m283.98ms[0m p(95)=[36m464.75ms[0m p(99)=[36m607.23ms[0m
     iterations[2m.....................:[0m [36m160195[0m [36;2m2668.781732/s[0m
     order_accepted_duration[2m........:[0m avg=[36m22.89ms[0m min=[36m0s[0m med=[36m3.94ms[0m  max=[36m435.33ms[0m p(90)=[36m24.22ms[0m  p(95)=[36m210.1ms[0m  p(99)=[36m292.75ms[0m
     order_rejected_duration[2m........:[0m avg=[36m74.19ms[0m min=[36m0s[0m med=[36m10.42ms[0m max=[36m423.26ms[0m p(90)=[36m248.71ms[0m p(95)=[36m276.98ms[0m p(99)=[36m321.95ms[0m
     orders_accepted[2m................:[0m [36m99844[0m  [36;2m1663.359301/s[0m
     orders_rejected[2m................:[0m [36m60351[0m  [36;2m1005.422431/s[0m
     vus[2m............................:[0m [36m6[0m      [36;2mmin=3[0m         [36;2mmax=1279[0m
     vus_max[2m........................:[0m [36m1292[0m   [36;2mmin=398[0m       [36;2mmax=1292[0m