time="2026-09-30T12:45:51+09:00" level=info msg="[run] 시작 12:45:51 MODE=sync TAG=FLASH-warmup PROMOTION_ID=2" source=console
time="2026-09-30T12:45:51+09:00" level=info msg="[flash] 시도 12:45:56 ~ 12:46:51 (최고 초당 1000건), 관찰 끝 12:46:56" source=console
time="2026-09-30T12:46:56+09:00" level=info msg="[run] 종료 12:46:56 TAG=FLASH-warmup" source=console
     base_accepted[2m..................:[0m [36m2596[0m   [36;2m39.924881/s[0m
     base_accepted_duration[2m.........:[0m avg=[36m21.31ms[0m  min=[36m0s[0m      med=[36m2.7ms[0m    max=[36m1.46s[0m   p(90)=[36m8.04ms[0m  p(95)=[36m12.34ms[0m  p(99)=[36m868.84ms[0m
     data_received[2m..................:[0m [36m7.6 MB[0m [36;2m117 kB/s[0m
     data_sent[2m......................:[0m [36m15 MB[0m  [36;2m235 kB/s[0m
     dropped_iterations[2m.............:[0m [36m5[0m      [36;2m0.076897/s[0m
     http_req_blocked[2m...............:[0m avg=[36m17.03µs[0m  min=[36m0s[0m      med=[36m0s[0m       max=[36m53.71ms[0m p(90)=[36m0s[0m      p(95)=[36m0s[0m       p(99)=[36m512.7µs[0m 
     http_req_connecting[2m............:[0m avg=[36m16.45µs[0m  min=[36m0s[0m      med=[36m0s[0m       max=[36m53.71ms[0m p(90)=[36m0s[0m      p(95)=[36m0s[0m       p(99)=[36m512.1µs[0m 
     http_req_duration[2m..............:[0m avg=[36m3.38ms[0m   min=[36m0s[0m      med=[36m519.4µs[0m  max=[36m1.46s[0m   p(90)=[36m6.31ms[0m  p(95)=[36m9.84ms[0m   p(99)=[36m25.01ms[0m 
       { expected_response:true }[2m...:[0m avg=[36m7.57ms[0m   min=[36m0s[0m      med=[36m3.06ms[0m   max=[36m1.46s[0m   p(90)=[36m11.28ms[0m p(95)=[36m17.6ms[0m   p(99)=[36m34.49ms[0m 
     http_req_failed[2m................:[0m [36m58.98%[0m [36;2m✓ 32491[0m      [36;2m✗ 22596[0m
     http_req_receiving[2m.............:[0m avg=[36m83.33µs[0m  min=[36m0s[0m      med=[36m0s[0m       max=[36m22.81ms[0m p(90)=[36m507.7µs[0m p(95)=[36m513.29µs[0m p(99)=[36m726.49µs[0m
     http_req_sending[2m...............:[0m avg=[36m1.16µs[0m   min=[36m0s[0m      med=[36m0s[0m       max=[36m6.52ms[0m  p(90)=[36m0s[0m      p(95)=[36m0s[0m       p(99)=[36m0s[0m      
     http_req_tls_handshaking[2m.......:[0m avg=[36m0s[0m       min=[36m0s[0m      med=[36m0s[0m       max=[36m0s[0m      p(90)=[36m0s[0m      p(95)=[36m0s[0m       p(99)=[36m0s[0m      
     http_req_waiting[2m...............:[0m avg=[36m3.29ms[0m   min=[36m0s[0m      med=[36m518µs[0m    max=[36m1.46s[0m   p(90)=[36m6.09ms[0m  p(95)=[36m9.75ms[0m   p(99)=[36m24.91ms[0m 
     http_reqs[2m......................:[0m [36m55087[0m  [36;2m847.204128/s[0m
     iteration_duration[2m.............:[0m avg=[36m3.44ms[0m   min=[36m0s[0m      med=[36m521µs[0m    max=[36m1.46s[0m   p(90)=[36m6.39ms[0m  p(95)=[36m9.92ms[0m   p(99)=[36m25.06ms[0m 
     iterations[2m.....................:[0m [36m55087[0m  [36;2m847.204128/s[0m
     promo_sold_out[2m.................:[0m [36m32491[0m  [36;2m499.691566/s[0m
     promo_sold_out_duration[2m........:[0m avg=[36m464.06µs[0m min=[36m0s[0m      med=[36m509.49µs[0m max=[36m15.14ms[0m p(90)=[36m528.2µs[0m p(95)=[36m624.5µs[0m  p(99)=[36m1.26ms[0m  
     promo_success[2m..................:[0m [36m20000[0m  [36;2m307.587681/s[0m
     promo_success_duration[2m.........:[0m avg=[36m5.78ms[0m   min=[36m505.2µs[0m med=[36m3.12ms[0m   max=[36m69.43ms[0m p(90)=[36m11.72ms[0m p(95)=[36m17.92ms[0m  p(99)=[36m32.37ms[0m 
     vus[2m............................:[0m [36m0[0m      [36;2mmin=0[0m        [36;2mmax=49[0m 
     vus_max[2m........................:[0m [36m555[0m    [36;2mmin=550[0m      [36;2mmax=555[0m