[2026-10-01T07:11:25.336+0900][0.006s] Using G1
[2026-10-01T07:11:26.231+0900][0.898s] GC(0) Pause Young (Normal) (G1 Evacuation Pause) 102M->5M(2048M) 4.574ms
[2026-10-01T07:11:26.679+0900][1.344s] GC(1) Pause Young (Concurrent Start) (Metadata GC Threshold) 104M->10M(2048M) 6.120ms
[2026-10-01T07:11:26.679+0900][1.344s] GC(2) Concurrent Mark Cycle
[2026-10-01T07:11:26.685+0900][1.349s] GC(2) Pause Remark 11M->11M(2048M) 1.405ms
[2026-10-01T07:11:26.685+0900][1.350s] GC(2) Pause Cleanup 11M->11M(2048M) 0.006ms
[2026-10-01T07:11:26.686+0900][1.355s] GC(2) Concurrent Mark Cycle 11.293ms
[2026-10-01T07:11:27.797+0900][2.461s] GC(3) Pause Young (Normal) (G1 Evacuation Pause) 130M->16M(2048M) 9.923ms
[2026-10-01T07:11:28.366+0900][3.030s] GC(4) Pause Young (Concurrent Start) (Metadata GC Threshold) 77M->18M(2048M) 5.563ms
[2026-10-01T07:11:28.366+0900][3.030s] GC(5) Concurrent Mark Cycle
[2026-10-01T07:11:28.380+0900][3.044s] GC(5) Pause Remark 20M->20M(2048M) 3.726ms
[2026-10-01T07:11:28.382+0900][3.047s] GC(5) Pause Cleanup 20M->20M(2048M) 0.156ms
[2026-10-01T07:11:28.382+0900][3.048s] GC(5) Concurrent Mark Cycle 17.947ms
[2026-10-01T07:11:30.317+0900][4.983s] GC(6) Pause Young (Concurrent Start) (Metadata GC Threshold) 191M->26M(2048M) 11.024ms
[2026-10-01T07:11:30.317+0900][4.983s] GC(7) Concurrent Mark Cycle
[2026-10-01T07:11:30.338+0900][5.003s] GC(7) Pause Remark 28M->28M(2048M) 4.414ms
[2026-10-01T07:11:30.341+0900][5.006s] GC(7) Pause Cleanup 28M->28M(2048M) 0.215ms
[2026-10-01T07:11:30.344+0900][5.009s] GC(7) Concurrent Mark Cycle 25.491ms
[2026-10-01T07:11:53.720+0900][28.387s] GC(8) Pause Young (Concurrent Start) (Metadata GC Threshold) 636M->54M(2048M) 22.771ms
[2026-10-01T07:11:53.720+0900][28.387s] GC(9) Concurrent Mark Cycle
[2026-10-01T07:11:53.752+0900][28.416s] GC(9) Pause Remark 59M->59M(2048M) 7.501ms
[2026-10-01T07:11:53.758+0900][28.423s] GC(9) Pause Cleanup 59M->59M(2048M) 0.180ms
[2026-10-01T07:11:53.767+0900][28.431s] GC(9) Concurrent Mark Cycle 43.825ms
[2026-10-01T07:12:20.155+0900][54.820s] GC(10) Pause Young (Prepare Mixed) (G1 Evacuation Pause) 590M->52M(2048M) 16.222ms
[2026-10-01T07:13:13.561+0900][108.226s] GC(11) Pause Young (Mixed) (G1 Evacuation Pause) 817M->54M(2048M) 19.017ms
[2026-10-01T07:13:19.589+0900][114.254s] GC(12) Pause Young (Normal) (G1 Evacuation Pause) 1244M->55M(2048M) 21.834ms
[2026-10-01T07:13:25.010+0900][119.675s] GC(13) Pause Young (Normal) (G1 Evacuation Pause) 1244M->56M(2048M) 17.980ms
[2026-10-01T07:13:30.506+0900][125.171s] GC(14) Pause Young (Normal) (G1 Evacuation Pause) 1244M->54M(2048M) 18.452ms
[2026-10-01T07:13:36.112+0900][130.777s] GC(15) Pause Young (Normal) (G1 Evacuation Pause) 1244M->54M(2048M) 18.079ms
[2026-10-01T07:13:41.789+0900][136.453s] GC(16) Pause Young (Normal) (G1 Evacuation Pause) 1244M->54M(2048M) 17.610ms
[2026-10-01T07:13:47.346+0900][142.011s] GC(17) Pause Young (Normal) (G1 Evacuation Pause) 1244M->54M(2048M) 19.497ms
[2026-10-01T07:13:52.829+0900][147.493s] GC(18) Pause Young (Normal) (G1 Evacuation Pause) 1244M->55M(2048M) 18.126ms
[2026-10-01T07:13:58.297+0900][152.960s] GC(19) Pause Young (Normal) (G1 Evacuation Pause) 1244M->55M(2048M) 17.955ms
[2026-10-01T07:14:03.902+0900][158.566s] GC(20) Pause Young (Normal) (G1 Evacuation Pause) 1244M->55M(2048M) 16.964ms
[2026-10-01T07:14:09.293+0900][163.960s] GC(21) Pause Young (Normal) (G1 Evacuation Pause) 1244M->54M(2048M) 17.414ms
[2026-10-01T07:14:14.692+0900][169.356s] GC(22) Pause Young (Normal) (G1 Evacuation Pause) 1244M->54M(2048M) 17.613ms
[2026-10-01T07:14:20.088+0900][174.753s] GC(23) Pause Young (Normal) (G1 Evacuation Pause) 1244M->55M(2048M) 18.412ms
[2026-10-01T07:14:25.511+0900][180.177s] GC(24) Pause Young (Normal) (G1 Evacuation Pause) 1251M->58M(2048M) 18.473ms
[2026-10-01T07:14:31.072+0900][185.736s] GC(25) Pause Young (Normal) (G1 Evacuation Pause) 1282M->58M(2048M) 3.433ms
[2026-10-01T07:14:36.756+0900][191.422s] GC(26) Pause Young (Normal) (G1 Evacuation Pause) 1284M->59M(2048M) 2.721ms
[2026-10-01T07:14:42.342+0900][197.005s] GC(27) Pause Young (Normal) (G1 Evacuation Pause) 1286M->59M(2048M) 2.569ms
[2026-10-01T07:14:47.938+0900][202.603s] GC(28) Pause Young (Normal) (G1 Evacuation Pause) 1286M->59M(2048M) 2.545ms
[2026-10-01T07:14:53.443+0900][208.108s] GC(29) Pause Young (Normal) (G1 Evacuation Pause) 1286M->59M(2048M) 2.706ms
[2026-10-01T07:14:59.052+0900][213.716s] GC(30) Pause Young (Normal) (G1 Evacuation Pause) 1286M->59M(2048M) 2.604ms
[2026-10-01T07:15:04.744+0900][219.408s] GC(31) Pause Young (Normal) (G1 Evacuation Pause) 1286M->59M(2048M) 2.636ms
[2026-10-01T07:15:10.345+0900][225.010s] GC(32) Pause Young (Normal) (G1 Evacuation Pause) 1286M->59M(2048M) 2.766ms
[2026-10-01T07:15:15.935+0900][230.599s] GC(33) Pause Young (Normal) (G1 Evacuation Pause) 1286M->59M(2048M) 2.494ms
[2026-10-01T07:15:17.517+0900][232.182s] GC(34) Pause Young (Concurrent Start) (CodeCache GC Threshold) 414M->59M(2048M) 2.592ms
[2026-10-01T07:15:17.517+0900][232.182s] GC(35) Concurrent Mark Cycle
[2026-10-01T07:15:17.603+0900][232.268s] GC(35) Pause Remark 81M->81M(2048M) 20.312ms
[2026-10-01T07:15:17.646+0900][232.311s] GC(35) Pause Cleanup 89M->89M(2048M) 0.303ms
[2026-10-01T07:15:17.650+0900][232.314s] GC(35) Concurrent Mark Cycle 132.084ms
[2026-10-01T07:15:23.184+0900][237.850s] GC(36) Pause Young (Prepare Mixed) (G1 Evacuation Pause) 1286M->59M(2048M) 2.625ms
[2026-10-01T07:15:28.805+0900][243.470s] GC(37) Pause Young (Mixed) (G1 Evacuation Pause) 1286M->57M(2048M) 2.805ms
[2026-10-01T07:15:34.447+0900][249.112s] GC(38) Pause Young (Normal) (G1 Evacuation Pause) 1284M->57M(2048M) 2.683ms
[2026-10-01T07:15:40.124+0900][254.788s] GC(39) Pause Young (Normal) (G1 Evacuation Pause) 1284M->57M(2048M) 2.507ms
[2026-10-01T07:15:45.697+0900][260.362s] GC(40) Pause Young (Normal) (G1 Evacuation Pause) 1284M->57M(2048M) 2.529ms
[2026-10-01T07:15:51.313+0900][265.979s] GC(41) Pause Young (Normal) (G1 Evacuation Pause) 1284M->57M(2048M) 2.596ms
[2026-10-01T07:15:56.966+0900][271.631s] GC(42) Pause Young (Normal) (G1 Evacuation Pause) 1284M->57M(2048M) 2.676ms
[2026-10-01T07:16:02.683+0900][277.347s] GC(43) Pause Young (Normal) (G1 Evacuation Pause) 1284M->57M(2048M) 2.731ms
[2026-10-01T07:16:08.476+0900][283.141s] GC(44) Pause Young (Normal) (G1 Evacuation Pause) 1284M->57M(2048M) 2.504ms
[2026-10-01T07:16:14.182+0900][288.846s] GC(45) Pause Young (Normal) (G1 Evacuation Pause) 1284M->57M(2048M) 2.798ms
[2026-10-01T07:16:19.890+0900][294.554s] GC(46) Pause Young (Normal) (G1 Evacuation Pause) 1284M->57M(2048M) 2.587ms
[2026-10-01T07:16:25.553+0900][300.217s] GC(47) Pause Young (Normal) (G1 Evacuation Pause) 1284M->57M(2048M) 2.555ms
[2026-10-01T07:16:31.246+0900][305.915s] GC(48) Pause Young (Normal) (G1 Evacuation Pause) 1284M->57M(2048M) 2.596ms
[2026-10-01T07:16:36.902+0900][311.567s] GC(49) Pause Young (Normal) (G1 Evacuation Pause) 1284M->57M(2048M) 2.615ms
[2026-10-01T07:16:42.671+0900][317.338s] GC(50) Pause Young (Normal) (G1 Evacuation Pause) 1284M->57M(2048M) 2.635ms
[2026-10-01T07:16:48.349+0900][323.013s] GC(51) Pause Young (Normal) (G1 Evacuation Pause) 1284M->57M(2048M) 2.511ms
[2026-10-01T07:16:54.002+0900][328.667s] GC(52) Pause Young (Normal) (G1 Evacuation Pause) 1284M->57M(2048M) 2.578ms
[2026-10-01T07:16:59.627+0900][334.292s] GC(53) Pause Young (Normal) (G1 Evacuation Pause) 1284M->57M(2048M) 2.667ms
[2026-10-01T07:17:05.331+0900][339.995s] GC(54) Pause Young (Normal) (G1 Evacuation Pause) 1284M->57M(2048M) 2.508ms
[2026-10-01T07:17:11.045+0900][345.710s] GC(55) Pause Young (Normal) (G1 Evacuation Pause) 1284M->57M(2048M) 2.454ms
[2026-10-01T07:17:16.783+0900][351.447s] GC(56) Pause Young (Normal) (G1 Evacuation Pause) 1284M->57M(2048M) 2.826ms
[2026-10-01T07:17:22.428+0900][357.093s] GC(57) Pause Young (Normal) (G1 Evacuation Pause) 1284M->57M(2048M) 2.712ms
[2026-10-01T07:17:28.064+0900][362.729s] GC(58) Pause Young (Normal) (G1 Evacuation Pause) 1284M->57M(2048M) 2.513ms
[2026-10-01T07:17:33.782+0900][368.447s] GC(59) Pause Young (Normal) (G1 Evacuation Pause) 1284M->57M(2048M) 2.590ms
[2026-10-01T07:17:39.450+0900][374.115s] GC(60) Pause Young (Normal) (G1 Evacuation Pause) 1284M->57M(2048M) 2.555ms
[2026-10-01T07:17:45.209+0900][379.873s] GC(61) Pause Young (Normal) (G1 Evacuation Pause) 1284M->57M(2048M) 2.565ms
[2026-10-01T07:17:50.882+0900][385.547s] GC(62) Pause Young (Normal) (G1 Evacuation Pause) 1284M->57M(2048M) 2.510ms
[2026-10-01T07:17:56.540+0900][391.204s] GC(63) Pause Young (Normal) (G1 Evacuation Pause) 1284M->57M(2048M) 2.642ms
[2026-10-01T07:18:02.261+0900][396.927s] GC(64) Pause Young (Normal) (G1 Evacuation Pause) 1284M->57M(2048M) 2.458ms
[2026-10-01T07:18:07.977+0900][402.642s] GC(65) Pause Young (Normal) (G1 Evacuation Pause) 1284M->57M(2048M) 2.599ms
[2026-10-01T07:18:13.621+0900][408.285s] GC(66) Pause Young (Normal) (G1 Evacuation Pause) 1284M->57M(2048M) 2.580ms
[2026-10-01T07:18:19.316+0900][413.983s] GC(67) Pause Young (Normal) (G1 Evacuation Pause) 1284M->57M(2048M) 2.607ms
[2026-10-01T07:18:24.982+0900][419.648s] GC(68) Pause Young (Normal) (G1 Evacuation Pause) 1284M->57M(2048M) 2.579ms
[2026-10-01T07:18:30.762+0900][425.427s] GC(69) Pause Young (Normal) (G1 Evacuation Pause) 1284M->57M(2048M) 2.521ms
[2026-10-01T07:18:36.520+0900][431.185s] GC(70) Pause Young (Normal) (G1 Evacuation Pause) 1284M->57M(2048M) 2.520ms
[2026-10-01T07:18:42.275+0900][436.939s] GC(71) Pause Young (Normal) (G1 Evacuation Pause) 1284M->57M(2048M) 2.490ms
[2026-10-01T07:18:48.108+0900][442.772s] GC(72) Pause Young (Normal) (G1 Evacuation Pause) 1284M->57M(2048M) 3.021ms
[2026-10-01T07:18:53.870+0900][448.535s] GC(73) Pause Young (Normal) (G1 Evacuation Pause) 1284M->57M(2048M) 2.649ms
[2026-10-01T07:18:59.580+0900][454.244s] GC(74) Pause Young (Normal) (G1 Evacuation Pause) 1284M->57M(2048M) 2.698ms
[2026-10-01T07:19:05.272+0900][459.937s] GC(75) Pause Young (Normal) (G1 Evacuation Pause) 1284M->57M(2048M) 2.456ms
[2026-10-01T07:19:11.029+0900][465.693s] GC(76) Pause Young (Normal) (G1 Evacuation Pause) 1284M->57M(2048M) 2.393ms
[2026-10-01T07:19:16.698+0900][471.363s] GC(77) Pause Young (Normal) (G1 Evacuation Pause) 1284M->57M(2048M) 2.550ms
[2026-10-01T07:19:22.349+0900][477.015s] GC(78) Pause Young (Normal) (G1 Evacuation Pause) 1284M->57M(2048M) 2.556ms
[2026-10-01T07:19:28.011+0900][482.675s] GC(79) Pause Young (Normal) (G1 Evacuation Pause) 1284M->57M(2048M) 2.529ms
[2026-10-01T07:19:33.717+0900][488.381s] GC(80) Pause Young (Normal) (G1 Evacuation Pause) 1284M->57M(2048M) 2.689ms
[2026-10-01T07:19:39.524+0900][494.188s] GC(81) Pause Young (Normal) (G1 Evacuation Pause) 1284M->57M(2048M) 2.551ms
[2026-10-01T07:19:45.185+0900][499.849s] GC(82) Pause Young (Normal) (G1 Evacuation Pause) 1284M->57M(2048M) 2.583ms
[2026-10-01T07:19:50.871+0900][505.536s] GC(83) Pause Young (Normal) (G1 Evacuation Pause) 1284M->57M(2048M) 2.561ms
[2026-10-01T07:19:56.531+0900][511.200s] GC(84) Pause Young (Normal) (G1 Evacuation Pause) 1284M->57M(2048M) 2.596ms
[2026-10-01T07:20:02.220+0900][516.888s] GC(85) Pause Young (Normal) (G1 Evacuation Pause) 1284M->57M(2048M) 2.551ms
[2026-10-01T07:20:07.941+0900][522.606s] GC(86) Pause Young (Normal) (G1 Evacuation Pause) 1284M->57M(2048M) 2.426ms
[2026-10-01T07:20:13.723+0900][528.387s] GC(87) Pause Young (Normal) (G1 Evacuation Pause) 1284M->57M(2048M) 2.452ms
[2026-10-01T07:20:19.432+0900][534.098s] GC(88) Pause Young (Normal) (G1 Evacuation Pause) 1284M->57M(2048M) 2.655ms
[2026-10-01T07:20:25.116+0900][539.781s] GC(89) Pause Young (Normal) (G1 Evacuation Pause) 1284M->57M(2048M) 2.657ms
[2026-10-01T07:20:30.799+0900][545.466s] GC(90) Pause Young (Normal) (G1 Evacuation Pause) 1284M->57M(2048M) 2.610ms
[2026-10-01T07:20:36.500+0900][551.164s] GC(91) Pause Young (Normal) (G1 Evacuation Pause) 1284M->57M(2048M) 2.507ms
[2026-10-01T07:20:42.171+0900][556.837s] GC(92) Pause Young (Normal) (G1 Evacuation Pause) 1284M->57M(2048M) 2.571ms
[2026-10-01T07:20:47.884+0900][562.549s] GC(93) Pause Young (Normal) (G1 Evacuation Pause) 1284M->57M(2048M) 2.686ms
[2026-10-01T07:20:53.636+0900][568.301s] GC(94) Pause Young (Normal) (G1 Evacuation Pause) 1284M->57M(2048M) 2.498ms
[2026-10-01T07:20:59.318+0900][573.982s] GC(95) Pause Young (Normal) (G1 Evacuation Pause) 1284M->57M(2048M) 2.440ms
[2026-10-01T07:21:05.017+0900][579.682s] GC(96) Pause Young (Normal) (G1 Evacuation Pause) 1284M->57M(2048M) 2.634ms
[2026-10-01T07:21:10.699+0900][585.364s] GC(97) Pause Young (Normal) (G1 Evacuation Pause) 1284M->57M(2048M) 2.464ms
[2026-10-01T07:21:16.370+0900][591.035s] GC(98) Pause Young (Normal) (G1 Evacuation Pause) 1284M->57M(2048M) 2.380ms
[2026-10-01T07:21:22.066+0900][596.731s] GC(99) Pause Young (Normal) (G1 Evacuation Pause) 1284M->58M(2048M) 2.513ms
[2026-10-01T07:21:27.756+0900][602.421s] GC(100) Pause Young (Normal) (G1 Evacuation Pause) 1285M->57M(2048M) 2.368ms
[2026-10-01T07:21:33.463+0900][608.127s] GC(101) Pause Young (Normal) (G1 Evacuation Pause) 1284M->57M(2048M) 2.613ms
[2026-10-01T07:21:39.138+0900][613.803s] GC(102) Pause Young (Normal) (G1 Evacuation Pause) 1284M->57M(2048M) 2.803ms
[2026-10-01T07:21:44.832+0900][619.497s] GC(103) Pause Young (Normal) (G1 Evacuation Pause) 1284M->57M(2048M) 2.599ms
[2026-10-01T07:21:50.621+0900][625.286s] GC(104) Pause Young (Normal) (G1 Evacuation Pause) 1284M->57M(2048M) 2.694ms
[2026-10-01T07:21:56.343+0900][631.007s] GC(105) Pause Young (Normal) (G1 Evacuation Pause) 1284M->57M(2048M) 2.533ms
[2026-10-01T07:22:02.042+0900][636.707s] GC(106) Pause Young (Normal) (G1 Evacuation Pause) 1284M->57M(2048M) 2.549ms
[2026-10-01T07:22:07.803+0900][642.468s] GC(107) Pause Young (Normal) (G1 Evacuation Pause) 1284M->58M(2048M) 2.819ms
[2026-10-01T07:22:13.494+0900][648.158s] GC(108) Pause Young (Normal) (G1 Evacuation Pause) 1285M->57M(2048M) 2.646ms
[2026-10-01T07:22:19.213+0900][653.877s] GC(109) Pause Young (Normal) (G1 Evacuation Pause) 1284M->57M(2048M) 2.365ms
[2026-10-01T07:22:25.019+0900][659.684s] GC(110) Pause Young (Normal) (G1 Evacuation Pause) 1284M->58M(2048M) 2.411ms
[2026-10-01T07:22:30.681+0900][665.346s] GC(111) Pause Young (Normal) (G1 Evacuation Pause) 1285M->57M(2048M) 2.518ms
[2026-10-01T07:22:36.388+0900][671.053s] GC(112) Pause Young (Normal) (G1 Evacuation Pause) 1284M->57M(2048M) 2.536ms
[2026-10-01T07:22:42.094+0900][676.758s] GC(113) Pause Young (Normal) (G1 Evacuation Pause) 1284M->58M(2048M) 2.405ms
[2026-10-01T07:22:47.781+0900][682.448s] GC(114) Pause Young (Normal) (G1 Evacuation Pause) 1285M->58M(2048M) 2.494ms
[2026-10-01T07:22:53.479+0900][688.144s] GC(115) Pause Young (Normal) (G1 Evacuation Pause) 1285M->58M(2048M) 2.462ms
[2026-10-01T07:22:59.187+0900][693.852s] GC(116) Pause Young (Normal) (G1 Evacuation Pause) 1285M->57M(2048M) 2.649ms
[2026-10-01T07:23:04.891+0900][699.555s] GC(117) Pause Young (Normal) (G1 Evacuation Pause) 1284M->58M(2048M) 2.584ms
[2026-10-01T07:23:10.577+0900][705.241s] GC(118) Pause Young (Normal) (G1 Evacuation Pause) 1285M->58M(2048M) 2.607ms
[2026-10-01T07:23:16.254+0900][710.918s] GC(119) Pause Young (Normal) (G1 Evacuation Pause) 1285M->58M(2048M) 2.309ms
[2026-10-01T07:23:21.955+0900][716.619s] GC(120) Pause Young (Normal) (G1 Evacuation Pause) 1285M->58M(2048M) 2.600ms
[2026-10-01T07:23:27.737+0900][722.401s] GC(121) Pause Young (Normal) (G1 Evacuation Pause) 1285M->58M(2048M) 2.525ms
[2026-10-01T07:23:33.420+0900][728.087s] GC(122) Pause Young (Normal) (G1 Evacuation Pause) 1285M->57M(2048M) 2.446ms
[2026-10-01T07:23:39.139+0900][733.804s] GC(123) Pause Young (Normal) (G1 Evacuation Pause) 1284M->57M(2048M) 2.548ms
[2026-10-01T07:23:44.884+0900][739.550s] GC(124) Pause Young (Normal) (G1 Evacuation Pause) 1284M->58M(2048M) 2.439ms
[2026-10-01T07:23:50.683+0900][745.346s] GC(125) Pause Young (Normal) (G1 Evacuation Pause) 1285M->58M(2048M) 2.557ms
[2026-10-01T07:23:56.469+0900][751.133s] GC(126) Pause Young (Normal) (G1 Evacuation Pause) 1285M->58M(2048M) 2.542ms
[2026-10-01T07:24:02.251+0900][756.918s] GC(127) Pause Young (Normal) (G1 Evacuation Pause) 1285M->58M(2048M) 2.583ms
[2026-10-01T07:24:08.187+0900][762.853s] GC(128) Pause Young (Normal) (G1 Evacuation Pause) 1285M->57M(2048M) 2.489ms
[2026-10-01T07:24:14.005+0900][768.669s] GC(129) Pause Young (Normal) (G1 Evacuation Pause) 1284M->58M(2048M) 2.848ms
[2026-10-01T07:24:19.765+0900][774.430s] GC(130) Pause Young (Normal) (G1 Evacuation Pause) 1285M->58M(2048M) 2.795ms
[2026-10-01T07:24:25.541+0900][780.205s] GC(131) Pause Young (Normal) (G1 Evacuation Pause) 1285M->58M(2048M) 2.563ms
[2026-10-01T07:24:31.324+0900][785.988s] GC(132) Pause Young (Normal) (G1 Evacuation Pause) 1285M->58M(2048M) 2.662ms
[2026-10-01T07:24:37.138+0900][791.803s] GC(133) Pause Young (Normal) (G1 Evacuation Pause) 1285M->58M(2048M) 2.527ms
[2026-10-01T07:24:42.892+0900][797.556s] GC(134) Pause Young (Normal) (G1 Evacuation Pause) 1285M->58M(2048M) 2.665ms
[2026-10-01T07:24:48.746+0900][803.411s] GC(135) Pause Young (Normal) (G1 Evacuation Pause) 1285M->58M(2048M) 2.520ms
[2026-10-01T07:24:54.626+0900][809.290s] GC(136) Pause Young (Normal) (G1 Evacuation Pause) 1285M->58M(2048M) 2.457ms
[2026-10-01T07:25:00.394+0900][815.060s] GC(137) Pause Young (Normal) (G1 Evacuation Pause) 1285M->57M(2048M) 2.647ms
[2026-10-01T07:25:06.249+0900][820.913s] GC(138) Pause Young (Normal) (G1 Evacuation Pause) 1284M->58M(2048M) 2.551ms
[2026-10-01T07:25:12.006+0900][826.671s] GC(139) Pause Young (Normal) (G1 Evacuation Pause) 1285M->58M(2048M) 2.419ms
[2026-10-01T07:25:17.782+0900][832.447s] GC(140) Pause Young (Normal) (G1 Evacuation Pause) 1285M->58M(2048M) 2.561ms
[2026-10-01T07:25:23.615+0900][838.280s] GC(141) Pause Young (Normal) (G1 Evacuation Pause) 1285M->58M(2048M) 2.659ms
[2026-10-01T07:25:29.383+0900][844.048s] GC(142) Pause Young (Normal) (G1 Evacuation Pause) 1285M->58M(2048M) 2.583ms
[2026-10-01T07:25:35.163+0900][849.827s] GC(143) Pause Young (Normal) (G1 Evacuation Pause) 1285M->58M(2048M) 2.531ms
[2026-10-01T07:25:40.990+0900][855.654s] GC(144) Pause Young (Normal) (G1 Evacuation Pause) 1285M->58M(2048M) 2.481ms
[2026-10-01T07:25:46.820+0900][861.485s] GC(145) Pause Young (Normal) (G1 Evacuation Pause) 1285M->58M(2048M) 2.479ms
[2026-10-01T07:25:52.721+0900][867.386s] GC(146) Pause Young (Normal) (G1 Evacuation Pause) 1285M->58M(2048M) 2.606ms
[2026-10-01T07:25:58.488+0900][873.153s] GC(147) Pause Young (Normal) (G1 Evacuation Pause) 1285M->58M(2048M) 2.542ms
[2026-10-01T07:26:04.273+0900][878.938s] GC(148) Pause Young (Normal) (G1 Evacuation Pause) 1285M->58M(2048M) 2.674ms
[2026-10-01T07:26:10.023+0900][884.690s] GC(149) Pause Young (Normal) (G1 Evacuation Pause) 1285M->58M(2048M) 2.629ms
[2026-10-01T07:26:15.792+0900][890.456s] GC(150) Pause Young (Normal) (G1 Evacuation Pause) 1285M->57M(2048M) 2.468ms
[2026-10-01T07:26:21.542+0900][896.207s] GC(151) Pause Young (Normal) (G1 Evacuation Pause) 1284M->57M(2048M) 2.568ms
[2026-10-01T07:26:27.352+0900][902.017s] GC(152) Pause Young (Normal) (G1 Evacuation Pause) 1284M->58M(2048M) 2.738ms
[2026-10-01T07:26:33.096+0900][907.764s] GC(153) Pause Young (Normal) (G1 Evacuation Pause) 1285M->58M(2048M) 2.565ms
[2026-10-01T07:26:38.917+0900][913.580s] GC(154) Pause Young (Normal) (G1 Evacuation Pause) 1285M->58M(2048M) 2.636ms
[2026-10-01T07:26:44.741+0900][919.406s] GC(155) Pause Young (Normal) (G1 Evacuation Pause) 1285M->58M(2048M) 2.533ms
[2026-10-01T07:26:50.498+0900][925.165s] GC(156) Pause Young (Normal) (G1 Evacuation Pause) 1285M->58M(2048M) 2.616ms
[2026-10-01T07:26:56.317+0900][930.983s] GC(157) Pause Young (Normal) (G1 Evacuation Pause) 1285M->58M(2048M) 2.571ms
[2026-10-01T07:27:02.131+0900][936.796s] GC(158) Pause Young (Normal) (G1 Evacuation Pause) 1285M->58M(2048M) 2.600ms
[2026-10-01T07:27:07.889+0900][942.552s] GC(159) Pause Young (Normal) (G1 Evacuation Pause) 1285M->58M(2048M) 2.533ms
[2026-10-01T07:27:13.643+0900][948.308s] GC(160) Pause Young (Normal) (G1 Evacuation Pause) 1285M->58M(2048M) 2.665ms
[2026-10-01T07:27:19.383+0900][954.053s] GC(161) Pause Young (Normal) (G1 Evacuation Pause) 1285M->58M(2048M) 2.619ms
[2026-10-01T07:27:25.087+0900][959.751s] GC(162) Pause Young (Normal) (G1 Evacuation Pause) 1285M->58M(2048M) 2.510ms
[2026-10-01T07:27:30.910+0900][965.575s] GC(163) Pause Young (Normal) (G1 Evacuation Pause) 1285M->58M(2048M) 2.486ms
[2026-10-01T07:27:36.680+0900][971.344s] GC(164) Pause Young (Normal) (G1 Evacuation Pause) 1285M->58M(2048M) 2.573ms
[2026-10-01T07:27:42.406+0900][977.071s] GC(165) Pause Young (Normal) (G1 Evacuation Pause) 1285M->58M(2048M) 2.449ms
[2026-10-01T07:27:48.198+0900][982.863s] GC(166) Pause Young (Normal) (G1 Evacuation Pause) 1285M->58M(2048M) 2.522ms
[2026-10-01T07:27:53.878+0900][988.542s] GC(167) Pause Young (Normal) (G1 Evacuation Pause) 1285M->58M(2048M) 2.595ms
[2026-10-01T07:27:59.707+0900][994.373s] GC(168) Pause Young (Normal) (G1 Evacuation Pause) 1285M->57M(2048M) 2.615ms
[2026-10-01T07:28:05.463+0900][1000.128s] GC(169) Pause Young (Normal) (G1 Evacuation Pause) 1284M->58M(2048M) 2.528ms
[2026-10-01T07:28:11.231+0900][1005.896s] GC(170) Pause Young (Normal) (G1 Evacuation Pause) 1285M->58M(2048M) 2.618ms
