[32m     ✓ status is 2xx[0m

     checks[2m.........................:[0m [36m100.00%[0m [36;2m✓ 2051697[0m     [36;2m✗ 0[0m      
     data_received[2m..................:[0m [36m268 MB[0m  [36;2m298 kB/s[0m
     data_sent[2m......................:[0m [36m480 MB[0m  [36;2m533 kB/s[0m
     http_req_blocked[2m...............:[0m avg=[36m22.04µs[0m  min=[36m0s[0m med=[36m0s[0m      max=[36m20.85ms[0m  p(90)=[36m0s[0m      p(95)=[36m0s[0m      p(99)=[36m519.1µs[0m
     http_req_connecting[2m............:[0m avg=[36m21.03µs[0m  min=[36m0s[0m med=[36m0s[0m      max=[36m20.85ms[0m  p(90)=[36m0s[0m      p(95)=[36m0s[0m      p(99)=[36m0s[0m     
     http_req_duration[2m..............:[0m avg=[36m21.87ms[0m  min=[36m0s[0m med=[36m20.52ms[0m max=[36m196.28ms[0m p(90)=[36m31.96ms[0m p(95)=[36m37.12ms[0m p(99)=[36m49.57ms[0m
       { expected_response:true }[2m...:[0m avg=[36m21.87ms[0m  min=[36m0s[0m med=[36m20.52ms[0m max=[36m196.28ms[0m p(90)=[36m31.96ms[0m p(95)=[36m37.12ms[0m p(99)=[36m49.57ms[0m
     http_req_failed[2m................:[0m [36m0.00%[0m   [36;2m✓ 0[0m           [36;2m✗ 2051697[0m
     http_req_receiving[2m.............:[0m avg=[36m196.59µs[0m min=[36m0s[0m med=[36m0s[0m      max=[36m18.09ms[0m  p(90)=[36m746.1µs[0m p(95)=[36m1.13ms[0m  p(99)=[36m2.13ms[0m 
     http_req_sending[2m...............:[0m avg=[36m3.91µs[0m   min=[36m0s[0m med=[36m0s[0m      max=[36m13.5ms[0m   p(90)=[36m0s[0m      p(95)=[36m0s[0m      p(99)=[36m0s[0m     
     http_req_tls_handshaking[2m.......:[0m avg=[36m0s[0m       min=[36m0s[0m med=[36m0s[0m      max=[36m0s[0m       p(90)=[36m0s[0m      p(95)=[36m0s[0m      p(99)=[36m0s[0m     
     http_req_waiting[2m...............:[0m avg=[36m21.67ms[0m  min=[36m0s[0m med=[36m20.32ms[0m max=[36m196.28ms[0m p(90)=[36m31.74ms[0m p(95)=[36m36.9ms[0m  p(99)=[36m49.38ms[0m
     http_reqs[2m......................:[0m [36m2051697[0m [36;2m2279.607312/s[0m
     iteration_duration[2m.............:[0m avg=[36m21.93ms[0m  min=[36m0s[0m med=[36m20.58ms[0m max=[36m196.28ms[0m p(90)=[36m32.02ms[0m p(95)=[36m37.18ms[0m p(99)=[36m49.65ms[0m
     iterations[2m.....................:[0m [36m2051697[0m [36;2m2279.607312/s[0m
     reviews_created[2m................:[0m [36m2051697[0m [36;2m2279.607312/s[0m
     reviews_success_duration[2m.......:[0m avg=[36m21.87ms[0m  min=[36m0s[0m med=[36m20.52ms[0m max=[36m196.28ms[0m p(90)=[36m31.96ms[0m p(95)=[36m37.12ms[0m p(99)=[36m49.57ms[0m
     vus[2m............................:[0m [36m50[0m      [36;2mmin=50[0m        [36;2mmax=50[0m   
     vus_max[2m........................:[0m [36m50[0m      [36;2mmin=50[0m        [36;2mmax=50[0m   