[32m     ✓ status is 2xx[0m

     checks[2m.........................:[0m [36m100.00%[0m [36;2m✓ 12001[0m      [36;2m✗ 0[0m    
     data_received[2m..................:[0m [36m1.6 MB[0m  [36;2m26 kB/s[0m
     data_sent[2m......................:[0m [36m2.8 MB[0m  [36;2m47 kB/s[0m
     http_req_blocked[2m...............:[0m avg=[36m17.58µs[0m min=[36m0s[0m      med=[36m0s[0m     max=[36m11.65ms[0m  p(90)=[36m0s[0m     p(95)=[36m0s[0m     p(99)=[36m666.6µs[0m
     http_req_connecting[2m............:[0m avg=[36m17.25µs[0m min=[36m0s[0m      med=[36m0s[0m     max=[36m11.65ms[0m  p(90)=[36m0s[0m     p(95)=[36m0s[0m     p(99)=[36m661.8µs[0m
     http_req_duration[2m..............:[0m avg=[36m5.11ms[0m  min=[36m312.8µs[0m med=[36m3.17ms[0m max=[36m452.61ms[0m p(90)=[36m4.18ms[0m p(95)=[36m5.18ms[0m p(99)=[36m15.68ms[0m
       { expected_response:true }[2m...:[0m avg=[36m5.11ms[0m  min=[36m312.8µs[0m med=[36m3.17ms[0m max=[36m452.61ms[0m p(90)=[36m4.18ms[0m p(95)=[36m5.18ms[0m p(99)=[36m15.68ms[0m
     http_req_failed[2m................:[0m [36m0.00%[0m   [36;2m✓ 0[0m          [36;2m✗ 12001[0m
     http_req_receiving[2m.............:[0m avg=[36m1.23ms[0m  min=[36m0s[0m      med=[36m1.12ms[0m max=[36m8.88ms[0m   p(90)=[36m2.75ms[0m p(95)=[36m3.04ms[0m p(99)=[36m3.43ms[0m 
     http_req_sending[2m...............:[0m avg=[36m663ns[0m   min=[36m0s[0m      med=[36m0s[0m     max=[36m680.8µs[0m  p(90)=[36m0s[0m     p(95)=[36m0s[0m     p(99)=[36m0s[0m     
     http_req_tls_handshaking[2m.......:[0m avg=[36m0s[0m      min=[36m0s[0m      med=[36m0s[0m     max=[36m0s[0m       p(90)=[36m0s[0m     p(95)=[36m0s[0m     p(99)=[36m0s[0m     
     http_req_waiting[2m...............:[0m avg=[36m3.87ms[0m  min=[36m0s[0m      med=[36m1.68ms[0m max=[36m451.21ms[0m p(90)=[36m3.83ms[0m p(95)=[36m5.04ms[0m p(99)=[36m15.68ms[0m
     http_reqs[2m......................:[0m [36m12001[0m   [36;2m200.004926/s[0m
     iteration_duration[2m.............:[0m avg=[36m5.22ms[0m  min=[36m312.8µs[0m med=[36m3.24ms[0m max=[36m453.87ms[0m p(90)=[36m4.25ms[0m p(95)=[36m5.23ms[0m p(99)=[36m16.08ms[0m
     iterations[2m.....................:[0m [36m12001[0m   [36;2m200.004926/s[0m
     reviews_created[2m................:[0m [36m12001[0m   [36;2m200.004926/s[0m
     reviews_success_duration[2m.......:[0m avg=[36m5.11ms[0m  min=[36m312.8µs[0m med=[36m3.17ms[0m max=[36m452.61ms[0m p(90)=[36m4.18ms[0m p(95)=[36m5.18ms[0m p(99)=[36m15.68ms[0m
     vus[2m............................:[0m [36m1[0m       [36;2mmin=0[0m        [36;2mmax=2[0m  
     vus_max[2m........................:[0m [36m100[0m     [36;2mmin=100[0m      [36;2mmax=100[0m