time="2026-10-02T06:30:54+09:00" level=info msg="[run] 시작 06:30:54 MODE=sync TAG=FLASH-sync-ff-memory PROMOTION_ID=1" source=console
time="2026-10-02T06:30:54+09:00" level=info msg="[flash] 시도 06:31:24 ~ 06:33:11 (최고 초당 3000건), 관찰 끝 06:38:11" source=console
time="2026-10-02T06:38:11+09:00" level=info msg="[run] 종료 06:38:11 TAG=FLASH-sync-ff-memory" source=console
     base_accepted[2m..................:[0m [36m17312[0m  [36;2m39.612781/s[0m
     base_accepted_duration[2m.........:[0m avg=[36m9.27ms[0m   min=[36m333.3µs[0m med=[36m3.78ms[0m  max=[36m586.5ms[0m  p(90)=[36m5.35ms[0m   p(95)=[36m60.2ms[0m   p(99)=[36m126.95ms[0m
     base_rejected[2m..................:[0m [36m169[0m    [36;2m0.386701/s[0m
     data_received[2m..................:[0m [36m35 MB[0m  [36;2m79 kB/s[0m
     data_sent[2m......................:[0m [36m70 MB[0m  [36;2m160 kB/s[0m
     http_req_blocked[2m...............:[0m avg=[36m10.29µs[0m  min=[36m0s[0m      med=[36m0s[0m      max=[36m7.5ms[0m    p(90)=[36m0s[0m       p(95)=[36m0s[0m       p(99)=[36m516.5µs[0m 
     http_req_connecting[2m............:[0m avg=[36m10.02µs[0m  min=[36m0s[0m      med=[36m0s[0m      max=[36m7.5ms[0m    p(90)=[36m0s[0m       p(95)=[36m0s[0m       p(99)=[36m515.59µs[0m
     http_req_duration[2m..............:[0m avg=[36m32.51ms[0m  min=[36m0s[0m      med=[36m2.75ms[0m  max=[36m801.61ms[0m p(90)=[36m93.59ms[0m  p(95)=[36m135.69ms[0m p(99)=[36m251.58ms[0m
       { expected_response:true }[2m...:[0m avg=[36m67.29ms[0m  min=[36m310.8µs[0m med=[36m67.7ms[0m  max=[36m801.61ms[0m p(90)=[36m137.16ms[0m p(95)=[36m182.61ms[0m p(99)=[36m303.06ms[0m
     http_req_failed[2m................:[0m [36m53.06%[0m [36;2m✓ 132659[0m     [36;2m✗ 117312[0m
     http_req_receiving[2m.............:[0m avg=[36m129.06µs[0m min=[36m0s[0m      med=[36m0s[0m      max=[36m36.3ms[0m   p(90)=[36m508.9µs[0m  p(95)=[36m560.1µs[0m  p(99)=[36m3ms[0m     
     http_req_sending[2m...............:[0m avg=[36m671ns[0m    min=[36m0s[0m      med=[36m0s[0m      max=[36m4.21ms[0m   p(90)=[36m0s[0m       p(95)=[36m0s[0m       p(99)=[36m0s[0m      
     http_req_tls_handshaking[2m.......:[0m avg=[36m0s[0m       min=[36m0s[0m      med=[36m0s[0m      max=[36m0s[0m       p(90)=[36m0s[0m       p(95)=[36m0s[0m       p(99)=[36m0s[0m      
     http_req_waiting[2m...............:[0m avg=[36m32.38ms[0m  min=[36m0s[0m      med=[36m1.89ms[0m  max=[36m801.61ms[0m p(90)=[36m93.55ms[0m  p(95)=[36m135.64ms[0m p(99)=[36m251.4ms[0m 
     http_reqs[2m......................:[0m [36m249971[0m [36;2m571.975887/s[0m
     iteration_duration[2m.............:[0m avg=[36m32.57ms[0m  min=[36m0s[0m      med=[36m2.99ms[0m  max=[36m801.61ms[0m p(90)=[36m93.62ms[0m  p(95)=[36m135.7ms[0m  p(99)=[36m251.59ms[0m
     iterations[2m.....................:[0m [36m249971[0m [36;2m571.975887/s[0m
     promo_queue_full[2m...............:[0m [36m13312[0m  [36;2m30.460105/s[0m
     promo_queue_full_duration[2m......:[0m avg=[36m12.86ms[0m  min=[36m0s[0m      med=[36m3.83ms[0m  max=[36m585.09ms[0m p(90)=[36m19.15ms[0m  p(95)=[36m28.48ms[0m  p(99)=[36m277.6ms[0m 
     promo_sold_out[2m.................:[0m [36m119178[0m [36;2m272.699402/s[0m
     promo_sold_out_duration[2m........:[0m avg=[36m501.69µs[0m min=[36m0s[0m      med=[36m507.8µs[0m max=[36m51.09ms[0m  p(90)=[36m629.4µs[0m  p(95)=[36m1.06ms[0m   p(99)=[36m3.6ms[0m   
     promo_success[2m..................:[0m [36m100000[0m [36;2m228.816898/s[0m
     promo_success_duration[2m.........:[0m avg=[36m77.33ms[0m  min=[36m310.8µs[0m med=[36m71.5ms[0m  max=[36m801.61ms[0m p(90)=[36m144.2ms[0m  p(95)=[36m190.13ms[0m p(99)=[36m311.25ms[0m
     vus[2m............................:[0m [36m0[0m      [36;2mmin=0[0m        [36;2mmax=379[0m 
     vus_max[2m........................:[0m [36m2050[0m   [36;2mmin=2050[0m     [36;2mmax=2050[0m