time="2026-10-02T06:29:28+09:00" level=info msg="[run] 시작 06:29:28 MODE=sync TAG=FLASH-warmup PROMOTION_ID=2" source=console
time="2026-10-02T06:29:28+09:00" level=info msg="[flash] 시도 06:29:33 ~ 06:30:28 (최고 초당 1000건), 관찰 끝 06:30:33" source=console
time="2026-10-02T06:30:33+09:00" level=info msg="[run] 종료 06:30:33 TAG=FLASH-warmup" source=console
     base_accepted[2m..................:[0m [36m2597[0m   [36;2m39.94088/s[0m
     base_accepted_duration[2m.........:[0m avg=[36m21.18ms[0m  min=[36m623.1µs[0m med=[36m2.98ms[0m   max=[36m1.46s[0m   p(90)=[36m9.17ms[0m   p(95)=[36m14.1ms[0m   p(99)=[36m825.84ms[0m
     data_received[2m..................:[0m [36m7.6 MB[0m [36;2m117 kB/s[0m
     data_sent[2m......................:[0m [36m15 MB[0m  [36;2m235 kB/s[0m
     dropped_iterations[2m.............:[0m [36m4[0m      [36;2m0.061518/s[0m
     http_req_blocked[2m...............:[0m avg=[36m23.38µs[0m  min=[36m0s[0m      med=[36m0s[0m       max=[36m67.29ms[0m p(90)=[36m0s[0m       p(95)=[36m0s[0m       p(99)=[36m522.21µs[0m
     http_req_connecting[2m............:[0m avg=[36m22.95µs[0m  min=[36m0s[0m      med=[36m0s[0m       max=[36m67.29ms[0m p(90)=[36m0s[0m       p(95)=[36m0s[0m       p(99)=[36m521.5µs[0m 
     http_req_duration[2m..............:[0m avg=[36m3.59ms[0m   min=[36m0s[0m      med=[36m532.2µs[0m  max=[36m1.46s[0m   p(90)=[36m6.68ms[0m   p(95)=[36m11.18ms[0m  p(99)=[36m31.15ms[0m 
       { expected_response:true }[2m...:[0m avg=[36m8.01ms[0m   min=[36m623.1µs[0m med=[36m3.08ms[0m   max=[36m1.46s[0m   p(90)=[36m13.01ms[0m  p(95)=[36m20.67ms[0m  p(99)=[36m40.44ms[0m 
     http_req_failed[2m................:[0m [36m58.98%[0m [36;2m✓ 32492[0m      [36;2m✗ 22597[0m
     http_req_receiving[2m.............:[0m avg=[36m54.5µs[0m   min=[36m0s[0m      med=[36m0s[0m       max=[36m33.92ms[0m p(90)=[36m0s[0m       p(95)=[36m512.29µs[0m p(99)=[36m741.59µs[0m
     http_req_sending[2m...............:[0m avg=[36m1.7µs[0m    min=[36m0s[0m      med=[36m0s[0m       max=[36m8.59ms[0m  p(90)=[36m0s[0m       p(95)=[36m0s[0m       p(99)=[36m0s[0m      
     http_req_tls_handshaking[2m.......:[0m avg=[36m0s[0m       min=[36m0s[0m      med=[36m0s[0m       max=[36m0s[0m      p(90)=[36m0s[0m       p(95)=[36m0s[0m       p(99)=[36m0s[0m      
     http_req_waiting[2m...............:[0m avg=[36m3.53ms[0m   min=[36m0s[0m      med=[36m528.5µs[0m  max=[36m1.46s[0m   p(90)=[36m6.5ms[0m    p(95)=[36m11.07ms[0m  p(99)=[36m31.08ms[0m 
     http_reqs[2m......................:[0m [36m55089[0m  [36;2m847.248042/s[0m
     iteration_duration[2m.............:[0m avg=[36m3.64ms[0m   min=[36m0s[0m      med=[36m545.29µs[0m max=[36m1.46s[0m   p(90)=[36m6.81ms[0m   p(95)=[36m11.2ms[0m   p(99)=[36m31.22ms[0m 
     iterations[2m.....................:[0m [36m55089[0m  [36;2m847.248042/s[0m
     promo_sold_out[2m.................:[0m [36m32492[0m  [36;2m499.714705/s[0m
     promo_sold_out_duration[2m........:[0m avg=[36m516.43µs[0m min=[36m0s[0m      med=[36m515.29µs[0m max=[36m20.01ms[0m p(90)=[36m574.19µs[0m p(95)=[36m661.1µs[0m  p(99)=[36m1.06ms[0m  
     promo_success[2m..................:[0m [36m20000[0m  [36;2m307.592457/s[0m
     promo_success_duration[2m.........:[0m avg=[36m6.3ms[0m    min=[36m1.02ms[0m  med=[36m3.15ms[0m   max=[36m68.73ms[0m p(90)=[36m13.51ms[0m  p(95)=[36m20.97ms[0m  p(99)=[36m39.36ms[0m 
     vus[2m............................:[0m [36m0[0m      [36;2mmin=0[0m        [36;2mmax=37[0m 
     vus_max[2m........................:[0m [36m554[0m    [36;2mmin=550[0m      [36;2mmax=554[0m