time="2026-09-27T23:04:53+09:00" level=info msg="[run] 시작 23:04:53 MODE=async SCENARIO=fixed TAG=P2-p20-k20" source=console
time="2026-09-27T23:07:53+09:00" level=info msg="[run] 종료 23:07:53 TAG=P2-p20-k20" source=console
[31m     ✗ status is 202
      ↳  97% — ✓ 526988 / ✗ 12977[0m
[31m     ✗ has sse location
      ↳  97% — ✓ 526988 / ✗ 12977[0m

     checks[2m.........................:[0m [36m97.59%[0m [36;2m✓ 1053976[0m     [36;2m✗ 25954[0m 
     data_received[2m..................:[0m [36m76 MB[0m  [36;2m420 kB/s[0m
     data_sent[2m......................:[0m [36m145 MB[0m [36;2m806 kB/s[0m
     dropped_iterations[2m.............:[0m [36m35[0m     [36;2m0.194413/s[0m
     http_req_blocked[2m...............:[0m avg=[36m792.67µs[0m min=[36m0s[0m med=[36m0s[0m      max=[36m1.04s[0m    p(90)=[36m0s[0m      p(95)=[36m0s[0m      p(99)=[36m15.46ms[0m 
     http_req_connecting[2m............:[0m avg=[36m791.92µs[0m min=[36m0s[0m med=[36m0s[0m      max=[36m1.04s[0m    p(90)=[36m0s[0m      p(95)=[36m0s[0m      p(99)=[36m15.45ms[0m 
     http_req_duration[2m..............:[0m avg=[36m14.09ms[0m  min=[36m0s[0m med=[36m10.2ms[0m  max=[36m598.26ms[0m p(90)=[36m24.79ms[0m p(95)=[36m33.51ms[0m p(99)=[36m59.25ms[0m 
       { expected_response:true }[2m...:[0m avg=[36m13.92ms[0m  min=[36m0s[0m med=[36m10.21ms[0m max=[36m598.26ms[0m p(90)=[36m24.64ms[0m p(95)=[36m33.1ms[0m  p(99)=[36m56.81ms[0m 
     http_req_failed[2m................:[0m [36m2.40%[0m  [36;2m✓ 12977[0m       [36;2m✗ 526988[0m
     http_req_receiving[2m.............:[0m avg=[36m20.99µs[0m  min=[36m0s[0m med=[36m0s[0m      max=[36m16.92ms[0m  p(90)=[36m0s[0m      p(95)=[36m0s[0m      p(99)=[36m555.2µs[0m 
     http_req_sending[2m...............:[0m avg=[36m2.74µs[0m   min=[36m0s[0m med=[36m0s[0m      max=[36m11.43ms[0m  p(90)=[36m0s[0m      p(95)=[36m0s[0m      p(99)=[36m0s[0m      
     http_req_tls_handshaking[2m.......:[0m avg=[36m0s[0m       min=[36m0s[0m med=[36m0s[0m      max=[36m0s[0m       p(90)=[36m0s[0m      p(95)=[36m0s[0m      p(99)=[36m0s[0m      
     http_req_waiting[2m...............:[0m avg=[36m14.07ms[0m  min=[36m0s[0m med=[36m10.18ms[0m max=[36m598.26ms[0m p(90)=[36m24.76ms[0m p(95)=[36m33.48ms[0m p(99)=[36m59.24ms[0m 
     http_reqs[2m......................:[0m [36m539965[0m [36;2m2999.315637/s[0m
     iteration_duration[2m.............:[0m avg=[36m14.94ms[0m  min=[36m0s[0m med=[36m10.33ms[0m max=[36m1.13s[0m    p(90)=[36m26.05ms[0m p(95)=[36m35.82ms[0m p(99)=[36m68.58ms[0m 
     iterations[2m.....................:[0m [36m539965[0m [36;2m2999.315637/s[0m
     order_accepted_duration[2m........:[0m avg=[36m13.92ms[0m  min=[36m0s[0m med=[36m10.21ms[0m max=[36m598.26ms[0m p(90)=[36m24.64ms[0m p(95)=[36m33.1ms[0m  p(99)=[36m56.81ms[0m 
     order_rejected_duration[2m........:[0m avg=[36m21.17ms[0m  min=[36m0s[0m med=[36m9.94ms[0m  max=[36m566.61ms[0m p(90)=[36m36.06ms[0m p(95)=[36m60.48ms[0m p(99)=[36m265.58ms[0m
     orders_accepted[2m................:[0m [36m526988[0m [36;2m2927.232967/s[0m
     orders_rejected[2m................:[0m [36m12977[0m  [36;2m72.08267/s[0m
     vus[2m............................:[0m [36m45[0m     [36;2mmin=5[0m         [36;2mmax=243[0m 
     vus_max[2m........................:[0m [36m320[0m    [36;2mmin=320[0m       [36;2mmax=320[0m 