time="2026-09-28T21:01:25+09:00" level=info msg="[run] 시작 21:01:25 MODE=async SCENARIO=fixed TAG=P2-p20-k20" source=console
time="2026-09-28T21:04:25+09:00" level=info msg="[run] 종료 21:04:25 TAG=P2-p20-k20" source=console
[31m     ✗ status is 202
      ↳  97% — ✓ 526100 / ✗ 13548[0m
[31m     ✗ has sse location
      ↳  97% — ✓ 526100 / ✗ 13548[0m

     checks[2m.........................:[0m [36m97.48%[0m [36;2m✓ 1052200[0m     [36;2m✗ 27096[0m 
     data_received[2m..................:[0m [36m75 MB[0m  [36;2m419 kB/s[0m
     data_sent[2m......................:[0m [36m145 MB[0m [36;2m805 kB/s[0m
     dropped_iterations[2m.............:[0m [36m352[0m    [36;2m1.955102/s[0m
     http_req_blocked[2m...............:[0m avg=[36m324.17µs[0m min=[36m0s[0m med=[36m0s[0m      max=[36m3s[0m      p(90)=[36m0s[0m      p(95)=[36m0s[0m      p(99)=[36m1.62ms[0m  
     http_req_connecting[2m............:[0m avg=[36m323.76µs[0m min=[36m0s[0m med=[36m0s[0m      max=[36m3s[0m      p(90)=[36m0s[0m      p(95)=[36m0s[0m      p(99)=[36m1.61ms[0m  
     http_req_duration[2m..............:[0m avg=[36m14.55ms[0m  min=[36m0s[0m med=[36m9.93ms[0m  max=[36m4.8s[0m    p(90)=[36m24.5ms[0m  p(95)=[36m33.38ms[0m p(99)=[36m69.73ms[0m 
       { expected_response:true }[2m...:[0m avg=[36m14.33ms[0m  min=[36m0s[0m med=[36m10.02ms[0m max=[36m4.8s[0m    p(90)=[36m24.4ms[0m  p(95)=[36m33.1ms[0m  p(99)=[36m66.91ms[0m 
     http_req_failed[2m................:[0m [36m2.51%[0m  [36;2m✓ 13548[0m       [36;2m✗ 526100[0m
     http_req_receiving[2m.............:[0m avg=[36m17.98µs[0m  min=[36m0s[0m med=[36m0s[0m      max=[36m23.36ms[0m p(90)=[36m0s[0m      p(95)=[36m0s[0m      p(99)=[36m542.4µs[0m 
     http_req_sending[2m...............:[0m avg=[36m1.16µs[0m   min=[36m0s[0m med=[36m0s[0m      max=[36m11.88ms[0m p(90)=[36m0s[0m      p(95)=[36m0s[0m      p(99)=[36m0s[0m      
     http_req_tls_handshaking[2m.......:[0m avg=[36m0s[0m       min=[36m0s[0m med=[36m0s[0m      max=[36m0s[0m      p(90)=[36m0s[0m      p(95)=[36m0s[0m      p(99)=[36m0s[0m      
     http_req_waiting[2m...............:[0m avg=[36m14.53ms[0m  min=[36m0s[0m med=[36m9.91ms[0m  max=[36m4.8s[0m    p(90)=[36m24.49ms[0m p(95)=[36m33.36ms[0m p(99)=[36m69.72ms[0m 
     http_reqs[2m......................:[0m [36m539648[0m [36;2m2997.349506/s[0m
     iteration_duration[2m.............:[0m avg=[36m14.92ms[0m  min=[36m0s[0m med=[36m10.04ms[0m max=[36m4.8s[0m    p(90)=[36m24.93ms[0m p(95)=[36m34.1ms[0m  p(99)=[36m71.61ms[0m 
     iterations[2m.....................:[0m [36m539648[0m [36;2m2997.349506/s[0m
     order_accepted_duration[2m........:[0m avg=[36m14.33ms[0m  min=[36m0s[0m med=[36m10.02ms[0m max=[36m4.8s[0m    p(90)=[36m24.4ms[0m  p(95)=[36m33.1ms[0m  p(99)=[36m66.91ms[0m 
     order_rejected_duration[2m........:[0m avg=[36m23.09ms[0m  min=[36m0s[0m med=[36m5.07ms[0m  max=[36m2.41s[0m   p(90)=[36m30.62ms[0m p(95)=[36m49.71ms[0m p(99)=[36m291.36ms[0m
     orders_accepted[2m................:[0m [36m526100[0m [36;2m2922.100286/s[0m
     orders_rejected[2m................:[0m [36m13548[0m  [36;2m75.24922/s[0m
     vus[2m............................:[0m [36m29[0m     [36;2mmin=0[0m         [36;2mmax=263[0m 
     vus_max[2m........................:[0m [36m519[0m    [36;2mmin=300[0m       [36;2mmax=519[0m 