time="2026-09-28T20:59:48+09:00" level=info msg="[run] 시작 20:59:48 MODE=async SCENARIO=fixed TAG=P2-p20-k20-warmup" source=console
time="2026-09-28T21:00:48+09:00" level=info msg="[run] 종료 21:00:48 TAG=P2-p20-k20-warmup" source=console
[31m     ✗ status is 202
      ↳  79% — ✓ 141989 / ✗ 37558[0m
[31m     ✗ has sse location
      ↳  79% — ✓ 141989 / ✗ 37558[0m

     checks[2m.........................:[0m [36m79.08%[0m [36;2m✓ 283978[0m      [36;2m✗ 75116[0m 
     data_received[2m..................:[0m [36m26 MB[0m  [36;2m429 kB/s[0m
     data_sent[2m......................:[0m [36m48 MB[0m  [36;2m803 kB/s[0m
     dropped_iterations[2m.............:[0m [36m452[0m    [36;2m7.530531/s[0m
     http_req_blocked[2m...............:[0m avg=[36m189.01µs[0m min=[36m0s[0m med=[36m0s[0m      max=[36m1.05s[0m  p(90)=[36m0s[0m      p(95)=[36m0s[0m      p(99)=[36m1.11ms[0m  
     http_req_connecting[2m............:[0m avg=[36m188.66µs[0m min=[36m0s[0m med=[36m0s[0m      max=[36m1.05s[0m  p(90)=[36m0s[0m      p(95)=[36m0s[0m      p(99)=[36m1.09ms[0m  
     http_req_duration[2m..............:[0m avg=[36m16.49ms[0m  min=[36m0s[0m med=[36m7.64ms[0m  max=[36m2.42s[0m  p(90)=[36m29.82ms[0m p(95)=[36m53.17ms[0m p(99)=[36m217.11ms[0m
       { expected_response:true }[2m...:[0m avg=[36m10.45ms[0m  min=[36m0s[0m med=[36m6.9ms[0m   max=[36m2.42s[0m  p(90)=[36m17.77ms[0m p(95)=[36m26.46ms[0m p(99)=[36m67.54ms[0m 
     http_req_failed[2m................:[0m [36m20.91%[0m [36;2m✓ 37558[0m       [36;2m✗ 141989[0m
     http_req_receiving[2m.............:[0m avg=[36m17.24µs[0m  min=[36m0s[0m med=[36m0s[0m      max=[36m8.84ms[0m p(90)=[36m0s[0m      p(95)=[36m0s[0m      p(99)=[36m539.2µs[0m 
     http_req_sending[2m...............:[0m avg=[36m975ns[0m    min=[36m0s[0m med=[36m0s[0m      max=[36m3.51ms[0m p(90)=[36m0s[0m      p(95)=[36m0s[0m      p(99)=[36m0s[0m      
     http_req_tls_handshaking[2m.......:[0m avg=[36m0s[0m       min=[36m0s[0m med=[36m0s[0m      max=[36m0s[0m     p(90)=[36m0s[0m      p(95)=[36m0s[0m      p(99)=[36m0s[0m      
     http_req_waiting[2m...............:[0m avg=[36m16.47ms[0m  min=[36m0s[0m med=[36m7.62ms[0m  max=[36m2.42s[0m  p(90)=[36m29.79ms[0m p(95)=[36m53.16ms[0m p(99)=[36m217.11ms[0m
     http_reqs[2m......................:[0m [36m179547[0m [36;2m2991.336983/s[0m
     iteration_duration[2m.............:[0m avg=[36m16.72ms[0m  min=[36m0s[0m med=[36m7.75ms[0m  max=[36m2.42s[0m  p(90)=[36m30ms[0m    p(95)=[36m53.43ms[0m p(99)=[36m232.8ms[0m 
     iterations[2m.....................:[0m [36m179547[0m [36;2m2991.336983/s[0m
     order_accepted_duration[2m........:[0m avg=[36m10.45ms[0m  min=[36m0s[0m med=[36m6.9ms[0m   max=[36m2.42s[0m  p(90)=[36m17.77ms[0m p(95)=[36m26.46ms[0m p(99)=[36m67.54ms[0m 
     order_rejected_duration[2m........:[0m avg=[36m39.33ms[0m  min=[36m0s[0m med=[36m16.51ms[0m max=[36m2.42s[0m  p(90)=[36m78.3ms[0m  p(95)=[36m129ms[0m   p(99)=[36m335.95ms[0m
     orders_accepted[2m................:[0m [36m141989[0m [36;2m2365.60314/s[0m
     orders_rejected[2m................:[0m [36m37558[0m  [36;2m625.733844/s[0m
     vus[2m............................:[0m [36m12[0m     [36;2mmin=2[0m         [36;2mmax=436[0m 
     vus_max[2m........................:[0m [36m568[0m    [36;2mmin=392[0m       [36;2mmax=568[0m 