time="2026-09-28T22:02:53+09:00" level=info msg="[run] 시작 22:02:53 MODE=async SCENARIO=fixed TAG=P2-p20-k20" source=console
time="2026-09-28T22:05:53+09:00" level=info msg="[run] 종료 22:05:53 TAG=P2-p20-k20" source=console
[31m     ✗ status is 202
      ↳  98% — ✓ 505908 / ✗ 6765[0m
[31m     ✗ has sse location
      ↳  98% — ✓ 505908 / ✗ 6765[0m

     checks[2m.........................:[0m [36m98.68%[0m [36;2m✓ 1011816[0m     [36;2m✗ 13530[0m 
     data_received[2m..................:[0m [36m72 MB[0m  [36;2m397 kB/s[0m
     data_sent[2m......................:[0m [36m138 MB[0m [36;2m765 kB/s[0m
     dropped_iterations[2m.............:[0m [36m328[0m    [36;2m1.821764/s[0m
     http_req_blocked[2m...............:[0m avg=[36m289.79µs[0m min=[36m0s[0m med=[36m0s[0m      max=[36m1.06s[0m   p(90)=[36m0s[0m      p(95)=[36m0s[0m       p(99)=[36m1.19ms[0m  
     http_req_connecting[2m............:[0m avg=[36m289.56µs[0m min=[36m0s[0m med=[36m0s[0m      max=[36m1.06s[0m   p(90)=[36m0s[0m      p(95)=[36m0s[0m       p(99)=[36m1.16ms[0m  
     http_req_duration[2m..............:[0m avg=[36m22.33ms[0m  min=[36m0s[0m med=[36m14.77ms[0m max=[36m1.22s[0m   p(90)=[36m36.77ms[0m p(95)=[36m49.84ms[0m  p(99)=[36m267.09ms[0m
       { expected_response:true }[2m...:[0m avg=[36m22.2ms[0m   min=[36m0s[0m med=[36m14.87ms[0m max=[36m1.22s[0m   p(90)=[36m36.7ms[0m  p(95)=[36m49.52ms[0m  p(99)=[36m265.19ms[0m
     http_req_failed[2m................:[0m [36m1.31%[0m  [36;2m✓ 6765[0m        [36;2m✗ 505908[0m
     http_req_receiving[2m.............:[0m avg=[36m16.17µs[0m  min=[36m0s[0m med=[36m0s[0m      max=[36m13.3ms[0m  p(90)=[36m0s[0m      p(95)=[36m0s[0m       p(99)=[36m536.59µs[0m
     http_req_sending[2m...............:[0m avg=[36m849ns[0m    min=[36m0s[0m med=[36m0s[0m      max=[36m11.14ms[0m p(90)=[36m0s[0m      p(95)=[36m0s[0m       p(99)=[36m0s[0m      
     http_req_tls_handshaking[2m.......:[0m avg=[36m0s[0m       min=[36m0s[0m med=[36m0s[0m      max=[36m0s[0m      p(90)=[36m0s[0m      p(95)=[36m0s[0m       p(99)=[36m0s[0m      
     http_req_waiting[2m...............:[0m avg=[36m22.32ms[0m  min=[36m0s[0m med=[36m14.75ms[0m max=[36m1.22s[0m   p(90)=[36m36.75ms[0m p(95)=[36m49.82ms[0m  p(99)=[36m267.08ms[0m
     http_reqs[2m......................:[0m [36m512673[0m [36;2m2847.467649/s[0m
     iteration_duration[2m.............:[0m avg=[36m22.67ms[0m  min=[36m0s[0m med=[36m14.92ms[0m max=[36m1.29s[0m   p(90)=[36m37.15ms[0m p(95)=[36m50.37ms[0m  p(99)=[36m267.82ms[0m
     iterations[2m.....................:[0m [36m512673[0m [36;2m2847.467649/s[0m
     order_accepted_duration[2m........:[0m avg=[36m22.2ms[0m   min=[36m0s[0m med=[36m14.87ms[0m max=[36m1.22s[0m   p(90)=[36m36.7ms[0m  p(95)=[36m49.52ms[0m  p(99)=[36m265.19ms[0m
     order_rejected_duration[2m........:[0m avg=[36m32.24ms[0m  min=[36m0s[0m med=[36m5.85ms[0m  max=[36m1.13s[0m   p(90)=[36m55.01ms[0m p(95)=[36m260.35ms[0m p(99)=[36m364.52ms[0m
     orders_accepted[2m................:[0m [36m505908[0m [36;2m2809.89376/s[0m
     orders_rejected[2m................:[0m [36m6765[0m   [36;2m37.573889/s[0m
     vus[2m............................:[0m [36m121[0m    [36;2mmin=0[0m         [36;2mmax=364[0m 
     vus_max[2m........................:[0m [36m483[0m    [36;2mmin=300[0m       [36;2mmax=483[0m 