time="2026-09-30T18:33:20+09:00" level=info msg="[run] 시작 18:33:20 MODE=sync TAG=FLASH-warmup PROMOTION_ID=2" source=console
time="2026-09-30T18:33:20+09:00" level=info msg="[flash] 시도 18:33:25 ~ 18:34:20 (최고 초당 1000건), 관찰 끝 18:34:25" source=console
time="2026-09-30T18:34:25+09:00" level=info msg="[run] 종료 18:34:25 TAG=FLASH-warmup" source=console
     base_accepted[2m..................:[0m [36m2595[0m   [36;2m39.908464/s[0m
     base_accepted_duration[2m.........:[0m avg=[36m21.52ms[0m  min=[36m720.9µs[0m  med=[36m2.73ms[0m   max=[36m1.49s[0m   p(90)=[36m8.34ms[0m  p(95)=[36m12.39ms[0m  p(99)=[36m878.85ms[0m
     data_received[2m..................:[0m [36m7.6 MB[0m [36;2m117 kB/s[0m
     data_sent[2m......................:[0m [36m15 MB[0m  [36;2m235 kB/s[0m
     dropped_iterations[2m.............:[0m [36m6[0m      [36;2m0.092274/s[0m
     http_req_blocked[2m...............:[0m avg=[36m22.38µs[0m  min=[36m0s[0m       med=[36m0s[0m       max=[36m60.41ms[0m p(90)=[36m0s[0m      p(95)=[36m0s[0m       p(99)=[36m524.21µs[0m
     http_req_connecting[2m............:[0m avg=[36m21.81µs[0m  min=[36m0s[0m       med=[36m0s[0m       max=[36m57.88ms[0m p(90)=[36m0s[0m      p(95)=[36m0s[0m       p(99)=[36m523µs[0m   
     http_req_duration[2m..............:[0m avg=[36m3.22ms[0m   min=[36m0s[0m       med=[36m530.54µs[0m max=[36m1.49s[0m   p(90)=[36m5.98ms[0m  p(95)=[36m9.08ms[0m   p(99)=[36m20.11ms[0m 
       { expected_response:true }[2m...:[0m avg=[36m7.12ms[0m   min=[36m503.29µs[0m med=[36m3.02ms[0m   max=[36m1.49s[0m   p(90)=[36m10.12ms[0m p(95)=[36m14.85ms[0m  p(99)=[36m26.69ms[0m 
     http_req_failed[2m................:[0m [36m58.98%[0m [36;2m✓ 32491[0m      [36;2m✗ 22595[0m
     http_req_receiving[2m.............:[0m avg=[36m61.42µs[0m  min=[36m0s[0m       med=[36m0s[0m       max=[36m9.78ms[0m  p(90)=[36m0s[0m      p(95)=[36m516.2µs[0m  p(99)=[36m750.18µs[0m
     http_req_sending[2m...............:[0m avg=[36m1.32µs[0m   min=[36m0s[0m       med=[36m0s[0m       max=[36m2.6ms[0m   p(90)=[36m0s[0m      p(95)=[36m0s[0m       p(99)=[36m0s[0m      
     http_req_tls_handshaking[2m.......:[0m avg=[36m0s[0m       min=[36m0s[0m       med=[36m0s[0m       max=[36m0s[0m      p(90)=[36m0s[0m      p(95)=[36m0s[0m       p(99)=[36m0s[0m      
     http_req_waiting[2m...............:[0m avg=[36m3.15ms[0m   min=[36m0s[0m       med=[36m527µs[0m    max=[36m1.49s[0m   p(90)=[36m5.84ms[0m  p(95)=[36m8.96ms[0m   p(99)=[36m20.11ms[0m 
     http_reqs[2m......................:[0m [36m55086[0m  [36;2m847.166722/s[0m
     iteration_duration[2m.............:[0m avg=[36m3.27ms[0m   min=[36m0s[0m       med=[36m537.44µs[0m max=[36m1.5s[0m    p(90)=[36m6.08ms[0m  p(95)=[36m9.15ms[0m   p(99)=[36m20.11ms[0m 
     iterations[2m.....................:[0m [36m55086[0m  [36;2m847.166722/s[0m
     promo_sold_out[2m.................:[0m [36m32491[0m  [36;2m499.678575/s[0m
     promo_sold_out_duration[2m........:[0m avg=[36m508.05µs[0m min=[36m0s[0m       med=[36m513.59µs[0m max=[36m32.77ms[0m p(90)=[36m551.3µs[0m p(95)=[36m636.95µs[0m p(99)=[36m1.05ms[0m  
     promo_success[2m..................:[0m [36m20000[0m  [36;2m307.579683/s[0m
     promo_success_duration[2m.........:[0m avg=[36m5.25ms[0m   min=[36m503.29µs[0m med=[36m3.07ms[0m   max=[36m57.05ms[0m p(90)=[36m10.42ms[0m p(95)=[36m14.95ms[0m  p(99)=[36m25.46ms[0m 
     vus[2m............................:[0m [36m0[0m      [36;2mmin=0[0m        [36;2mmax=37[0m 
     vus_max[2m........................:[0m [36m556[0m    [36;2mmin=550[0m      [36;2mmax=556[0m