time="2026-09-26T22:17:19+09:00" level=info msg="[run] 시작 22:17:19 MODE=sync SCENARIO=saturate TAG=P1-p10" source=console
time="2026-09-26T22:20:19+09:00" level=info msg="[run] 종료 22:20:19 TAG=P1-p10" source=console
[32m     ✓ status is 200[0m
[32m     ✓ has order id[0m

     checks[2m.........................:[0m [36m100.00%[0m [36;2m✓ 850622[0m      [36;2m✗ 0[0m     
     data_received[2m..................:[0m [36m55 MB[0m   [36;2m307 kB/s[0m
     data_sent[2m......................:[0m [36m112 MB[0m  [36;2m620 kB/s[0m
     http_req_blocked[2m...............:[0m avg=[36m56.94µs[0m  min=[36m0s[0m     med=[36m0s[0m      max=[36m33.97ms[0m  p(90)=[36m0s[0m      p(95)=[36m0s[0m      p(99)=[36m843.37µs[0m
     http_req_connecting[2m............:[0m avg=[36m55.2µs[0m   min=[36m0s[0m     med=[36m0s[0m      max=[36m33.97ms[0m  p(90)=[36m0s[0m      p(95)=[36m0s[0m      p(99)=[36m586.84µs[0m
     http_req_duration[2m..............:[0m avg=[36m26.97ms[0m  min=[36m1.65ms[0m med=[36m25.91ms[0m max=[36m308.99ms[0m p(90)=[36m42.93ms[0m p(95)=[36m50.31ms[0m p(99)=[36m81.87ms[0m 
       { expected_response:true }[2m...:[0m avg=[36m26.97ms[0m  min=[36m1.65ms[0m med=[36m25.91ms[0m max=[36m308.99ms[0m p(90)=[36m42.93ms[0m p(95)=[36m50.31ms[0m p(99)=[36m81.87ms[0m 
     http_req_failed[2m................:[0m [36m0.00%[0m   [36;2m✓ 0[0m           [36;2m✗ 425311[0m
     http_req_receiving[2m.............:[0m avg=[36m137.98µs[0m min=[36m0s[0m     med=[36m0s[0m      max=[36m22.17ms[0m  p(90)=[36m504.1µs[0m p(95)=[36m921µs[0m   p(99)=[36m2.34ms[0m  
     http_req_sending[2m...............:[0m avg=[36m6.4µs[0m    min=[36m0s[0m     med=[36m0s[0m      max=[36m3.24ms[0m   p(90)=[36m0s[0m      p(95)=[36m0s[0m      p(99)=[36m399.88µs[0m
     http_req_tls_handshaking[2m.......:[0m avg=[36m0s[0m       min=[36m0s[0m     med=[36m0s[0m      max=[36m0s[0m       p(90)=[36m0s[0m      p(95)=[36m0s[0m      p(99)=[36m0s[0m      
     http_req_waiting[2m...............:[0m avg=[36m26.82ms[0m  min=[36m1.65ms[0m med=[36m25.75ms[0m max=[36m307.88ms[0m p(90)=[36m42.79ms[0m p(95)=[36m50.15ms[0m p(99)=[36m81.72ms[0m 
     http_reqs[2m......................:[0m [36m425311[0m  [36;2m2362.138454/s[0m
     iteration_duration[2m.............:[0m avg=[36m27.08ms[0m  min=[36m1.65ms[0m med=[36m25.99ms[0m max=[36m308.99ms[0m p(90)=[36m43.05ms[0m p(95)=[36m50.45ms[0m p(99)=[36m82.06ms[0m 
     iterations[2m.....................:[0m [36m425311[0m  [36;2m2362.138454/s[0m
     order_accepted_duration[2m........:[0m avg=[36m26.97ms[0m  min=[36m1.65ms[0m med=[36m25.91ms[0m max=[36m308.99ms[0m p(90)=[36m42.93ms[0m p(95)=[36m50.31ms[0m p(99)=[36m81.87ms[0m 
     orders_accepted[2m................:[0m [36m425311[0m  [36;2m2362.138454/s[0m
     vus[2m............................:[0m [36m64[0m      [36;2mmin=64[0m        [36;2mmax=64[0m  
     vus_max[2m........................:[0m [36m64[0m      [36;2mmin=64[0m        [36;2mmax=64[0m  