time="2026-09-27T15:19:09+09:00" level=info msg="[run] 시작 15:19:09 MODE=async SCENARIO=fixed TAG=P2-p10-k6" source=console
time="2026-09-27T15:22:09+09:00" level=info msg="[run] 종료 15:22:09 TAG=P2-p10-k6" source=console
[31m     ✗ status is 202
      ↳  59% — ✓ 287646 / ✗ 197777[0m
[31m     ✗ has sse location
      ↳  59% — ✓ 287646 / ✗ 197777[0m

     checks[2m.........................:[0m [36m59.25%[0m [36;2m✓ 575292[0m      [36;2m✗ 395554[0m
     data_received[2m..................:[0m [36m75 MB[0m  [36;2m418 kB/s[0m
     data_sent[2m......................:[0m [36m130 MB[0m [36;2m724 kB/s[0m
     dropped_iterations[2m.............:[0m [36m579[0m    [36;2m3.215423/s[0m
     http_req_blocked[2m...............:[0m avg=[36m6.75ms[0m   min=[36m0s[0m     med=[36m0s[0m      max=[36m227.68ms[0m p(90)=[36m21.9ms[0m  p(95)=[36m29.71ms[0m p(99)=[36m48.67ms[0m 
     http_req_connecting[2m............:[0m avg=[36m6.74ms[0m   min=[36m0s[0m     med=[36m0s[0m      max=[36m227.68ms[0m p(90)=[36m21.87ms[0m p(95)=[36m29.68ms[0m p(99)=[36m48.6ms[0m  
     http_req_duration[2m..............:[0m avg=[36m23.12ms[0m  min=[36m0s[0m     med=[36m19.45ms[0m max=[36m255.33ms[0m p(90)=[36m43.2ms[0m  p(95)=[36m53.48ms[0m p(99)=[36m77.92ms[0m 
       { expected_response:true }[2m...:[0m avg=[36m26.34ms[0m  min=[36m1.36ms[0m med=[36m22.69ms[0m max=[36m255.33ms[0m p(90)=[36m47.75ms[0m p(95)=[36m57.9ms[0m  p(99)=[36m81.8ms[0m  
     http_req_failed[2m................:[0m [36m40.74%[0m [36;2m✓ 197777[0m      [36;2m✗ 287646[0m
     http_req_receiving[2m.............:[0m avg=[36m134.33µs[0m min=[36m0s[0m     med=[36m0s[0m      max=[36m93.5ms[0m   p(90)=[36m511.9µs[0m p(95)=[36m994.1µs[0m p(99)=[36m2ms[0m     
     http_req_sending[2m...............:[0m avg=[36m41.45µs[0m  min=[36m0s[0m     med=[36m0s[0m      max=[36m161.58ms[0m p(90)=[36m0s[0m      p(95)=[36m0s[0m      p(99)=[36m1ms[0m     
     http_req_tls_handshaking[2m.......:[0m avg=[36m0s[0m       min=[36m0s[0m     med=[36m0s[0m      max=[36m0s[0m       p(90)=[36m0s[0m      p(95)=[36m0s[0m      p(99)=[36m0s[0m      
     http_req_waiting[2m...............:[0m avg=[36m22.94ms[0m  min=[36m0s[0m     med=[36m19.3ms[0m  max=[36m181.78ms[0m p(90)=[36m43.05ms[0m p(95)=[36m53.29ms[0m p(99)=[36m77.39ms[0m 
     http_reqs[2m......................:[0m [36m485423[0m [36;2m2695.752175/s[0m
     iteration_duration[2m.............:[0m avg=[36m29.95ms[0m  min=[36m0s[0m     med=[36m25.34ms[0m max=[36m346.57ms[0m p(90)=[36m55.99ms[0m p(95)=[36m68.97ms[0m p(99)=[36m101.45ms[0m
     iterations[2m.....................:[0m [36m485423[0m [36;2m2695.752175/s[0m
     order_accepted_duration[2m........:[0m avg=[36m26.34ms[0m  min=[36m1.36ms[0m med=[36m22.69ms[0m max=[36m255.33ms[0m p(90)=[36m47.75ms[0m p(95)=[36m57.9ms[0m  p(99)=[36m81.8ms[0m  
     order_rejected_duration[2m........:[0m avg=[36m18.43ms[0m  min=[36m0s[0m     med=[36m15.19ms[0m max=[36m208.18ms[0m p(90)=[36m34.69ms[0m p(95)=[36m43.41ms[0m p(99)=[36m67.69ms[0m 
     orders_accepted[2m................:[0m [36m287646[0m [36;2m1597.415718/s[0m
     orders_rejected[2m................:[0m [36m197777[0m [36;2m1098.336457/s[0m
     vus[2m............................:[0m [36m75[0m     [36;2mmin=7[0m         [36;2mmax=362[0m 
     vus_max[2m........................:[0m [36m413[0m    [36;2mmin=316[0m       [36;2mmax=413[0m 