time="2026-09-27T15:17:33+09:00" level=info msg="[run] 시작 15:17:33 MODE=async SCENARIO=fixed TAG=P2-p10-k6-warmup" source=console
time="2026-09-27T15:18:33+09:00" level=info msg="[run] 종료 15:18:33 TAG=P2-p10-k6-warmup" source=console
[31m     ✗ status is 202
      ↳  52% — ✓ 84250 / ✗ 76335[0m
[31m     ✗ has sse location
      ↳  52% — ✓ 84250 / ✗ 76335[0m

     checks[2m.........................:[0m [36m52.46%[0m [36;2m✓ 168500[0m      [36;2m✗ 152670[0m
     data_received[2m..................:[0m [36m25 MB[0m  [36;2m421 kB/s[0m
     data_sent[2m......................:[0m [36m43 MB[0m  [36;2m718 kB/s[0m
     dropped_iterations[2m.............:[0m [36m1416[0m   [36;2m23.585037/s[0m
     http_req_blocked[2m...............:[0m avg=[36m15.44ms[0m  min=[36m0s[0m     med=[36m0s[0m      max=[36m1.04s[0m    p(90)=[36m33.84ms[0m  p(95)=[36m61.28ms[0m  p(99)=[36m184.76ms[0m
     http_req_connecting[2m............:[0m avg=[36m15.42ms[0m  min=[36m0s[0m     med=[36m0s[0m      max=[36m1.04s[0m    p(90)=[36m33.77ms[0m  p(95)=[36m61.26ms[0m  p(99)=[36m184.67ms[0m
     http_req_duration[2m..............:[0m avg=[36m33.45ms[0m  min=[36m0s[0m     med=[36m21.08ms[0m max=[36m2.32s[0m    p(90)=[36m59.41ms[0m  p(95)=[36m104.52ms[0m p(99)=[36m239.56ms[0m
       { expected_response:true }[2m...:[0m avg=[36m31.6ms[0m   min=[36m1.44ms[0m med=[36m22.2ms[0m  max=[36m2.32s[0m    p(90)=[36m50.24ms[0m  p(95)=[36m71.46ms[0m  p(99)=[36m176.18ms[0m
     http_req_failed[2m................:[0m [36m47.53%[0m [36;2m✓ 76335[0m       [36;2m✗ 84250[0m 
     http_req_receiving[2m.............:[0m avg=[36m212.37µs[0m min=[36m0s[0m     med=[36m0s[0m      max=[36m20.25ms[0m  p(90)=[36m612.46µs[0m p(95)=[36m1.06ms[0m   p(99)=[36m3.43ms[0m  
     http_req_sending[2m...............:[0m avg=[36m68.62µs[0m  min=[36m0s[0m     med=[36m0s[0m      max=[36m39.33ms[0m  p(90)=[36m0s[0m       p(95)=[36m513.7µs[0m  p(99)=[36m1.51ms[0m  
     http_req_tls_handshaking[2m.......:[0m avg=[36m0s[0m       min=[36m0s[0m     med=[36m0s[0m      max=[36m0s[0m       p(90)=[36m0s[0m       p(95)=[36m0s[0m       p(99)=[36m0s[0m      
     http_req_waiting[2m...............:[0m avg=[36m33.17ms[0m  min=[36m0s[0m     med=[36m20.89ms[0m max=[36m2.32s[0m    p(90)=[36m58.71ms[0m  p(95)=[36m103.55ms[0m p(99)=[36m238.48ms[0m
     http_reqs[2m......................:[0m [36m160585[0m [36;2m2674.7197/s[0m
     iteration_duration[2m.............:[0m avg=[36m48.97ms[0m  min=[36m0s[0m     med=[36m27.73ms[0m max=[36m2.32s[0m    p(90)=[36m86.34ms[0m  p(95)=[36m166.56ms[0m p(99)=[36m396.46ms[0m
     iterations[2m.....................:[0m [36m160585[0m [36;2m2674.7197/s[0m
     order_accepted_duration[2m........:[0m avg=[36m31.6ms[0m   min=[36m1.44ms[0m med=[36m22.2ms[0m  max=[36m2.32s[0m    p(90)=[36m50.24ms[0m  p(95)=[36m71.46ms[0m  p(99)=[36m176.18ms[0m
     order_rejected_duration[2m........:[0m avg=[36m35.48ms[0m  min=[36m0s[0m     med=[36m19.51ms[0m max=[36m469.49ms[0m p(90)=[36m79.28ms[0m  p(95)=[36m132.3ms[0m  p(99)=[36m284.53ms[0m
     orders_accepted[2m................:[0m [36m84250[0m  [36;2m1403.276363/s[0m
     orders_rejected[2m................:[0m [36m76335[0m  [36;2m1271.443337/s[0m
     vus[2m............................:[0m [36m46[0m     [36;2mmin=10[0m        [36;2mmax=1015[0m
     vus_max[2m........................:[0m [36m1164[0m   [36;2mmin=403[0m       [36;2mmax=1164[0m