time="2026-09-29T12:05:03+09:00" level=info msg="[run] 시작 12:05:03 MODE=async SCENARIO=fixed TAG=ISO-2000" source=console
time="2026-09-29T12:08:03+09:00" level=info msg="[run] 종료 12:08:03 TAG=ISO-2000" source=console
[32m     ✓ status is 202[0m
[32m     ✓ has sse location[0m

     checks[2m.........................:[0m [36m100.00%[0m [36;2m✓ 720002[0m      [36;2m✗ 0[0m     
     data_received[2m..................:[0m [36m50 MB[0m   [36;2m278 kB/s[0m
     data_sent[2m......................:[0m [36m97 MB[0m   [36;2m537 kB/s[0m
     http_req_blocked[2m...............:[0m avg=[36m35.21µs[0m min=[36m0s[0m med=[36m0s[0m     max=[36m20.81ms[0m  p(90)=[36m0s[0m     p(95)=[36m0s[0m     p(99)=[36m509.4µs[0m
     http_req_connecting[2m............:[0m avg=[36m34.98µs[0m min=[36m0s[0m med=[36m0s[0m     max=[36m20.81ms[0m  p(90)=[36m0s[0m     p(95)=[36m0s[0m     p(99)=[36m508.7µs[0m
     http_req_duration[2m..............:[0m avg=[36m2.93ms[0m  min=[36m0s[0m med=[36m2.07ms[0m max=[36m102.95ms[0m p(90)=[36m5.4ms[0m  p(95)=[36m8.31ms[0m p(99)=[36m18.81ms[0m
       { expected_response:true }[2m...:[0m avg=[36m2.93ms[0m  min=[36m0s[0m med=[36m2.07ms[0m max=[36m102.95ms[0m p(90)=[36m5.4ms[0m  p(95)=[36m8.31ms[0m p(99)=[36m18.81ms[0m
     http_req_failed[2m................:[0m [36m0.00%[0m   [36;2m✓ 0[0m           [36;2m✗ 360001[0m
     http_req_receiving[2m.............:[0m avg=[36m18.02µs[0m min=[36m0s[0m med=[36m0s[0m     max=[36m8.09ms[0m   p(90)=[36m0s[0m     p(95)=[36m0s[0m     p(99)=[36m533µs[0m  
     http_req_sending[2m...............:[0m avg=[36m616ns[0m   min=[36m0s[0m med=[36m0s[0m     max=[36m3.75ms[0m   p(90)=[36m0s[0m     p(95)=[36m0s[0m     p(99)=[36m0s[0m     
     http_req_tls_handshaking[2m.......:[0m avg=[36m0s[0m      min=[36m0s[0m med=[36m0s[0m     max=[36m0s[0m       p(90)=[36m0s[0m     p(95)=[36m0s[0m     p(99)=[36m0s[0m     
     http_req_waiting[2m...............:[0m avg=[36m2.91ms[0m  min=[36m0s[0m med=[36m2.07ms[0m max=[36m102.95ms[0m p(90)=[36m5.37ms[0m p(95)=[36m8.29ms[0m p(99)=[36m18.8ms[0m 
     http_reqs[2m......................:[0m [36m360001[0m  [36;2m1999.690731/s[0m
     iteration_duration[2m.............:[0m avg=[36m3ms[0m     min=[36m0s[0m med=[36m2.08ms[0m max=[36m102.95ms[0m p(90)=[36m5.69ms[0m p(95)=[36m8.62ms[0m p(99)=[36m19.22ms[0m
     iterations[2m.....................:[0m [36m360001[0m  [36;2m1999.690731/s[0m
     order_accepted_duration[2m........:[0m avg=[36m2.93ms[0m  min=[36m0s[0m med=[36m2.07ms[0m max=[36m102.95ms[0m p(90)=[36m5.4ms[0m  p(95)=[36m8.31ms[0m p(99)=[36m18.81ms[0m
     orders_accepted[2m................:[0m [36m360001[0m  [36;2m1999.690731/s[0m
     vus[2m............................:[0m [36m2[0m       [36;2mmin=0[0m         [36;2mmax=27[0m  
     vus_max[2m........................:[0m [36m300[0m     [36;2mmin=300[0m       [36;2mmax=300[0m 