time="2026-09-29T12:03:27+09:00" level=info msg="[run] 시작 12:03:27 MODE=async SCENARIO=fixed TAG=S-warmup" source=console
time="2026-09-29T12:04:27+09:00" level=info msg="[run] 종료 12:04:27 TAG=S-warmup" source=console
[32m     ✓ status is 202[0m
[32m     ✓ has sse location[0m

     checks[2m.........................:[0m [36m100.00%[0m [36;2m✓ 179476[0m     [36;2m✗ 0[0m    
     data_received[2m..................:[0m [36m13 MB[0m   [36;2m208 kB/s[0m
     data_sent[2m......................:[0m [36m24 MB[0m   [36;2m402 kB/s[0m
     dropped_iterations[2m.............:[0m [36m263[0m     [36;2m4.382046/s[0m
     http_req_blocked[2m...............:[0m avg=[36m13.63µs[0m min=[36m0s[0m med=[36m0s[0m       max=[36m23.6ms[0m   p(90)=[36m0s[0m      p(95)=[36m0s[0m      p(99)=[36m508.66µs[0m
     http_req_connecting[2m............:[0m avg=[36m13.12µs[0m min=[36m0s[0m med=[36m0s[0m       max=[36m23.6ms[0m   p(90)=[36m0s[0m      p(95)=[36m0s[0m      p(99)=[36m507.8µs[0m 
     http_req_duration[2m..............:[0m avg=[36m9.45ms[0m  min=[36m0s[0m med=[36m542.29µs[0m max=[36m587.89ms[0m p(90)=[36m11.83ms[0m p(95)=[36m40.26ms[0m p(99)=[36m219.79ms[0m
       { expected_response:true }[2m...:[0m avg=[36m9.45ms[0m  min=[36m0s[0m med=[36m542.29µs[0m max=[36m587.89ms[0m p(90)=[36m11.83ms[0m p(95)=[36m40.26ms[0m p(99)=[36m219.79ms[0m
     http_req_failed[2m................:[0m [36m0.00%[0m   [36;2m✓ 0[0m          [36;2m✗ 89738[0m
     http_req_receiving[2m.............:[0m avg=[36m13.48µs[0m min=[36m0s[0m med=[36m0s[0m       max=[36m7.05ms[0m   p(90)=[36m0s[0m      p(95)=[36m0s[0m      p(99)=[36m513.5µs[0m 
     http_req_sending[2m...............:[0m avg=[36m1.41µs[0m  min=[36m0s[0m med=[36m0s[0m       max=[36m2.14ms[0m   p(90)=[36m0s[0m      p(95)=[36m0s[0m      p(99)=[36m0s[0m      
     http_req_tls_handshaking[2m.......:[0m avg=[36m0s[0m      min=[36m0s[0m med=[36m0s[0m       max=[36m0s[0m       p(90)=[36m0s[0m      p(95)=[36m0s[0m      p(99)=[36m0s[0m      
     http_req_waiting[2m...............:[0m avg=[36m9.43ms[0m  min=[36m0s[0m med=[36m528.59µs[0m max=[36m587.89ms[0m p(90)=[36m11.79ms[0m p(95)=[36m40.26ms[0m p(99)=[36m219.79ms[0m
     http_reqs[2m......................:[0m [36m89738[0m   [36;2m1495.19407/s[0m
     iteration_duration[2m.............:[0m avg=[36m9.49ms[0m  min=[36m0s[0m med=[36m676µs[0m    max=[36m587.89ms[0m p(90)=[36m11.88ms[0m p(95)=[36m40.33ms[0m p(99)=[36m221.17ms[0m
     iterations[2m.....................:[0m [36m89738[0m   [36;2m1495.19407/s[0m
     order_accepted_duration[2m........:[0m avg=[36m9.45ms[0m  min=[36m0s[0m med=[36m542.29µs[0m max=[36m587.89ms[0m p(90)=[36m11.83ms[0m p(95)=[36m40.26ms[0m p(99)=[36m219.79ms[0m
     orders_accepted[2m................:[0m [36m89738[0m   [36;2m1495.19407/s[0m
     vus[2m............................:[0m [36m2[0m       [36;2mmin=0[0m        [36;2mmax=421[0m
     vus_max[2m........................:[0m [36m520[0m     [36;2mmin=342[0m      [36;2mmax=520[0m