time="2026-09-27T19:44:06+09:00" level=info msg="[run] 시작 19:44:06 MODE=async SCENARIO=fixed TAG=P2-p15-k15" source=console
time="2026-09-27T19:47:06+09:00" level=info msg="[run] 종료 19:47:06 TAG=P2-p15-k15" source=console
[31m     ✗ status is 202
      ↳  92% — ✓ 496872 / ✗ 42750[0m
[31m     ✗ has sse location
      ↳  92% — ✓ 496872 / ✗ 42750[0m

     checks[2m.........................:[0m [36m92.07%[0m [36;2m✓ 993744[0m     [36;2m✗ 85500[0m 
     data_received[2m..................:[0m [36m77 MB[0m  [36;2m426 kB/s[0m
     data_sent[2m......................:[0m [36m145 MB[0m [36;2m805 kB/s[0m
     dropped_iterations[2m.............:[0m [36m370[0m    [36;2m2.055165/s[0m
     http_req_blocked[2m...............:[0m avg=[36m635.51µs[0m min=[36m0s[0m med=[36m0s[0m     max=[36m131.26ms[0m p(90)=[36m0s[0m      p(95)=[36m4.34ms[0m  p(99)=[36m13.19ms[0m
     http_req_connecting[2m............:[0m avg=[36m634.07µs[0m min=[36m0s[0m med=[36m0s[0m     max=[36m131.26ms[0m p(90)=[36m0s[0m      p(95)=[36m4.32ms[0m  p(99)=[36m13.16ms[0m
     http_req_duration[2m..............:[0m avg=[36m8.08ms[0m   min=[36m0s[0m med=[36m6.07ms[0m max=[36m287.6ms[0m  p(90)=[36m14.19ms[0m p(95)=[36m19.19ms[0m p(99)=[36m43.19ms[0m
       { expected_response:true }[2m...:[0m avg=[36m8.08ms[0m   min=[36m0s[0m med=[36m6.2ms[0m  max=[36m287.6ms[0m  p(90)=[36m14.01ms[0m p(95)=[36m18.53ms[0m p(99)=[36m41.31ms[0m
     http_req_failed[2m................:[0m [36m7.92%[0m  [36;2m✓ 42750[0m      [36;2m✗ 496872[0m
     http_req_receiving[2m.............:[0m avg=[36m25.18µs[0m  min=[36m0s[0m med=[36m0s[0m     max=[36m14.31ms[0m  p(90)=[36m0s[0m      p(95)=[36m0s[0m      p(99)=[36m559.9µs[0m
     http_req_sending[2m...............:[0m avg=[36m3.61µs[0m   min=[36m0s[0m med=[36m0s[0m     max=[36m13.86ms[0m  p(90)=[36m0s[0m      p(95)=[36m0s[0m      p(99)=[36m0s[0m     
     http_req_tls_handshaking[2m.......:[0m avg=[36m0s[0m       min=[36m0s[0m med=[36m0s[0m     max=[36m0s[0m       p(90)=[36m0s[0m      p(95)=[36m0s[0m      p(99)=[36m0s[0m     
     http_req_waiting[2m...............:[0m avg=[36m8.05ms[0m   min=[36m0s[0m med=[36m6.04ms[0m max=[36m287.6ms[0m  p(90)=[36m14.15ms[0m p(95)=[36m19.15ms[0m p(99)=[36m43.14ms[0m
     http_reqs[2m......................:[0m [36m539622[0m [36;2m2997.33084/s[0m
     iteration_duration[2m.............:[0m avg=[36m8.77ms[0m   min=[36m0s[0m med=[36m6.34ms[0m max=[36m318.27ms[0m p(90)=[36m15.79ms[0m p(95)=[36m21.88ms[0m p(99)=[36m49.21ms[0m
     iterations[2m.....................:[0m [36m539622[0m [36;2m2997.33084/s[0m
     order_accepted_duration[2m........:[0m avg=[36m8.08ms[0m   min=[36m0s[0m med=[36m6.2ms[0m  max=[36m287.6ms[0m  p(90)=[36m14.01ms[0m p(95)=[36m18.53ms[0m p(99)=[36m41.31ms[0m
     order_rejected_duration[2m........:[0m avg=[36m8.08ms[0m   min=[36m0s[0m med=[36m3.65ms[0m max=[36m279.83ms[0m p(90)=[36m18.77ms[0m p(95)=[36m28.26ms[0m p(99)=[36m89.41ms[0m
     orders_accepted[2m................:[0m [36m496872[0m [36;2m2759.87593/s[0m
     orders_rejected[2m................:[0m [36m42750[0m  [36;2m237.45491/s[0m
     vus[2m............................:[0m [36m36[0m     [36;2mmin=2[0m        [36;2mmax=313[0m 
     vus_max[2m........................:[0m [36m508[0m    [36;2mmin=395[0m      [36;2mmax=508[0m 