time="2026-09-27T19:42:30+09:00" level=info msg="[run] 시작 19:42:30 MODE=async SCENARIO=fixed TAG=P2-p15-k15-warmup" source=console
time="2026-09-27T19:42:39+09:00" level=warning msg="Insufficient VUs, reached 4000 active VUs and cannot initialize more" executor=constant-arrival-rate scenario=orders
time="2026-09-27T19:43:30+09:00" level=info msg="[run] 종료 19:43:30 TAG=P2-p15-k15-warmup" source=console
[31m     ✗ status is 202
      ↳  83% — ✓ 135805 / ✗ 27436[0m
[31m     ✗ has sse location
      ↳  83% — ✓ 135805 / ✗ 27436[0m

     checks[2m.........................:[0m [36m83.19%[0m [36;2m✓ 271610[0m      [36;2m✗ 54872[0m 
     data_received[2m..................:[0m [36m24 MB[0m  [36;2m396 kB/s[0m
     data_sent[2m......................:[0m [36m44 MB[0m  [36;2m730 kB/s[0m
     dropped_iterations[2m.............:[0m [36m16759[0m  [36;2m279.144087/s[0m
     http_req_blocked[2m...............:[0m avg=[36m64.4ms[0m   min=[36m0s[0m med=[36m0s[0m      max=[36m3.04s[0m  p(90)=[36m42.93ms[0m  p(95)=[36m328.71ms[0m p(99)=[36m1.78s[0m 
     http_req_connecting[2m............:[0m avg=[36m64.39ms[0m  min=[36m0s[0m med=[36m0s[0m      max=[36m3.04s[0m  p(90)=[36m42.92ms[0m  p(95)=[36m328.71ms[0m p(99)=[36m1.78s[0m 
     http_req_duration[2m..............:[0m avg=[36m254.79ms[0m min=[36m0s[0m med=[36m8.56ms[0m  max=[36m2.55s[0m  p(90)=[36m1.13s[0m    p(95)=[36m2.05s[0m    p(99)=[36m2.36s[0m 
       { expected_response:true }[2m...:[0m avg=[36m250.79ms[0m min=[36m0s[0m med=[36m7.79ms[0m  max=[36m2.55s[0m  p(90)=[36m1.26s[0m    p(95)=[36m2.12s[0m    p(99)=[36m2.36s[0m 
     http_req_failed[2m................:[0m [36m16.80%[0m [36;2m✓ 27436[0m       [36;2m✗ 135805[0m
     http_req_receiving[2m.............:[0m avg=[36m65.08µs[0m  min=[36m0s[0m med=[36m0s[0m      max=[36m8.97ms[0m p(90)=[36m0s[0m       p(95)=[36m523.8µs[0m  p(99)=[36m1.49ms[0m
     http_req_sending[2m...............:[0m avg=[36m13.76µs[0m  min=[36m0s[0m med=[36m0s[0m      max=[36m8.84ms[0m p(90)=[36m0s[0m       p(95)=[36m0s[0m       p(99)=[36m533µs[0m 
     http_req_tls_handshaking[2m.......:[0m avg=[36m0s[0m       min=[36m0s[0m med=[36m0s[0m      max=[36m0s[0m     p(90)=[36m0s[0m       p(95)=[36m0s[0m       p(99)=[36m0s[0m    
     http_req_waiting[2m...............:[0m avg=[36m254.71ms[0m min=[36m0s[0m med=[36m8.52ms[0m  max=[36m2.55s[0m  p(90)=[36m1.13s[0m    p(95)=[36m2.05s[0m    p(99)=[36m2.36s[0m 
     http_reqs[2m......................:[0m [36m163241[0m [36;2m2719.002324/s[0m
     iteration_duration[2m.............:[0m avg=[36m319.25ms[0m min=[36m0s[0m med=[36m9.16ms[0m  max=[36m4.72s[0m  p(90)=[36m1.35s[0m    p(95)=[36m2.18s[0m    p(99)=[36m3.68s[0m 
     iterations[2m.....................:[0m [36m163241[0m [36;2m2719.002324/s[0m
     order_accepted_duration[2m........:[0m avg=[36m250.79ms[0m min=[36m0s[0m med=[36m7.79ms[0m  max=[36m2.55s[0m  p(90)=[36m1.26s[0m    p(95)=[36m2.12s[0m    p(99)=[36m2.36s[0m 
     order_rejected_duration[2m........:[0m avg=[36m274.58ms[0m min=[36m0s[0m med=[36m51.29ms[0m max=[36m2.48s[0m  p(90)=[36m937.56ms[0m p(95)=[36m1.59s[0m    p(99)=[36m2.16s[0m 
     orders_accepted[2m................:[0m [36m135805[0m [36;2m2262.018185/s[0m
     orders_rejected[2m................:[0m [36m27436[0m  [36;2m456.984139/s[0m
     vus[2m............................:[0m [36m24[0m     [36;2mmin=5[0m         [36;2mmax=4000[0m
     vus_max[2m........................:[0m [36m4000[0m   [36;2mmin=415[0m       [36;2mmax=4000[0m