time="2026-09-30T11:07:46+09:00" level=info msg="[run] 시작 11:07:46 MODE=sync TAG=FLASH-warmup PROMOTION_ID=2" source=console
time="2026-09-30T11:07:46+09:00" level=info msg="[flash] 시도 11:07:51 ~ 11:08:46 (최고 초당 1000건), 관찰 끝 11:08:51" source=console
time="2026-09-30T11:08:51+09:00" level=info msg="[run] 종료 11:08:51 TAG=FLASH-warmup" source=console
     base_accepted[2m..................:[0m [36m2598[0m   [36;2m39.955791/s[0m
     base_accepted_duration[2m.........:[0m avg=[36m19.12ms[0m  min=[36m521µs[0m med=[36m2.65ms[0m   max=[36m1.34s[0m    p(90)=[36m9.28ms[0m   p(95)=[36m18.03ms[0m  p(99)=[36m711.99ms[0m
     data_received[2m..................:[0m [36m7.6 MB[0m [36;2m117 kB/s[0m
     data_sent[2m......................:[0m [36m15 MB[0m  [36;2m235 kB/s[0m
     dropped_iterations[2m.............:[0m [36m3[0m      [36;2m0.046138/s[0m
     http_req_blocked[2m...............:[0m avg=[36m16.81µs[0m  min=[36m0s[0m    med=[36m0s[0m       max=[36m39.42ms[0m  p(90)=[36m0s[0m       p(95)=[36m0s[0m       p(99)=[36m514.71µs[0m
     http_req_connecting[2m............:[0m avg=[36m15.88µs[0m  min=[36m0s[0m    med=[36m0s[0m       max=[36m39.42ms[0m  p(90)=[36m0s[0m       p(95)=[36m0s[0m       p(99)=[36m513.31µs[0m
     http_req_duration[2m..............:[0m avg=[36m3.76ms[0m   min=[36m0s[0m    med=[36m521.8µs[0m  max=[36m1.34s[0m    p(90)=[36m6.74ms[0m   p(95)=[36m14.49ms[0m  p(99)=[36m34.39ms[0m 
       { expected_response:true }[2m...:[0m avg=[36m8.43ms[0m   min=[36m503µs[0m med=[36m3.07ms[0m   max=[36m1.34s[0m    p(90)=[36m16.78ms[0m  p(95)=[36m26.05ms[0m  p(99)=[36m43.15ms[0m 
     http_req_failed[2m................:[0m [36m58.97%[0m [36;2m✓ 32491[0m      [36;2m✗ 22598[0m
     http_req_receiving[2m.............:[0m avg=[36m77.39µs[0m  min=[36m0s[0m    med=[36m0s[0m       max=[36m22.52ms[0m  p(90)=[36m506.4µs[0m  p(95)=[36m513.7µs[0m  p(99)=[36m713.53µs[0m
     http_req_sending[2m...............:[0m avg=[36m1.84µs[0m   min=[36m0s[0m    med=[36m0s[0m       max=[36m14.64ms[0m  p(90)=[36m0s[0m       p(95)=[36m0s[0m       p(99)=[36m0s[0m      
     http_req_tls_handshaking[2m.......:[0m avg=[36m0s[0m       min=[36m0s[0m    med=[36m0s[0m       max=[36m0s[0m       p(90)=[36m0s[0m       p(95)=[36m0s[0m       p(99)=[36m0s[0m      
     http_req_waiting[2m...............:[0m avg=[36m3.68ms[0m   min=[36m0s[0m    med=[36m520.2µs[0m  max=[36m1.34s[0m    p(90)=[36m6.53ms[0m   p(95)=[36m14.38ms[0m  p(99)=[36m34.39ms[0m 
     http_reqs[2m......................:[0m [36m55089[0m  [36;2m847.238099/s[0m
     iteration_duration[2m.............:[0m avg=[36m3.82ms[0m   min=[36m0s[0m    med=[36m523.9µs[0m  max=[36m1.35s[0m    p(90)=[36m6.91ms[0m   p(95)=[36m14.57ms[0m  p(99)=[36m34.41ms[0m 
     iterations[2m.....................:[0m [36m55089[0m  [36;2m847.238099/s[0m
     promo_sold_out[2m.................:[0m [36m32491[0m  [36;2m499.693461/s[0m
     promo_sold_out_duration[2m........:[0m avg=[36m524.43µs[0m min=[36m0s[0m    med=[36m511.29µs[0m max=[36m33.53ms[0m  p(90)=[36m534.59µs[0m p(95)=[36m611.25µs[0m p(99)=[36m1.03ms[0m  
     promo_success[2m..................:[0m [36m20000[0m  [36;2m307.588847/s[0m
     promo_success_duration[2m.........:[0m avg=[36m7.04ms[0m   min=[36m503µs[0m med=[36m3.23ms[0m   max=[36m142.72ms[0m p(90)=[36m17.51ms[0m  p(95)=[36m26.45ms[0m  p(99)=[36m41.81ms[0m 
     vus[2m............................:[0m [36m0[0m      [36;2mmin=0[0m        [36;2mmax=37[0m 
     vus_max[2m........................:[0m [36m553[0m    [36;2mmin=550[0m      [36;2mmax=553[0m