[2026-09-29T18:55:49.572+0900][0.006s] Using G1
[2026-09-29T18:55:50.472+0900][0.907s] GC(0) Pause Young (Normal) (G1 Evacuation Pause) 102M->5M(2048M) 4.899ms
[2026-09-29T18:55:50.880+0900][1.316s] GC(1) Pause Young (Concurrent Start) (Metadata GC Threshold) 104M->10M(2048M) 6.504ms
[2026-09-29T18:55:50.880+0900][1.316s] GC(2) Concurrent Mark Cycle
[2026-09-29T18:55:50.887+0900][1.322s] GC(2) Pause Remark 12M->12M(2048M) 1.525ms
[2026-09-29T18:55:50.887+0900][1.322s] GC(2) Pause Cleanup 12M->12M(2048M) 0.007ms
[2026-09-29T18:55:50.893+0900][1.327s] GC(2) Concurrent Mark Cycle 11.770ms
[2026-09-29T18:55:51.926+0900][2.360s] GC(3) Pause Young (Normal) (G1 Evacuation Pause) 130M->16M(2048M) 9.453ms
[2026-09-29T18:55:52.414+0900][2.850s] GC(4) Pause Young (Concurrent Start) (Metadata GC Threshold) 77M->18M(2048M) 5.482ms
[2026-09-29T18:55:52.414+0900][2.850s] GC(5) Concurrent Mark Cycle
[2026-09-29T18:55:52.428+0900][2.862s] GC(5) Pause Remark 20M->20M(2048M) 3.035ms
[2026-09-29T18:55:52.429+0900][2.865s] GC(5) Pause Cleanup 20M->20M(2048M) 0.096ms
[2026-09-29T18:55:52.431+0900][2.866s] GC(5) Concurrent Mark Cycle 16.599ms
[2026-09-29T18:55:54.010+0900][4.444s] GC(6) Pause Young (Concurrent Start) (Metadata GC Threshold) 192M->25M(2048M) 11.130ms
[2026-09-29T18:55:54.010+0900][4.444s] GC(7) Concurrent Mark Cycle
[2026-09-29T18:55:54.028+0900][4.463s] GC(7) Pause Remark 27M->27M(2048M) 4.239ms
[2026-09-29T18:55:54.029+0900][4.465s] GC(7) Pause Cleanup 27M->27M(2048M) 0.183ms
[2026-09-29T18:55:54.033+0900][4.469s] GC(7) Concurrent Mark Cycle 24.861ms
[2026-09-29T18:56:18.536+0900][28.971s] GC(8) Pause Young (Concurrent Start) (Metadata GC Threshold) 670M->66M(2048M) 25.482ms
[2026-09-29T18:56:18.536+0900][28.971s] GC(9) Concurrent Mark Cycle
[2026-09-29T18:56:18.566+0900][29.001s] GC(9) Pause Remark 76M->76M(2048M) 6.930ms
[2026-09-29T18:56:18.577+0900][29.011s] GC(9) Pause Cleanup 77M->77M(2048M) 0.179ms
[2026-09-29T18:56:18.585+0900][29.020s] GC(9) Concurrent Mark Cycle 48.913ms
[2026-09-29T18:56:19.356+0900][29.792s] GC(10) Pause Young (Normal) (G1 Evacuation Pause) 552M->236M(2048M) 92.426ms
[2026-09-29T18:56:19.415+0900][29.849s] GC(11) Pause Young (Normal) (G1 Evacuation Pause) 271M->251M(2048M) 34.180ms
[2026-09-29T18:56:19.510+0900][29.945s] GC(12) Pause Young (Normal) (G1 Evacuation Pause) 356M->291M(2048M) 29.375ms
[2026-09-29T18:56:19.644+0900][30.078s] GC(13) Pause Young (Normal) (G1 Evacuation Pause) 439M->348M(2048M) 39.736ms
[2026-09-29T18:56:19.788+0900][30.223s] GC(14) Pause Young (Normal) (G1 Evacuation Pause) 510M->413M(2048M) 42.177ms
[2026-09-29T18:56:20.018+0900][30.453s] GC(15) Pause Young (Normal) (G1 Evacuation Pause) 684M->488M(2048M) 46.273ms
[2026-09-29T18:56:20.297+0900][30.733s] GC(16) Pause Young (Normal) (G1 Evacuation Pause) 815M->590M(2048M) 66.737ms
[2026-09-29T18:56:20.550+0900][30.984s] GC(17) Pause Young (Normal) (G1 Evacuation Pause) 969M->685M(2048M) 64.326ms
[2026-09-29T18:56:20.818+0900][31.253s] GC(18) Pause Young (Normal) (G1 Evacuation Pause) 1049M->776M(2048M) 67.951ms
[2026-09-29T18:56:23.334+0900][33.769s] GC(19) Pause Young (Normal) (G1 Evacuation Pause) 1253M->822M(2048M) 51.079ms
[2026-09-29T18:56:25.940+0900][36.375s] GC(20) Pause Young (Normal) (G1 Evacuation Pause) 1431M->829M(2048M) 24.947ms
[2026-09-29T18:56:26.034+0900][36.468s] GC(21) Pause Young (Concurrent Start) (CodeCache GC Threshold) 857M->828M(2048M) 2.496ms
[2026-09-29T18:56:26.034+0900][36.468s] GC(22) Concurrent Mark Cycle
[2026-09-29T18:56:26.126+0900][36.564s] GC(22) Pause Remark 839M->258M(2048M) 29.304ms
[2026-09-29T18:56:26.214+0900][36.649s] GC(22) Pause Cleanup 278M->278M(2048M) 0.521ms
[2026-09-29T18:56:26.225+0900][36.661s] GC(22) Concurrent Mark Cycle 192.149ms
[2026-09-29T18:56:29.225+0900][39.660s] GC(23) Pause Young (Prepare Mixed) (G1 Evacuation Pause) 1056M->248M(2048M) 5.891ms
[2026-09-29T18:56:33.398+0900][43.833s] GC(24) Pause Young (Mixed) (G1 Evacuation Pause) 1468M->183M(2048M) 6.189ms
[2026-09-29T18:56:37.326+0900][47.762s] GC(25) Pause Young (Normal) (G1 Evacuation Pause) 1401M->185M(2048M) 7.718ms
[2026-09-29T18:56:41.251+0900][51.687s] GC(26) Pause Young (Normal) (G1 Evacuation Pause) 1400M->189M(2048M) 7.808ms
[2026-09-29T18:56:45.175+0900][55.609s] GC(27) Pause Young (Normal) (G1 Evacuation Pause) 1401M->191M(2048M) 8.483ms
[2026-09-29T18:56:49.086+0900][59.522s] GC(28) Pause Young (Normal) (G1 Evacuation Pause) 1401M->193M(2048M) 10.664ms
[2026-09-29T18:56:52.987+0900][63.423s] GC(29) Pause Young (Normal) (G1 Evacuation Pause) 1402M->198M(2048M) 10.973ms
[2026-09-29T18:56:56.874+0900][67.310s] GC(30) Pause Young (Normal) (G1 Evacuation Pause) 1402M->200M(2048M) 12.200ms
[2026-09-29T18:57:00.758+0900][71.194s] GC(31) Pause Young (Normal) (G1 Evacuation Pause) 1402M->202M(2048M) 13.797ms
[2026-09-29T18:57:04.637+0900][75.073s] GC(32) Pause Young (Normal) (G1 Evacuation Pause) 1402M->204M(2048M) 14.493ms
[2026-09-29T18:57:08.512+0900][78.947s] GC(33) Pause Young (Normal) (G1 Evacuation Pause) 1402M->207M(2048M) 15.657ms
[2026-09-29T18:57:12.372+0900][82.809s] GC(34) Pause Young (Normal) (G1 Evacuation Pause) 1402M->210M(2048M) 18.498ms
[2026-09-29T18:57:16.223+0900][86.659s] GC(35) Pause Young (Normal) (G1 Evacuation Pause) 1404M->214M(2048M) 18.343ms
[2026-09-29T19:02:15.981+0900][386.416s] GC(36) Pause Young (Normal) (G1 Evacuation Pause) 1404M->188M(2048M) 6.547ms
[2026-09-29T19:02:18.096+0900][388.532s] GC(37) Pause Young (Normal) (G1 Evacuation Pause) 1408M->189M(2048M) 5.406ms
[2026-09-29T19:02:20.122+0900][390.557s] GC(38) Pause Young (Normal) (G1 Evacuation Pause) 1407M->191M(2048M) 6.304ms
[2026-09-29T19:02:22.250+0900][392.686s] GC(39) Pause Young (Normal) (G1 Evacuation Pause) 1408M->194M(2048M) 6.720ms
[2026-09-29T19:02:24.259+0900][394.695s] GC(40) Pause Young (Normal) (G1 Evacuation Pause) 1408M->196M(2048M) 8.018ms
[2026-09-29T19:02:26.329+0900][396.764s] GC(41) Pause Young (Normal) (G1 Evacuation Pause) 1408M->199M(2048M) 8.979ms
[2026-09-29T19:02:28.431+0900][398.867s] GC(42) Pause Young (Normal) (G1 Evacuation Pause) 1408M->200M(2048M) 9.528ms
[2026-09-29T19:02:30.484+0900][400.920s] GC(43) Pause Young (Normal) (G1 Evacuation Pause) 1408M->204M(2048M) 10.401ms
[2026-09-29T19:02:32.592+0900][403.027s] GC(44) Pause Young (Normal) (G1 Evacuation Pause) 1408M->206M(2048M) 11.703ms
[2026-09-29T19:02:34.705+0900][405.141s] GC(45) Pause Young (Normal) (G1 Evacuation Pause) 1408M->208M(2048M) 12.568ms
[2026-09-29T19:02:36.856+0900][407.293s] GC(46) Pause Young (Normal) (G1 Evacuation Pause) 1409M->210M(2048M) 13.738ms
[2026-09-29T19:02:38.989+0900][409.424s] GC(47) Pause Young (Normal) (G1 Evacuation Pause) 1409M->213M(2048M) 14.247ms
[2026-09-29T19:02:41.178+0900][411.614s] GC(48) Pause Young (Normal) (G1 Evacuation Pause) 1409M->214M(2048M) 15.334ms
[2026-09-29T19:02:43.349+0900][413.785s] GC(49) Pause Young (Normal) (G1 Evacuation Pause) 1409M->217M(2048M) 16.431ms
[2026-09-29T19:02:45.545+0900][415.980s] GC(50) Pause Young (Normal) (G1 Evacuation Pause) 1409M->220M(2048M) 17.365ms
[2026-09-29T19:02:47.983+0900][418.418s] GC(51) Pause Young (Normal) (G1 Evacuation Pause) 1409M->223M(2048M) 19.786ms
[2026-09-29T19:02:50.180+0900][420.615s] GC(52) Pause Young (Normal) (G1 Evacuation Pause) 1412M->225M(2048M) 20.562ms
[2026-09-29T19:02:52.387+0900][422.822s] GC(53) Pause Young (Normal) (G1 Evacuation Pause) 1415M->228M(2048M) 18.972ms
[2026-09-29T19:02:54.622+0900][425.058s] GC(54) Pause Young (Normal) (G1 Evacuation Pause) 1418M->231M(2048M) 18.715ms
[2026-09-29T19:02:56.805+0900][427.240s] GC(55) Pause Young (Normal) (G1 Evacuation Pause) 1421M->233M(2048M) 18.724ms
[2026-09-29T19:02:59.017+0900][429.453s] GC(56) Pause Young (Normal) (G1 Evacuation Pause) 1423M->236M(2048M) 18.760ms
[2026-09-29T19:03:01.539+0900][431.975s] GC(57) Pause Young (Normal) (G1 Evacuation Pause) 1426M->242M(2048M) 20.961ms
[2026-09-29T19:03:03.698+0900][434.134s] GC(58) Pause Young (Normal) (G1 Evacuation Pause) 1429M->246M(2048M) 19.204ms
[2026-09-29T19:03:05.942+0900][436.378s] GC(59) Pause Young (Normal) (G1 Evacuation Pause) 1431M->248M(2048M) 18.933ms
[2026-09-29T19:03:08.162+0900][438.597s] GC(60) Pause Young (Normal) (G1 Evacuation Pause) 1434M->251M(2048M) 18.848ms
[2026-09-29T19:03:10.392+0900][440.828s] GC(61) Pause Young (Normal) (G1 Evacuation Pause) 1436M->254M(2048M) 19.751ms
[2026-09-29T19:03:12.592+0900][443.028s] GC(62) Pause Young (Normal) (G1 Evacuation Pause) 1439M->256M(2048M) 19.236ms
[2026-09-29T19:03:14.777+0900][445.213s] GC(63) Pause Young (Normal) (G1 Evacuation Pause) 1445M->264M(2048M) 20.948ms
[2026-09-29T19:03:17.133+0900][447.569s] GC(64) Pause Young (Normal) (G1 Evacuation Pause) 1448M->265M(2048M) 24.456ms
[2026-09-29T19:03:19.633+0900][450.068s] GC(65) Pause Young (Normal) (G1 Evacuation Pause) 1450M->274M(2048M) 23.535ms
[2026-09-29T19:03:21.830+0900][452.267s] GC(66) Pause Young (Normal) (G1 Evacuation Pause) 1453M->279M(2048M) 23.607ms
[2026-09-29T19:03:23.983+0900][454.418s] GC(67) Pause Young (Normal) (G1 Evacuation Pause) 1455M->282M(2048M) 23.059ms
[2026-09-29T19:03:26.525+0900][456.961s] GC(68) Pause Young (Normal) (G1 Evacuation Pause) 1458M->285M(2048M) 24.248ms
[2026-09-29T19:03:28.781+0900][459.217s] GC(69) Pause Young (Normal) (G1 Evacuation Pause) 1460M->292M(2048M) 21.707ms
[2026-09-29T19:03:30.942+0900][461.377s] GC(70) Pause Young (Normal) (G1 Evacuation Pause) 1462M->296M(2048M) 24.339ms
[2026-09-29T19:03:33.100+0900][463.536s] GC(71) Pause Young (Normal) (G1 Evacuation Pause) 1465M->299M(2048M) 22.305ms
[2026-09-29T19:03:35.459+0900][465.894s] GC(72) Pause Young (Normal) (G1 Evacuation Pause) 1468M->301M(2048M) 24.304ms
[2026-09-29T19:03:37.681+0900][468.117s] GC(73) Pause Young (Normal) (G1 Evacuation Pause) 1474M->303M(2048M) 23.374ms
[2026-09-29T19:03:40.104+0900][470.539s] GC(74) Pause Young (Normal) (G1 Evacuation Pause) 1477M->307M(2048M) 22.053ms
[2026-09-29T19:03:42.244+0900][472.680s] GC(75) Pause Young (Normal) (G1 Evacuation Pause) 1481M->308M(2048M) 22.460ms
[2026-09-29T19:03:44.399+0900][474.834s] GC(76) Pause Young (Normal) (G1 Evacuation Pause) 1483M->311M(2048M) 21.887ms
[2026-09-29T19:03:46.575+0900][477.011s] GC(77) Pause Young (Normal) (G1 Evacuation Pause) 1486M->315M(2048M) 22.642ms
[2026-09-29T19:03:48.746+0900][479.182s] GC(78) Pause Young (Normal) (G1 Evacuation Pause) 1489M->316M(2048M) 24.540ms
[2026-09-29T19:03:50.959+0900][481.394s] GC(79) Pause Young (Normal) (G1 Evacuation Pause) 1492M->318M(2048M) 20.919ms
[2026-09-29T19:03:53.157+0900][483.594s] GC(80) Pause Young (Normal) (G1 Evacuation Pause) 1494M->322M(2048M) 20.988ms
[2026-09-29T19:03:55.295+0900][485.731s] GC(81) Pause Young (Normal) (G1 Evacuation Pause) 1503M->325M(2048M) 20.782ms
[2026-09-29T19:03:57.572+0900][488.009s] GC(82) Pause Young (Normal) (G1 Evacuation Pause) 1509M->328M(2048M) 23.172ms
[2026-09-29T19:03:59.789+0900][490.226s] GC(83) Pause Young (Normal) (G1 Evacuation Pause) 1513M->331M(2048M) 21.027ms
[2026-09-29T19:04:01.956+0900][492.391s] GC(84) Pause Young (Normal) (G1 Evacuation Pause) 1517M->334M(2048M) 23.627ms
[2026-09-29T19:04:04.133+0900][494.568s] GC(85) Pause Young (Normal) (G1 Evacuation Pause) 1524M->337M(2048M) 21.081ms
[2026-09-29T19:04:06.368+0900][496.803s] GC(86) Pause Young (Normal) (G1 Evacuation Pause) 1528M->340M(2048M) 21.446ms
[2026-09-29T19:04:08.595+0900][499.029s] GC(87) Pause Young (Normal) (G1 Evacuation Pause) 1531M->343M(2048M) 21.049ms
[2026-09-29T19:04:10.936+0900][501.371s] GC(88) Pause Young (Normal) (G1 Evacuation Pause) 1533M->345M(2048M) 23.763ms
[2026-09-29T19:04:13.269+0900][503.704s] GC(89) Pause Young (Normal) (G1 Evacuation Pause) 1535M->348M(2048M) 23.473ms
[2026-09-29T19:04:15.663+0900][506.099s] GC(90) Pause Young (Normal) (G1 Evacuation Pause) 1544M->358M(2048M) 27.515ms
[2026-09-29T19:04:17.897+0900][508.334s] GC(91) Pause Young (Normal) (G1 Evacuation Pause) 1546M->360M(2048M) 25.457ms
[2026-09-29T19:04:20.230+0900][510.665s] GC(92) Pause Young (Normal) (G1 Evacuation Pause) 1548M->362M(2048M) 28.254ms
[2026-09-29T19:04:22.461+0900][512.896s] GC(93) Pause Young (Normal) (G1 Evacuation Pause) 1551M->365M(2048M) 25.437ms
[2026-09-29T19:04:24.667+0900][515.103s] GC(94) Pause Young (Normal) (G1 Evacuation Pause) 1553M->367M(2048M) 25.663ms
[2026-09-29T19:04:26.874+0900][517.311s] GC(95) Pause Young (Normal) (G1 Evacuation Pause) 1556M->371M(2048M) 25.619ms
[2026-09-29T19:04:29.043+0900][519.478s] GC(96) Pause Young (Normal) (G1 Evacuation Pause) 1559M->373M(2048M) 25.055ms
[2026-09-29T19:04:31.275+0900][521.710s] GC(97) Pause Young (Normal) (G1 Evacuation Pause) 1562M->376M(2048M) 25.965ms
[2026-09-29T19:04:33.479+0900][523.916s] GC(98) Pause Young (Normal) (G1 Evacuation Pause) 1564M->379M(2048M) 25.820ms
[2026-09-29T19:04:35.684+0900][526.120s] GC(99) Pause Young (Normal) (G1 Evacuation Pause) 1567M->381M(2048M) 25.742ms
[2026-09-29T19:04:37.882+0900][528.317s] GC(100) Pause Young (Normal) (G1 Evacuation Pause) 1569M->384M(2048M) 25.573ms
[2026-09-29T19:04:40.341+0900][530.776s] GC(101) Pause Young (Normal) (G1 Evacuation Pause) 1572M->386M(2048M) 28.033ms
[2026-09-29T19:04:42.537+0900][532.974s] GC(102) Pause Young (Normal) (G1 Evacuation Pause) 1574M->390M(2048M) 25.789ms
[2026-09-29T19:04:44.890+0900][535.326s] GC(103) Pause Young (Normal) (G1 Evacuation Pause) 1577M->392M(2048M) 25.289ms
[2026-09-29T19:04:47.086+0900][537.521s] GC(104) Pause Young (Normal) (G1 Evacuation Pause) 1580M->394M(2048M) 25.251ms
[2026-09-29T19:04:49.321+0900][539.755s] GC(105) Pause Young (Normal) (G1 Evacuation Pause) 1582M->397M(2048M) 28.820ms
[2026-09-29T19:04:51.516+0900][541.951s] GC(106) Pause Young (Normal) (G1 Evacuation Pause) 1587M->400M(2048M) 22.876ms
[2026-09-29T19:04:53.715+0900][544.151s] GC(107) Pause Young (Normal) (G1 Evacuation Pause) 1590M->402M(2048M) 22.882ms
[2026-09-29T19:04:56.268+0900][546.703s] GC(108) Pause Young (Normal) (G1 Evacuation Pause) 1592M->405M(2048M) 27.311ms
[2026-09-29T19:04:58.607+0900][549.043s] GC(109) Pause Young (Normal) (G1 Evacuation Pause) 1595M->413M(2048M) 22.763ms
[2026-09-29T19:05:00.801+0900][551.237s] GC(110) Pause Young (Normal) (G1 Evacuation Pause) 1598M->418M(2048M) 23.363ms
[2026-09-29T19:05:03.050+0900][553.487s] GC(111) Pause Young (Normal) (G1 Evacuation Pause) 1601M->421M(2048M) 22.986ms
[2026-09-29T19:05:05.228+0900][555.665s] GC(112) Pause Young (Normal) (G1 Evacuation Pause) 1603M->423M(2048M) 23.619ms
[2026-09-29T19:05:07.423+0900][557.859s] GC(113) Pause Young (Normal) (G1 Evacuation Pause) 1606M->426M(2048M) 23.516ms
[2026-09-29T19:05:09.611+0900][560.047s] GC(114) Pause Young (Normal) (G1 Evacuation Pause) 1608M->429M(2048M) 23.808ms
[2026-09-29T19:05:11.931+0900][562.368s] GC(115) Pause Young (Normal) (G1 Evacuation Pause) 1611M->431M(2048M) 23.623ms
[2026-09-29T19:05:14.297+0900][564.732s] GC(116) Pause Young (Normal) (G1 Evacuation Pause) 1614M->433M(2048M) 23.790ms
