time="2026-09-29T18:56:18+09:00" level=info msg="[run] 시작 18:56:18 MODE=async SCENARIO=fixed TAG=CAP-warmup" source=console
time="2026-09-29T18:57:18+09:00" level=info msg="[run] 종료 18:57:18 TAG=CAP-warmup" source=console
[31m     ✗ status is 202
      ↳  89% — ✓ 106732 / ✗ 12505[0m
[31m     ✗ has sse location
      ↳  89% — ✓ 106732 / ✗ 12505[0m

     checks[2m.........................:[0m [36m89.51%[0m [36;2m✓ 213464[0m      [36;2m✗ 25010[0m 
     data_received[2m..................:[0m [36m17 MB[0m  [36;2m281 kB/s[0m
     data_sent[2m......................:[0m [36m32 MB[0m  [36;2m533 kB/s[0m
     dropped_iterations[2m.............:[0m [36m765[0m    [36;2m12.743045/s[0m
     http_req_blocked[2m...............:[0m avg=[36m1.41ms[0m  min=[36m0s[0m med=[36m0s[0m      max=[36m3.06s[0m   p(90)=[36m0s[0m       p(95)=[36m0s[0m       p(99)=[36m3.49ms[0m  
     http_req_connecting[2m............:[0m avg=[36m1.41ms[0m  min=[36m0s[0m med=[36m0s[0m      max=[36m3.06s[0m   p(90)=[36m0s[0m       p(95)=[36m0s[0m       p(99)=[36m3.38ms[0m  
     http_req_duration[2m..............:[0m avg=[36m20.78ms[0m min=[36m0s[0m med=[36m4.41ms[0m  max=[36m1.81s[0m   p(90)=[36m47.57ms[0m  p(95)=[36m91.95ms[0m  p(99)=[36m294.28ms[0m
       { expected_response:true }[2m...:[0m avg=[36m14.8ms[0m  min=[36m0s[0m med=[36m4.24ms[0m  max=[36m1.81s[0m   p(90)=[36m24.94ms[0m  p(95)=[36m56.42ms[0m  p(99)=[36m225.55ms[0m
     http_req_failed[2m................:[0m [36m10.48%[0m [36;2m✓ 12505[0m       [36;2m✗ 106732[0m
     http_req_receiving[2m.............:[0m avg=[36m38.26µs[0m min=[36m0s[0m med=[36m0s[0m      max=[36m15.9ms[0m  p(90)=[36m0s[0m       p(95)=[36m508µs[0m    p(99)=[36m719.9µs[0m 
     http_req_sending[2m...............:[0m avg=[36m6.17µs[0m  min=[36m0s[0m med=[36m0s[0m      max=[36m42.99ms[0m p(90)=[36m0s[0m       p(95)=[36m0s[0m       p(99)=[36m0s[0m      
     http_req_tls_handshaking[2m.......:[0m avg=[36m0s[0m      min=[36m0s[0m med=[36m0s[0m      max=[36m0s[0m      p(90)=[36m0s[0m       p(95)=[36m0s[0m       p(99)=[36m0s[0m      
     http_req_waiting[2m...............:[0m avg=[36m20.73ms[0m min=[36m0s[0m med=[36m4.37ms[0m  max=[36m1.81s[0m   p(90)=[36m47.53ms[0m  p(95)=[36m91.88ms[0m  p(99)=[36m294.28ms[0m
     http_reqs[2m......................:[0m [36m119237[0m [36;2m1986.199289/s[0m
     iteration_duration[2m.............:[0m avg=[36m22.29ms[0m min=[36m0s[0m med=[36m4.52ms[0m  max=[36m3.1s[0m    p(90)=[36m47.88ms[0m  p(95)=[36m94.28ms[0m  p(99)=[36m318.94ms[0m
     iterations[2m.....................:[0m [36m119237[0m [36;2m1986.199289/s[0m
     order_accepted_duration[2m........:[0m avg=[36m14.8ms[0m  min=[36m0s[0m med=[36m4.24ms[0m  max=[36m1.81s[0m   p(90)=[36m24.94ms[0m  p(95)=[36m56.42ms[0m  p(99)=[36m225.55ms[0m
     order_rejected_duration[2m........:[0m avg=[36m71.76ms[0m min=[36m0s[0m med=[36m38.19ms[0m max=[36m1.61s[0m   p(90)=[36m157.26ms[0m p(95)=[36m261.44ms[0m p(99)=[36m499.35ms[0m
     orders_accepted[2m................:[0m [36m106732[0m [36;2m1777.896312/s[0m
     orders_rejected[2m................:[0m [36m12505[0m  [36;2m208.302977/s[0m
     vus[2m............................:[0m [36m9[0m      [36;2mmin=2[0m         [36;2mmax=557[0m 
     vus_max[2m........................:[0m [36m723[0m    [36;2mmin=331[0m       [36;2mmax=723[0m 