time="2026-09-26T22:36:23+09:00" level=info msg="[run] 시작 22:36:23 MODE=sync SCENARIO=saturate TAG=P1-p15-warmup" source=console
time="2026-09-26T22:37:23+09:00" level=info msg="[run] 종료 22:37:23 TAG=P1-p15-warmup" source=console
[32m     ✓ status is 200[0m
[32m     ✓ has order id[0m

     checks[2m.........................:[0m [36m100.00%[0m [36;2m✓ 255436[0m      [36;2m✗ 0[0m     
     data_received[2m..................:[0m [36m17 MB[0m   [36;2m277 kB/s[0m
     data_sent[2m......................:[0m [36m34 MB[0m   [36;2m558 kB/s[0m
     http_req_blocked[2m...............:[0m avg=[36m69.19µs[0m  min=[36m0s[0m     med=[36m0s[0m      max=[36m54.75ms[0m  p(90)=[36m0s[0m       p(95)=[36m0s[0m       p(99)=[36m878.74µs[0m
     http_req_connecting[2m............:[0m avg=[36m67.44µs[0m  min=[36m0s[0m     med=[36m0s[0m      max=[36m54.75ms[0m  p(90)=[36m0s[0m       p(95)=[36m0s[0m       p(99)=[36m655.3µs[0m 
     http_req_duration[2m..............:[0m avg=[36m29.94ms[0m  min=[36m2.52ms[0m med=[36m22.42ms[0m max=[36m1.34s[0m    p(90)=[36m49.34ms[0m  p(95)=[36m67.99ms[0m  p(99)=[36m163.08ms[0m
       { expected_response:true }[2m...:[0m avg=[36m29.94ms[0m  min=[36m2.52ms[0m med=[36m22.42ms[0m max=[36m1.34s[0m    p(90)=[36m49.34ms[0m  p(95)=[36m67.99ms[0m  p(99)=[36m163.08ms[0m
     http_req_failed[2m................:[0m [36m0.00%[0m   [36;2m✓ 0[0m           [36;2m✗ 127718[0m
     http_req_receiving[2m.............:[0m avg=[36m190.84µs[0m min=[36m0s[0m     med=[36m0s[0m      max=[36m260.39ms[0m p(90)=[36m504.49µs[0m p(95)=[36m910.71µs[0m p(99)=[36m2.58ms[0m  
     http_req_sending[2m...............:[0m avg=[36m6.87µs[0m   min=[36m0s[0m     med=[36m0s[0m      max=[36m8.29ms[0m   p(90)=[36m0s[0m       p(95)=[36m0s[0m       p(99)=[36m493.9µs[0m 
     http_req_tls_handshaking[2m.......:[0m avg=[36m0s[0m       min=[36m0s[0m     med=[36m0s[0m      max=[36m0s[0m       p(90)=[36m0s[0m       p(95)=[36m0s[0m       p(99)=[36m0s[0m      
     http_req_waiting[2m...............:[0m avg=[36m29.74ms[0m  min=[36m2.02ms[0m med=[36m22.28ms[0m max=[36m1.34s[0m    p(90)=[36m49.06ms[0m  p(95)=[36m67.7ms[0m   p(99)=[36m161.71ms[0m
     http_reqs[2m......................:[0m [36m127718[0m  [36;2m2126.549035/s[0m
     iteration_duration[2m.............:[0m avg=[36m30.06ms[0m  min=[36m2.52ms[0m med=[36m22.51ms[0m max=[36m1.34s[0m    p(90)=[36m49.54ms[0m  p(95)=[36m68.28ms[0m  p(99)=[36m163.23ms[0m
     iterations[2m.....................:[0m [36m127718[0m  [36;2m2126.549035/s[0m
     order_accepted_duration[2m........:[0m avg=[36m29.94ms[0m  min=[36m2.52ms[0m med=[36m22.42ms[0m max=[36m1.34s[0m    p(90)=[36m49.34ms[0m  p(95)=[36m67.99ms[0m  p(99)=[36m163.08ms[0m
     orders_accepted[2m................:[0m [36m127718[0m  [36;2m2126.549035/s[0m
     vus[2m............................:[0m [36m64[0m      [36;2mmin=64[0m        [36;2mmax=64[0m  
     vus_max[2m........................:[0m [36m64[0m      [36;2mmin=64[0m        [36;2mmax=64[0m  