time="2026-09-27T21:41:29+09:00" level=info msg="[run] 시작 21:41:29 MODE=async SCENARIO=fixed TAG=P2-p20-k20" source=console
time="2026-09-27T21:44:29+09:00" level=info msg="[run] 종료 21:44:29 TAG=P2-p20-k20" source=console
[31m     ✗ status is 202
      ↳  98% — ✓ 530427 / ✗ 9507[0m
[31m     ✗ has sse location
      ↳  98% — ✓ 530427 / ✗ 9507[0m

     checks[2m.........................:[0m [36m98.23%[0m [36;2m✓ 1060854[0m    [36;2m✗ 19014[0m 
     data_received[2m..................:[0m [36m76 MB[0m  [36;2m418 kB/s[0m
     data_sent[2m......................:[0m [36m145 MB[0m [36;2m803 kB/s[0m
     dropped_iterations[2m.............:[0m [36m66[0m     [36;2m0.365543/s[0m
     http_req_blocked[2m...............:[0m avg=[36m554.05µs[0m min=[36m0s[0m med=[36m0s[0m      max=[36m1.03s[0m    p(90)=[36m0s[0m      p(95)=[36m0s[0m      p(99)=[36m12.88ms[0m 
     http_req_connecting[2m............:[0m avg=[36m553.05µs[0m min=[36m0s[0m med=[36m0s[0m      max=[36m1.03s[0m    p(90)=[36m0s[0m      p(95)=[36m0s[0m      p(99)=[36m12.83ms[0m 
     http_req_duration[2m..............:[0m avg=[36m14.8ms[0m   min=[36m0s[0m med=[36m11.73ms[0m max=[36m1.13s[0m    p(90)=[36m25.35ms[0m p(95)=[36m31.45ms[0m p(99)=[36m50.63ms[0m 
       { expected_response:true }[2m...:[0m avg=[36m14.7ms[0m   min=[36m0s[0m med=[36m11.76ms[0m max=[36m1.13s[0m    p(90)=[36m25.31ms[0m p(95)=[36m31.34ms[0m p(99)=[36m49.56ms[0m 
     http_req_failed[2m................:[0m [36m1.76%[0m  [36;2m✓ 9507[0m       [36;2m✗ 530427[0m
     http_req_receiving[2m.............:[0m avg=[36m25.33µs[0m  min=[36m0s[0m med=[36m0s[0m      max=[36m15.49ms[0m  p(90)=[36m0s[0m      p(95)=[36m0s[0m      p(99)=[36m654.4µs[0m 
     http_req_sending[2m...............:[0m avg=[36m4.42µs[0m   min=[36m0s[0m med=[36m0s[0m      max=[36m16.23ms[0m  p(90)=[36m0s[0m      p(95)=[36m0s[0m      p(99)=[36m0s[0m      
     http_req_tls_handshaking[2m.......:[0m avg=[36m0s[0m       min=[36m0s[0m med=[36m0s[0m      max=[36m0s[0m       p(90)=[36m0s[0m      p(95)=[36m0s[0m      p(99)=[36m0s[0m      
     http_req_waiting[2m...............:[0m avg=[36m14.77ms[0m  min=[36m0s[0m med=[36m11.7ms[0m  max=[36m1.13s[0m    p(90)=[36m25.31ms[0m p(95)=[36m31.41ms[0m p(99)=[36m50.6ms[0m  
     http_reqs[2m......................:[0m [36m539934[0m [36;2m2990.4381/s[0m
     iteration_duration[2m.............:[0m avg=[36m15.42ms[0m  min=[36m0s[0m med=[36m11.89ms[0m max=[36m1.13s[0m    p(90)=[36m26.21ms[0m p(95)=[36m32.97ms[0m p(99)=[36m54.58ms[0m 
     iterations[2m.....................:[0m [36m539934[0m [36;2m2990.4381/s[0m
     order_accepted_duration[2m........:[0m avg=[36m14.7ms[0m   min=[36m0s[0m med=[36m11.76ms[0m max=[36m1.13s[0m    p(90)=[36m25.31ms[0m p(95)=[36m31.34ms[0m p(99)=[36m49.56ms[0m 
     order_rejected_duration[2m........:[0m avg=[36m20.37ms[0m  min=[36m0s[0m med=[36m8.91ms[0m  max=[36m576.45ms[0m p(90)=[36m28.82ms[0m p(95)=[36m48.56ms[0m p(99)=[36m262.88ms[0m
     orders_accepted[2m................:[0m [36m530427[0m [36;2m2937.78334/s[0m
     orders_rejected[2m................:[0m [36m9507[0m   [36;2m52.65476/s[0m
     vus[2m............................:[0m [36m76[0m     [36;2mmin=4[0m        [36;2mmax=236[0m 
     vus_max[2m........................:[0m [36m336[0m    [36;2mmin=300[0m      [36;2mmax=336[0m 