time="2026-09-28T22:23:32+09:00" level=info msg="[run] 시작 22:23:32 MODE=async SCENARIO=fixed TAG=P2-p20-k20" source=console
time="2026-09-28T22:26:33+09:00" level=info msg="[run] 종료 22:26:33 TAG=P2-p20-k20" source=console
[31m     ✗ status is 202
      ↳  99% — ✓ 482333 / ✗ 3636[0m
[31m     ✗ has sse location
      ↳  99% — ✓ 482333 / ✗ 3636[0m

     checks[2m.........................:[0m [36m99.25%[0m [36;2m✓ 964666[0m      [36;2m✗ 7272[0m  
     data_received[2m..................:[0m [36m68 MB[0m  [36;2m374 kB/s[0m
     data_sent[2m......................:[0m [36m131 MB[0m [36;2m722 kB/s[0m
     dropped_iterations[2m.............:[0m [36m34[0m     [36;2m0.188014/s[0m
     http_req_blocked[2m...............:[0m avg=[36m130.49µs[0m min=[36m0s[0m med=[36m0s[0m     max=[36m1.05s[0m    p(90)=[36m0s[0m      p(95)=[36m0s[0m      p(99)=[36m539.86µs[0m
     http_req_connecting[2m............:[0m avg=[36m130.22µs[0m min=[36m0s[0m med=[36m0s[0m     max=[36m1.05s[0m    p(90)=[36m0s[0m      p(95)=[36m0s[0m      p(99)=[36m534.26µs[0m
     http_req_duration[2m..............:[0m avg=[36m14.03ms[0m  min=[36m0s[0m med=[36m8.3ms[0m  max=[36m629.37ms[0m p(90)=[36m30.36ms[0m p(95)=[36m39.99ms[0m p(99)=[36m65.3ms[0m  
       { expected_response:true }[2m...:[0m avg=[36m13.98ms[0m  min=[36m0s[0m med=[36m8.31ms[0m max=[36m629.37ms[0m p(90)=[36m30.31ms[0m p(95)=[36m39.88ms[0m p(99)=[36m64.62ms[0m 
     http_req_failed[2m................:[0m [36m0.74%[0m  [36;2m✓ 3636[0m        [36;2m✗ 482333[0m
     http_req_receiving[2m.............:[0m avg=[36m15.65µs[0m  min=[36m0s[0m med=[36m0s[0m     max=[36m12.61ms[0m  p(90)=[36m0s[0m      p(95)=[36m0s[0m      p(99)=[36m534.59µs[0m
     http_req_sending[2m...............:[0m avg=[36m693ns[0m    min=[36m0s[0m med=[36m0s[0m     max=[36m8.52ms[0m   p(90)=[36m0s[0m      p(95)=[36m0s[0m      p(99)=[36m0s[0m      
     http_req_tls_handshaking[2m.......:[0m avg=[36m0s[0m       min=[36m0s[0m med=[36m0s[0m     max=[36m0s[0m       p(90)=[36m0s[0m      p(95)=[36m0s[0m      p(99)=[36m0s[0m      
     http_req_waiting[2m...............:[0m avg=[36m14.02ms[0m  min=[36m0s[0m med=[36m8.27ms[0m max=[36m629.37ms[0m p(90)=[36m30.34ms[0m p(95)=[36m39.99ms[0m p(99)=[36m65.28ms[0m 
     http_reqs[2m......................:[0m [36m485969[0m [36;2m2687.326437/s[0m
     iteration_duration[2m.............:[0m avg=[36m14.21ms[0m  min=[36m0s[0m med=[36m8.43ms[0m max=[36m1.09s[0m    p(90)=[36m30.56ms[0m p(95)=[36m40.22ms[0m p(99)=[36m65.84ms[0m 
     iterations[2m.....................:[0m [36m485969[0m [36;2m2687.326437/s[0m
     order_accepted_duration[2m........:[0m avg=[36m13.98ms[0m  min=[36m0s[0m med=[36m8.31ms[0m max=[36m629.37ms[0m p(90)=[36m30.31ms[0m p(95)=[36m39.88ms[0m p(99)=[36m64.62ms[0m 
     order_rejected_duration[2m........:[0m avg=[36m21.07ms[0m  min=[36m0s[0m med=[36m6.74ms[0m max=[36m297.46ms[0m p(90)=[36m42.11ms[0m p(95)=[36m60.09ms[0m p(99)=[36m252.3ms[0m 
     orders_accepted[2m................:[0m [36m482333[0m [36;2m2667.219971/s[0m
     orders_rejected[2m................:[0m [36m3636[0m   [36;2m20.106465/s[0m
     vus[2m............................:[0m [36m244[0m    [36;2mmin=4[0m         [36;2mmax=247[0m 
     vus_max[2m........................:[0m [36m311[0m    [36;2mmin=300[0m       [36;2mmax=311[0m 