[2026-09-27T22:00:05.338+0900][0.007s] Using G1
[2026-09-27T22:00:06.207+0900][0.879s] GC(0) Pause Young (Normal) (G1 Evacuation Pause) 102M->5M(2048M) 4.508ms
[2026-09-27T22:00:06.596+0900][1.267s] GC(1) Pause Young (Concurrent Start) (Metadata GC Threshold) 102M->10M(2048M) 5.852ms
[2026-09-27T22:00:06.596+0900][1.267s] GC(2) Concurrent Mark Cycle
[2026-09-27T22:00:06.603+0900][1.272s] GC(2) Pause Remark 12M->12M(2048M) 1.300ms
[2026-09-27T22:00:06.603+0900][1.272s] GC(2) Pause Cleanup 12M->12M(2048M) 0.006ms
[2026-09-27T22:00:06.609+0900][1.278s] GC(2) Concurrent Mark Cycle 10.668ms
[2026-09-27T22:00:07.586+0900][2.254s] GC(3) Pause Young (Normal) (G1 Evacuation Pause) 130M->16M(2048M) 11.202ms
[2026-09-27T22:00:08.054+0900][2.723s] GC(4) Pause Young (Concurrent Start) (Metadata GC Threshold) 75M->19M(2048M) 5.928ms
[2026-09-27T22:00:08.054+0900][2.723s] GC(5) Concurrent Mark Cycle
[2026-09-27T22:00:08.068+0900][2.737s] GC(5) Pause Remark 21M->21M(2048M) 3.466ms
[2026-09-27T22:00:08.070+0900][2.739s] GC(5) Pause Cleanup 21M->21M(2048M) 0.222ms
[2026-09-27T22:00:08.072+0900][2.741s] GC(5) Concurrent Mark Cycle 18.626ms
[2026-09-27T22:00:09.581+0900][4.252s] GC(6) Pause Young (Concurrent Start) (Metadata GC Threshold) 191M->27M(2048M) 10.364ms
[2026-09-27T22:00:09.584+0900][4.252s] GC(7) Concurrent Mark Cycle
[2026-09-27T22:00:09.600+0900][4.268s] GC(7) Pause Remark 28M->28M(2048M) 3.692ms
[2026-09-27T22:00:09.601+0900][4.271s] GC(7) Pause Cleanup 28M->28M(2048M) 0.166ms
[2026-09-27T22:00:09.604+0900][4.273s] GC(7) Concurrent Mark Cycle 20.993ms
[2026-09-27T22:00:34.300+0900][28.969s] GC(8) Pause Young (Concurrent Start) (Metadata GC Threshold) 698M->67M(2048M) 22.828ms
[2026-09-27T22:00:34.300+0900][28.969s] GC(9) Concurrent Mark Cycle
[2026-09-27T22:00:34.330+0900][28.999s] GC(9) Pause Remark 73M->73M(2048M) 5.440ms
[2026-09-27T22:00:34.338+0900][29.007s] GC(9) Pause Cleanup 73M->73M(2048M) 0.568ms
[2026-09-27T22:00:34.352+0900][29.020s] GC(9) Concurrent Mark Cycle 51.798ms
[2026-09-27T22:00:35.033+0900][29.702s] GC(10) Pause Young (Prepare Mixed) (G1 Evacuation Pause) 507M->214M(2048M) 84.965ms
[2026-09-27T22:00:35.090+0900][29.759s] GC(11) Pause Young (Mixed) (G1 Evacuation Pause) 253M->231M(2048M) 35.076ms
[2026-09-27T22:00:35.199+0900][29.868s] GC(12) Pause Young (Normal) (G1 Evacuation Pause) 328M->272M(2048M) 29.053ms
[2026-09-27T22:00:35.354+0900][30.023s] GC(13) Pause Young (Normal) (G1 Evacuation Pause) 450M->346M(2048M) 38.729ms
[2026-09-27T22:00:35.499+0900][30.171s] GC(14) Pause Young (Normal) (G1 Evacuation Pause) 529M->374M(2048M) 24.678ms
[2026-09-27T22:00:35.686+0900][30.355s] GC(15) Pause Young (Normal) (G1 Evacuation Pause) 649M->423M(2048M) 33.773ms
[2026-09-27T22:00:36.187+0900][30.856s] GC(16) Pause Young (Normal) (G1 Evacuation Pause) 745M->425M(2048M) 18.056ms
[2026-09-27T22:00:39.363+0900][34.032s] GC(17) Pause Young (Normal) (G1 Evacuation Pause) 943M->428M(2048M) 16.732ms
[2026-09-27T22:00:42.597+0900][37.267s] GC(18) Pause Young (Normal) (G1 Evacuation Pause) 1163M->433M(2048M) 14.853ms
[2026-09-27T22:00:44.522+0900][39.192s] GC(19) Pause Young (Concurrent Start) (CodeCache GC Threshold) 886M->434M(2048M) 13.289ms
[2026-09-27T22:00:44.522+0900][39.192s] GC(20) Concurrent Mark Cycle
[2026-09-27T22:00:44.659+0900][39.328s] GC(20) Pause Remark 459M->256M(2048M) 28.148ms
[2026-09-27T22:00:44.709+0900][39.379s] GC(20) Pause Cleanup 263M->263M(2048M) 0.404ms
[2026-09-27T22:00:44.717+0900][39.386s] GC(20) Concurrent Mark Cycle 194.635ms
[2026-09-27T22:00:49.280+0900][43.949s] GC(21) Pause Young (Prepare Mixed) (G1 Evacuation Pause) 1428M->232M(2048M) 18.176ms
[2026-09-27T22:00:52.165+0900][46.835s] GC(22) Pause Young (Mixed) (G1 Evacuation Pause) 1428M->227M(2048M) 14.883ms
[2026-09-27T22:00:54.587+0900][49.256s] GC(23) Pause Young (Normal) (G1 Evacuation Pause) 1411M->229M(2048M) 15.819ms
[2026-09-27T22:00:57.067+0900][51.737s] GC(24) Pause Young (Normal) (G1 Evacuation Pause) 1411M->232M(2048M) 17.273ms
[2026-09-27T22:00:59.510+0900][54.179s] GC(25) Pause Young (Normal) (G1 Evacuation Pause) 1412M->234M(2048M) 17.488ms
[2026-09-27T22:01:02.001+0900][56.671s] GC(26) Pause Young (Normal) (G1 Evacuation Pause) 1411M->236M(2048M) 18.531ms
[2026-09-27T22:01:04.531+0900][59.202s] GC(27) Pause Young (Normal) (G1 Evacuation Pause) 1413M->239M(2048M) 19.785ms
[2026-09-27T22:01:07.028+0900][61.698s] GC(28) Pause Young (Normal) (G1 Evacuation Pause) 1413M->241M(2048M) 21.414ms
[2026-09-27T22:01:09.569+0900][64.237s] GC(29) Pause Young (Normal) (G1 Evacuation Pause) 1412M->243M(2048M) 21.210ms
[2026-09-27T22:01:12.070+0900][66.740s] GC(30) Pause Young (Normal) (G1 Evacuation Pause) 1413M->245M(2048M) 21.968ms
[2026-09-27T22:01:14.599+0900][69.269s] GC(31) Pause Young (Normal) (G1 Evacuation Pause) 1412M->247M(2048M) 22.756ms
[2026-09-27T22:01:17.110+0900][71.779s] GC(32) Pause Young (Normal) (G1 Evacuation Pause) 1412M->250M(2048M) 24.294ms
[2026-09-27T22:01:19.652+0900][74.321s] GC(33) Pause Young (Normal) (G1 Evacuation Pause) 1432M->253M(2048M) 18.557ms
[2026-09-27T22:01:22.200+0900][76.869s] GC(34) Pause Young (Normal) (G1 Evacuation Pause) 1438M->259M(2048M) 16.523ms
[2026-09-27T22:01:24.728+0900][79.398s] GC(35) Pause Young (Normal) (G1 Evacuation Pause) 1444M->262M(2048M) 16.893ms
[2026-09-27T22:01:27.279+0900][81.947s] GC(36) Pause Young (Normal) (G1 Evacuation Pause) 1445M->264M(2048M) 17.874ms
[2026-09-27T22:01:29.778+0900][84.449s] GC(37) Pause Young (Normal) (G1 Evacuation Pause) 1447M->266M(2048M) 18.012ms
[2026-09-27T22:01:32.342+0900][87.012s] GC(38) Pause Young (Normal) (G1 Evacuation Pause) 1458M->269M(2048M) 17.895ms
[2026-09-27T22:02:11.971+0900][126.640s] GC(39) Pause Young (Normal) (G1 Evacuation Pause) 1461M->272M(2048M) 16.288ms
[2026-09-27T22:02:14.528+0900][129.198s] GC(40) Pause Young (Normal) (G1 Evacuation Pause) 1464M->274M(2048M) 16.166ms
[2026-09-27T22:02:16.966+0900][131.637s] GC(41) Pause Young (Normal) (G1 Evacuation Pause) 1466M->277M(2048M) 17.230ms
[2026-09-27T22:02:19.380+0900][134.049s] GC(42) Pause Young (Normal) (G1 Evacuation Pause) 1468M->279M(2048M) 18.827ms
[2026-09-27T22:02:21.823+0900][136.493s] GC(43) Pause Young (Normal) (G1 Evacuation Pause) 1471M->283M(2048M) 17.231ms
[2026-09-27T22:02:24.278+0900][138.947s] GC(44) Pause Young (Normal) (G1 Evacuation Pause) 1474M->284M(2048M) 17.986ms
[2026-09-27T22:02:26.858+0900][141.526s] GC(45) Pause Young (Normal) (G1 Evacuation Pause) 1475M->287M(2048M) 18.095ms
[2026-09-27T22:02:29.361+0900][144.030s] GC(46) Pause Young (Normal) (G1 Evacuation Pause) 1478M->289M(2048M) 18.625ms
[2026-09-27T22:02:31.887+0900][146.556s] GC(47) Pause Young (Normal) (G1 Evacuation Pause) 1480M->292M(2048M) 18.412ms
[2026-09-27T22:02:34.502+0900][149.171s] GC(48) Pause Young (Normal) (G1 Evacuation Pause) 1486M->297M(2048M) 20.419ms
[2026-09-27T22:02:37.075+0900][151.744s] GC(49) Pause Young (Normal) (G1 Evacuation Pause) 1488M->300M(2048M) 20.751ms
[2026-09-27T22:02:39.607+0900][154.277s] GC(50) Pause Young (Normal) (G1 Evacuation Pause) 1491M->303M(2048M) 19.616ms
[2026-09-27T22:02:42.161+0900][156.830s] GC(51) Pause Young (Normal) (G1 Evacuation Pause) 1493M->306M(2048M) 19.686ms
[2026-09-27T22:02:44.706+0900][159.375s] GC(52) Pause Young (Normal) (G1 Evacuation Pause) 1496M->307M(2048M) 20.037ms
[2026-09-27T22:02:47.219+0900][161.888s] GC(53) Pause Young (Normal) (G1 Evacuation Pause) 1498M->311M(2048M) 19.651ms
[2026-09-27T22:02:49.795+0900][164.465s] GC(54) Pause Young (Normal) (G1 Evacuation Pause) 1501M->312M(2048M) 20.003ms
[2026-09-27T22:02:52.328+0900][166.996s] GC(55) Pause Young (Normal) (G1 Evacuation Pause) 1504M->315M(2048M) 20.429ms
[2026-09-27T22:02:54.873+0900][169.542s] GC(56) Pause Young (Normal) (G1 Evacuation Pause) 1507M->318M(2048M) 19.692ms
[2026-09-27T22:02:57.416+0900][172.086s] GC(57) Pause Young (Normal) (G1 Evacuation Pause) 1509M->320M(2048M) 19.655ms
[2026-09-27T22:02:59.995+0900][174.664s] GC(58) Pause Young (Normal) (G1 Evacuation Pause) 1512M->322M(2048M) 22.546ms
[2026-09-27T22:03:02.573+0900][177.241s] GC(59) Pause Young (Normal) (G1 Evacuation Pause) 1514M->325M(2048M) 19.396ms
[2026-09-27T22:03:05.099+0900][179.768s] GC(60) Pause Young (Normal) (G1 Evacuation Pause) 1516M->328M(2048M) 19.654ms
[2026-09-27T22:03:07.691+0900][182.359s] GC(61) Pause Young (Normal) (G1 Evacuation Pause) 1519M->330M(2048M) 22.073ms
[2026-09-27T22:03:10.228+0900][184.897s] GC(62) Pause Young (Normal) (G1 Evacuation Pause) 1522M->332M(2048M) 19.670ms
[2026-09-27T22:03:12.686+0900][187.356s] GC(63) Pause Young (Normal) (G1 Evacuation Pause) 1523M->334M(2048M) 20.286ms
[2026-09-27T22:03:15.272+0900][189.941s] GC(64) Pause Young (Normal) (G1 Evacuation Pause) 1527M->338M(2048M) 18.734ms
[2026-09-27T22:03:17.775+0900][192.446s] GC(65) Pause Young (Normal) (G1 Evacuation Pause) 1530M->340M(2048M) 17.872ms
[2026-09-27T22:03:20.299+0900][194.968s] GC(66) Pause Young (Normal) (G1 Evacuation Pause) 1533M->342M(2048M) 21.699ms
[2026-09-27T22:03:22.829+0900][197.497s] GC(67) Pause Young (Normal) (G1 Evacuation Pause) 1535M->345M(2048M) 18.989ms
[2026-09-27T22:03:25.350+0900][200.019s] GC(68) Pause Young (Normal) (G1 Evacuation Pause) 1537M->347M(2048M) 21.057ms
[2026-09-27T22:03:27.887+0900][202.556s] GC(69) Pause Young (Normal) (G1 Evacuation Pause) 1540M->349M(2048M) 21.127ms
[2026-09-27T22:03:30.420+0900][205.089s] GC(70) Pause Young (Normal) (G1 Evacuation Pause) 1542M->352M(2048M) 18.972ms
[2026-09-27T22:03:33.074+0900][207.743s] GC(71) Pause Young (Normal) (G1 Evacuation Pause) 1545M->354M(2048M) 19.074ms
[2026-09-27T22:03:35.679+0900][210.347s] GC(72) Pause Young (Normal) (G1 Evacuation Pause) 1547M->357M(2048M) 18.612ms
[2026-09-27T22:03:38.218+0900][212.887s] GC(73) Pause Young (Normal) (G1 Evacuation Pause) 1549M->359M(2048M) 18.253ms
[2026-09-27T22:03:40.762+0900][215.431s] GC(74) Pause Young (Normal) (G1 Evacuation Pause) 1552M->362M(2048M) 18.975ms
[2026-09-27T22:03:43.309+0900][217.977s] GC(75) Pause Young (Normal) (G1 Evacuation Pause) 1554M->364M(2048M) 20.524ms
[2026-09-27T22:03:45.927+0900][220.596s] GC(76) Pause Young (Normal) (G1 Evacuation Pause) 1561M->373M(2048M) 22.200ms
[2026-09-27T22:03:48.477+0900][223.145s] GC(77) Pause Young (Normal) (G1 Evacuation Pause) 1564M->375M(2048M) 23.906ms
[2026-09-27T22:03:51.028+0900][225.697s] GC(78) Pause Young (Normal) (G1 Evacuation Pause) 1566M->377M(2048M) 23.221ms
[2026-09-27T22:03:53.564+0900][228.232s] GC(79) Pause Young (Normal) (G1 Evacuation Pause) 1569M->381M(2048M) 22.740ms
[2026-09-27T22:03:56.126+0900][230.796s] GC(80) Pause Young (Normal) (G1 Evacuation Pause) 1572M->383M(2048M) 25.934ms
[2026-09-27T22:03:58.715+0900][233.383s] GC(81) Pause Young (Normal) (G1 Evacuation Pause) 1574M->385M(2048M) 23.518ms
[2026-09-27T22:04:01.276+0900][235.945s] GC(82) Pause Young (Normal) (G1 Evacuation Pause) 1576M->388M(2048M) 23.672ms
[2026-09-27T22:04:03.868+0900][238.538s] GC(83) Pause Young (Normal) (G1 Evacuation Pause) 1579M->391M(2048M) 23.185ms
[2026-09-27T22:04:06.429+0900][241.099s] GC(84) Pause Young (Normal) (G1 Evacuation Pause) 1582M->392M(2048M) 23.943ms
[2026-09-27T22:04:09.050+0900][243.718s] GC(85) Pause Young (Normal) (G1 Evacuation Pause) 1584M->395M(2048M) 23.065ms
[2026-09-27T22:04:11.605+0900][246.274s] GC(86) Pause Young (Normal) (G1 Evacuation Pause) 1586M->398M(2048M) 22.973ms
[2026-09-27T22:04:14.203+0900][248.871s] GC(87) Pause Young (Normal) (G1 Evacuation Pause) 1589M->400M(2048M) 23.311ms
[2026-09-27T22:04:16.759+0900][251.428s] GC(88) Pause Young (Normal) (G1 Evacuation Pause) 1591M->402M(2048M) 22.777ms
[2026-09-27T22:04:19.404+0900][254.075s] GC(89) Pause Young (Normal) (G1 Evacuation Pause) 1593M->404M(2048M) 26.780ms
[2026-09-27T22:04:22.010+0900][256.678s] GC(90) Pause Young (Normal) (G1 Evacuation Pause) 1596M->407M(2048M) 23.613ms
[2026-09-27T22:04:24.680+0900][259.349s] GC(91) Pause Young (Normal) (G1 Evacuation Pause) 1598M->410M(2048M) 23.912ms
[2026-09-27T22:04:27.280+0900][261.949s] GC(92) Pause Young (Normal) (G1 Evacuation Pause) 1602M->412M(2048M) 20.820ms
[2026-09-27T22:04:29.878+0900][264.547s] GC(93) Pause Young (Normal) (G1 Evacuation Pause) 1605M->415M(2048M) 20.810ms
[2026-09-27T22:04:32.510+0900][267.178s] GC(94) Pause Young (Normal) (G1 Evacuation Pause) 1608M->418M(2048M) 20.767ms
[2026-09-27T22:04:35.076+0900][269.744s] GC(95) Pause Young (Normal) (G1 Evacuation Pause) 1611M->420M(2048M) 19.960ms
[2026-09-27T22:04:37.708+0900][272.376s] GC(96) Pause Young (Normal) (G1 Evacuation Pause) 1613M->422M(2048M) 20.210ms
[2026-09-27T22:04:40.311+0900][274.980s] GC(97) Pause Young (Normal) (G1 Evacuation Pause) 1615M->424M(2048M) 20.669ms
[2026-09-27T22:04:42.938+0900][277.606s] GC(98) Pause Young (Normal) (G1 Evacuation Pause) 1618M->426M(2048M) 20.278ms
[2026-09-27T22:04:45.592+0900][280.259s] GC(99) Pause Young (Normal) (G1 Evacuation Pause) 1620M->430M(2048M) 19.908ms
[2026-09-27T22:04:48.204+0900][282.873s] GC(100) Pause Young (Normal) (G1 Evacuation Pause) 1623M->432M(2048M) 21.314ms
[2026-09-27T22:04:50.840+0900][285.508s] GC(101) Pause Young (Normal) (G1 Evacuation Pause) 1625M->435M(2048M) 20.788ms
[2026-09-27T22:04:53.419+0900][288.089s] GC(102) Pause Young (Normal) (G1 Evacuation Pause) 1627M->437M(2048M) 20.541ms
[2026-09-27T22:04:56.069+0900][290.738s] GC(103) Pause Young (Normal) (G1 Evacuation Pause) 1630M->440M(2048M) 21.378ms
[2026-09-27T22:04:58.710+0900][293.377s] GC(104) Pause Young (Normal) (G1 Evacuation Pause) 1632M->442M(2048M) 20.570ms
[2026-09-27T22:05:01.337+0900][296.005s] GC(105) Pause Young (Normal) (G1 Evacuation Pause) 1635M->445M(2048M) 23.708ms
[2026-09-27T22:05:03.899+0900][298.569s] GC(106) Pause Young (Normal) (G1 Evacuation Pause) 1637M->446M(2048M) 20.993ms
[2026-09-27T22:05:06.478+0900][301.145s] GC(107) Pause Young (Normal) (G1 Evacuation Pause) 1640M->449M(2048M) 21.063ms
[2026-09-27T22:05:09.098+0900][303.766s] GC(108) Pause Young (Normal) (G1 Evacuation Pause) 1642M->451M(2048M) 21.679ms
