time="2026-09-27T22:00:33+09:00" level=info msg="[run] 시작 22:00:33 MODE=async SCENARIO=fixed TAG=P2-p15-k15-warmup" source=console
time="2026-09-27T22:01:33+09:00" level=info msg="[run] 종료 22:01:33 TAG=P2-p15-k15-warmup" source=console
[31m     ✗ status is 202
      ↳  75% — ✓ 133527 / ✗ 43848[0m
[31m     ✗ has sse location
      ↳  75% — ✓ 133527 / ✗ 43848[0m

     checks[2m.........................:[0m [36m75.27%[0m [36;2m✓ 267054[0m      [36;2m✗ 87696[0m 
     data_received[2m..................:[0m [36m26 MB[0m  [36;2m439 kB/s[0m
     data_sent[2m......................:[0m [36m48 MB[0m  [36;2m793 kB/s[0m
     dropped_iterations[2m.............:[0m [36m2627[0m   [36;2m43.742177/s[0m
     http_req_blocked[2m...............:[0m avg=[36m23.38ms[0m  min=[36m0s[0m med=[36m0s[0m      max=[36m7.04s[0m    p(90)=[36m30.79ms[0m  p(95)=[36m61.14ms[0m  p(99)=[36m1s[0m      
     http_req_connecting[2m............:[0m avg=[36m23.34ms[0m  min=[36m0s[0m med=[36m0s[0m      max=[36m7.04s[0m    p(90)=[36m30.59ms[0m  p(95)=[36m60.95ms[0m  p(99)=[36m1s[0m      
     http_req_duration[2m..............:[0m avg=[36m24.33ms[0m  min=[36m0s[0m med=[36m6.09ms[0m  max=[36m721.54ms[0m p(90)=[36m67.23ms[0m  p(95)=[36m111.43ms[0m p(99)=[36m261.65ms[0m
       { expected_response:true }[2m...:[0m avg=[36m12.66ms[0m  min=[36m0s[0m med=[36m5.06ms[0m  max=[36m696.93ms[0m p(90)=[36m22.41ms[0m  p(95)=[36m46.19ms[0m  p(99)=[36m167.26ms[0m
     http_req_failed[2m................:[0m [36m24.72%[0m [36;2m✓ 43848[0m       [36;2m✗ 133527[0m
     http_req_receiving[2m.............:[0m avg=[36m364.47µs[0m min=[36m0s[0m med=[36m0s[0m      max=[36m64.01ms[0m  p(90)=[36m1ms[0m      p(95)=[36m2.34ms[0m   p(99)=[36m6.01ms[0m  
     http_req_sending[2m...............:[0m avg=[36m144.48µs[0m min=[36m0s[0m med=[36m0s[0m      max=[36m38.3ms[0m   p(90)=[36m0s[0m       p(95)=[36m1ms[0m      p(99)=[36m3.1ms[0m   
     http_req_tls_handshaking[2m.......:[0m avg=[36m0s[0m       min=[36m0s[0m med=[36m0s[0m      max=[36m0s[0m       p(90)=[36m0s[0m       p(95)=[36m0s[0m       p(99)=[36m0s[0m      
     http_req_waiting[2m...............:[0m avg=[36m23.82ms[0m  min=[36m0s[0m med=[36m6.04ms[0m  max=[36m719.52ms[0m p(90)=[36m64.98ms[0m  p(95)=[36m109.29ms[0m p(99)=[36m261.2ms[0m 
     http_reqs[2m......................:[0m [36m177375[0m [36;2m2953.471123/s[0m
     iteration_duration[2m.............:[0m avg=[36m47.8ms[0m   min=[36m0s[0m med=[36m6.68ms[0m  max=[36m7.08s[0m    p(90)=[36m103.66ms[0m p(95)=[36m179.96ms[0m p(99)=[36m1.01s[0m   
     iterations[2m.....................:[0m [36m177375[0m [36;2m2953.471123/s[0m
     order_accepted_duration[2m........:[0m avg=[36m12.66ms[0m  min=[36m0s[0m med=[36m5.06ms[0m  max=[36m696.93ms[0m p(90)=[36m22.41ms[0m  p(95)=[36m46.19ms[0m  p(99)=[36m167.26ms[0m
     order_rejected_duration[2m........:[0m avg=[36m59.87ms[0m  min=[36m0s[0m med=[36m36.74ms[0m max=[36m721.54ms[0m p(90)=[36m139.12ms[0m p(95)=[36m199.17ms[0m p(99)=[36m406.18ms[0m
     orders_accepted[2m................:[0m [36m133527[0m [36;2m2223.358076/s[0m
     orders_rejected[2m................:[0m [36m43848[0m  [36;2m730.113048/s[0m
     vus[2m............................:[0m [36m9[0m      [36;2mmin=4[0m         [36;2mmax=1113[0m
     vus_max[2m........................:[0m [36m1299[0m   [36;2mmin=439[0m       [36;2mmax=1299[0m