time="2026-09-27T16:40:20+09:00" level=info msg="[run] 시작 16:40:20 MODE=async SCENARIO=fixed TAG=P2-p10-k4-warmup" source=console
time="2026-09-27T16:41:20+09:00" level=info msg="[run] 종료 16:41:20 TAG=P2-p10-k4-warmup" source=console
[31m     ✗ status is 202
      ↳  45% — ✓ 72531 / ✗ 88306[0m
[31m     ✗ has sse location
      ↳  45% — ✓ 72531 / ✗ 88306[0m

     checks[2m.........................:[0m [36m45.09%[0m [36;2m✓ 145062[0m      [36;2m✗ 176612[0m
     data_received[2m..................:[0m [36m26 MB[0m  [36;2m430 kB/s[0m
     data_sent[2m......................:[0m [36m43 MB[0m  [36;2m720 kB/s[0m
     dropped_iterations[2m.............:[0m [36m1164[0m   [36;2m19.390463/s[0m
     http_req_blocked[2m...............:[0m avg=[36m23.33ms[0m min=[36m0s[0m      med=[36m2.11ms[0m  max=[36m3.13s[0m    p(90)=[36m34.14ms[0m  p(95)=[36m96.61ms[0m  p(99)=[36m209.43ms[0m
     http_req_connecting[2m............:[0m avg=[36m23.32ms[0m min=[36m0s[0m      med=[36m2.11ms[0m  max=[36m3.13s[0m    p(90)=[36m34.07ms[0m  p(95)=[36m96.6ms[0m   p(99)=[36m209.4ms[0m 
     http_req_duration[2m..............:[0m avg=[36m26.42ms[0m min=[36m0s[0m      med=[36m10.84ms[0m max=[36m2.68s[0m    p(90)=[36m65.3ms[0m   p(95)=[36m121.46ms[0m p(99)=[36m186.31ms[0m
       { expected_response:true }[2m...:[0m avg=[36m21.85ms[0m min=[36m512.8µs[0m med=[36m10.62ms[0m max=[36m2.68s[0m    p(90)=[36m33.11ms[0m  p(95)=[36m60.27ms[0m  p(99)=[36m167.86ms[0m
     http_req_failed[2m................:[0m [36m54.90%[0m [36;2m✓ 88306[0m       [36;2m✗ 72531[0m 
     http_req_receiving[2m.............:[0m avg=[36m174µs[0m   min=[36m0s[0m      med=[36m0s[0m      max=[36m20.89ms[0m  p(90)=[36m534µs[0m    p(95)=[36m1ms[0m      p(99)=[36m3ms[0m     
     http_req_sending[2m...............:[0m avg=[36m55.05µs[0m min=[36m0s[0m      med=[36m0s[0m      max=[36m17.43ms[0m  p(90)=[36m0s[0m       p(95)=[36m506.4µs[0m  p(99)=[36m1.33ms[0m  
     http_req_tls_handshaking[2m.......:[0m avg=[36m0s[0m      min=[36m0s[0m      med=[36m0s[0m      max=[36m0s[0m       p(90)=[36m0s[0m       p(95)=[36m0s[0m       p(99)=[36m0s[0m      
     http_req_waiting[2m...............:[0m avg=[36m26.19ms[0m min=[36m0s[0m      med=[36m10.73ms[0m max=[36m2.68s[0m    p(90)=[36m64.59ms[0m  p(95)=[36m120.35ms[0m p(99)=[36m185.62ms[0m
     http_reqs[2m......................:[0m [36m160837[0m [36;2m2679.298831/s[0m
     iteration_duration[2m.............:[0m avg=[36m49.82ms[0m min=[36m0s[0m      med=[36m14.79ms[0m max=[36m3.29s[0m    p(90)=[36m101.15ms[0m p(95)=[36m224.32ms[0m p(99)=[36m443.58ms[0m
     iterations[2m.....................:[0m [36m160837[0m [36;2m2679.298831/s[0m
     order_accepted_duration[2m........:[0m avg=[36m21.85ms[0m min=[36m512.8µs[0m med=[36m10.62ms[0m max=[36m2.68s[0m    p(90)=[36m33.11ms[0m  p(95)=[36m60.27ms[0m  p(99)=[36m167.86ms[0m
     order_rejected_duration[2m........:[0m avg=[36m30.17ms[0m min=[36m0s[0m      med=[36m11.12ms[0m max=[36m490.92ms[0m p(90)=[36m93.17ms[0m  p(95)=[36m143.58ms[0m p(99)=[36m195.37ms[0m
     orders_accepted[2m................:[0m [36m72531[0m  [36;2m1208.255709/s[0m
     orders_rejected[2m................:[0m [36m88306[0m  [36;2m1471.043122/s[0m
     vus[2m............................:[0m [36m15[0m     [36;2mmin=8[0m         [36;2mmax=927[0m 
     vus_max[2m........................:[0m [36m998[0m    [36;2mmin=398[0m       [36;2mmax=998[0m 