time="2026-09-26T20:13:49+09:00" level=info msg="[run] 시작 20:13:48 MODE=sync SCENARIO=saturate TAG=P1-p15-warmup" source=console
time="2026-09-26T20:14:49+09:00" level=info msg="[run] 종료 20:14:49 TAG=P1-p15-warmup" source=console
[32m     ✓ status is 200[0m
[32m     ✓ has order id[0m

     checks[2m.........................:[0m [36m100.00%[0m [36;2m✓ 240596[0m      [36;2m✗ 0[0m     
     data_received[2m..................:[0m [36m16 MB[0m   [36;2m261 kB/s[0m
     data_sent[2m......................:[0m [36m32 MB[0m   [36;2m526 kB/s[0m
     http_req_blocked[2m...............:[0m avg=[36m95.43µs[0m  min=[36m0s[0m     med=[36m0s[0m      max=[36m286.8ms[0m  p(90)=[36m0s[0m      p(95)=[36m0s[0m      p(99)=[36m1.02ms[0m  
     http_req_connecting[2m............:[0m avg=[36m90.44µs[0m  min=[36m0s[0m     med=[36m0s[0m      max=[36m286.8ms[0m  p(90)=[36m0s[0m      p(95)=[36m0s[0m      p(99)=[36m584.15µs[0m
     http_req_duration[2m..............:[0m avg=[36m31.6ms[0m   min=[36m2.01ms[0m med=[36m22.04ms[0m max=[36m1.27s[0m    p(90)=[36m50.71ms[0m p(95)=[36m82.7ms[0m  p(99)=[36m218.45ms[0m
       { expected_response:true }[2m...:[0m avg=[36m31.6ms[0m   min=[36m2.01ms[0m med=[36m22.04ms[0m max=[36m1.27s[0m    p(90)=[36m50.71ms[0m p(95)=[36m82.7ms[0m  p(99)=[36m218.45ms[0m
     http_req_failed[2m................:[0m [36m0.00%[0m   [36;2m✓ 0[0m           [36;2m✗ 120298[0m
     http_req_receiving[2m.............:[0m avg=[36m221.47µs[0m min=[36m0s[0m     med=[36m0s[0m      max=[36m217.3ms[0m  p(90)=[36m505.6µs[0m p(95)=[36m729.4µs[0m p(99)=[36m1.51ms[0m  
     http_req_sending[2m...............:[0m avg=[36m22.96µs[0m  min=[36m0s[0m     med=[36m0s[0m      max=[36m139.56ms[0m p(90)=[36m0s[0m      p(95)=[36m0s[0m      p(99)=[36m524.6µs[0m 
     http_req_tls_handshaking[2m.......:[0m avg=[36m0s[0m       min=[36m0s[0m     med=[36m0s[0m      max=[36m0s[0m       p(90)=[36m0s[0m      p(95)=[36m0s[0m      p(99)=[36m0s[0m      
     http_req_waiting[2m...............:[0m avg=[36m31.36ms[0m  min=[36m1.72ms[0m med=[36m21.92ms[0m max=[36m1.26s[0m    p(90)=[36m50.35ms[0m p(95)=[36m81.05ms[0m p(99)=[36m215.91ms[0m
     http_reqs[2m......................:[0m [36m120298[0m  [36;2m2003.341993/s[0m
     iteration_duration[2m.............:[0m avg=[36m31.91ms[0m  min=[36m2.41ms[0m med=[36m22.21ms[0m max=[36m1.27s[0m    p(90)=[36m51.23ms[0m p(95)=[36m83.74ms[0m p(99)=[36m219.89ms[0m
     iterations[2m.....................:[0m [36m120298[0m  [36;2m2003.341993/s[0m
     order_accepted_duration[2m........:[0m avg=[36m31.6ms[0m   min=[36m2.01ms[0m med=[36m22.04ms[0m max=[36m1.27s[0m    p(90)=[36m50.71ms[0m p(95)=[36m82.7ms[0m  p(99)=[36m218.45ms[0m
     orders_accepted[2m................:[0m [36m120298[0m  [36;2m2003.341993/s[0m
     vus[2m............................:[0m [36m64[0m      [36;2mmin=64[0m        [36;2mmax=64[0m  
     vus_max[2m........................:[0m [36m64[0m      [36;2mmin=64[0m        [36;2mmax=64[0m  