time="2026-09-30T14:52:15+09:00" level=info msg="[run] 시작 14:52:15 MODE=sync TAG=FLASH-sync-ff-db-bucket PROMOTION_ID=1" source=console
time="2026-09-30T14:52:15+09:00" level=info msg="[flash] 시도 14:52:45 ~ 14:54:32 (최고 초당 3000건), 관찰 끝 14:59:32" source=console
time="2026-09-30T14:59:32+09:00" level=info msg="[run] 종료 14:59:32 TAG=FLASH-sync-ff-db-bucket" source=console
     base_accepted[2m..................:[0m [36m16694[0m  [36;2m38.199178/s[0m
     base_accepted_duration[2m.........:[0m avg=[36m9.94ms[0m   min=[36m0s[0m      med=[36m4.26ms[0m  max=[36m735.52ms[0m p(90)=[36m4.99ms[0m   p(95)=[36m26.82ms[0m  p(99)=[36m177.61ms[0m
     base_rejected[2m..................:[0m [36m787[0m    [36;2m1.800812/s[0m
     data_received[2m..................:[0m [36m35 MB[0m  [36;2m80 kB/s[0m
     data_sent[2m......................:[0m [36m70 MB[0m  [36;2m160 kB/s[0m
     http_req_blocked[2m...............:[0m avg=[36m24.96µs[0m  min=[36m0s[0m      med=[36m0s[0m      max=[36m28.38ms[0m  p(90)=[36m0s[0m       p(95)=[36m0s[0m       p(99)=[36m518µs[0m   
     http_req_connecting[2m............:[0m avg=[36m24.53µs[0m  min=[36m0s[0m      med=[36m0s[0m      max=[36m28.38ms[0m  p(90)=[36m0s[0m       p(95)=[36m0s[0m       p(99)=[36m517.29µs[0m
     http_req_duration[2m..............:[0m avg=[36m38.2ms[0m   min=[36m0s[0m      med=[36m10.73ms[0m max=[36m1.14s[0m    p(90)=[36m120.88ms[0m p(95)=[36m187.22ms[0m p(99)=[36m337.22ms[0m
       { expected_response:true }[2m...:[0m avg=[36m72.07ms[0m  min=[36m0s[0m      med=[36m33.61ms[0m max=[36m1.13s[0m    p(90)=[36m183.94ms[0m p(95)=[36m253.03ms[0m p(99)=[36m405.93ms[0m
     http_req_failed[2m................:[0m [36m53.31%[0m [36;2m✓ 133277[0m     [36;2m✗ 116694[0m
     http_req_receiving[2m.............:[0m avg=[36m118.33µs[0m min=[36m0s[0m      med=[36m0s[0m      max=[36m38.62ms[0m  p(90)=[36m0s[0m       p(95)=[36m548.79µs[0m p(99)=[36m3.31ms[0m  
     http_req_sending[2m...............:[0m avg=[36m935ns[0m    min=[36m0s[0m      med=[36m0s[0m      max=[36m2.66ms[0m   p(90)=[36m0s[0m       p(95)=[36m0s[0m       p(99)=[36m0s[0m      
     http_req_tls_handshaking[2m.......:[0m avg=[36m0s[0m       min=[36m0s[0m      med=[36m0s[0m      max=[36m0s[0m       p(90)=[36m0s[0m       p(95)=[36m0s[0m       p(99)=[36m0s[0m      
     http_req_waiting[2m...............:[0m avg=[36m38.08ms[0m  min=[36m0s[0m      med=[36m10.7ms[0m  max=[36m1.14s[0m    p(90)=[36m120.85ms[0m p(95)=[36m187.19ms[0m p(99)=[36m337.12ms[0m
     http_reqs[2m......................:[0m [36m249971[0m [36;2m571.983146/s[0m
     iteration_duration[2m.............:[0m avg=[36m38.25ms[0m  min=[36m0s[0m      med=[36m10.77ms[0m max=[36m1.14s[0m    p(90)=[36m120.9ms[0m  p(95)=[36m187.24ms[0m p(99)=[36m337.22ms[0m
     iterations[2m.....................:[0m [36m249971[0m [36;2m571.983146/s[0m
     promo_queue_full[2m...............:[0m [36m57117[0m  [36;2m130.695006/s[0m
     promo_queue_full_duration[2m......:[0m avg=[36m17.91ms[0m  min=[36m0s[0m      med=[36m9.58ms[0m  max=[36m1.14s[0m    p(90)=[36m24.86ms[0m  p(95)=[36m34.34ms[0m  p(99)=[36m267.15ms[0m
     promo_sold_out[2m.................:[0m [36m75373[0m  [36;2m172.468349/s[0m
     promo_sold_out_duration[2m........:[0m avg=[36m1.35ms[0m   min=[36m0s[0m      med=[36m1.03ms[0m  max=[36m647.5ms[0m  p(90)=[36m1.21ms[0m   p(95)=[36m1.53ms[0m   p(99)=[36m6.05ms[0m  
     promo_success[2m..................:[0m [36m100000[0m [36;2m228.819802/s[0m
     promo_success_duration[2m.........:[0m avg=[36m82.44ms[0m  min=[36m503.6µs[0m med=[36m45.84ms[0m max=[36m1.13s[0m    p(90)=[36m193.6ms[0m  p(95)=[36m268.12ms[0m p(99)=[36m418.65ms[0m
     vus[2m............................:[0m [36m0[0m      [36;2mmin=0[0m        [36;2mmax=358[0m 
     vus_max[2m........................:[0m [36m2050[0m   [36;2mmin=2050[0m     [36;2mmax=2050[0m