time="2026-09-30T14:50:49+09:00" level=info msg="[run] 시작 14:50:49 MODE=sync TAG=FLASH-warmup PROMOTION_ID=2" source=console
time="2026-09-30T14:50:49+09:00" level=info msg="[flash] 시도 14:50:54 ~ 14:51:49 (최고 초당 1000건), 관찰 끝 14:51:54" source=console
time="2026-09-30T14:51:54+09:00" level=info msg="[run] 종료 14:51:54 TAG=FLASH-warmup" source=console
     base_accepted[2m..................:[0m [36m2589[0m   [36;2m39.819387/s[0m
     base_accepted_duration[2m.........:[0m avg=[36m40.56ms[0m  min=[36m331.2µs[0m med=[36m2.45ms[0m   max=[36m2.15s[0m    p(90)=[36m43.62ms[0m  p(95)=[36m158.46ms[0m p(99)=[36m1.04s[0m   
     base_rejected[2m..................:[0m [36m3[0m      [36;2m0.046141/s[0m
     data_received[2m..................:[0m [36m7.6 MB[0m [36;2m117 kB/s[0m
     data_sent[2m......................:[0m [36m15 MB[0m  [36;2m235 kB/s[0m
     dropped_iterations[2m.............:[0m [36m19[0m     [36;2m0.292224/s[0m
     http_req_blocked[2m...............:[0m avg=[36m208.09µs[0m min=[36m0s[0m      med=[36m0s[0m       max=[36m1.01s[0m    p(90)=[36m0s[0m       p(95)=[36m0s[0m       p(99)=[36m535.25µs[0m
     http_req_connecting[2m............:[0m avg=[36m207.17µs[0m min=[36m0s[0m      med=[36m0s[0m       max=[36m1.01s[0m    p(90)=[36m0s[0m       p(95)=[36m0s[0m       p(99)=[36m529.88µs[0m
     http_req_duration[2m..............:[0m avg=[36m24.23ms[0m  min=[36m0s[0m      med=[36m1.1ms[0m    max=[36m2.18s[0m    p(90)=[36m41.17ms[0m  p(95)=[36m128.95ms[0m p(99)=[36m465.37ms[0m
       { expected_response:true }[2m...:[0m avg=[36m55.47ms[0m  min=[36m331.2µs[0m med=[36m6.52ms[0m   max=[36m2.18s[0m    p(90)=[36m146.14ms[0m p(95)=[36m227.12ms[0m p(99)=[36m786.3ms[0m 
     http_req_failed[2m................:[0m [36m58.98%[0m [36;2m✓ 32483[0m      [36;2m✗ 22589[0m
     http_req_receiving[2m.............:[0m avg=[36m362.32µs[0m min=[36m0s[0m      med=[36m0s[0m       max=[36m913.93ms[0m p(90)=[36m0s[0m       p(95)=[36m509.1µs[0m  p(99)=[36m741.5µs[0m 
     http_req_sending[2m...............:[0m avg=[36m1.29µs[0m   min=[36m0s[0m      med=[36m0s[0m       max=[36m2.66ms[0m   p(90)=[36m0s[0m       p(95)=[36m0s[0m       p(99)=[36m0s[0m      
     http_req_tls_handshaking[2m.......:[0m avg=[36m0s[0m       min=[36m0s[0m      med=[36m0s[0m       max=[36m0s[0m       p(90)=[36m0s[0m       p(95)=[36m0s[0m       p(99)=[36m0s[0m      
     http_req_waiting[2m...............:[0m avg=[36m23.87ms[0m  min=[36m0s[0m      med=[36m1.08ms[0m   max=[36m2.18s[0m    p(90)=[36m41.14ms[0m  p(95)=[36m128.09ms[0m p(99)=[36m460.33ms[0m
     http_reqs[2m......................:[0m [36m55072[0m  [36;2m847.019423/s[0m
     iteration_duration[2m.............:[0m avg=[36m24.48ms[0m  min=[36m0s[0m      med=[36m1.12ms[0m   max=[36m2.18s[0m    p(90)=[36m41.34ms[0m  p(95)=[36m129.17ms[0m p(99)=[36m467.15ms[0m
     iterations[2m.....................:[0m [36m55072[0m  [36;2m847.019423/s[0m
     promo_queue_full[2m...............:[0m [36m86[0m     [36;2m1.322699/s[0m
     promo_queue_full_duration[2m......:[0m avg=[36m551.79ms[0m min=[36m22.96ms[0m med=[36m479.71ms[0m max=[36m1.08s[0m    p(90)=[36m1.04s[0m    p(95)=[36m1.05s[0m    p(99)=[36m1.07s[0m   
     promo_sold_out[2m.................:[0m [36m32394[0m  [36;2m498.226815/s[0m
     promo_sold_out_duration[2m........:[0m avg=[36m992.8µs[0m  min=[36m0s[0m      med=[36m1.02ms[0m   max=[36m15.57ms[0m  p(90)=[36m1.13ms[0m   p(95)=[36m1.23ms[0m   p(99)=[36m1.67ms[0m  
     promo_success[2m..................:[0m [36m20000[0m  [36;2m307.604381/s[0m
     promo_success_duration[2m.........:[0m avg=[36m57.4ms[0m   min=[36m1.58ms[0m  med=[36m7.83ms[0m   max=[36m2.18s[0m    p(90)=[36m151.47ms[0m p(95)=[36m230.63ms[0m p(99)=[36m770.01ms[0m
     vus[2m............................:[0m [36m0[0m      [36;2mmin=0[0m        [36;2mmax=402[0m
     vus_max[2m........................:[0m [36m569[0m    [36;2mmin=550[0m      [36;2mmax=569[0m