time="2026-09-27T11:04:08+09:00" level=info msg="[run] 시작 11:04:08 MODE=async SCENARIO=fixed TAG=P2-p10-k6" source=console
time="2026-09-27T11:07:08+09:00" level=info msg="[run] 종료 11:07:08 TAG=P2-p10-k6" source=console
[31m     ✗ status is 202
      ↳  87% — ✓ 352660 / ✗ 52341[0m
[31m     ✗ has sse location
      ↳  87% — ✓ 352660 / ✗ 52341[0m

     checks[2m.........................:[0m [36m87.07%[0m [36;2m✓ 705320[0m      [36;2m✗ 104682[0m
     data_received[2m..................:[0m [36m58 MB[0m  [36;2m324 kB/s[0m
     data_sent[2m......................:[0m [36m109 MB[0m [36;2m604 kB/s[0m
     http_req_blocked[2m...............:[0m avg=[36m282.57µs[0m min=[36m0s[0m med=[36m0s[0m     max=[36m32.23ms[0m  p(90)=[36m1.02ms[0m p(95)=[36m1.92ms[0m  p(99)=[36m4.82ms[0m 
     http_req_connecting[2m............:[0m avg=[36m280.05µs[0m min=[36m0s[0m med=[36m0s[0m     max=[36m32.23ms[0m  p(90)=[36m1.01ms[0m p(95)=[36m1.9ms[0m   p(99)=[36m4.8ms[0m  
     http_req_duration[2m..............:[0m avg=[36m2.61ms[0m   min=[36m0s[0m med=[36m1.89ms[0m max=[36m320.95ms[0m p(90)=[36m4.66ms[0m p(95)=[36m6.39ms[0m  p(99)=[36m14.75ms[0m
       { expected_response:true }[2m...:[0m avg=[36m2.54ms[0m   min=[36m0s[0m med=[36m1.95ms[0m max=[36m320.95ms[0m p(90)=[36m4.56ms[0m p(95)=[36m6.03ms[0m  p(99)=[36m11.94ms[0m
     http_req_failed[2m................:[0m [36m12.92%[0m [36;2m✓ 52341[0m       [36;2m✗ 352660[0m
     http_req_receiving[2m.............:[0m avg=[36m30.01µs[0m  min=[36m0s[0m med=[36m0s[0m     max=[36m9.24ms[0m   p(90)=[36m0s[0m     p(95)=[36m323.9µs[0m p(99)=[36m621.1µs[0m
     http_req_sending[2m...............:[0m avg=[36m5.31µs[0m   min=[36m0s[0m med=[36m0s[0m     max=[36m11.84ms[0m  p(90)=[36m0s[0m     p(95)=[36m0s[0m      p(99)=[36m0s[0m     
     http_req_tls_handshaking[2m.......:[0m avg=[36m0s[0m       min=[36m0s[0m med=[36m0s[0m     max=[36m0s[0m       p(90)=[36m0s[0m     p(95)=[36m0s[0m      p(99)=[36m0s[0m     
     http_req_waiting[2m...............:[0m avg=[36m2.57ms[0m   min=[36m0s[0m med=[36m1.85ms[0m max=[36m320.95ms[0m p(90)=[36m4.62ms[0m p(95)=[36m6.33ms[0m  p(99)=[36m14.63ms[0m
     http_reqs[2m......................:[0m [36m405001[0m [36;2m2249.748193/s[0m
     iteration_duration[2m.............:[0m avg=[36m2.95ms[0m   min=[36m0s[0m med=[36m2.08ms[0m max=[36m324.45ms[0m p(90)=[36m5.37ms[0m p(95)=[36m7.6ms[0m   p(99)=[36m17.8ms[0m 
     iterations[2m.....................:[0m [36m405001[0m [36;2m2249.748193/s[0m
     order_accepted_duration[2m........:[0m avg=[36m2.54ms[0m   min=[36m0s[0m med=[36m1.95ms[0m max=[36m320.95ms[0m p(90)=[36m4.56ms[0m p(95)=[36m6.03ms[0m  p(99)=[36m11.94ms[0m
     order_rejected_duration[2m........:[0m avg=[36m3.08ms[0m   min=[36m0s[0m med=[36m1.42ms[0m max=[36m295.82ms[0m p(90)=[36m5.95ms[0m p(95)=[36m11.09ms[0m p(99)=[36m25.62ms[0m
     orders_accepted[2m................:[0m [36m352660[0m [36;2m1958.99812/s[0m
     orders_rejected[2m................:[0m [36m52341[0m  [36;2m290.750073/s[0m
     vus[2m............................:[0m [36m5[0m      [36;2mmin=0[0m         [36;2mmax=63[0m  
     vus_max[2m........................:[0m [36m300[0m    [36;2mmin=300[0m       [36;2mmax=300[0m 