time="2026-09-27T11:02:33+09:00" level=info msg="[run] 시작 11:02:33 MODE=async SCENARIO=fixed TAG=P2-p10-k6-warmup" source=console
time="2026-09-27T11:03:33+09:00" level=info msg="[run] 종료 11:03:33 TAG=P2-p10-k6-warmup" source=console
[31m     ✗ status is 202
      ↳  75% — ✓ 102104 / ✗ 32656[0m
[31m     ✗ has sse location
      ↳  75% — ✓ 102104 / ✗ 32656[0m

     checks[2m.........................:[0m [36m75.76%[0m [36;2m✓ 204208[0m      [36;2m✗ 65312[0m 
     data_received[2m..................:[0m [36m20 MB[0m  [36;2m333 kB/s[0m
     data_sent[2m......................:[0m [36m36 MB[0m  [36;2m603 kB/s[0m
     dropped_iterations[2m.............:[0m [36m240[0m    [36;2m3.998596/s[0m
     http_req_blocked[2m...............:[0m avg=[36m4.39ms[0m  min=[36m0s[0m med=[36m0s[0m      max=[36m1.04s[0m    p(90)=[36m9.49ms[0m  p(95)=[36m21.91ms[0m  p(99)=[36m76.76ms[0m 
     http_req_connecting[2m............:[0m avg=[36m4.39ms[0m  min=[36m0s[0m med=[36m0s[0m      max=[36m1.04s[0m    p(90)=[36m9.47ms[0m  p(95)=[36m21.9ms[0m   p(99)=[36m76.7ms[0m  
     http_req_duration[2m..............:[0m avg=[36m9.03ms[0m  min=[36m0s[0m med=[36m2.13ms[0m  max=[36m437.61ms[0m p(90)=[36m21.35ms[0m p(95)=[36m43.07ms[0m  p(99)=[36m111.44ms[0m
       { expected_response:true }[2m...:[0m avg=[36m4.86ms[0m  min=[36m0s[0m med=[36m1.86ms[0m  max=[36m437.61ms[0m p(90)=[36m8.2ms[0m   p(95)=[36m15.89ms[0m  p(99)=[36m62.71ms[0m 
     http_req_failed[2m................:[0m [36m24.23%[0m [36;2m✓ 32656[0m       [36;2m✗ 102104[0m
     http_req_receiving[2m.............:[0m avg=[36m77.21µs[0m min=[36m0s[0m med=[36m0s[0m      max=[36m14.33ms[0m  p(90)=[36m0s[0m      p(95)=[36m534.69µs[0m p(99)=[36m1.49ms[0m  
     http_req_sending[2m...............:[0m avg=[36m23.04µs[0m min=[36m0s[0m med=[36m0s[0m      max=[36m9.53ms[0m   p(90)=[36m0s[0m      p(95)=[36m0s[0m       p(99)=[36m686.24µs[0m
     http_req_tls_handshaking[2m.......:[0m avg=[36m0s[0m      min=[36m0s[0m med=[36m0s[0m      max=[36m0s[0m       p(90)=[36m0s[0m      p(95)=[36m0s[0m       p(99)=[36m0s[0m      
     http_req_waiting[2m...............:[0m avg=[36m8.93ms[0m  min=[36m0s[0m med=[36m2.11ms[0m  max=[36m437.61ms[0m p(90)=[36m21.03ms[0m p(95)=[36m42.29ms[0m  p(99)=[36m110.74ms[0m
     http_reqs[2m......................:[0m [36m134760[0m [36;2m2245.211628/s[0m
     iteration_duration[2m.............:[0m avg=[36m13.49ms[0m min=[36m0s[0m med=[36m2.33ms[0m  max=[36m1.08s[0m    p(90)=[36m32.62ms[0m p(95)=[36m63.32ms[0m  p(99)=[36m178.63ms[0m
     iterations[2m.....................:[0m [36m134760[0m [36;2m2245.211628/s[0m
     order_accepted_duration[2m........:[0m avg=[36m4.86ms[0m  min=[36m0s[0m med=[36m1.86ms[0m  max=[36m437.61ms[0m p(90)=[36m8.2ms[0m   p(95)=[36m15.89ms[0m  p(99)=[36m62.71ms[0m 
     order_rejected_duration[2m........:[0m avg=[36m22.1ms[0m  min=[36m0s[0m med=[36m10.41ms[0m max=[36m245.35ms[0m p(90)=[36m61.26ms[0m p(95)=[36m92.24ms[0m  p(99)=[36m149.08ms[0m
     orders_accepted[2m................:[0m [36m102104[0m [36;2m1701.136005/s[0m
     orders_rejected[2m................:[0m [36m32656[0m  [36;2m544.075623/s[0m
     vus[2m............................:[0m [36m5[0m      [36;2mmin=2[0m         [36;2mmax=245[0m 
     vus_max[2m........................:[0m [36m470[0m    [36;2mmin=391[0m       [36;2mmax=470[0m 