time="2026-09-26T21:57:10+09:00" level=info msg="[run] 시작 21:57:10 MODE=sync SCENARIO=saturate TAG=P1-p20" source=console
time="2026-09-26T22:00:10+09:00" level=info msg="[run] 종료 22:00:10 TAG=P1-p20" source=console
[32m     ✓ status is 200[0m
[32m     ✓ has order id[0m

     checks[2m.........................:[0m [36m100.00%[0m [36;2m✓ 849888[0m      [36;2m✗ 0[0m     
     data_received[2m..................:[0m [36m55 MB[0m   [36;2m307 kB/s[0m
     data_sent[2m......................:[0m [36m112 MB[0m  [36;2m620 kB/s[0m
     http_req_blocked[2m...............:[0m avg=[36m54.89µs[0m  min=[36m0s[0m     med=[36m0s[0m      max=[36m37.74ms[0m  p(90)=[36m0s[0m      p(95)=[36m0s[0m       p(99)=[36m746.7µs[0m 
     http_req_connecting[2m............:[0m avg=[36m53.18µs[0m  min=[36m0s[0m     med=[36m0s[0m      max=[36m37.74ms[0m  p(90)=[36m0s[0m      p(95)=[36m0s[0m       p(99)=[36m504.65µs[0m
     http_req_duration[2m..............:[0m avg=[36m26.99ms[0m  min=[36m2.75ms[0m med=[36m22.92ms[0m max=[36m841.47ms[0m p(90)=[36m37.51ms[0m p(95)=[36m47.84ms[0m  p(99)=[36m124.01ms[0m
       { expected_response:true }[2m...:[0m avg=[36m26.99ms[0m  min=[36m2.75ms[0m med=[36m22.92ms[0m max=[36m841.47ms[0m p(90)=[36m37.51ms[0m p(95)=[36m47.84ms[0m  p(99)=[36m124.01ms[0m
     http_req_failed[2m................:[0m [36m0.00%[0m   [36;2m✓ 0[0m           [36;2m✗ 424944[0m
     http_req_receiving[2m.............:[0m avg=[36m195.63µs[0m min=[36m0s[0m     med=[36m0s[0m      max=[36m291.29ms[0m p(90)=[36m505.6µs[0m p(95)=[36m860.06µs[0m p(99)=[36m2.54ms[0m  
     http_req_sending[2m...............:[0m avg=[36m6.77µs[0m   min=[36m0s[0m     med=[36m0s[0m      max=[36m4.77ms[0m   p(90)=[36m0s[0m      p(95)=[36m0s[0m       p(99)=[36m466.4µs[0m 
     http_req_tls_handshaking[2m.......:[0m avg=[36m0s[0m       min=[36m0s[0m     med=[36m0s[0m      max=[36m0s[0m       p(90)=[36m0s[0m      p(95)=[36m0s[0m       p(99)=[36m0s[0m      
     http_req_waiting[2m...............:[0m avg=[36m26.79ms[0m  min=[36m1.87ms[0m med=[36m22.77ms[0m max=[36m841.47ms[0m p(90)=[36m37.28ms[0m p(95)=[36m47.51ms[0m  p(99)=[36m122.44ms[0m
     http_reqs[2m......................:[0m [36m424944[0m  [36;2m2360.319615/s[0m
     iteration_duration[2m.............:[0m avg=[36m27.1ms[0m   min=[36m2.75ms[0m med=[36m23.01ms[0m max=[36m841.97ms[0m p(90)=[36m37.7ms[0m  p(95)=[36m48.04ms[0m  p(99)=[36m124.19ms[0m
     iterations[2m.....................:[0m [36m424944[0m  [36;2m2360.319615/s[0m
     order_accepted_duration[2m........:[0m avg=[36m26.99ms[0m  min=[36m2.75ms[0m med=[36m22.92ms[0m max=[36m841.47ms[0m p(90)=[36m37.51ms[0m p(95)=[36m47.84ms[0m  p(99)=[36m124.01ms[0m
     orders_accepted[2m................:[0m [36m424944[0m  [36;2m2360.319615/s[0m
     vus[2m............................:[0m [36m64[0m      [36;2mmin=64[0m        [36;2mmax=64[0m  
     vus_max[2m........................:[0m [36m64[0m      [36;2mmin=64[0m        [36;2mmax=64[0m  