time="2026-09-30T08:18:05+09:00" level=info msg="[run] 시작 08:18:05 MODE=sync TAG=FLASH-sync-ff-db-single PROMOTION_ID=1" source=console
time="2026-09-30T08:18:05+09:00" level=info msg="[flash] 시도 08:18:35 ~ 08:20:22 (최고 초당 3000건), 관찰 끝 08:25:22" source=console
time="2026-09-30T08:25:22+09:00" level=info msg="[run] 종료 08:25:22 TAG=FLASH-sync-ff-db-single" source=console
     base_accepted[2m..................:[0m [36m15483[0m  [36;2m35.428308/s[0m
     base_accepted_duration[2m.........:[0m avg=[36m12.71ms[0m  min=[36m0s[0m      med=[36m4.35ms[0m   max=[36m306.68ms[0m p(90)=[36m5.19ms[0m   p(95)=[36m97.25ms[0m  p(99)=[36m115.06ms[0m
     base_rejected[2m..................:[0m [36m1998[0m   [36;2m4.571837/s[0m
     data_received[2m..................:[0m [36m36 MB[0m  [36;2m82 kB/s[0m
     data_sent[2m......................:[0m [36m70 MB[0m  [36;2m160 kB/s[0m
     http_req_blocked[2m...............:[0m avg=[36m21.96µs[0m  min=[36m0s[0m      med=[36m0s[0m       max=[36m32.7ms[0m   p(90)=[36m0s[0m       p(95)=[36m0s[0m       p(99)=[36m535.65µs[0m
     http_req_connecting[2m............:[0m avg=[36m21.53µs[0m  min=[36m0s[0m      med=[36m0s[0m       max=[36m32.7ms[0m   p(90)=[36m0s[0m       p(95)=[36m0s[0m       p(99)=[36m530.39µs[0m
     http_req_duration[2m..............:[0m avg=[36m46.57ms[0m  min=[36m0s[0m      med=[36m2.45ms[0m   max=[36m675.54ms[0m p(90)=[36m117.37ms[0m p(95)=[36m130.45ms[0m p(99)=[36m219.67ms[0m
       { expected_response:true }[2m...:[0m avg=[36m99.32ms[0m  min=[36m0s[0m      med=[36m112.08ms[0m max=[36m675.54ms[0m p(90)=[36m134.23ms[0m p(95)=[36m209.69ms[0m p(99)=[36m288.49ms[0m
     http_req_failed[2m................:[0m [36m53.80%[0m [36;2m✓ 134487[0m     [36;2m✗ 115483[0m
     http_req_receiving[2m.............:[0m avg=[36m113.74µs[0m min=[36m0s[0m      med=[36m0s[0m       max=[36m10.32ms[0m  p(90)=[36m0s[0m       p(95)=[36m542.5µs[0m  p(99)=[36m3.3ms[0m   
     http_req_sending[2m...............:[0m avg=[36m1.1µs[0m    min=[36m0s[0m      med=[36m0s[0m       max=[36m8.33ms[0m   p(90)=[36m0s[0m       p(95)=[36m0s[0m       p(99)=[36m0s[0m      
     http_req_tls_handshaking[2m.......:[0m avg=[36m0s[0m       min=[36m0s[0m      med=[36m0s[0m       max=[36m0s[0m       p(90)=[36m0s[0m       p(95)=[36m0s[0m       p(99)=[36m0s[0m      
     http_req_waiting[2m...............:[0m avg=[36m46.45ms[0m  min=[36m0s[0m      med=[36m2.06ms[0m   max=[36m675.54ms[0m p(90)=[36m117.32ms[0m p(95)=[36m130.42ms[0m p(99)=[36m219.64ms[0m
     http_reqs[2m......................:[0m [36m249970[0m [36;2m571.983086/s[0m
     iteration_duration[2m.............:[0m avg=[36m46.62ms[0m  min=[36m0s[0m      med=[36m2.54ms[0m   max=[36m675.54ms[0m p(90)=[36m117.45ms[0m p(95)=[36m130.5ms[0m  p(99)=[36m219.74ms[0m
     iterations[2m.....................:[0m [36m249970[0m [36;2m571.983086/s[0m
     promo_queue_full[2m...............:[0m [36m120619[0m [36;2m276.001231/s[0m
     promo_queue_full_duration[2m......:[0m avg=[36m1.3ms[0m    min=[36m0s[0m      med=[36m909.7µs[0m  max=[36m36.9ms[0m   p(90)=[36m2.2ms[0m    p(95)=[36m3.22ms[0m   p(99)=[36m10.46ms[0m 
     promo_sold_out[2m.................:[0m [36m11870[0m  [36;2m27.161016/s[0m
     promo_sold_out_duration[2m........:[0m avg=[36m901.86µs[0m min=[36m0s[0m      med=[36m627.25µs[0m max=[36m59.12ms[0m  p(90)=[36m1.19ms[0m   p(95)=[36m1.42ms[0m   p(99)=[36m2.36ms[0m  
     promo_success[2m..................:[0m [36m100000[0m [36;2m228.820693/s[0m
     promo_success_duration[2m.........:[0m avg=[36m112.74ms[0m min=[36m735.7µs[0m med=[36m113.16ms[0m max=[36m675.54ms[0m p(90)=[36m155.02ms[0m p(95)=[36m211.06ms[0m p(99)=[36m298.93ms[0m
     vus[2m............................:[0m [36m0[0m      [36;2mmin=0[0m        [36;2mmax=142[0m 
     vus_max[2m........................:[0m [36m2050[0m   [36;2mmin=2050[0m     [36;2mmax=2050[0m