time="2026-09-30T08:16:39+09:00" level=info msg="[run] 시작 08:16:39 MODE=sync TAG=FLASH-warmup PROMOTION_ID=2" source=console
time="2026-09-30T08:16:39+09:00" level=info msg="[flash] 시도 08:16:44 ~ 08:17:39 (최고 초당 1000건), 관찰 끝 08:17:44" source=console
time="2026-09-30T08:17:44+09:00" level=info msg="[run] 종료 08:17:44 TAG=FLASH-warmup" source=console
     base_accepted[2m..................:[0m [36m2441[0m   [36;2m37.541263/s[0m
     base_accepted_duration[2m.........:[0m avg=[36m29.7ms[0m   min=[36m392.1µs[0m med=[36m2.51ms[0m  max=[36m1.28s[0m    p(90)=[36m54.98ms[0m  p(95)=[36m149.03ms[0m p(99)=[36m690.23ms[0m
     base_rejected[2m..................:[0m [36m159[0m    [36;2m2.445334/s[0m
     data_received[2m..................:[0m [36m7.7 MB[0m [36;2m118 kB/s[0m
     data_sent[2m......................:[0m [36m15 MB[0m  [36;2m235 kB/s[0m
     dropped_iterations[2m.............:[0m [36m1[0m      [36;2m0.015379/s[0m
     http_req_blocked[2m...............:[0m avg=[36m19.91µs[0m  min=[36m0s[0m      med=[36m0s[0m      max=[36m62.85ms[0m  p(90)=[36m0s[0m       p(95)=[36m0s[0m       p(99)=[36m521.21µs[0m
     http_req_connecting[2m............:[0m avg=[36m19.11µs[0m  min=[36m0s[0m      med=[36m0s[0m      max=[36m62.85ms[0m  p(90)=[36m0s[0m       p(95)=[36m0s[0m       p(99)=[36m518.41µs[0m
     http_req_duration[2m..............:[0m avg=[36m25.12ms[0m  min=[36m0s[0m      med=[36m1.03ms[0m  max=[36m1.28s[0m    p(90)=[36m129.09ms[0m p(95)=[36m173.23ms[0m p(99)=[36m308.61ms[0m
       { expected_response:true }[2m...:[0m avg=[36m60.52ms[0m  min=[36m392.1µs[0m med=[36m3.74ms[0m  max=[36m1.28s[0m    p(90)=[36m179ms[0m    p(95)=[36m221.93ms[0m p(99)=[36m382.96ms[0m
     http_req_failed[2m................:[0m [36m59.26%[0m [36;2m✓ 32649[0m      [36;2m✗ 22441[0m
     http_req_receiving[2m.............:[0m avg=[36m68.51µs[0m  min=[36m0s[0m      med=[36m0s[0m      max=[36m54.64ms[0m  p(90)=[36m0s[0m       p(95)=[36m510.7µs[0m  p(99)=[36m783.67µs[0m
     http_req_sending[2m...............:[0m avg=[36m2.02µs[0m   min=[36m0s[0m      med=[36m0s[0m      max=[36m8.87ms[0m   p(90)=[36m0s[0m       p(95)=[36m0s[0m       p(99)=[36m0s[0m      
     http_req_tls_handshaking[2m.......:[0m avg=[36m0s[0m       min=[36m0s[0m      med=[36m0s[0m      max=[36m0s[0m       p(90)=[36m0s[0m       p(95)=[36m0s[0m       p(99)=[36m0s[0m      
     http_req_waiting[2m...............:[0m avg=[36m25.05ms[0m  min=[36m0s[0m      med=[36m1.02ms[0m  max=[36m1.23s[0m    p(90)=[36m129.09ms[0m p(95)=[36m173.16ms[0m p(99)=[36m308.52ms[0m
     http_reqs[2m......................:[0m [36m55090[0m  [36;2m847.254475/s[0m
     iteration_duration[2m.............:[0m avg=[36m25.19ms[0m  min=[36m0s[0m      med=[36m1.04ms[0m  max=[36m1.28s[0m    p(90)=[36m129.09ms[0m p(95)=[36m173.31ms[0m p(99)=[36m308.76ms[0m
     iterations[2m.....................:[0m [36m55090[0m  [36;2m847.254475/s[0m
     promo_queue_full[2m...............:[0m [36m2127[0m   [36;2m32.712112/s[0m
     promo_queue_full_duration[2m......:[0m avg=[36m1.71ms[0m   min=[36m317.2µs[0m med=[36m1.15ms[0m  max=[36m26.26ms[0m  p(90)=[36m2.78ms[0m   p(95)=[36m4.11ms[0m   p(99)=[36m10.26ms[0m 
     promo_sold_out[2m.................:[0m [36m30363[0m  [36;2m466.966557/s[0m
     promo_sold_out_duration[2m........:[0m avg=[36m732.78µs[0m min=[36m0s[0m      med=[36m531.2µs[0m max=[36m16.19ms[0m  p(90)=[36m1.04ms[0m   p(95)=[36m1.08ms[0m   p(99)=[36m1.54ms[0m  
     promo_success[2m..................:[0m [36m20000[0m  [36;2m307.589209/s[0m
     promo_success_duration[2m.........:[0m avg=[36m64.28ms[0m  min=[36m1.93ms[0m  med=[36m5.74ms[0m  max=[36m875.88ms[0m p(90)=[36m181.64ms[0m p(95)=[36m226.7ms[0m  p(99)=[36m371.65ms[0m
     vus[2m............................:[0m [36m0[0m      [36;2mmin=0[0m        [36;2mmax=132[0m
     vus_max[2m........................:[0m [36m551[0m    [36;2mmin=550[0m      [36;2mmax=551[0m