time="2026-09-30T16:19:17+09:00" level=info msg="[run] 시작 16:19:17 MODE=sync SCENARIO=saturate TAG=CAP-sync" source=console
time="2026-09-30T16:22:17+09:00" level=info msg="[run] 종료 16:22:17 TAG=CAP-sync" source=console
[32m     ✓ status is 200[0m
[32m     ✓ has order id[0m

     checks[2m.........................:[0m [36m100.00%[0m [36;2m✓ 1195148[0m     [36;2m✗ 0[0m     
     data_received[2m..................:[0m [36m78 MB[0m   [36;2m431 kB/s[0m
     data_sent[2m......................:[0m [36m157 MB[0m  [36;2m871 kB/s[0m
     http_req_blocked[2m...............:[0m avg=[36m640.53µs[0m min=[36m0s[0m     med=[36m0s[0m      max=[36m3.01s[0m   p(90)=[36m0s[0m       p(95)=[36m0s[0m       p(99)=[36m1.02ms[0m  
     http_req_connecting[2m............:[0m avg=[36m638.01µs[0m min=[36m0s[0m     med=[36m0s[0m      max=[36m3.01s[0m   p(90)=[36m0s[0m       p(95)=[36m0s[0m       p(99)=[36m922.79µs[0m
     http_req_duration[2m..............:[0m avg=[36m119.77ms[0m min=[36m1.04ms[0m med=[36m64.7ms[0m  max=[36m5.63s[0m   p(90)=[36m177.68ms[0m p(95)=[36m443.17ms[0m p(99)=[36m1.18s[0m   
       { expected_response:true }[2m...:[0m avg=[36m119.77ms[0m min=[36m1.04ms[0m med=[36m64.7ms[0m  max=[36m5.63s[0m   p(90)=[36m177.68ms[0m p(95)=[36m443.17ms[0m p(99)=[36m1.18s[0m   
     http_req_failed[2m................:[0m [36m0.00%[0m   [36;2m✓ 0[0m           [36;2m✗ 597574[0m
     http_req_receiving[2m.............:[0m avg=[36m132.01µs[0m min=[36m0s[0m     med=[36m0s[0m      max=[36m72.27ms[0m p(90)=[36m0s[0m       p(95)=[36m530.29µs[0m p(99)=[36m3.42ms[0m  
     http_req_sending[2m...............:[0m avg=[36m9.46µs[0m   min=[36m0s[0m     med=[36m0s[0m      max=[36m13.74ms[0m p(90)=[36m0s[0m       p(95)=[36m0s[0m       p(99)=[36m505µs[0m   
     http_req_tls_handshaking[2m.......:[0m avg=[36m0s[0m       min=[36m0s[0m     med=[36m0s[0m      max=[36m0s[0m      p(90)=[36m0s[0m       p(95)=[36m0s[0m       p(99)=[36m0s[0m      
     http_req_waiting[2m...............:[0m avg=[36m119.63ms[0m min=[36m1.04ms[0m med=[36m64.57ms[0m max=[36m5.63s[0m   p(90)=[36m177.52ms[0m p(95)=[36m443.06ms[0m p(99)=[36m1.18s[0m   
     http_reqs[2m......................:[0m [36m597574[0m  [36;2m3317.197152/s[0m
     iteration_duration[2m.............:[0m avg=[36m120.5ms[0m  min=[36m1.04ms[0m med=[36m64.84ms[0m max=[36m5.63s[0m   p(90)=[36m179.52ms[0m p(95)=[36m446.27ms[0m p(99)=[36m1.19s[0m   
     iterations[2m.....................:[0m [36m597574[0m  [36;2m3317.197152/s[0m
     order_accepted_duration[2m........:[0m avg=[36m119.77ms[0m min=[36m1.04ms[0m med=[36m64.7ms[0m  max=[36m5.63s[0m   p(90)=[36m177.68ms[0m p(95)=[36m443.17ms[0m p(99)=[36m1.18s[0m   
     orders_accepted[2m................:[0m [36m597574[0m  [36;2m3317.197152/s[0m
     vus[2m............................:[0m [36m400[0m     [36;2mmin=400[0m       [36;2mmax=400[0m 
     vus_max[2m........................:[0m [36m400[0m     [36;2mmin=400[0m       [36;2mmax=400[0m 