time="2026-09-30T16:17:41+09:00" level=info msg="[run] 시작 16:17:41 MODE=sync SCENARIO=fixed TAG=CAP-warmup" source=console
time="2026-09-30T16:17:47+09:00" level=warning msg="Insufficient VUs, reached 4000 active VUs and cannot initialize more" executor=constant-arrival-rate scenario=orders
time="2026-09-30T16:18:41+09:00" level=info msg="[run] 종료 16:18:41 TAG=CAP-warmup" source=console
[32m     ✓ status is 200[0m
[32m     ✓ has order id[0m

     checks[2m.........................:[0m [36m100.00%[0m [36;2m✓ 225146[0m      [36;2m✗ 0[0m     
     data_received[2m..................:[0m [36m15 MB[0m   [36;2m244 kB/s[0m
     data_sent[2m......................:[0m [36m30 MB[0m   [36;2m492 kB/s[0m
     dropped_iterations[2m.............:[0m [36m7428[0m    [36;2m123.755872/s[0m
     http_req_blocked[2m...............:[0m avg=[36m14.32ms[0m  min=[36m0s[0m med=[36m0s[0m     max=[36m15s[0m      p(90)=[36m0s[0m    p(95)=[36m0s[0m       p(99)=[36m129.69ms[0m
     http_req_connecting[2m............:[0m avg=[36m14.32ms[0m  min=[36m0s[0m med=[36m0s[0m     max=[36m15s[0m      p(90)=[36m0s[0m    p(95)=[36m0s[0m       p(99)=[36m129.69ms[0m
     http_req_duration[2m..............:[0m avg=[36m419.89ms[0m min=[36m0s[0m med=[36m3ms[0m    max=[36m11.31s[0m   p(90)=[36m2.17s[0m p(95)=[36m2.39s[0m    p(99)=[36m3.21s[0m   
       { expected_response:true }[2m...:[0m avg=[36m419.89ms[0m min=[36m0s[0m med=[36m3ms[0m    max=[36m11.31s[0m   p(90)=[36m2.17s[0m p(95)=[36m2.39s[0m    p(99)=[36m3.21s[0m   
     http_req_failed[2m................:[0m [36m0.00%[0m   [36;2m✓ 0[0m           [36;2m✗ 112573[0m
     http_req_receiving[2m.............:[0m avg=[36m57.86µs[0m  min=[36m0s[0m med=[36m0s[0m     max=[36m177.77ms[0m p(90)=[36m0s[0m    p(95)=[36m511.29µs[0m p(99)=[36m722.22µs[0m
     http_req_sending[2m...............:[0m avg=[36m2.17µs[0m   min=[36m0s[0m med=[36m0s[0m     max=[36m2.4ms[0m    p(90)=[36m0s[0m    p(95)=[36m0s[0m       p(99)=[36m0s[0m      
     http_req_tls_handshaking[2m.......:[0m avg=[36m0s[0m       min=[36m0s[0m med=[36m0s[0m     max=[36m0s[0m       p(90)=[36m0s[0m    p(95)=[36m0s[0m       p(99)=[36m0s[0m      
     http_req_waiting[2m...............:[0m avg=[36m419.83ms[0m min=[36m0s[0m med=[36m2.93ms[0m max=[36m11.31s[0m   p(90)=[36m2.17s[0m p(95)=[36m2.39s[0m    p(99)=[36m3.21s[0m   
     http_reqs[2m......................:[0m [36m112573[0m  [36;2m1875.547896/s[0m
     iteration_duration[2m.............:[0m avg=[36m434.27ms[0m min=[36m0s[0m med=[36m3.06ms[0m max=[36m15.01s[0m   p(90)=[36m2.19s[0m p(95)=[36m2.44s[0m    p(99)=[36m3.48s[0m   
     iterations[2m.....................:[0m [36m112573[0m  [36;2m1875.547896/s[0m
     order_accepted_duration[2m........:[0m avg=[36m419.89ms[0m min=[36m0s[0m med=[36m3ms[0m    max=[36m11.31s[0m   p(90)=[36m2.17s[0m p(95)=[36m2.39s[0m    p(99)=[36m3.21s[0m   
     orders_accepted[2m................:[0m [36m112573[0m  [36;2m1875.547896/s[0m
     vus[2m............................:[0m [36m6[0m       [36;2mmin=4[0m         [36;2mmax=4000[0m
     vus_max[2m........................:[0m [36m4000[0m    [36;2mmin=1004[0m      [36;2mmax=4000[0m