time="2026-09-30T16:39:56+09:00" level=info msg="[run] 시작 16:39:56 MODE=async SCENARIO=fixed TAG=CAP-async" source=console
time="2026-09-30T16:42:57+09:00" level=info msg="[run] 종료 16:42:57 TAG=CAP-async" source=console
[31m     ✗ status is 202
      ↳  84% — ✓ 609798 / ✗ 109631[0m
[31m     ✗ has sse location
      ↳  84% — ✓ 609798 / ✗ 109631[0m

     checks[2m.........................:[0m [36m84.76%[0m [36;2m✓ 1219596[0m     [36;2m✗ 219262[0m
     data_received[2m..................:[0m [36m102 MB[0m [36;2m568 kB/s[0m
     data_sent[2m......................:[0m [36m193 MB[0m [36;2m1.1 MB/s[0m
     dropped_iterations[2m.............:[0m [36m571[0m    [36;2m3.171474/s[0m
     http_req_blocked[2m...............:[0m avg=[36m334.96µs[0m min=[36m0s[0m med=[36m0s[0m     max=[36m3.01s[0m   p(90)=[36m0s[0m      p(95)=[36m0s[0m      p(99)=[36m1.09ms[0m  
     http_req_connecting[2m............:[0m avg=[36m334.64µs[0m min=[36m0s[0m med=[36m0s[0m     max=[36m3.01s[0m   p(90)=[36m0s[0m      p(95)=[36m0s[0m      p(99)=[36m1.08ms[0m  
     http_req_duration[2m..............:[0m avg=[36m12.48ms[0m  min=[36m0s[0m med=[36m8.1ms[0m  max=[36m2.35s[0m   p(90)=[36m20.26ms[0m p(95)=[36m29.33ms[0m p(99)=[36m64.81ms[0m 
       { expected_response:true }[2m...:[0m avg=[36m12.8ms[0m   min=[36m0s[0m med=[36m8.69ms[0m max=[36m2.35s[0m   p(90)=[36m20.67ms[0m p(95)=[36m29.63ms[0m p(99)=[36m61.17ms[0m 
     http_req_failed[2m................:[0m [36m15.23%[0m [36;2m✓ 109631[0m      [36;2m✗ 609798[0m
     http_req_receiving[2m.............:[0m avg=[36m17.83µs[0m  min=[36m0s[0m med=[36m0s[0m     max=[36m19.11ms[0m p(90)=[36m0s[0m      p(95)=[36m0s[0m      p(99)=[36m548.9µs[0m 
     http_req_sending[2m...............:[0m avg=[36m1.07µs[0m   min=[36m0s[0m med=[36m0s[0m     max=[36m8.81ms[0m  p(90)=[36m0s[0m      p(95)=[36m0s[0m      p(99)=[36m0s[0m      
     http_req_tls_handshaking[2m.......:[0m avg=[36m0s[0m       min=[36m0s[0m med=[36m0s[0m     max=[36m0s[0m      p(90)=[36m0s[0m      p(95)=[36m0s[0m      p(99)=[36m0s[0m      
     http_req_waiting[2m...............:[0m avg=[36m12.46ms[0m  min=[36m0s[0m med=[36m8.07ms[0m max=[36m2.35s[0m   p(90)=[36m20.24ms[0m p(95)=[36m29.31ms[0m p(99)=[36m64.81ms[0m 
     http_reqs[2m......................:[0m [36m719429[0m [36;2m3995.884529/s[0m
     iteration_duration[2m.............:[0m avg=[36m12.86ms[0m  min=[36m0s[0m med=[36m8.2ms[0m  max=[36m3.03s[0m   p(90)=[36m20.59ms[0m p(95)=[36m29.89ms[0m p(99)=[36m67.56ms[0m 
     iterations[2m.....................:[0m [36m719429[0m [36;2m3995.884529/s[0m
     order_accepted_duration[2m........:[0m avg=[36m12.8ms[0m   min=[36m0s[0m med=[36m8.69ms[0m max=[36m2.35s[0m   p(90)=[36m20.67ms[0m p(95)=[36m29.63ms[0m p(99)=[36m61.17ms[0m 
     order_rejected_duration[2m........:[0m avg=[36m10.72ms[0m  min=[36m0s[0m med=[36m4.15ms[0m max=[36m2.35s[0m   p(90)=[36m16.25ms[0m p(95)=[36m27.74ms[0m p(99)=[36m236.43ms[0m
     orders_accepted[2m................:[0m [36m609798[0m [36;2m3386.967156/s[0m
     orders_rejected[2m................:[0m [36m109631[0m [36;2m608.917373/s[0m
     vus[2m............................:[0m [36m19[0m     [36;2mmin=2[0m         [36;2mmax=382[0m 
     vus_max[2m........................:[0m [36m634[0m    [36;2mmin=300[0m       [36;2mmax=634[0m 