[19:42:19] === P2 시리즈 re 시작: 기본 부하 2700, 회차 10개 (single:20:20:3000:429 single:15:15:3000:429 single:15:15:3000:429 single:20:20:3000:429 single:20:20:3300:429 single:20:20:3600:429 split:10:6:2700:429 single:10:8:2700:429 single:10:6:2700:429 split:10:8:2700:429), 휴식 900초 ===
노트북 CPU 기록 시작 pid=6904 rc=0
[19:42:24] [1/10 single P=20 k=20 부하 3000] 전 휴식 896초 (끝 19:57:19)
[19:57:21] 전원 상태 [k=20 기동 전] = 2 100 (첫 값 2 = 충전기)
서버 기동 요청 P=20 --omp.executor.insert.core=20 --omp.executor.insert.max=20 --omp.executor.insert.queue=100 --omp.order.async.transaction=single --omp.order.async.reject-status=429 rc=0 pid=19212
[19:57:32] 서버 준비 완료 (풀 20.0, 3회 확인)
서버 커넥션 풀 = 20.0 (기대 20), insert 워커 core = 20.0 (기대 20), 큐 남은 칸 = 100.0 (기대 100)
[1/1 19:57:48] 부하 전 노트북 CPU 평균 = 0.011 (기준 0.15 미만) / 데스크톱 = 4.1% (기준 30% 미만)
워밍업 종료 19:59:00 exit=0
워밍업 k6 연결 실패 384건
큐 소진 (queued=0.0 active=0.0, 2초 이내)
reviews	orders	order_menus	stats_not_zero
0	0	0	0
[19:59:02] 전원 상태 [k=20 측정 전] = 2 100 (첫 값 2 = 충전기)
서버 커넥션 풀 = 20.0 (기대 20), insert 워커 core = 20.0 (기대 20), 큐 남은 칸 = 100.0 (기대 100)
[1/8 19:59:19] 부하 전 노트북 CPU 평균 = 0.175 (기준 0.15 미만) / 데스크톱 = 6.1% (기준 30% 미만)
[2/8 19:59:35] 부하 전 노트북 CPU 평균 = 0.015 (기준 0.15 미만) / 데스크톱 = 6.3% (기준 30% 미만)
측정 종료 20:02:38 exit=0
측정 k6 연결 실패 164건 → 무효(요청이 서버에 닿지 못함)
큐 소진 (queued=0.0 active=0.0, 2초 이내)
측정 중 데스크톱 CPU 평균 35.5% / 최대 53.0% / 80% 이상 최장 연속 0표본 → 통과
[20:03:13] DB 주문 수(측정분) = 487403
[20:03:14] 전원 상태 [k=20 측정 후] = 2 100 (첫 값 2 = 충전기)
서버 종료 pid=10268
서버 종료 pid=16348
p20-k20-re1-3000-429-single 19:59:35  W= 2707.8/s  접수 487403 · 503 50087 · 기타실패 164 · dropped 2349  202 p95=611.8 p99=1291.8ms  503 p95=706.0ms
[20:03:17] 회차 완료 1/10 (single P=20 k=20 부하 3000 429)
[20:03:17] [2/10 single P=15 k=15 부하 3000] 전 휴식 894초 (끝 20:18:11)
[20:18:12] 전원 상태 [k=15 기동 전] = 2 100 (첫 값 2 = 충전기)
서버 기동 요청 P=15 --omp.executor.insert.core=15 --omp.executor.insert.max=15 --omp.executor.insert.queue=100 --omp.order.async.transaction=single --omp.order.async.reject-status=429 rc=0 pid=17492
[20:18:23] 서버 준비 완료 (풀 15.0, 3회 확인)
서버 커넥션 풀 = 15.0 (기대 15), insert 워커 core = 15.0 (기대 15), 큐 남은 칸 = 100.0 (기대 100)
[1/1 20:18:39] 부하 전 노트북 CPU 평균 = 0.016 (기준 0.15 미만) / 데스크톱 = 1.2% (기준 30% 미만)
워밍업 종료 20:19:50 exit=0
워밍업 k6 연결 실패 628건
큐 소진 (queued=0.0 active=0.0, 2초 이내)
reviews	orders	order_menus	stats_not_zero
0	0	0	0
[20:19:52] 전원 상태 [k=15 측정 전] = 2 100 (첫 값 2 = 충전기)
서버 커넥션 풀 = 15.0 (기대 15), insert 워커 core = 15.0 (기대 15), 큐 남은 칸 = 100.0 (기대 100)
[1/8 20:20:09] 부하 전 노트북 CPU 평균 = 0.167 (기준 0.15 미만) / 데스크톱 = 1.7% (기준 30% 미만)
[2/8 20:20:24] 부하 전 노트북 CPU 평균 = 0.017 (기준 0.15 미만) / 데스크톱 = 2.2% (기준 30% 미만)
측정 종료 20:23:39 exit=0
측정 k6 연결 실패 11198건 → 무효(요청이 서버에 닿지 못함)
큐 소진 (queued=0.0 active=0.0, 2초 이내)
측정 중 데스크톱 CPU 평균 30.1% / 최대 46.3% / 80% 이상 최장 연속 0표본 → 통과
[20:24:01] DB 주문 수(측정분) = 429791
[20:24:02] 전원 상태 [k=15 측정 후] = 2 100 (첫 값 2 = 충전기)
서버 종료 pid=19344
서버 종료 pid=5256
p15-k15-re2-3000-429-single 20:20:25  W= 2387.7/s  접수 429791 · 503 78946 · 기타실패 11198 · dropped 20067  202 p95=2525.4 p99=9686.5ms  503 p95=2518.4ms
[20:24:05] 회차 완료 2/10 (single P=15 k=15 부하 3000 429)
[20:24:05] [3/10 single P=15 k=15 부하 3000] 전 휴식 895초 (끝 20:39:00)
[20:26:49] === 2회차까지 하고 중단: 3·4회차 대신 503/429 대조 회차 먼저(1·2회차가 503 때보다 크게 나쁨) ===
노트북 CPU 기록 종료 pid=6904
[20:26:53] 노트북 CPU 기록 → benchmark/results/2026-09-26-P2/laptop-cpu-re.csv
