[15:16:59] === P2 시리즈 grid 시작: RATE=2700, 회차 10개 (split:10:6 single:10:8 split:15:10 single:10:6 split:10:4 single:15:15 split:10:8 single:10:10 split:15:6 single:15:10), 휴식 900초 ===
노트북 CPU 기록 시작 pid=6032 rc=0
[15:17:04] 전원 상태 [k=6 기동 전] = 2 93 (첫 값 2 = 충전기)
서버 기동 요청 P=10 --omp.executor.insert.core=6 --omp.executor.insert.max=6 --omp.executor.insert.queue=100 --omp.order.async.transaction=split rc=0 pid=11500
[15:17:16] 서버 준비 완료 (풀 10.0, 3회 확인)
서버 커넥션 풀 = 10.0 (기대 10), insert 워커 core = 6.0 (기대 6), 큐 남은 칸 = 100.0 (기대 100)
[1/1 15:17:32] 부하 전 노트북 CPU 평균 = 0.020 (기준 0.15 미만) / 데스크톱 = 5.3% (기준 30% 미만)
워밍업 종료 15:18:33 exit=0
워밍업 k6 연결 실패 0건
큐 소진 (queued=0.0 active=0.0, 2초 이내)
reviews	orders	order_menus	stats_not_zero
0	0	0	0
[15:18:35] 전원 상태 [k=6 측정 전] = 2 93 (첫 값 2 = 충전기)
서버 커넥션 풀 = 10.0 (기대 10), insert 워커 core = 6.0 (기대 6), 큐 남은 칸 = 100.0 (기대 100)
[1/8 15:18:53] 부하 전 노트북 CPU 평균 = 0.186 (기준 0.15 미만) / 데스크톱 = 9.2% (기준 30% 미만)
[2/8 15:19:09] 부하 전 노트북 CPU 평균 = 0.024 (기준 0.15 미만) / 데스크톱 = 9.2% (기준 30% 미만)
측정 종료 15:22:10 exit=0
측정 k6 연결 실패 0건 → 통과
큐 소진 (queued=0.0 active=0.0, 2초 이내)
측정 중 데스크톱 CPU 평균 43.0% / 최대 69.9% / 80% 이상 최장 연속 0표본 → 통과
[15:22:45] DB 주문 수(측정분) = 287646
[15:22:46] 전원 상태 [k=6 측정 후] = 2 95 (첫 값 2 = 충전기)
서버 종료 pid=760
서버 종료 pid=15504
p10-k6-grid-split 15:19:09  W= 1598.0/s  접수 287646 · 503 197777 · 기타실패 0 · dropped 579  202 p95=57.9 p99=81.8ms  503 p95=43.4ms
[15:22:49] 회차 완료 1/10 (split P=10 k=6)
[15:22:49] [2/10 single P=10 k=8] 전 휴식 895초 (끝 15:37:44)
[15:37:46] 전원 상태 [k=8 기동 전] = 2 100 (첫 값 2 = 충전기)
서버 기동 요청 P=10 --omp.executor.insert.core=8 --omp.executor.insert.max=8 --omp.executor.insert.queue=100 --omp.order.async.transaction=single rc=0 pid=5744
[15:37:57] 서버 준비 완료 (풀 10.0, 3회 확인)
서버 커넥션 풀 = 10.0 (기대 10), insert 워커 core = 8.0 (기대 8), 큐 남은 칸 = 100.0 (기대 100)
[1/1 15:38:13] 부하 전 노트북 CPU 평균 = 0.015 (기준 0.15 미만) / 데스크톱 = 14.5% (기준 30% 미만)
워밍업 종료 15:39:14 exit=0
워밍업 k6 연결 실패 0건
큐 소진 (queued=0.0 active=0.0, 2초 이내)
reviews	orders	order_menus	stats_not_zero
0	0	0	0
[15:39:17] 전원 상태 [k=8 측정 전] = 2 100 (첫 값 2 = 충전기)
서버 커넥션 풀 = 10.0 (기대 10), insert 워커 core = 8.0 (기대 8), 큐 남은 칸 = 100.0 (기대 100)
[1/8 15:39:34] 부하 전 노트북 CPU 평균 = 0.184 (기준 0.15 미만) / 데스크톱 = 23.3% (기준 30% 미만)
[2/8 15:39:50] 부하 전 노트북 CPU 평균 = 0.021 (기준 0.15 미만) / 데스크톱 = 11.4% (기준 30% 미만)
측정 종료 15:42:56 exit=0
측정 k6 연결 실패 0건 → 통과
큐 소진 (queued=0.0 active=0.0, 2초 이내)
측정 중 데스크톱 CPU 평균 43.6% / 최대 55.6% / 80% 이상 최장 연속 0표본 → 통과
[15:43:26] DB 주문 수(측정분) = 391133
[15:43:27] 전원 상태 [k=8 측정 후] = 2 100 (첫 값 2 = 충전기)
서버 종료 pid=13068
서버 종료 pid=7112
p10-k8-grid-single 15:39:53  W= 2173.0/s  접수 391133 · 503 94869 · 기타실패 0 · dropped 0  202 p95=25.8 p99=36.9ms  503 p95=21.8ms
[15:43:30] 회차 완료 1/10 (single P=10 k=8)
[15:43:30] [2/10 split P=15 k=10] 전 휴식 895초 (끝 15:58:25)
[15:58:27] 전원 상태 [k=10 기동 전] = 2 100 (첫 값 2 = 충전기)
서버 기동 요청 P=15 --omp.executor.insert.core=10 --omp.executor.insert.max=10 --omp.executor.insert.queue=100 --omp.order.async.transaction=split rc=0 pid=4836
[15:58:38] 서버 준비 완료 (풀 15.0, 3회 확인)
서버 커넥션 풀 = 15.0 (기대 15), insert 워커 core = 10.0 (기대 10), 큐 남은 칸 = 100.0 (기대 100)
[1/1 15:58:54] 부하 전 노트북 CPU 평균 = 0.218 (기준 0.15 미만) / 데스크톱 = 6.5% (기준 30% 미만)
  기준 초과 — 워밍업은 결과를 버리므로 경고만 하고 진행
워밍업 종료 15:59:56 exit=0
워밍업 k6 연결 실패 685건
큐 소진 (queued=0.0 active=0.0, 2초 이내)
reviews	orders	order_menus	stats_not_zero
0	0	0	0
[15:59:58] 전원 상태 [k=10 측정 전] = 2 100 (첫 값 2 = 충전기)
서버 커넥션 풀 = 15.0 (기대 15), insert 워커 core = 10.0 (기대 10), 큐 남은 칸 = 100.0 (기대 100)
[1/8 16:00:15] 부하 전 노트북 CPU 평균 = 0.182 (기준 0.15 미만) / 데스크톱 = 7% (기준 30% 미만)
[2/8 16:00:31] 부하 전 노트북 CPU 평균 = 0.026 (기준 0.15 미만) / 데스크톱 = 8.7% (기준 30% 미만)
측정 종료 16:03:32 exit=0
측정 k6 연결 실패 0건 → 통과
큐 소진 (queued=0.0 active=0.0, 2초 이내)
측정 중 데스크톱 CPU 평균 40.2% / 최대 54.5% / 80% 이상 최장 연속 0표본 → 통과
[16:04:07] DB 주문 수(측정분) = 293959
[16:04:08] 전원 상태 [k=10 측정 후] = 2 100 (첫 값 2 = 충전기)
서버 종료 pid=10692
서버 종료 pid=18852
p15-k10-grid-split 16:00:31  W= 1633.1/s  접수 293959 · 503 189764 · 기타실패 0 · dropped 2278  202 p95=344.9 p99=466.2ms  503 p95=322.3ms
[16:04:11] 회차 완료 1/10 (split P=15 k=10)
[16:04:12] [2/10 single P=10 k=6] 전 휴식 894초 (끝 16:19:06)
[16:19:07] 전원 상태 [k=6 기동 전] = 2 100 (첫 값 2 = 충전기)
서버 기동 요청 P=10 --omp.executor.insert.core=6 --omp.executor.insert.max=6 --omp.executor.insert.queue=100 --omp.order.async.transaction=single rc=0 pid=5060
[16:19:18] 서버 준비 완료 (풀 10.0, 3회 확인)
서버 커넥션 풀 = 10.0 (기대 10), insert 워커 core = 6.0 (기대 6), 큐 남은 칸 = 100.0 (기대 100)
[1/1 16:19:35] 부하 전 노트북 CPU 평균 = 0.016 (기준 0.15 미만) / 데스크톱 = 10% (기준 30% 미만)
워밍업 종료 16:20:40 exit=0
워밍업 k6 연결 실패 0건
큐 소진 (queued=0.0 active=0.0, 2초 이내)
reviews	orders	order_menus	stats_not_zero
0	0	0	0
[16:20:42] 전원 상태 [k=6 측정 전] = 2 100 (첫 값 2 = 충전기)
서버 커넥션 풀 = 10.0 (기대 10), insert 워커 core = 6.0 (기대 6), 큐 남은 칸 = 100.0 (기대 100)
[1/8 16:20:59] 부하 전 노트북 CPU 평균 = 0.197 (기준 0.15 미만) / 데스크톱 = 9.5% (기준 30% 미만)
[2/8 16:21:15] 부하 전 노트북 CPU 평균 = 0.031 (기준 0.15 미만) / 데스크톱 = 7.8% (기준 30% 미만)
측정 종료 16:24:17 exit=0
측정 k6 연결 실패 0건 → 통과
큐 소진 (queued=0.0 active=0.0, 2초 이내)
측정 중 데스크톱 CPU 평균 38.4% / 최대 51.0% / 80% 이상 최장 연속 0표본 → 통과
[16:24:52] DB 주문 수(측정분) = 334540
[16:24:53] 전원 상태 [k=6 측정 후] = 2 100 (첫 값 2 = 충전기)
서버 종료 pid=11108
서버 종료 pid=18032
p10-k6-grid-single 16:21:17  W= 1858.6/s  접수 334540 · 503 151463 · 기타실패 0 · dropped 0  202 p95=9.3 p99=18.7ms  503 p95=12.4ms
[16:24:57] 회차 완료 1/10 (single P=10 k=6)
[16:24:57] [2/10 split P=10 k=4] 전 휴식 894초 (끝 16:39:51)
[16:39:52] 전원 상태 [k=4 기동 전] = 2 100 (첫 값 2 = 충전기)
서버 기동 요청 P=10 --omp.executor.insert.core=4 --omp.executor.insert.max=4 --omp.executor.insert.queue=100 --omp.order.async.transaction=split rc=0 pid=3292
[16:40:03] 서버 준비 완료 (풀 10.0, 3회 확인)
서버 커넥션 풀 = 10.0 (기대 10), insert 워커 core = 4.0 (기대 4), 큐 남은 칸 = 100.0 (기대 100)
[1/1 16:40:19] 부하 전 노트북 CPU 평균 = 0.015 (기준 0.15 미만) / 데스크톱 = 4% (기준 30% 미만)
워밍업 종료 16:41:20 exit=0
워밍업 k6 연결 실패 0건
큐 소진 (queued=0.0 active=0.0, 2초 이내)
reviews	orders	order_menus	stats_not_zero
0	0	0	0
[16:41:22] 전원 상태 [k=4 측정 전] = 2 100 (첫 값 2 = 충전기)
서버 커넥션 풀 = 10.0 (기대 10), insert 워커 core = 4.0 (기대 4), 큐 남은 칸 = 100.0 (기대 100)
[1/8 16:41:39] 부하 전 노트북 CPU 평균 = 0.228 (기준 0.15 미만) / 데스크톱 = 6.2% (기준 30% 미만)
[2/8 16:41:55] 부하 전 노트북 CPU 평균 = 0.030 (기준 0.15 미만) / 데스크톱 = 3.5% (기준 30% 미만)
측정 종료 16:44:56 exit=0
측정 k6 연결 실패 0건 → 통과
큐 소진 (queued=0.0 active=0.0, 2초 이내)
측정 중 데스크톱 CPU 평균 36.3% / 최대 46.6% / 80% 이상 최장 연속 0표본 → 통과
[16:45:32] DB 주문 수(측정분) = 252256
[16:45:33] 전원 상태 [k=4 측정 후] = 2 100 (첫 값 2 = 충전기)
서버 종료 pid=10220
서버 종료 pid=13552
p10-k4-grid-split 16:41:55  W= 1401.4/s  접수 252256 · 503 233746 · 기타실패 0 · dropped 0  202 p95=30.8 p99=47.5ms  503 p95=25.1ms
[16:45:36] 회차 완료 1/10 (split P=10 k=4)
[16:45:36] [2/10 single P=15 k=15] 전 휴식 894초 (끝 17:00:30)
[17:00:31] 전원 상태 [k=15 기동 전] = 2 100 (첫 값 2 = 충전기)
서버 기동 요청 P=15 --omp.executor.insert.core=15 --omp.executor.insert.max=15 --omp.executor.insert.queue=100 --omp.order.async.transaction=single rc=0 pid=6184
[17:00:42] 서버 준비 완료 (풀 15.0, 3회 확인)
서버 커넥션 풀 = 15.0 (기대 15), insert 워커 core = 15.0 (기대 15), 큐 남은 칸 = 100.0 (기대 100)
[1/1 17:00:59] 부하 전 노트북 CPU 평균 = 0.023 (기준 0.15 미만) / 데스크톱 = 8.5% (기준 30% 미만)
워밍업 종료 17:01:59 exit=0
워밍업 k6 연결 실패 0건
큐 소진 (queued=0.0 active=0.0, 2초 이내)
reviews	orders	order_menus	stats_not_zero
0	0	0	0
[17:02:01] 전원 상태 [k=15 측정 전] = 2 100 (첫 값 2 = 충전기)
서버 커넥션 풀 = 15.0 (기대 15), insert 워커 core = 15.0 (기대 15), 큐 남은 칸 = 100.0 (기대 100)
[1/8 17:02:18] 부하 전 노트북 CPU 평균 = 0.286 (기준 0.15 미만) / 데스크톱 = 7.3% (기준 30% 미만)
[2/8 17:02:34] 부하 전 노트북 CPU 평균 = 0.140 (기준 0.15 미만) / 데스크톱 = 15.1% (기준 30% 미만)
측정 종료 17:05:35 exit=0
측정 k6 연결 실패 0건 → 통과
큐 소진 (queued=0.0 active=0.0, 2초 이내)
측정 중 데스크톱 CPU 평균 40.6% / 최대 62.9% / 80% 이상 최장 연속 0표본 → 통과
[17:06:11] DB 주문 수(측정분) = 472873
[17:06:12] 전원 상태 [k=15 측정 후] = 2 100 (첫 값 2 = 충전기)
서버 종료 pid=10992
서버 종료 pid=13744
p15-k15-grid-single 17:02:35  W= 2627.1/s  접수 472873 · 503 12756 · 기타실패 0 · dropped 403  202 p95=40.6 p99=58.0ms  503 p95=53.4ms
[17:06:15] 회차 완료 1/10 (single P=15 k=15)
[17:06:15] [2/10 split P=10 k=8] 전 휴식 895초 (끝 17:21:10)
[17:21:11] 전원 상태 [k=8 기동 전] = 2 100 (첫 값 2 = 충전기)
서버 기동 요청 P=10 --omp.executor.insert.core=8 --omp.executor.insert.max=8 --omp.executor.insert.queue=100 --omp.order.async.transaction=split rc=0 pid=8996
[17:21:22] 서버 준비 완료 (풀 10.0, 3회 확인)
서버 커넥션 풀 = 10.0 (기대 10), insert 워커 core = 8.0 (기대 8), 큐 남은 칸 = 100.0 (기대 100)
[1/1 17:21:39] 부하 전 노트북 CPU 평균 = 0.016 (기준 0.15 미만) / 데스크톱 = 5.8% (기준 30% 미만)
워밍업 종료 17:22:40 exit=0
워밍업 k6 연결 실패 0건
큐 소진 (queued=0.0 active=0.0, 2초 이내)
reviews	orders	order_menus	stats_not_zero
0	0	0	0
[17:22:42] 전원 상태 [k=8 측정 전] = 2 100 (첫 값 2 = 충전기)
서버 커넥션 풀 = 10.0 (기대 10), insert 워커 core = 8.0 (기대 8), 큐 남은 칸 = 100.0 (기대 100)
[1/8 17:22:59] 부하 전 노트북 CPU 평균 = 0.195 (기준 0.15 미만) / 데스크톱 = 4.8% (기준 30% 미만)
[2/8 17:23:15] 부하 전 노트북 CPU 평균 = 0.024 (기준 0.15 미만) / 데스크톱 = 3.4% (기준 30% 미만)
측정 종료 17:26:16 exit=0
측정 k6 연결 실패 0건 → 통과
큐 소진 (queued=0.0 active=0.0, 2초 이내)
측정 중 데스크톱 CPU 평균 34.9% / 최대 43.6% / 80% 이상 최장 연속 0표본 → 통과
[17:26:51] DB 주문 수(측정분) = 331173
[17:26:52] 전원 상태 [k=8 측정 후] = 2 100 (첫 값 2 = 충전기)
서버 종료 pid=18788
서버 종료 pid=11672
p10-k8-grid-split 17:23:15  W= 1839.8/s  접수 331173 · 503 154768 · 기타실패 0 · dropped 61  202 p95=67.9 p99=110.6ms  503 p95=21.7ms
[17:26:55] 회차 완료 1/10 (split P=10 k=8)
[17:26:56] [2/10 single P=10 k=10] 전 휴식 894초 (끝 17:41:50)
[17:41:51] 전원 상태 [k=10 기동 전] = 2 100 (첫 값 2 = 충전기)
서버 기동 요청 P=10 --omp.executor.insert.core=10 --omp.executor.insert.max=10 --omp.executor.insert.queue=100 --omp.order.async.transaction=single rc=0 pid=6708
[17:42:03] 서버 준비 완료 (풀 10.0, 3회 확인)
서버 커넥션 풀 = 10.0 (기대 10), insert 워커 core = 10.0 (기대 10), 큐 남은 칸 = 100.0 (기대 100)
[1/1 17:42:20] 부하 전 노트북 CPU 평균 = 0.119 (기준 0.15 미만) / 데스크톱 = 3.8% (기준 30% 미만)
워밍업 종료 17:43:21 exit=0
워밍업 k6 연결 실패 32건
큐 소진 (queued=0.0 active=0.0, 2초 이내)
reviews	orders	order_menus	stats_not_zero
0	0	0	0
[17:43:23] 전원 상태 [k=10 측정 전] = 2 100 (첫 값 2 = 충전기)
서버 커넥션 풀 = 10.0 (기대 10), insert 워커 core = 10.0 (기대 10), 큐 남은 칸 = 100.0 (기대 100)
[1/8 17:43:40] 부하 전 노트북 CPU 평균 = 0.191 (기준 0.15 미만) / 데스크톱 = 4.9% (기준 30% 미만)
[2/8 17:43:56] 부하 전 노트북 CPU 평균 = 0.026 (기준 0.15 미만) / 데스크톱 = 3.7% (기준 30% 미만)
측정 종료 17:46:57 exit=0
측정 k6 연결 실패 0건 → 통과
큐 소진 (queued=0.0 active=0.0, 2초 이내)
측정 중 데스크톱 CPU 평균 31.7% / 최대 38.8% / 80% 이상 최장 연속 0표본 → 통과
[17:47:33] DB 주문 수(측정분) = 393690
[17:47:34] 전원 상태 [k=10 측정 후] = 2 100 (첫 값 2 = 충전기)
서버 종료 pid=18028
서버 종료 pid=9224
p10-k10-grid-single 17:43:57  W= 2187.2/s  접수 393690 · 503 92118 · 기타실패 0 · dropped 193  202 p95=85.9 p99=109.5ms  503 p95=68.5ms
[17:47:37] 회차 완료 1/10 (single P=10 k=10)
[17:47:37] [2/10 split P=15 k=6] 전 휴식 894초 (끝 18:02:31)
[18:02:32] 전원 상태 [k=6 기동 전] = 2 100 (첫 값 2 = 충전기)
서버 기동 요청 P=15 --omp.executor.insert.core=6 --omp.executor.insert.max=6 --omp.executor.insert.queue=100 --omp.order.async.transaction=split rc=0 pid=15440
[18:02:43] 서버 준비 완료 (풀 15.0, 3회 확인)
서버 커넥션 풀 = 15.0 (기대 15), insert 워커 core = 6.0 (기대 6), 큐 남은 칸 = 100.0 (기대 100)
[1/1 18:03:00] 부하 전 노트북 CPU 평균 = 0.019 (기준 0.15 미만) / 데스크톱 = 4.5% (기준 30% 미만)
워밍업 종료 18:04:00 exit=0
워밍업 k6 연결 실패 0건
큐 소진 (queued=0.0 active=0.0, 2초 이내)
reviews	orders	order_menus	stats_not_zero
0	0	0	0
[18:04:02] 전원 상태 [k=6 측정 전] = 2 100 (첫 값 2 = 충전기)
서버 커넥션 풀 = 15.0 (기대 15), insert 워커 core = 6.0 (기대 6), 큐 남은 칸 = 100.0 (기대 100)
[1/8 18:04:19] 부하 전 노트북 CPU 평균 = 0.188 (기준 0.15 미만) / 데스크톱 = 3.6% (기준 30% 미만)
[2/8 18:04:35] 부하 전 노트북 CPU 평균 = 0.017 (기준 0.15 미만) / 데스크톱 = 6.3% (기준 30% 미만)
측정 종료 18:07:36 exit=0
측정 k6 연결 실패 0건 → 통과
큐 소진 (queued=0.0 active=0.0, 2초 이내)
측정 중 데스크톱 CPU 평균 35.8% / 최대 46.0% / 80% 이상 최장 연속 0표본 → 통과
[18:08:12] DB 주문 수(측정분) = 305424
[18:08:13] 전원 상태 [k=6 측정 후] = 2 100 (첫 값 2 = 충전기)
서버 종료 pid=15880
서버 종료 pid=8696
p10-k6-grid-split 15:19:09  W= 1598.0/s  접수 287646 · 503 197777 · 기타실패 0 · dropped 579  202 p95=57.9 p99=81.8ms  503 p95=43.4ms
p15-k6-grid-split 18:04:36  W= 1696.8/s  접수 305424 · 503 180312 · 기타실패 0 · dropped 266  202 p95=53.3 p99=81.3ms  503 p95=42.4ms
[18:08:16] 회차 완료 1/10 (split P=15 k=6)
[18:08:16] [2/10 single P=15 k=10] 전 휴식 894초 (끝 18:23:10)
[18:23:11] 전원 상태 [k=10 기동 전] = 2 100 (첫 값 2 = 충전기)
서버 기동 요청 P=15 --omp.executor.insert.core=10 --omp.executor.insert.max=10 --omp.executor.insert.queue=100 --omp.order.async.transaction=single rc=0 pid=3912
[18:23:22] 서버 준비 완료 (풀 15.0, 3회 확인)
서버 커넥션 풀 = 15.0 (기대 15), insert 워커 core = 10.0 (기대 10), 큐 남은 칸 = 100.0 (기대 100)
[1/1 18:23:39] 부하 전 노트북 CPU 평균 = 0.022 (기준 0.15 미만) / 데스크톱 = 6.9% (기준 30% 미만)
워밍업 종료 18:24:40 exit=0
워밍업 k6 연결 실패 0건
큐 소진 (queued=0.0 active=0.0, 2초 이내)
reviews	orders	order_menus	stats_not_zero
0	0	0	0
[18:24:42] 전원 상태 [k=10 측정 전] = 2 100 (첫 값 2 = 충전기)
서버 커넥션 풀 = 15.0 (기대 15), insert 워커 core = 10.0 (기대 10), 큐 남은 칸 = 100.0 (기대 100)
[1/8 18:24:59] 부하 전 노트북 CPU 평균 = 0.187 (기준 0.15 미만) / 데스크톱 = 5.3% (기준 30% 미만)
[2/8 18:25:15] 부하 전 노트북 CPU 평균 = 0.024 (기준 0.15 미만) / 데스크톱 = 2.8% (기준 30% 미만)
측정 종료 18:28:16 exit=0
측정 k6 연결 실패 0건 → 통과
큐 소진 (queued=0.0 active=0.0, 2초 이내)
측정 중 데스크톱 CPU 평균 31.0% / 최대 38.5% / 80% 이상 최장 연속 0표본 → 통과
[18:28:52] DB 주문 수(측정분) = 406710
[18:28:53] 전원 상태 [k=10 측정 후] = 2 100 (첫 값 2 = 충전기)
서버 종료 pid=14664
서버 종료 pid=16328
p10-k10-grid-single 17:43:57  W= 2187.2/s  접수 393690 · 503 92118 · 기타실패 0 · dropped 193  202 p95=85.9 p99=109.5ms  503 p95=68.5ms
p15-k10-grid-single 18:25:15  W= 2259.5/s  접수 406710 · 503 79201 · 기타실패 0 · dropped 90  202 p95=70.8 p99=89.8ms  503 p95=50.0ms
[18:28:56] 회차 완료 1/10 (single P=15 k=10)
노트북 CPU 기록 종료 pid=6032
[18:28:57] 노트북 CPU 기록 → benchmark/results/2026-09-26-P2/laptop-cpu-grid.csv
[18:28:57] === P2 시리즈 grid 끝 ===
p10-k10-grid-single 17:43:57  W= 2187.2/s  접수 393690 · 503 92118 · 기타실패 0 · dropped 193  202 p95=85.9 p99=109.5ms  503 p95=68.5ms
               대조: 503↔서버 일치, DB=접수−실패 일치, 큐 소진 (queued=0.0 active=0.0, 2초 이내)
               커넥션 active 9.6 pending 0.0 | insert 큐 평균 75 최대 100, 워커 active 9.0 | tomcat 4 | 노트북 CPU 97% (mysqld 57 / java 33) 클럭 110% | 데스크톱 36%/39%
               주문 1건당 MySQL: Questions 9.00, select 2.00, insert 2.00, commit 1.00, rollback 0.00, set_option 4.00, Handler_commit 7.00, os_log_fsyncs 1.45, data_fsyncs 1.46
p10-k4-grid-split 16:41:55  W= 1401.4/s  접수 252256 · 503 233746 · 기타실패 0 · dropped 0  202 p95=30.8 p99=47.5ms  503 p95=25.1ms
               대조: 503↔서버 일치, DB=접수−실패 일치, 큐 소진 (queued=0.0 active=0.0, 2초 이내)
               커넥션 active 6.6 pending 0.1 | insert 큐 평균 93 최대 100, 워커 active 3.9 | tomcat 4 | 노트북 CPU 97% (mysqld 56 / java 32) 클럭 110% | 데스크톱 41%/47%
               주문 1건당 MySQL: Questions 15.00, select 3.00, insert 2.00, commit 2.00, rollback 0.00, set_option 8.00, Handler_commit 8.00, os_log_fsyncs 2.15, data_fsyncs 2.16
p10-k4-p2      23:22:30  W=  988.6/s  접수 177949 · 503 248779 · 기타실패 75623 · dropped 122251  202 p95=284.9 p99=480.6ms  503 p95=285.9ms
               대조: 503↔서버 일치, DB=접수−실패 일치, 큐 소진 (queued=0.0 active=0.0, 2초 이내)
               커넥션 active 7.1 pending 32.6 | insert 큐 평균 67 최대 100, 워커 active 2.7 | tomcat 33 | 노트북 CPU 92% (mysqld 50 / java 34) 클럭 112% | 데스크톱 68%/96%
p10-k6-after-single 11:04:08  W= 1959.2/s  접수 352660 · 503 52341 · 기타실패 0 · dropped 0  202 p95=6.0 p99=11.9ms  503 p95=11.1ms
               대조: 503↔서버 일치, DB=접수−실패 일치, 큐 소진 (queued=0.0 active=0.0, 2초 이내)
               커넥션 active 5.9 pending 0.0 | insert 큐 평균 93 최대 100, 워커 active 6.0 | tomcat 2 | 노트북 CPU 98% (mysqld 57 / java 32) 클럭 112% | 데스크톱 42%/48%
               주문 1건당 MySQL: Questions 9.00, select 2.00, insert 2.00, commit 1.00, rollback 0.00, set_option 4.00, Handler_commit 7.00, os_log_fsyncs 1.85, data_fsyncs 1.87
p10-k6-after-split 10:43:28  W= 1559.1/s  접수 280638 · 503 124187 · 기타실패 0 · dropped 176  202 p95=70.1 p99=139.5ms  503 p95=39.6ms
               대조: 503↔서버 일치, DB=접수−실패 일치, 큐 소진 (queued=0.0 active=0.0, 2초 이내)
               커넥션 active 7.7 pending 2.5 | insert 큐 평균 82 최대 100, 워커 active 5.7 | tomcat 16 | 노트북 CPU 96% (mysqld 56 / java 31) 클럭 112% | 데스크톱 45%/49%
               주문 1건당 MySQL: Questions 15.00, select 3.00, insert 2.00, commit 2.00, rollback 0.00, set_option 8.00, Handler_commit 8.00, os_log_fsyncs 2.10, data_fsyncs 2.12
p10-k6-before  00:04:30  W= 1464.1/s  접수 263545 · 503 6456 · 기타실패 0 · dropped 0  202 p95=31.2 p99=73.3ms  503 p95=59.7ms
               대조: 503↔서버 일치, DB=접수−실패 일치, 큐 소진 (queued=0.0 active=0.0, 2초 이내)
               커넥션 active 5.7 pending 0.5 | insert 큐 평균 15 최대 71, 워커 active 4.3 | tomcat 6 | 노트북 CPU 98% (mysqld 59 / java 28) 클럭 113% | 데스크톱 37%/61%
p10-k6-before2250 10:20:21  W= 1157.3/s  접수 208308 · 503 73912 · 기타실패 122690 · dropped 90  202 p95=58.4 p99=143.2ms  503 p95=112.9ms
               대조: 503↔서버 일치, DB=접수−실패 일치, 큐 소진 (queued=0.0 active=0.0, 2초 이내)
               커넥션 active 8.0 pending 31.5 | insert 큐 평균 98 최대 100, 워커 active 6.0 | tomcat 35 | 노트북 CPU 82% (mysqld 51 / java 25) 클럭 115% | 데스크톱 61%/76%
               주문 1건당 MySQL: Questions 17.48, select 3.71, insert 2.00, commit 2.00, rollback 0.35, set_option 9.42, Handler_commit 8.35, os_log_fsyncs 2.30, data_fsyncs 2.32
p10-k6-grid-single 16:21:17  W= 1858.6/s  접수 334540 · 503 151463 · 기타실패 0 · dropped 0  202 p95=9.3 p99=18.7ms  503 p95=12.4ms
               대조: 503↔서버 일치, DB=접수−실패 일치, 큐 소진 (queued=0.0 active=0.0, 2초 이내)
               커넥션 active 6.0 pending 0.0 | insert 큐 평균 97 최대 100, 워커 active 6.0 | tomcat 2 | 노트북 CPU 91% (mysqld 40 / java 34) 클럭 110% | 데스크톱 43%/51%
               주문 1건당 MySQL: Questions 9.00, select 2.00, insert 2.00, commit 1.00, rollback 0.00, set_option 4.00, Handler_commit 7.00, os_log_fsyncs 0.79, data_fsyncs 0.81
p10-k6-grid-split 15:19:09  W= 1598.0/s  접수 287646 · 503 197777 · 기타실패 0 · dropped 579  202 p95=57.9 p99=81.8ms  503 p95=43.4ms
               대조: 503↔서버 일치, DB=접수−실패 일치, 큐 소진 (queued=0.0 active=0.0, 2초 이내)
               커넥션 active 7.7 pending 2.8 | insert 큐 평균 85 최대 100, 워커 active 5.7 | tomcat 9 | 노트북 CPU 98% (mysqld 56 / java 34) 클럭 113% | 데스크톱 48%/70%
               주문 1건당 MySQL: Questions 15.00, select 3.00, insert 2.00, commit 2.00, rollback 0.00, set_option 8.00, Handler_commit 8.00, os_log_fsyncs 1.54, data_fsyncs 1.56
p10-k8-grid-single 15:39:53  W= 2173.0/s  접수 391133 · 503 94869 · 기타실패 0 · dropped 0  202 p95=25.8 p99=36.9ms  503 p95=21.8ms
               대조: 503↔서버 일치, DB=접수−실패 일치, 큐 소진 (queued=0.0 active=0.0, 2초 이내)
               커넥션 active 7.7 pending 0.0 | insert 큐 평균 93 최대 100, 워커 active 7.7 | tomcat 2 | 노트북 CPU 97% (mysqld 56 / java 33) 클럭 111% | 데스크톱 47%/56%
               주문 1건당 MySQL: Questions 9.00, select 2.00, insert 2.00, commit 1.00, rollback 0.00, set_option 4.00, Handler_commit 7.00, os_log_fsyncs 1.27, data_fsyncs 1.29
p10-k8-grid-split 17:23:15  W= 1839.8/s  접수 331173 · 503 154768 · 기타실패 0 · dropped 61  202 p95=67.9 p99=110.6ms  503 p95=21.7ms
               대조: 503↔서버 일치, DB=접수−실패 일치, 큐 소진 (queued=0.0 active=0.0, 2초 이내)
               커넥션 active 9.1 pending 22.0 | insert 큐 평균 57 최대 88, 워커 active 7.7 | tomcat 29 | 노트북 CPU 96% (mysqld 49 / java 38) 클럭 107% | 데스크톱 39%/44%
               주문 1건당 MySQL: Questions 15.00, select 3.00, insert 2.00, commit 2.00, rollback 0.00, set_option 8.00, Handler_commit 8.00, os_log_fsyncs 0.67, data_fsyncs 0.69
p10-k8-p2      23:43:12  W=  968.6/s  접수 174343 · 503 302381 · 기타실패 82205 · dropped 65676  202 p95=803.1 p99=1078.3ms  503 p95=806.7ms
               대조: 503↔서버 일치, DB=접수−실패 일치, 큐 소진 (queued=0.0 active=0.0, 2초 이내)
               커넥션 active 7.7 pending 118.6 | insert 큐 평균 72 최대 100, 워커 active 6.9 | tomcat 80 | 노트북 CPU 92% (mysqld 48 / java 37) 클럭 111% | 데스크톱 72%/94%
p15-k10-grid-single 18:25:15  W= 2259.5/s  접수 406710 · 503 79201 · 기타실패 0 · dropped 90  202 p95=70.8 p99=89.8ms  503 p95=50.0ms
               대조: 503↔서버 일치, DB=접수−실패 일치, 큐 소진 (queued=0.0 active=0.0, 2초 이내)
               커넥션 active 9.3 pending 0.0 | insert 큐 평균 74 최대 100, 워커 active 9.5 | tomcat 6 | 노트북 CPU 96% (mysqld 56 / java 33) 클럭 108% | 데스크톱 35%/38%
               주문 1건당 MySQL: Questions 9.00, select 2.00, insert 2.00, commit 1.00, rollback 0.00, set_option 4.00, Handler_commit 7.00, os_log_fsyncs 1.30, data_fsyncs 1.32
p15-k10-grid-split 16:00:31  W= 1633.1/s  접수 293959 · 503 189764 · 기타실패 0 · dropped 2278  202 p95=344.9 p99=466.2ms  503 p95=322.3ms
               대조: 503↔서버 일치, DB=접수−실패 일치, 큐 소진 (queued=0.0 active=0.0, 2초 이내)
               커넥션 active 11.4 pending 5.1 | insert 큐 평균 39 최대 100, 워커 active 8.3 | tomcat 16 | 노트북 CPU 96% (mysqld 55 / java 33) 클럭 109% | 데스크톱 45%/54%
               주문 1건당 MySQL: Questions 15.00, select 3.00, insert 2.00, commit 2.00, rollback 0.00, set_option 8.00, Handler_commit 8.00, os_log_fsyncs 1.46, data_fsyncs 1.47
p15-k15-grid-single 17:02:35  W= 2627.1/s  접수 472873 · 503 12756 · 기타실패 0 · dropped 403  202 p95=40.6 p99=58.0ms  503 p95=53.4ms
               대조: 503↔서버 일치, DB=접수−실패 일치, 큐 소진 (queued=0.0 active=0.0, 2초 이내)
               커넥션 active 14.3 pending 0.0 | insert 큐 평균 31 최대 100, 워커 active 13.5 | tomcat 3 | 노트북 CPU 98% (mysqld 53 / java 38) 클럭 108% | 데스크톱 44%/63%
               주문 1건당 MySQL: Questions 9.00, select 2.00, insert 2.00, commit 1.00, rollback 0.00, set_option 4.00, Handler_commit 7.00, os_log_fsyncs 0.60, data_fsyncs 0.61
p15-k6-grid-split 18:04:36  W= 1696.8/s  접수 305424 · 503 180312 · 기타실패 0 · dropped 266  202 p95=53.3 p99=81.3ms  503 p95=42.4ms
               대조: 503↔서버 일치, DB=접수−실패 일치, 큐 소진 (queued=0.0 active=0.0, 2초 이내)
               커넥션 active 9.9 pending 0.1 | insert 큐 평균 90 최대 100, 워커 active 6.0 | tomcat 5 | 노트북 CPU 97% (mysqld 54 / java 36) 클럭 110% | 데스크톱 40%/46%
               주문 1건당 MySQL: Questions 15.00, select 3.00, insert 2.00, commit 2.00, rollback 0.00, set_option 8.00, Handler_commit 8.00, os_log_fsyncs 1.05, data_fsyncs 1.07
