[22:59:26] === P2 시리즈 p2 시작: P=10, RATE=3470, k 순서 6 4 8, 휴식 900초 ===
노트북 CPU 기록 시작 pid=8788 rc=0
[22:59:31] 전원 상태 [k=6 기동 전] = 2 100 (첫 값 2 = 충전기)
서버 기동 요청 P=10 --omp.executor.insert.core=6 --omp.executor.insert.max=6 --omp.executor.insert.queue=100 rc=0 pid=16036
[22:59:42] 서버 준비 완료 (풀 10.0, 3회 확인)
서버 커넥션 풀 = 10.0 (기대 10), insert 워커 core = 6.0 (기대 6), 큐 남은 칸 = 100.0 (기대 100)
[1/1 22:59:59] 부하 전 노트북 CPU 평균 = 0.024 (기준 0.15 미만) / 데스크톱 = 20.7% (기준 30% 미만)
워밍업 종료 23:01:07 exit=0
큐 소진 (queued=0.0 active=0.0, 2초 이내)
reviews	orders	order_menus	stats_not_zero
0	0	0	0
[23:01:09] 전원 상태 [k=6 측정 전] = 2 100 (첫 값 2 = 충전기)
서버 커넥션 풀 = 10.0 (기대 10), insert 워커 core = 6.0 (기대 6), 큐 남은 칸 = 100.0 (기대 100)
[1/8 23:01:26] 부하 전 노트북 CPU 평균 = 0.174 (기준 0.15 미만) / 데스크톱 = 13.7% (기준 30% 미만)
[2/8 23:01:42] 부하 전 노트북 CPU 평균 = 0.020 (기준 0.15 미만) / 데스크톱 = 15.6% (기준 30% 미만)
측정 종료 23:04:21 exit=0
큐 소진 (queued=0.0 active=0.0, 2초 이내)
측정 중 데스크톱 CPU 평균 64.4% / 최대 93.9% / 80% 이상 최장 연속 11표본 → 무효
[23:05:18] DB 주문 수(측정분) = 109497
[23:05:19] 전원 상태 [k=6 측정 후] = 2 100 (첫 값 2 = 충전기)
서버 종료 pid=18740
서버 종료 pid=13020
[23:05:22] k=4 전 휴식 895초 (끝 23:20:17)
[23:20:18] 전원 상태 [k=4 기동 전] = 2 100 (첫 값 2 = 충전기)
서버 기동 요청 P=10 --omp.executor.insert.core=4 --omp.executor.insert.max=4 --omp.executor.insert.queue=100 rc=0 pid=7968
[23:20:29] 서버 준비 완료 (풀 10.0, 3회 확인)
서버 커넥션 풀 = 10.0 (기대 10), insert 워커 core = 4.0 (기대 4), 큐 남은 칸 = 100.0 (기대 100)
[1/1 23:20:46] 부하 전 노트북 CPU 평균 = 0.015 (기준 0.15 미만) / 데스크톱 = 13.9% (기준 30% 미만)
워밍업 종료 23:21:55 exit=0
큐 소진 (queued=0.0 active=0.0, 2초 이내)
reviews	orders	order_menus	stats_not_zero
0	0	0	0
[23:21:57] 전원 상태 [k=4 측정 전] = 2 100 (첫 값 2 = 충전기)
서버 커넥션 풀 = 10.0 (기대 10), insert 워커 core = 4.0 (기대 4), 큐 남은 칸 = 100.0 (기대 100)
[1/8 23:22:13] 부하 전 노트북 CPU 평균 = 0.174 (기준 0.15 미만) / 데스크톱 = 16.1% (기준 30% 미만)
[2/8 23:22:29] 부하 전 노트북 CPU 평균 = 0.020 (기준 0.15 미만) / 데스크톱 = 12.4% (기준 30% 미만)
측정 종료 23:25:39 exit=0
큐 소진 (queued=0.0 active=0.0, 2초 이내)
측정 중 데스크톱 CPU 평균 62.6% / 최대 95.8% / 80% 이상 최장 연속 9표본 → 무효
[23:26:05] DB 주문 수(측정분) = 177949
[23:26:06] 전원 상태 [k=4 측정 후] = 2 100 (첫 값 2 = 충전기)
서버 종료 pid=16428
서버 종료 pid=10704
p10-k4-p2      23:22:30  W=  988.6/s  접수 177949 · 503 248779 · 기타실패 75623 · dropped 122251  202 p95=284.9 p99=480.6ms  503 p95=285.9ms
[23:26:09] k=8 전 휴식 896초 (끝 23:41:05)
[23:41:07] 전원 상태 [k=8 기동 전] = 2 100 (첫 값 2 = 충전기)
서버 기동 요청 P=10 --omp.executor.insert.core=8 --omp.executor.insert.max=8 --omp.executor.insert.queue=100 rc=0 pid=9768
[23:41:18] 서버 준비 완료 (풀 10.0, 3회 확인)
서버 커넥션 풀 = 10.0 (기대 10), insert 워커 core = 8.0 (기대 8), 큐 남은 칸 = 100.0 (기대 100)
[1/1 23:41:34] 부하 전 노트북 CPU 평균 = 0.019 (기준 0.15 미만) / 데스크톱 = 13.7% (기준 30% 미만)
워밍업 종료 23:42:37 exit=0
큐 소진 (queued=0.0 active=0.0, 2초 이내)
reviews	orders	order_menus	stats_not_zero
0	0	0	0
[23:42:39] 전원 상태 [k=8 측정 전] = 2 100 (첫 값 2 = 충전기)
서버 커넥션 풀 = 10.0 (기대 10), insert 워커 core = 8.0 (기대 8), 큐 남은 칸 = 100.0 (기대 100)
[1/8 23:42:56] 부하 전 노트북 CPU 평균 = 0.185 (기준 0.15 미만) / 데스크톱 = 10.9% (기준 30% 미만)
[2/8 23:43:12] 부하 전 노트북 CPU 평균 = 0.022 (기준 0.15 미만) / 데스크톱 = 14.5% (기준 30% 미만)
측정 종료 23:46:22 exit=0
큐 소진 (queued=0.0 active=0.0, 2초 이내)
측정 중 데스크톱 CPU 평균 66.3% / 최대 94.2% / 80% 이상 최장 연속 8표본 → 무효
[23:46:48] DB 주문 수(측정분) = 174343
[23:46:49] 전원 상태 [k=8 측정 후] = 2 100 (첫 값 2 = 충전기)
서버 종료 pid=14892
서버 종료 pid=2688
p10-k8-p2      23:43:12  W=  968.6/s  접수 174343 · 503 302381 · 기타실패 82205 · dropped 65676  202 p95=803.1 p99=1078.3ms  503 p95=806.7ms
노트북 CPU 기록 종료 pid=8788
[23:46:53] 노트북 CPU 기록 → benchmark/results/2026-09-26-P2/laptop-cpu-p2.csv
[23:46:53] === P2 시리즈 p2 끝 ===
p10-k4-p2      23:22:30  W=  988.6/s  접수 177949 · 503 248779 · 기타실패 75623 · dropped 122251  202 p95=284.9 p99=480.6ms  503 p95=285.9ms
               대조: 503↔서버 일치, DB=접수−실패 일치, 큐 소진 (queued=0.0 active=0.0, 2초 이내)
               커넥션 active 7.1 pending 32.6 | insert 큐 평균 67 최대 100, 워커 active 2.7 | tomcat 33 | 노트북 CPU 92% (mysqld 50 / java 34) 클럭 112% | 데스크톱 68%/96%
p10-k8-p2      23:43:12  W=  968.6/s  접수 174343 · 503 302381 · 기타실패 82205 · dropped 65676  202 p95=803.1 p99=1078.3ms  503 p95=806.7ms
               대조: 503↔서버 일치, DB=접수−실패 일치, 큐 소진 (queued=0.0 active=0.0, 2초 이내)
               커넥션 active 7.7 pending 118.6 | insert 큐 평균 72 최대 100, 워커 active 6.9 | tomcat 80 | 노트북 CPU 92% (mysqld 48 / java 37) 클럭 111% | 데스크톱 72%/94%
