[20:27:07] === P2 시리즈 ctl 시작: 기본 부하 2700, 회차 2개 (single:20:20:3000:503 single:20:20:3000:429), 휴식 900초 ===
노트북 CPU 기록 시작 pid=17572 rc=0
[20:27:11] [1/2 single P=20 k=20 부하 3000] 전 휴식 688초 (끝 20:38:39)
[20:38:40] 전원 상태 [k=20 기동 전] = 2 100 (첫 값 2 = 충전기)
서버 기동 요청 P=20 --omp.executor.insert.core=20 --omp.executor.insert.max=20 --omp.executor.insert.queue=100 --omp.order.async.transaction=single --omp.order.async.reject-status=503 rc=0 pid=9524
[20:38:51] 서버 준비 완료 (풀 20.0, 3회 확인)
서버 커넥션 풀 = 20.0 (기대 20), insert 워커 core = 20.0 (기대 20), 큐 남은 칸 = 100.0 (기대 100)
[1/1 20:39:08] 부하 전 노트북 CPU 평균 = 0.015 (기준 0.15 미만) / 데스크톱 = 4.6% (기준 30% 미만)
워밍업 종료 20:40:09 exit=0
워밍업 k6 연결 실패 365건
큐 소진 (queued=0.0 active=0.0, 2초 이내)
reviews	orders	order_menus	stats_not_zero
0	0	0	0
[20:40:11] 전원 상태 [k=20 측정 전] = 2 100 (첫 값 2 = 충전기)
서버 커넥션 풀 = 20.0 (기대 20), insert 워커 core = 20.0 (기대 20), 큐 남은 칸 = 100.0 (기대 100)
[1/8 20:40:28] 부하 전 노트북 CPU 평균 = 0.187 (기준 0.15 미만) / 데스크톱 = 2.2% (기준 30% 미만)
[2/8 20:40:44] 부하 전 노트북 CPU 평균 = 0.016 (기준 0.15 미만) / 데스크톱 = 1.2% (기준 30% 미만)
측정 종료 20:43:47 exit=0
측정 k6 연결 실패 296건 → 무효(요청이 서버에 닿지 못함)
큐 소진 (queued=0.0 active=0.0, 2초 이내)
측정 중 데스크톱 CPU 평균 26.5% / 최대 35.9% / 80% 이상 최장 연속 0표본 → 통과
[20:44:21] DB 주문 수(측정분) = 485164
[20:44:22] 전원 상태 [k=20 측정 후] = 2 100 (첫 값 2 = 충전기)
서버 종료 pid=13340
서버 종료 pid=5172
p20-k20-ctl1-3000-503-single 20:40:45  W= 2695.4/s  접수 485164 · 503 50869 · 기타실패 296 · dropped 3672  202 p95=606.7 p99=1313.4ms  503 p95=631.1ms
[20:44:25] 회차 완료 1/2 (single P=20 k=20 부하 3000 503)
[20:44:25] [2/2 single P=20 k=20 부하 3000] 전 휴식 894초 (끝 20:59:19)
[20:59:20] 전원 상태 [k=20 기동 전] = 2 100 (첫 값 2 = 충전기)
서버 기동 요청 P=20 --omp.executor.insert.core=20 --omp.executor.insert.max=20 --omp.executor.insert.queue=100 --omp.order.async.transaction=single --omp.order.async.reject-status=429 rc=0 pid=13960
[20:59:31] 서버 준비 완료 (풀 20.0, 3회 확인)
서버 커넥션 풀 = 20.0 (기대 20), insert 워커 core = 20.0 (기대 20), 큐 남은 칸 = 100.0 (기대 100)
[1/1 20:59:48] 부하 전 노트북 CPU 평균 = 0.010 (기준 0.15 미만) / 데스크톱 = 2.5% (기준 30% 미만)
워밍업 종료 21:00:49 exit=0
워밍업 k6 연결 실패 0건
큐 소진 (queued=0.0 active=0.0, 2초 이내)
reviews	orders	order_menus	stats_not_zero
0	0	0	0
[21:00:51] 전원 상태 [k=20 측정 전] = 2 100 (첫 값 2 = 충전기)
서버 커넥션 풀 = 20.0 (기대 20), insert 워커 core = 20.0 (기대 20), 큐 남은 칸 = 100.0 (기대 100)
[1/8 21:01:08] 부하 전 노트북 CPU 평균 = 0.183 (기준 0.15 미만) / 데스크톱 = 5.7% (기준 30% 미만)
[2/8 21:01:24] 부하 전 노트북 CPU 평균 = 0.016 (기준 0.15 미만) / 데스크톱 = 10.6% (기준 30% 미만)
측정 종료 21:04:25 exit=0
측정 k6 연결 실패 0건 → 통과
큐 소진 (queued=0.0 active=0.0, 2초 이내)
측정 중 데스크톱 CPU 평균 27.5% / 최대 65.2% / 80% 이상 최장 연속 0표본 → 통과
[21:05:01] DB 주문 수(측정분) = 526100
[21:05:02] 전원 상태 [k=20 측정 후] = 2 100 (첫 값 2 = 충전기)
서버 종료 pid=4716
서버 종료 pid=8592
p20-k20-ctl2-3000-429-single 21:01:25  W= 2922.8/s  접수 526100 · 503 13548 · 기타실패 0 · dropped 352  202 p95=33.1 p99=66.9ms  503 p95=49.7ms
[21:05:05] 회차 완료 2/2 (single P=20 k=20 부하 3000 429)
노트북 CPU 기록 종료 pid=17572
[21:05:06] 노트북 CPU 기록 → benchmark/results/2026-09-26-P2/laptop-cpu-ctl.csv
[21:05:06] === P2 시리즈 ctl 끝 ===
p10-k10-grid-single 17:43:57  W= 2187.2/s  접수 393690 · 503 92118 · 기타실패 0 · dropped 193  202 p95=85.9 p99=109.5ms  503 p95=68.5ms
               대조: 503↔서버 일치, DB=접수−실패 일치, 큐 소진 (queued=0.0 active=0.0, 2초 이내)
               커넥션 active 9.6 pending 0.0 | insert 큐 평균 75 최대 100, 워커 active 9.0 | tomcat 4 | 노트북 CPU 97% (mysqld 57 / java 33) 클럭 110% | 데스크톱 36%/39%
               주문 1건당 MySQL: Questions 9.00, select 2.00, insert 2.00, commit 1.00, rollback 0.00, set_option 4.00, Handler_commit 7.00, os_log_fsyncs 1.45, data_fsyncs 1.46
p10-k10-lim3k3-single 20:25:27  W= 2210.0/s  접수 397798 · 503 142115 · 기타실패 0 · dropped 86  202 p95=54.2 p99=70.6ms  503 p95=41.2ms
               대조: 503↔서버 일치, DB=접수−실패 일치, 큐 소진 (queued=0.0 active=0.0, 2초 이내)
               커넥션 active 9.5 pending 0.0 | insert 큐 평균 77 최대 100, 워커 active 9.2 | tomcat 3 | 노트북 CPU 97% (mysqld 56 / java 34) 클럭 110% | 데스크톱 46%/54%
               주문 1건당 MySQL: Questions 9.00, select 2.00, insert 2.00, commit 1.00, rollback 0.00, set_option 4.00, Handler_commit 7.00, os_log_fsyncs 1.21, data_fsyncs 1.22
p10-k4-grid-split 16:41:55  W= 1401.4/s  접수 252256 · 503 233746 · 기타실패 0 · dropped 0  202 p95=30.8 p99=47.5ms  503 p95=25.1ms
               대조: 503↔서버 일치, DB=접수−실패 일치, 큐 소진 (queued=0.0 active=0.0, 2초 이내)
               커넥션 active 6.6 pending 0.1 | insert 큐 평균 93 최대 100, 워커 active 3.9 | tomcat 4 | 노트북 CPU 97% (mysqld 56 / java 32) 클럭 110% | 데스크톱 41%/47%
               주문 1건당 MySQL: Questions 15.00, select 3.00, insert 2.00, commit 2.00, rollback 0.00, set_option 8.00, Handler_commit 8.00, os_log_fsyncs 2.15, data_fsyncs 2.16
p10-k4-p2      23:22:30  W=  988.6/s  접수 177949 · 503 248779 · 기타실패 75623 · dropped 122251  202 p95=284.9 p99=480.6ms  503 p95=285.9ms
               대조: 503↔서버 일치, DB=접수−실패 일치, 큐 소진 (queued=0.0 active=0.0, 2초 이내)
               커넥션 active 7.1 pending 32.6 | insert 큐 평균 67 최대 100, 워커 active 2.7 | tomcat 33 | 노트북 CPU 92% (mysqld 50 / java 34) 클럭 112% | 데스크톱 68%/96%
p10-k6-after-single 11:04:08  W= 1959.2/s  접수 352660 · 503 52341 · 기타실패 0 · dropped 0  202 p95=6.0 p99=11.9ms  503 p95=11.1ms
               대조: 503↔서버 일치, DB=접수−실패 일치, 큐 소진 (queued=0.0 active=0.0, 2초 이내)
               커넥션 active 5.9 pending 0.0 | insert 큐 평균 93 최대 100, 워커 active 6.0 | tomcat 2 | 노트북 CPU 98% (mysqld 57 / java 32) 클럭 112% | 데스크톱 42%/48%
               주문 1건당 MySQL: Questions 9.00, select 2.00, insert 2.00, commit 1.00, rollback 0.00, set_option 4.00, Handler_commit 7.00, os_log_fsyncs 1.85, data_fsyncs 1.87
p10-k6-after-split 10:43:28  W= 1559.1/s  접수 280638 · 503 124187 · 기타실패 0 · dropped 176  202 p95=70.1 p99=139.5ms  503 p95=39.6ms
               대조: 503↔서버 일치, DB=접수−실패 일치, 큐 소진 (queued=0.0 active=0.0, 2초 이내)
               커넥션 active 7.7 pending 2.5 | insert 큐 평균 82 최대 100, 워커 active 5.7 | tomcat 16 | 노트북 CPU 96% (mysqld 56 / java 31) 클럭 112% | 데스크톱 45%/49%
               주문 1건당 MySQL: Questions 15.00, select 3.00, insert 2.00, commit 2.00, rollback 0.00, set_option 8.00, Handler_commit 8.00, os_log_fsyncs 2.10, data_fsyncs 2.12
p10-k6-before  00:04:30  W= 1464.1/s  접수 263545 · 503 6456 · 기타실패 0 · dropped 0  202 p95=31.2 p99=73.3ms  503 p95=59.7ms
               대조: 503↔서버 일치, DB=접수−실패 일치, 큐 소진 (queued=0.0 active=0.0, 2초 이내)
               커넥션 active 5.7 pending 0.5 | insert 큐 평균 15 최대 71, 워커 active 4.3 | tomcat 6 | 노트북 CPU 98% (mysqld 59 / java 28) 클럭 113% | 데스크톱 37%/61%
p10-k6-before2250 10:20:21  W= 1157.3/s  접수 208308 · 503 73912 · 기타실패 122690 · dropped 90  202 p95=58.4 p99=143.2ms  503 p95=112.9ms
               대조: 503↔서버 일치, DB=접수−실패 일치, 큐 소진 (queued=0.0 active=0.0, 2초 이내)
               커넥션 active 8.0 pending 31.5 | insert 큐 평균 98 최대 100, 워커 active 6.0 | tomcat 35 | 노트북 CPU 82% (mysqld 51 / java 25) 클럭 115% | 데스크톱 61%/76%
               주문 1건당 MySQL: Questions 17.48, select 3.71, insert 2.00, commit 2.00, rollback 0.35, set_option 9.42, Handler_commit 8.35, os_log_fsyncs 2.30, data_fsyncs 2.32
p10-k6-grid-single 16:21:17  W= 1858.6/s  접수 334540 · 503 151463 · 기타실패 0 · dropped 0  202 p95=9.3 p99=18.7ms  503 p95=12.4ms
               대조: 503↔서버 일치, DB=접수−실패 일치, 큐 소진 (queued=0.0 active=0.0, 2초 이내)
               커넥션 active 6.0 pending 0.0 | insert 큐 평균 97 최대 100, 워커 active 6.0 | tomcat 2 | 노트북 CPU 91% (mysqld 40 / java 34) 클럭 110% | 데스크톱 43%/51%
               주문 1건당 MySQL: Questions 9.00, select 2.00, insert 2.00, commit 1.00, rollback 0.00, set_option 4.00, Handler_commit 7.00, os_log_fsyncs 0.79, data_fsyncs 0.81
p10-k6-grid-split 15:19:09  W= 1598.0/s  접수 287646 · 503 197777 · 기타실패 0 · dropped 579  202 p95=57.9 p99=81.8ms  503 p95=43.4ms
               대조: 503↔서버 일치, DB=접수−실패 일치, 큐 소진 (queued=0.0 active=0.0, 2초 이내)
               커넥션 active 7.7 pending 2.8 | insert 큐 평균 85 최대 100, 워커 active 5.7 | tomcat 9 | 노트북 CPU 98% (mysqld 56 / java 34) 클럭 113% | 데스크톱 48%/70%
               주문 1건당 MySQL: Questions 15.00, select 3.00, insert 2.00, commit 2.00, rollback 0.00, set_option 8.00, Handler_commit 8.00, os_log_fsyncs 1.54, data_fsyncs 1.56
p10-k8-grid-single 15:39:53  W= 2173.0/s  접수 391133 · 503 94869 · 기타실패 0 · dropped 0  202 p95=25.8 p99=36.9ms  503 p95=21.8ms
               대조: 503↔서버 일치, DB=접수−실패 일치, 큐 소진 (queued=0.0 active=0.0, 2초 이내)
               커넥션 active 7.7 pending 0.0 | insert 큐 평균 93 최대 100, 워커 active 7.7 | tomcat 2 | 노트북 CPU 97% (mysqld 56 / java 33) 클럭 111% | 데스크톱 47%/56%
               주문 1건당 MySQL: Questions 9.00, select 2.00, insert 2.00, commit 1.00, rollback 0.00, set_option 4.00, Handler_commit 7.00, os_log_fsyncs 1.27, data_fsyncs 1.29
p10-k8-grid-split 17:23:15  W= 1839.8/s  접수 331173 · 503 154768 · 기타실패 0 · dropped 61  202 p95=67.9 p99=110.6ms  503 p95=21.7ms
               대조: 503↔서버 일치, DB=접수−실패 일치, 큐 소진 (queued=0.0 active=0.0, 2초 이내)
               커넥션 active 9.1 pending 22.0 | insert 큐 평균 57 최대 88, 워커 active 7.7 | tomcat 29 | 노트북 CPU 96% (mysqld 49 / java 38) 클럭 107% | 데스크톱 39%/44%
               주문 1건당 MySQL: Questions 15.00, select 3.00, insert 2.00, commit 2.00, rollback 0.00, set_option 8.00, Handler_commit 8.00, os_log_fsyncs 0.67, data_fsyncs 0.69
p10-k8-p2      23:43:12  W=  968.6/s  접수 174343 · 503 302381 · 기타실패 82205 · dropped 65676  202 p95=803.1 p99=1078.3ms  503 p95=806.7ms
               대조: 503↔서버 일치, DB=접수−실패 일치, 큐 소진 (queued=0.0 active=0.0, 2초 이내)
               커넥션 active 7.7 pending 118.6 | insert 큐 평균 72 최대 100, 워커 active 6.9 | tomcat 80 | 노트북 CPU 92% (mysqld 48 / java 37) 클럭 111% | 데스크톱 72%/94%
p15-k10-grid-single 18:25:15  W= 2259.5/s  접수 406710 · 503 79201 · 기타실패 0 · dropped 90  202 p95=70.8 p99=89.8ms  503 p95=50.0ms
               대조: 503↔서버 일치, DB=접수−실패 일치, 큐 소진 (queued=0.0 active=0.0, 2초 이내)
               커넥션 active 9.3 pending 0.0 | insert 큐 평균 74 최대 100, 워커 active 9.5 | tomcat 6 | 노트북 CPU 96% (mysqld 56 / java 33) 클럭 108% | 데스크톱 35%/38%
               주문 1건당 MySQL: Questions 9.00, select 2.00, insert 2.00, commit 1.00, rollback 0.00, set_option 4.00, Handler_commit 7.00, os_log_fsyncs 1.30, data_fsyncs 1.32
p15-k10-grid-split 16:00:31  W= 1633.1/s  접수 293959 · 503 189764 · 기타실패 0 · dropped 2278  202 p95=344.9 p99=466.2ms  503 p95=322.3ms
               대조: 503↔서버 일치, DB=접수−실패 일치, 큐 소진 (queued=0.0 active=0.0, 2초 이내)
               커넥션 active 11.4 pending 5.1 | insert 큐 평균 39 최대 100, 워커 active 8.3 | tomcat 16 | 노트북 CPU 96% (mysqld 55 / java 33) 클럭 109% | 데스크톱 45%/54%
               주문 1건당 MySQL: Questions 15.00, select 3.00, insert 2.00, commit 2.00, rollback 0.00, set_option 8.00, Handler_commit 8.00, os_log_fsyncs 1.46, data_fsyncs 1.47
p15-k15-grid-single 17:02:35  W= 2627.1/s  접수 472873 · 503 12756 · 기타실패 0 · dropped 403  202 p95=40.6 p99=58.0ms  503 p95=53.4ms
               대조: 503↔서버 일치, DB=접수−실패 일치, 큐 소진 (queued=0.0 active=0.0, 2초 이내)
               커넥션 active 14.3 pending 0.0 | insert 큐 평균 31 최대 100, 워커 active 13.5 | tomcat 3 | 노트북 CPU 98% (mysqld 53 / java 38) 클럭 108% | 데스크톱 44%/63%
               주문 1건당 MySQL: Questions 9.00, select 2.00, insert 2.00, commit 1.00, rollback 0.00, set_option 4.00, Handler_commit 7.00, os_log_fsyncs 0.60, data_fsyncs 0.61
p15-k15-lim1-single 19:23:20  W= 2270.0/s  접수 408600 · 503 200004 · 기타실패 37 · dropped 39363  202 p95=1060.9 p99=1159.9ms  503 p95=1035.5ms
               대조: 503↔서버 일치, DB=접수−실패 일치, 큐 소진 (queued=0.0 active=0.0, 2초 이내)
               커넥션 active 13.0 pending 0.0 | insert 큐 평균 60 최대 100, 워커 active 13.0 | tomcat 6 | 노트북 CPU 97% (mysqld 54 / java 35) 클럭 110% | 데스크톱 44%/50%
               주문 1건당 MySQL: Questions 9.00, select 2.00, insert 2.00, commit 1.00, rollback 0.00, set_option 4.00, Handler_commit 7.00, os_log_fsyncs 1.04, data_fsyncs 1.05
p15-k15-lim3k1-single 19:44:06  W= 2760.4/s  접수 496872 · 503 42750 · 기타실패 0 · dropped 370  202 p95=18.5 p99=41.3ms  503 p95=28.3ms
               대조: 503↔서버 일치, DB=접수−실패 일치, 큐 소진 (queued=0.0 active=0.0, 2초 이내)
               커넥션 active 15.0 pending 0.0 | insert 큐 평균 84 최대 100, 워커 active 14.4 | tomcat 3 | 노트북 CPU 95% (mysqld 48 / java 40) 클럭 106% | 데스크톱 36%/42%
               주문 1건당 MySQL: Questions 9.00, select 2.00, insert 2.00, commit 1.00, rollback 0.00, set_option 4.00, Handler_commit 7.00, os_log_fsyncs 0.42, data_fsyncs 0.43
p15-k15-lim3k4-single 20:46:09  W= 2311.6/s  접수 416082 · 503 111246 · 기타실패 3730 · dropped 8944  202 p95=1231.6 p99=4843.9ms  503 p95=1200.3ms
               대조: 503↔서버 일치, DB=접수−실패 일치, 큐 소진 (queued=0.0 active=0.0, 2초 이내)
               커넥션 active 10.1 pending 0.0 | insert 큐 평균 41 최대 95, 워커 active 10.3 | tomcat 6 | 노트북 CPU 92% (mysqld 54 / java 32) 클럭 109% | 데스크톱 42%/48%
               주문 1건당 MySQL: Questions 9.00, select 2.00, insert 2.00, commit 1.00, rollback 0.00, set_option 4.00, Handler_commit 7.00, os_log_fsyncs 1.11, data_fsyncs 1.12
p15-k15-re2-3000-429-single 20:20:25  W= 2387.7/s  접수 429791 · 503 78946 · 기타실패 11198 · dropped 20067  202 p95=2525.4 p99=9686.5ms  503 p95=2518.4ms
               대조: 503↔서버 일치, DB=접수−실패 일치, 큐 소진 (queued=0.0 active=0.0, 2초 이내)
               커넥션 active 9.1 pending 0.0 | insert 큐 평균 38 최대 94, 워커 active 8.4 | tomcat 2 | 노트북 CPU 91% (mysqld 54 / java 32) 클럭 107% | 데스크톱 32%/46%
               주문 1건당 MySQL: Questions 9.00, select 2.00, insert 2.00, commit 1.00, rollback 0.00, set_option 4.00, Handler_commit 7.00, os_log_fsyncs 1.29, data_fsyncs 1.30
p15-k15-rep2-single 22:02:10  W= 2728.2/s  접수 491072 · 503 48739 · 기타실패 0 · dropped 190  202 p95=31.2 p99=82.7ms  503 p95=43.7ms
               대조: 503↔서버 일치, DB=접수−실패 일치, 큐 소진 (queued=0.0 active=0.0, 2초 이내)
               커넥션 active 15.0 pending 0.0 | insert 큐 평균 87 최대 100, 워커 active 15.0 | tomcat 3 | 노트북 CPU 96% (mysqld 48 / java 40) 클럭 108% | 데스크톱 62%/71%
               주문 1건당 MySQL: Questions 9.00, select 2.00, insert 2.00, commit 1.00, rollback 0.00, set_option 4.00, Handler_commit 7.00, os_log_fsyncs 0.39, data_fsyncs 0.41
p15-k6-grid-split 18:04:36  W= 1696.8/s  접수 305424 · 503 180312 · 기타실패 0 · dropped 266  202 p95=53.3 p99=81.3ms  503 p95=42.4ms
               대조: 503↔서버 일치, DB=접수−실패 일치, 큐 소진 (queued=0.0 active=0.0, 2초 이내)
               커넥션 active 9.9 pending 0.1 | insert 큐 평균 90 최대 100, 워커 active 6.0 | tomcat 5 | 노트북 CPU 97% (mysqld 54 / java 36) 클럭 110% | 데스크톱 40%/46%
               주문 1건당 MySQL: Questions 15.00, select 3.00, insert 2.00, commit 2.00, rollback 0.00, set_option 8.00, Handler_commit 8.00, os_log_fsyncs 1.05, data_fsyncs 1.07
p20-k20-ctl1-3000-503-single 20:40:45  W= 2695.4/s  접수 485164 · 503 50869 · 기타실패 296 · dropped 3672  202 p95=606.7 p99=1313.4ms  503 p95=631.1ms
               대조: 503↔서버 일치, DB=접수−실패 일치, 큐 소진 (queued=0.0 active=0.0, 2초 이내)
               커넥션 active 18.4 pending 0.0 | insert 큐 평균 56 최대 100, 워커 active 16.5 | tomcat 6 | 노트북 CPU 97% (mysqld 53 / java 39) 클럭 107% | 데스크톱 30%/36%
               주문 1건당 MySQL: Questions 9.00, select 2.00, insert 2.00, commit 1.00, rollback 0.00, set_option 4.00, Handler_commit 7.00, os_log_fsyncs 0.57, data_fsyncs 0.59
p20-k20-ctl2-3000-429-single 21:01:25  W= 2922.8/s  접수 526100 · 503 13548 · 기타실패 0 · dropped 352  202 p95=33.1 p99=66.9ms  503 p95=49.7ms
               대조: 503↔서버 일치, DB=접수−실패 일치, 큐 소진 (queued=0.0 active=0.0, 2초 이내)
               커넥션 active 18.2 pending 0.0 | insert 큐 평균 53 최대 100, 워커 active 17.8 | tomcat 3 | 노트북 CPU 96% (mysqld 51 / java 41) 클럭 107% | 데스크톱 31%/65%
               주문 1건당 MySQL: Questions 9.00, select 2.00, insert 2.00, commit 1.00, rollback 0.00, set_option 4.00, Handler_commit 7.00, os_log_fsyncs 0.35, data_fsyncs 0.36
p20-k20-intake1-3300-single 22:23:15  W= 2803.8/s  접수 504692 · 503 88390 · 기타실패 0 · dropped 919  202 p95=206.3 p99=360.2ms  503 p95=269.8ms
               대조: 503↔서버 일치, DB=접수−실패 일치, 큐 소진 (queued=0.0 active=0.0, 2초 이내)
               커넥션 active 19.1 pending 0.0 | insert 큐 평균 71 최대 100, 워커 active 19.1 | tomcat 4 | 노트북 CPU 95% (mysqld 48 / java 41) 클럭 108% | 데스크톱 62%/85%
               주문 1건당 MySQL: Questions 9.00, select 2.00, insert 2.00, commit 1.00, rollback 0.00, set_option 4.00, Handler_commit 7.00, os_log_fsyncs 0.33, data_fsyncs 0.35
p20-k20-intake2-4000-single 22:44:11  W= 2751.9/s  접수 495336 · 503 157126 · 기타실패 7502 · dropped 60038  202 p95=1241.3 p99=4841.0ms  503 p95=1243.1ms
               대조: 503↔서버 일치, DB=접수−실패 일치, 큐 소진 (queued=0.0 active=0.0, 2초 이내)
               커넥션 active 15.0 pending 0.0 | insert 큐 평균 39 최대 100, 워커 active 11.4 | tomcat 2 | 노트북 CPU 90% (mysqld 45 / java 38) 클럭 107% | 데스크톱 48%/69%
               주문 1건당 MySQL: Questions 9.00, select 2.00, insert 2.00, commit 1.00, rollback 0.00, set_option 4.00, Handler_commit 7.00, os_log_fsyncs 0.36, data_fsyncs 0.37
p20-k20-intake3-3000-single 23:04:53  W= 2927.7/s  접수 526988 · 503 12977 · 기타실패 0 · dropped 35  202 p95=33.1 p99=56.8ms  503 p95=60.5ms
               대조: 503↔서버 일치, DB=접수−실패 일치, 큐 소진 (queued=0.0 active=0.0, 2초 이내)
               커넥션 active 19.2 pending 0.0 | insert 큐 평균 39 최대 95, 워커 active 18.3 | tomcat 3 | 노트북 CPU 95% (mysqld 49 / java 41) 클럭 106% | 데스크톱 37%/56%
               주문 1건당 MySQL: Questions 9.00, select 2.00, insert 2.00, commit 1.00, rollback 0.00, set_option 4.00, Handler_commit 7.00, os_log_fsyncs 0.33, data_fsyncs 0.35
p20-k20-intake4-3600-single 23:25:36  W= 2751.2/s  접수 495214 · 503 152013 · 기타실패 1 · dropped 775  202 p95=268.8 p99=565.6ms  503 p95=268.4ms
               대조: 503↔서버 일치, DB=접수−실패 일치, 큐 소진 (queued=0.0 active=0.0, 2초 이내)
               커넥션 active 19.9 pending 0.0 | insert 큐 평균 67 최대 100, 워커 active 18.9 | tomcat 4 | 노트북 CPU 98% (mysqld 49 / java 42) 클럭 107% | 데스크톱 40%/45%
               주문 1건당 MySQL: Questions 9.00, select 2.00, insert 2.00, commit 1.00, rollback 0.00, set_option 4.00, Handler_commit 7.00, os_log_fsyncs 0.31, data_fsyncs 0.32
p20-k20-lim3k2-single 20:04:47  W= 2938.8/s  접수 528987 · 503 10956 · 기타실패 0 · dropped 57  202 p95=28.9 p99=50.0ms  503 p95=49.1ms
               대조: 503↔서버 일치, DB=접수−실패 일치, 큐 소진 (queued=0.0 active=0.0, 2초 이내)
               커넥션 active 19.6 pending 0.0 | insert 큐 평균 40 최대 87, 워커 active 18.3 | tomcat 4 | 노트북 CPU 97% (mysqld 50 / java 41) 클럭 108% | 데스크톱 37%/44%
               주문 1건당 MySQL: Questions 9.00, select 2.00, insert 2.00, commit 1.00, rollback 0.00, set_option 4.00, Handler_commit 7.00, os_log_fsyncs 0.32, data_fsyncs 0.34
p20-k20-re1-3000-429-single 19:59:35  W= 2707.8/s  접수 487403 · 503 50087 · 기타실패 164 · dropped 2349  202 p95=611.8 p99=1291.8ms  503 p95=706.0ms
               대조: 503↔서버 일치, DB=접수−실패 일치, 큐 소진 (queued=0.0 active=0.0, 2초 이내)
               커넥션 active 18.1 pending 0.0 | insert 큐 평균 45 최대 100, 워커 active 16.9 | tomcat 4 | 노트북 CPU 98% (mysqld 54 / java 40) 클럭 103% | 데스크톱 39%/53%
               주문 1건당 MySQL: Questions 9.00, select 2.00, insert 2.00, commit 1.00, rollback 0.00, set_option 4.00, Handler_commit 7.00, os_log_fsyncs 0.65, data_fsyncs 0.67
p20-k20-rej1-4000-429-single 07:24:58  W= 2914.4/s  접수 524596 · 503 193936 · 기타실패 0 · dropped 1470  202 p95=245.5 p99=333.5ms  503 p95=251.1ms
               대조: 503↔서버 일치, DB=접수−실패 일치, 큐 소진 (queued=0.0 active=0.0, 2초 이내)
               커넥션 active 19.1 pending 0.0 | insert 큐 평균 83 최대 100, 워커 active 20.0 | tomcat 5 | 노트북 CPU 99% (mysqld 51 / java 43) 클럭 110% | 데스크톱 31%/36%
               주문 1건당 MySQL: Questions 9.00, select 2.00, insert 2.00, commit 1.00, rollback 0.00, set_option 4.00, Handler_commit 7.00, os_log_fsyncs 0.35, data_fsyncs 0.36
p20-k20-rej2-4000-503ac1000-single 07:45:51  W= 2728.9/s  접수 491202 · 503 197319 · 기타실패 5488 · dropped 25991  202 p95=1205.8 p99=4809.3ms  503 p95=1205.1ms
               대조: 503↔서버 일치, DB=접수−실패 일치, 큐 소진 (queued=0.0 active=0.0, 2초 이내)
               커넥션 active 15.6 pending 0.0 | insert 큐 평균 69 최대 100, 워커 active 16.0 | tomcat 3 | 노트북 CPU 91% (mysqld 44 / java 40) 클럭 107% | 데스크톱 41%/56%
               주문 1건당 MySQL: Questions 9.00, select 2.00, insert 2.00, commit 1.00, rollback 0.00, set_option 4.00, Handler_commit 7.00, os_log_fsyncs 0.31, data_fsyncs 0.32
p20-k20-rej3-4000-503-single 08:06:43  W= 2767.0/s  접수 498060 · 503 158365 · 기타실패 7270 · dropped 56307  202 p95=1240.9 p99=4841.8ms  503 p95=1232.8ms
               대조: 503↔서버 일치, DB=접수−실패 일치, 큐 소진 (queued=0.0 active=0.0, 2초 이내)
               커넥션 active 16.0 pending 0.0 | insert 큐 평균 45 최대 100, 워커 active 12.5 | tomcat 4 | 노트북 CPU 90% (mysqld 44 / java 39) 클럭 108% | 데스크톱 38%/44%
               주문 1건당 MySQL: Questions 9.00, select 2.00, insert 2.00, commit 1.00, rollback 0.00, set_option 4.00, Handler_commit 7.00, os_log_fsyncs 0.34, data_fsyncs 0.35
p20-k20-rej4-4000-429-single 08:27:24  W= 2893.9/s  접수 520903 · 503 196817 · 기타실패 48 · dropped 2233  202 p95=371.7 p99=1212.8ms  503 p95=577.5ms
               대조: 503↔서버 일치, DB=접수−실패 일치, 큐 소진 (queued=0.0 active=0.0, 2초 이내)
               커넥션 active 18.4 pending 0.0 | insert 큐 평균 70 최대 100, 워커 active 18.7 | tomcat 4 | 노트북 CPU 91% (mysqld 48 / java 39) 클럭 107% | 데스크톱 27%/33%
               주문 1건당 MySQL: Questions 9.00, select 2.00, insert 2.00, commit 1.00, rollback 0.00, set_option 4.00, Handler_commit 7.00, os_log_fsyncs 0.38, data_fsyncs 0.40
p20-k20-rep1-single 21:41:29  W= 2946.8/s  접수 530427 · 503 9507 · 기타실패 0 · dropped 66  202 p95=31.3 p99=49.6ms  503 p95=48.6ms
               대조: 503↔서버 일치, DB=접수−실패 일치, 큐 소진 (queued=0.0 active=0.0, 2초 이내)
               커넥션 active 18.8 pending 0.0 | insert 큐 평균 35 최대 84, 워커 active 19.0 | tomcat 3 | 노트북 CPU 98% (mysqld 51 / java 42) 클럭 108% | 데스크톱 51%/58%
               주문 1건당 MySQL: Questions 9.00, select 2.00, insert 2.00, commit 1.00, rollback 0.00, set_option 4.00, Handler_commit 7.00, os_log_fsyncs 0.35, data_fsyncs 0.37
