[10:18:09] === P2 시리즈 before2250 시작: P=10, RATE=2250, k 순서 6, 휴식 900초 ===
노트북 CPU 기록 시작 pid=11440 rc=0
[10:18:14] 전원 상태 [k=6 기동 전] = 2 98 (첫 값 2 = 충전기)
서버 기동 요청 P=10 --omp.executor.insert.core=6 --omp.executor.insert.max=6 --omp.executor.insert.queue=100 rc=0 pid=13048
[10:18:26] 서버 준비 완료 (풀 10.0, 3회 확인)
서버 커넥션 풀 = 10.0 (기대 10), insert 워커 core = 6.0 (기대 6), 큐 남은 칸 = 100.0 (기대 100)
[1/1 10:18:43] 부하 전 노트북 CPU 평균 = 0.016 (기준 0.15 미만) / 데스크톱 = 14.8% (기준 30% 미만)
워밍업 종료 10:19:44 exit=0
큐 소진 (queued=0.0 active=0.0, 2초 이내)
reviews	orders	order_menus	stats_not_zero
0	0	0	0
[10:19:47] 전원 상태 [k=6 측정 전] = 2 98 (첫 값 2 = 충전기)
서버 커넥션 풀 = 10.0 (기대 10), insert 워커 core = 6.0 (기대 6), 큐 남은 칸 = 100.0 (기대 100)
[1/8 10:20:04] 부하 전 노트북 CPU 평균 = 0.170 (기준 0.15 미만) / 데스크톱 = 22.2% (기준 30% 미만)
[2/8 10:20:20] 부하 전 노트북 CPU 평균 = 0.017 (기준 0.15 미만) / 데스크톱 = 25.4% (기준 30% 미만)
측정 종료 10:23:21 exit=0
큐 소진 (queued=0.0 active=0.0, 2초 이내)
측정 중 데스크톱 CPU 평균 55.3% / 최대 75.5% / 80% 이상 최장 연속 0표본 → 통과
[10:23:57] DB 주문 수(측정분) = 208308
[10:23:58] 전원 상태 [k=6 측정 후] = 2 98 (첫 값 2 = 충전기)
서버 종료 pid=11008
서버 종료 pid=14736
p10-k6-before2250 10:20:21  W= 1157.3/s  접수 208308 · 503 73912 · 기타실패 122690 · dropped 90  202 p95=58.4 p99=143.2ms  503 p95=112.9ms
노트북 CPU 기록 종료 pid=11440
[10:24:03] 노트북 CPU 기록 → benchmark/results/2026-09-26-P2/laptop-cpu-before2250.csv
[10:24:03] === P2 시리즈 before2250 끝 ===
p10-k4-p2      23:22:30  W=  988.6/s  접수 177949 · 503 248779 · 기타실패 75623 · dropped 122251  202 p95=284.9 p99=480.6ms  503 p95=285.9ms
               대조: 503↔서버 일치, DB=접수−실패 일치, 큐 소진 (queued=0.0 active=0.0, 2초 이내)
               커넥션 active 7.1 pending 32.6 | insert 큐 평균 67 최대 100, 워커 active 2.7 | tomcat 33 | 노트북 CPU 92% (mysqld 50 / java 34) 클럭 112% | 데스크톱 68%/96%
p10-k6-before  00:04:30  W= 1464.1/s  접수 263545 · 503 6456 · 기타실패 0 · dropped 0  202 p95=31.2 p99=73.3ms  503 p95=59.7ms
               대조: 503↔서버 일치, DB=접수−실패 일치, 큐 소진 (queued=0.0 active=0.0, 2초 이내)
               커넥션 active 5.7 pending 0.5 | insert 큐 평균 15 최대 71, 워커 active 4.3 | tomcat 6 | 노트북 CPU 98% (mysqld 59 / java 28) 클럭 113% | 데스크톱 37%/61%
p10-k6-before2250 10:20:21  W= 1157.3/s  접수 208308 · 503 73912 · 기타실패 122690 · dropped 90  202 p95=58.4 p99=143.2ms  503 p95=112.9ms
               대조: 503↔서버 일치, DB=접수−실패 일치, 큐 소진 (queued=0.0 active=0.0, 2초 이내)
               커넥션 active 8.0 pending 31.5 | insert 큐 평균 98 최대 100, 워커 active 6.0 | tomcat 35 | 노트북 CPU 82% (mysqld 51 / java 25) 클럭 115% | 데스크톱 61%/76%
               주문 1건당 MySQL: Questions 17.48, select 3.71, insert 2.00, commit 2.00, rollback 0.35, set_option 9.42, Handler_commit 8.35, os_log_fsyncs 2.30, data_fsyncs 2.32
p10-k8-p2      23:43:12  W=  968.6/s  접수 174343 · 503 302381 · 기타실패 82205 · dropped 65676  202 p95=803.1 p99=1078.3ms  503 p95=806.7ms
               대조: 503↔서버 일치, DB=접수−실패 일치, 큐 소진 (queued=0.0 active=0.0, 2초 이내)
               커넥션 active 7.7 pending 118.6 | insert 큐 평균 72 최대 100, 워커 active 6.9 | tomcat 80 | 노트북 CPU 92% (mysqld 48 / java 37) 클럭 111% | 데스크톱 72%/94%
