[19:21:10] === P2 시리즈 lim 시작: RATE=3600, 회차 4개 (single:15:15 single:10:10 single:20:20 single:15:15), 휴식 900초 ===
노트북 CPU 기록 시작 pid=15056 rc=0
[19:21:14] 전원 상태 [k=15 기동 전] = 2 100 (첫 값 2 = 충전기)
서버 기동 요청 P=15 --omp.executor.insert.core=15 --omp.executor.insert.max=15 --omp.executor.insert.queue=100 --omp.order.async.transaction=single rc=0 pid=16852
[19:21:26] 서버 준비 완료 (풀 15.0, 3회 확인)
서버 커넥션 풀 = 15.0 (기대 15), insert 워커 core = 15.0 (기대 15), 큐 남은 칸 = 100.0 (기대 100)
[1/1 19:21:42] 부하 전 노트북 CPU 평균 = 0.019 (기준 0.15 미만) / 데스크톱 = 11.9% (기준 30% 미만)
워밍업 종료 19:22:45 exit=0
워밍업 k6 연결 실패 512건
큐 소진 (queued=0.0 active=0.0, 2초 이내)
reviews	orders	order_menus	stats_not_zero
0	0	0	0
[19:22:47] 전원 상태 [k=15 측정 전] = 2 100 (첫 값 2 = 충전기)
서버 커넥션 풀 = 15.0 (기대 15), insert 워커 core = 15.0 (기대 15), 큐 남은 칸 = 100.0 (기대 100)
[1/8 19:23:04] 부하 전 노트북 CPU 평균 = 0.183 (기준 0.15 미만) / 데스크톱 = 4.6% (기준 30% 미만)
[2/8 19:23:20] 부하 전 노트북 CPU 평균 = 0.023 (기준 0.15 미만) / 데스크톱 = 4.6% (기준 30% 미만)
측정 종료 19:26:22 exit=0
측정 k6 연결 실패 37건 → 무효(요청이 서버에 닿지 못함)
큐 소진 (queued=0.0 active=0.0, 2초 이내)
측정 중 데스크톱 CPU 평균 39.8% / 최대 49.8% / 80% 이상 최장 연속 0표본 → 통과
[19:26:56] DB 주문 수(측정분) = 408600
[19:26:57] 전원 상태 [k=15 측정 후] = 2 100 (첫 값 2 = 충전기)
서버 종료 pid=13060
서버 종료 pid=1988
p15-k15-lim1-single 19:23:20  W= 2270.0/s  접수 408600 · 503 200004 · 기타실패 37 · dropped 39363  202 p95=1060.9 p99=1159.9ms  503 p95=1035.5ms
[19:27:00] 회차 완료 1/4 (single P=15 k=15)
[19:27:00] [2/4 single P=10 k=10] 전 휴식 895초 (끝 19:41:55)
노트북 CPU 기록 종료 pid=15056
[19:28:44] 노트북 CPU 기록 → benchmark/results/2026-09-26-P2/laptop-cpu-lim.csv
[19:28:44] === 3,600건 부하에서 응답이 약 1초로 무너져 남은 회차 중지, 3,000건으로 다시 측정 ===
