[00:02:21] === P2 시리즈 before 시작: P=10, RATE=1500, k 순서 6, 휴식 900초 ===
노트북 CPU 기록 시작 pid=14044 rc=0
[00:02:26] 전원 상태 [k=6 기동 전] = 2 100 (첫 값 2 = 충전기)
서버 기동 요청 P=10 --omp.executor.insert.core=6 --omp.executor.insert.max=6 --omp.executor.insert.queue=100 rc=0 pid=11816
[00:02:37] 서버 준비 완료 (풀 10.0, 3회 확인)
서버 커넥션 풀 = 10.0 (기대 10), insert 워커 core = 6.0 (기대 6), 큐 남은 칸 = 100.0 (기대 100)
[1/1 00:02:54] 부하 전 노트북 CPU 평균 = 0.016 (기준 0.15 미만) / 데스크톱 = 26.8% (기준 30% 미만)
워밍업 종료 00:03:55 exit=0
큐 소진 (queued=0.0 active=0.0, 2초 이내)
reviews	orders	order_menus	stats_not_zero
0	0	0	0
[00:03:57] 전원 상태 [k=6 측정 전] = 2 100 (첫 값 2 = 충전기)
서버 커넥션 풀 = 10.0 (기대 10), insert 워커 core = 6.0 (기대 6), 큐 남은 칸 = 100.0 (기대 100)
[1/8 00:04:13] 부하 전 노트북 CPU 평균 = 0.183 (기준 0.15 미만) / 데스크톱 = 29.6% (기준 30% 미만)
[2/8 00:04:29] 부하 전 노트북 CPU 평균 = 0.013 (기준 0.15 미만) / 데스크톱 = 16.8% (기준 30% 미만)
측정 종료 00:07:30 exit=0
큐 소진 (queued=0.0 active=0.0, 2초 이내)
측정 중 데스크톱 CPU 평균 35.2% / 최대 60.6% / 80% 이상 최장 연속 0표본 → 통과
[00:08:05] DB 주문 수(측정분) = 263545
[00:08:07] 전원 상태 [k=6 측정 후] = 2 100 (첫 값 2 = 충전기)
서버 종료 pid=180
서버 종료 pid=18744
p10-k6-before  00:04:30  W= 1464.1/s  접수 263545 · 503 6456 · 기타실패 0 · dropped 0  202 p95=31.2 p99=73.3ms  503 p95=59.7ms
노트북 CPU 기록 종료 pid=14044
[00:08:11] 노트북 CPU 기록 → benchmark/results/2026-09-26-P2/laptop-cpu-before.csv
[00:08:11] === P2 시리즈 before 끝 ===
p10-k4-p2      23:22:30  W=  988.6/s  접수 177949 · 503 248779 · 기타실패 75623 · dropped 122251  202 p95=284.9 p99=480.6ms  503 p95=285.9ms
               대조: 503↔서버 일치, DB=접수−실패 일치, 큐 소진 (queued=0.0 active=0.0, 2초 이내)
               커넥션 active 7.1 pending 32.6 | insert 큐 평균 67 최대 100, 워커 active 2.7 | tomcat 33 | 노트북 CPU 92% (mysqld 50 / java 34) 클럭 112% | 데스크톱 68%/96%
p10-k6-before  00:04:30  W= 1464.1/s  접수 263545 · 503 6456 · 기타실패 0 · dropped 0  202 p95=31.2 p99=73.3ms  503 p95=59.7ms
               대조: 503↔서버 일치, DB=접수−실패 일치, 큐 소진 (queued=0.0 active=0.0, 2초 이내)
               커넥션 active 5.7 pending 0.5 | insert 큐 평균 15 최대 71, 워커 active 4.3 | tomcat 6 | 노트북 CPU 98% (mysqld 59 / java 28) 클럭 113% | 데스크톱 37%/61%
p10-k8-p2      23:43:12  W=  968.6/s  접수 174343 · 503 302381 · 기타실패 82205 · dropped 65676  202 p95=803.1 p99=1078.3ms  503 p95=806.7ms
               대조: 503↔서버 일치, DB=접수−실패 일치, 큐 소진 (queued=0.0 active=0.0, 2초 이내)
               커넥션 active 7.7 pending 118.6 | insert 큐 평균 72 최대 100, 워커 active 6.9 | tomcat 80 | 노트북 CPU 92% (mysqld 48 / java 37) 클럭 111% | 데스크톱 72%/94%
