time="2026-09-29T17:09:16+09:00" level=info msg="[run] 시작 17:09:16 MODE=sync SCENARIO=saturate TAG=CAP-sync" source=console
time="2026-09-29T17:12:17+09:00" level=info msg="[run] 종료 17:12:17 TAG=CAP-sync" source=console
[32m     ✓ status is 200[0m
[32m     ✓ has order id[0m

     checks[2m.........................:[0m [36m100.00%[0m [36;2m✓ 974278[0m      [36;2m✗ 0[0m     
     data_received[2m..................:[0m [36m63 MB[0m   [36;2m351 kB/s[0m
     data_sent[2m......................:[0m [36m128 MB[0m  [36;2m709 kB/s[0m
     http_req_blocked[2m...............:[0m avg=[36m1.09ms[0m   min=[36m0s[0m      med=[36m0s[0m      max=[36m7.05s[0m   p(90)=[36m0s[0m       p(95)=[36m0s[0m       p(99)=[36m2.19ms[0m  
     http_req_connecting[2m............:[0m avg=[36m1.09ms[0m   min=[36m0s[0m      med=[36m0s[0m      max=[36m7.05s[0m   p(90)=[36m0s[0m       p(95)=[36m0s[0m       p(99)=[36m1.86ms[0m  
     http_req_duration[2m..............:[0m avg=[36m72.72ms[0m  min=[36m707.7µs[0m med=[36m50.77ms[0m max=[36m9.74s[0m   p(90)=[36m101.36ms[0m p(95)=[36m311.29ms[0m p(99)=[36m369.55ms[0m
       { expected_response:true }[2m...:[0m avg=[36m72.72ms[0m  min=[36m707.7µs[0m med=[36m50.77ms[0m max=[36m9.74s[0m   p(90)=[36m101.36ms[0m p(95)=[36m311.29ms[0m p(99)=[36m369.55ms[0m
     http_req_failed[2m................:[0m [36m0.00%[0m   [36;2m✓ 0[0m           [36;2m✗ 487139[0m
     http_req_receiving[2m.............:[0m avg=[36m138.57µs[0m min=[36m0s[0m      med=[36m0s[0m      max=[36m61.94ms[0m p(90)=[36m0s[0m       p(95)=[36m506.49µs[0m p(99)=[36m4.34ms[0m  
     http_req_sending[2m...............:[0m avg=[36m8.48µs[0m   min=[36m0s[0m      med=[36m0s[0m      max=[36m16ms[0m    p(90)=[36m0s[0m       p(95)=[36m0s[0m       p(99)=[36m505.1µs[0m 
     http_req_tls_handshaking[2m.......:[0m avg=[36m0s[0m       min=[36m0s[0m      med=[36m0s[0m      max=[36m0s[0m      p(90)=[36m0s[0m       p(95)=[36m0s[0m       p(99)=[36m0s[0m      
     http_req_waiting[2m...............:[0m avg=[36m72.58ms[0m  min=[36m508µs[0m   med=[36m50.64ms[0m max=[36m9.74s[0m   p(90)=[36m101.24ms[0m p(95)=[36m311.17ms[0m p(99)=[36m369.45ms[0m
     http_reqs[2m......................:[0m [36m487139[0m  [36;2m2700.785074/s[0m
     iteration_duration[2m.............:[0m avg=[36m73.91ms[0m  min=[36m707.7µs[0m med=[36m51.07ms[0m max=[36m9.74s[0m   p(90)=[36m102.43ms[0m p(95)=[36m312.5ms[0m  p(99)=[36m372.77ms[0m
     iterations[2m.....................:[0m [36m487139[0m  [36;2m2700.785074/s[0m
     order_accepted_duration[2m........:[0m avg=[36m72.72ms[0m  min=[36m707.7µs[0m med=[36m50.77ms[0m max=[36m9.74s[0m   p(90)=[36m101.36ms[0m p(95)=[36m311.29ms[0m p(99)=[36m369.55ms[0m
     orders_accepted[2m................:[0m [36m487139[0m  [36;2m2700.785074/s[0m
     vus[2m............................:[0m [36m200[0m     [36;2mmin=200[0m       [36;2mmax=200[0m 
     vus_max[2m........................:[0m [36m200[0m     [36;2mmin=200[0m       [36;2mmax=200[0m 