time="2026-09-29T17:07:40+09:00" level=info msg="[run] 시작 17:07:40 MODE=sync SCENARIO=saturate TAG=CAP-warmup" source=console
time="2026-09-29T17:08:41+09:00" level=info msg="[run] 종료 17:08:41 TAG=CAP-warmup" source=console
[32m     ✓ status is 200[0m
[32m     ✓ has order id[0m

     checks[2m.........................:[0m [36m100.00%[0m [36;2m✓ 273696[0m      [36;2m✗ 0[0m     
     data_received[2m..................:[0m [36m18 MB[0m   [36;2m294 kB/s[0m
     data_sent[2m......................:[0m [36m36 MB[0m   [36;2m592 kB/s[0m
     http_req_blocked[2m...............:[0m avg=[36m1.22ms[0m   min=[36m0s[0m med=[36m0s[0m      max=[36m3.06s[0m   p(90)=[36m0s[0m       p(95)=[36m0s[0m       p(99)=[36m3.38ms[0m  
     http_req_connecting[2m............:[0m avg=[36m1.22ms[0m   min=[36m0s[0m med=[36m0s[0m      max=[36m3.06s[0m   p(90)=[36m0s[0m       p(95)=[36m0s[0m       p(99)=[36m3.12ms[0m  
     http_req_duration[2m..............:[0m avg=[36m86.42ms[0m  min=[36m0s[0m med=[36m51.64ms[0m max=[36m3.22s[0m   p(90)=[36m199.05ms[0m p(95)=[36m329.62ms[0m p(99)=[36m506.15ms[0m
       { expected_response:true }[2m...:[0m avg=[36m86.42ms[0m  min=[36m0s[0m med=[36m51.64ms[0m max=[36m3.22s[0m   p(90)=[36m199.05ms[0m p(95)=[36m329.62ms[0m p(99)=[36m506.15ms[0m
     http_req_failed[2m................:[0m [36m0.00%[0m   [36;2m✓ 0[0m           [36;2m✗ 136848[0m
     http_req_receiving[2m.............:[0m avg=[36m155.89µs[0m min=[36m0s[0m med=[36m0s[0m      max=[36m92.94ms[0m p(90)=[36m0s[0m       p(95)=[36m505.9µs[0m  p(99)=[36m4.73ms[0m  
     http_req_sending[2m...............:[0m avg=[36m9.52µs[0m   min=[36m0s[0m med=[36m0s[0m      max=[36m15.14ms[0m p(90)=[36m0s[0m       p(95)=[36m0s[0m       p(99)=[36m504.7µs[0m 
     http_req_tls_handshaking[2m.......:[0m avg=[36m0s[0m       min=[36m0s[0m med=[36m0s[0m      max=[36m0s[0m      p(90)=[36m0s[0m       p(95)=[36m0s[0m       p(99)=[36m0s[0m      
     http_req_waiting[2m...............:[0m avg=[36m86.26ms[0m  min=[36m0s[0m med=[36m51.52ms[0m max=[36m3.22s[0m   p(90)=[36m198.75ms[0m p(95)=[36m329.37ms[0m p(99)=[36m506.06ms[0m
     http_reqs[2m......................:[0m [36m136848[0m  [36;2m2254.299678/s[0m
     iteration_duration[2m.............:[0m avg=[36m87.74ms[0m  min=[36m0s[0m med=[36m51.91ms[0m max=[36m3.23s[0m   p(90)=[36m203.42ms[0m p(95)=[36m330.75ms[0m p(99)=[36m554.29ms[0m
     iterations[2m.....................:[0m [36m136848[0m  [36;2m2254.299678/s[0m
     order_accepted_duration[2m........:[0m avg=[36m86.42ms[0m  min=[36m0s[0m med=[36m51.64ms[0m max=[36m3.22s[0m   p(90)=[36m199.05ms[0m p(95)=[36m329.62ms[0m p(99)=[36m506.15ms[0m
     orders_accepted[2m................:[0m [36m136848[0m  [36;2m2254.299678/s[0m
     vus[2m............................:[0m [36m200[0m     [36;2mmin=200[0m       [36;2mmax=200[0m 
     vus_max[2m........................:[0m [36m200[0m     [36;2mmin=200[0m       [36;2mmax=200[0m 