[32m     ✓ status is 2xx[0m

     checks[2m.........................:[0m [36m100.00%[0m [36;2m✓ 168950[0m      [36;2m✗ 0[0m     
     data_received[2m..................:[0m [36m22 MB[0m   [36;2m365 kB/s[0m
     data_sent[2m......................:[0m [36m40 MB[0m   [36;2m658 kB/s[0m
     http_req_blocked[2m...............:[0m avg=[36m53.3µs[0m   min=[36m0s[0m      med=[36m0s[0m      max=[36m23.28ms[0m  p(90)=[36m0s[0m      p(95)=[36m0s[0m      p(99)=[36m1.02ms[0m  
     http_req_connecting[2m............:[0m avg=[36m51.52µs[0m  min=[36m0s[0m      med=[36m0s[0m      max=[36m23.28ms[0m  p(90)=[36m0s[0m      p(95)=[36m0s[0m      p(99)=[36m655.31µs[0m
     http_req_duration[2m..............:[0m avg=[36m17.65ms[0m  min=[36m504.1µs[0m med=[36m15.58ms[0m max=[36m174.34ms[0m p(90)=[36m28.03ms[0m p(95)=[36m34.08ms[0m p(99)=[36m50.44ms[0m 
       { expected_response:true }[2m...:[0m avg=[36m17.65ms[0m  min=[36m504.1µs[0m med=[36m15.58ms[0m max=[36m174.34ms[0m p(90)=[36m28.03ms[0m p(95)=[36m34.08ms[0m p(99)=[36m50.44ms[0m 
     http_req_failed[2m................:[0m [36m0.00%[0m   [36;2m✓ 0[0m           [36;2m✗ 168950[0m
     http_req_receiving[2m.............:[0m avg=[36m171.08µs[0m min=[36m0s[0m      med=[36m0s[0m      max=[36m32.77ms[0m  p(90)=[36m486.2µs[0m p(95)=[36m1.39ms[0m  p(99)=[36m3.08ms[0m  
     http_req_sending[2m...............:[0m avg=[36m6.69µs[0m   min=[36m0s[0m      med=[36m0s[0m      max=[36m5.82ms[0m   p(90)=[36m0s[0m      p(95)=[36m0s[0m      p(99)=[36m394.7µs[0m 
     http_req_tls_handshaking[2m.......:[0m avg=[36m0s[0m       min=[36m0s[0m      med=[36m0s[0m      max=[36m0s[0m       p(90)=[36m0s[0m      p(95)=[36m0s[0m      p(99)=[36m0s[0m      
     http_req_waiting[2m...............:[0m avg=[36m17.47ms[0m  min=[36m504.1µs[0m med=[36m15.4ms[0m  max=[36m174.34ms[0m p(90)=[36m27.82ms[0m p(95)=[36m33.94ms[0m p(99)=[36m50.19ms[0m 
     http_reqs[2m......................:[0m [36m168950[0m  [36;2m2815.021547/s[0m
     iteration_duration[2m.............:[0m avg=[36m17.75ms[0m  min=[36m504.1µs[0m med=[36m15.67ms[0m max=[36m174.34ms[0m p(90)=[36m28.19ms[0m p(95)=[36m34.23ms[0m p(99)=[36m50.54ms[0m 
     iterations[2m.....................:[0m [36m168950[0m  [36;2m2815.021547/s[0m
     reviews_created[2m................:[0m [36m168950[0m  [36;2m2815.021547/s[0m
     reviews_success_duration[2m.......:[0m avg=[36m17.65ms[0m  min=[36m504.1µs[0m med=[36m15.58ms[0m max=[36m174.34ms[0m p(90)=[36m28.03ms[0m p(95)=[36m34.08ms[0m p(99)=[36m50.44ms[0m 
     vus[2m............................:[0m [36m50[0m      [36;2mmin=50[0m        [36;2mmax=50[0m  
     vus_max[2m........................:[0m [36m50[0m      [36;2mmin=50[0m        [36;2mmax=50[0m  