[32m     ✓ status is 2xx[0m

     checks[2m.........................:[0m [36m100.00%[0m [36;2m✓ 12001[0m      [36;2m✗ 0[0m    
     data_received[2m..................:[0m [36m1.6 MB[0m  [36;2m26 kB/s[0m
     data_sent[2m......................:[0m [36m2.8 MB[0m  [36;2m47 kB/s[0m
     http_req_blocked[2m...............:[0m avg=[36m27.36µs[0m min=[36m0s[0m      med=[36m0s[0m     max=[36m32.79ms[0m  p(90)=[36m0s[0m     p(95)=[36m0s[0m     p(99)=[36m673.1µs[0m
     http_req_connecting[2m............:[0m avg=[36m26.96µs[0m min=[36m0s[0m      med=[36m0s[0m     max=[36m32.79ms[0m  p(90)=[36m0s[0m     p(95)=[36m0s[0m     p(99)=[36m670.9µs[0m
     http_req_duration[2m..............:[0m avg=[36m3.71ms[0m  min=[36m301.7µs[0m med=[36m2.34ms[0m max=[36m372.69ms[0m p(90)=[36m3.43ms[0m p(95)=[36m3.98ms[0m p(99)=[36m11.59ms[0m
       { expected_response:true }[2m...:[0m avg=[36m3.71ms[0m  min=[36m301.7µs[0m med=[36m2.34ms[0m max=[36m372.69ms[0m p(90)=[36m3.43ms[0m p(95)=[36m3.98ms[0m p(99)=[36m11.59ms[0m
     http_req_failed[2m................:[0m [36m0.00%[0m   [36;2m✓ 0[0m          [36;2m✗ 12001[0m
     http_req_receiving[2m.............:[0m avg=[36m1.04ms[0m  min=[36m0s[0m      med=[36m1.15ms[0m max=[36m4.3ms[0m    p(90)=[36m2.09ms[0m p(95)=[36m2.4ms[0m  p(99)=[36m2.97ms[0m 
     http_req_sending[2m...............:[0m avg=[36m500ns[0m   min=[36m0s[0m      med=[36m0s[0m     max=[36m1.22ms[0m   p(90)=[36m0s[0m     p(95)=[36m0s[0m     p(99)=[36m0s[0m     
     http_req_tls_handshaking[2m.......:[0m avg=[36m0s[0m      min=[36m0s[0m      med=[36m0s[0m     max=[36m0s[0m       p(90)=[36m0s[0m     p(95)=[36m0s[0m     p(99)=[36m0s[0m     
     http_req_waiting[2m...............:[0m avg=[36m2.66ms[0m  min=[36m300.3µs[0m med=[36m1ms[0m    max=[36m372.69ms[0m p(90)=[36m2.64ms[0m p(95)=[36m3.46ms[0m p(99)=[36m10.96ms[0m
     http_reqs[2m......................:[0m [36m12001[0m   [36;2m200.006633/s[0m
     iteration_duration[2m.............:[0m avg=[36m3.84ms[0m  min=[36m301.7µs[0m med=[36m2.39ms[0m max=[36m373.77ms[0m p(90)=[36m3.44ms[0m p(95)=[36m4.02ms[0m p(99)=[36m12.14ms[0m
     iterations[2m.....................:[0m [36m12001[0m   [36;2m200.006633/s[0m
     reviews_created[2m................:[0m [36m12001[0m   [36;2m200.006633/s[0m
     reviews_success_duration[2m.......:[0m avg=[36m3.71ms[0m  min=[36m301.7µs[0m med=[36m2.34ms[0m max=[36m372.69ms[0m p(90)=[36m3.43ms[0m p(95)=[36m3.98ms[0m p(99)=[36m11.59ms[0m
     vus[2m............................:[0m [36m1[0m       [36;2mmin=0[0m        [36;2mmax=2[0m  
     vus_max[2m........................:[0m [36m100[0m     [36;2mmin=100[0m      [36;2mmax=100[0m