time="2026-09-29T10:42:22+09:00" level=info msg="[run] 시작 10:42:22 MODE=async SCENARIO=fixed TAG=ISO-2000" source=console
time="2026-09-29T10:45:22+09:00" level=info msg="[run] 종료 10:45:22 TAG=ISO-2000" source=console
[32m     ✓ status is 202[0m
[32m     ✓ has sse location[0m

     checks[2m.........................:[0m [36m100.00%[0m [36;2m✓ 720000[0m      [36;2m✗ 0[0m     
     data_received[2m..................:[0m [36m50 MB[0m   [36;2m278 kB/s[0m
     data_sent[2m......................:[0m [36m97 MB[0m   [36;2m537 kB/s[0m
     http_req_blocked[2m...............:[0m avg=[36m19.06µs[0m min=[36m0s[0m med=[36m0s[0m      max=[36m20.9ms[0m  p(90)=[36m0s[0m     p(95)=[36m0s[0m     p(99)=[36m0s[0m     
     http_req_connecting[2m............:[0m avg=[36m18.78µs[0m min=[36m0s[0m med=[36m0s[0m      max=[36m20.9ms[0m  p(90)=[36m0s[0m     p(95)=[36m0s[0m     p(99)=[36m0s[0m     
     http_req_duration[2m..............:[0m avg=[36m1.22ms[0m  min=[36m0s[0m med=[36m688.3µs[0m max=[36m51.67ms[0m p(90)=[36m2.08ms[0m p(95)=[36m3.24ms[0m p(99)=[36m10.12ms[0m
       { expected_response:true }[2m...:[0m avg=[36m1.22ms[0m  min=[36m0s[0m med=[36m688.3µs[0m max=[36m51.67ms[0m p(90)=[36m2.08ms[0m p(95)=[36m3.24ms[0m p(99)=[36m10.12ms[0m
     http_req_failed[2m................:[0m [36m0.00%[0m   [36;2m✓ 0[0m           [36;2m✗ 360000[0m
     http_req_receiving[2m.............:[0m avg=[36m15.54µs[0m min=[36m0s[0m med=[36m0s[0m      max=[36m9.29ms[0m  p(90)=[36m0s[0m     p(95)=[36m0s[0m     p(99)=[36m529.2µs[0m
     http_req_sending[2m...............:[0m avg=[36m847ns[0m   min=[36m0s[0m med=[36m0s[0m      max=[36m7.6ms[0m   p(90)=[36m0s[0m     p(95)=[36m0s[0m     p(99)=[36m0s[0m     
     http_req_tls_handshaking[2m.......:[0m avg=[36m0s[0m      min=[36m0s[0m med=[36m0s[0m      max=[36m0s[0m      p(90)=[36m0s[0m     p(95)=[36m0s[0m     p(99)=[36m0s[0m     
     http_req_waiting[2m...............:[0m avg=[36m1.2ms[0m   min=[36m0s[0m med=[36m633.6µs[0m max=[36m51.67ms[0m p(90)=[36m2.08ms[0m p(95)=[36m3.23ms[0m p(99)=[36m10.1ms[0m 
     http_reqs[2m......................:[0m [36m360000[0m  [36;2m1999.785828/s[0m
     iteration_duration[2m.............:[0m avg=[36m1.28ms[0m  min=[36m0s[0m med=[36m1.01ms[0m  max=[36m51.67ms[0m p(90)=[36m2.11ms[0m p(95)=[36m3.52ms[0m p(99)=[36m10.59ms[0m
     iterations[2m.....................:[0m [36m360000[0m  [36;2m1999.785828/s[0m
     order_accepted_duration[2m........:[0m avg=[36m1.22ms[0m  min=[36m0s[0m med=[36m688.3µs[0m max=[36m51.67ms[0m p(90)=[36m2.08ms[0m p(95)=[36m3.24ms[0m p(99)=[36m10.12ms[0m
     orders_accepted[2m................:[0m [36m360000[0m  [36;2m1999.785828/s[0m
     vus[2m............................:[0m [36m5[0m       [36;2mmin=0[0m         [36;2mmax=82[0m  
     vus_max[2m........................:[0m [36m300[0m     [36;2mmin=300[0m       [36;2mmax=300[0m 