time="2026-09-29T10:40:46+09:00" level=info msg="[run] 시작 10:40:46 MODE=async SCENARIO=fixed TAG=S-warmup" source=console
time="2026-09-29T10:41:46+09:00" level=info msg="[run] 종료 10:41:46 TAG=S-warmup" source=console
[32m     ✓ status is 202[0m
[32m     ✓ has sse location[0m

     checks[2m.........................:[0m [36m100.00%[0m [36;2m✓ 178906[0m      [36;2m✗ 0[0m    
     data_received[2m..................:[0m [36m12 MB[0m   [36;2m207 kB/s[0m
     data_sent[2m......................:[0m [36m24 MB[0m   [36;2m400 kB/s[0m
     dropped_iterations[2m.............:[0m [36m548[0m     [36;2m9.130467/s[0m
     http_req_blocked[2m...............:[0m avg=[36m5.17ms[0m  min=[36m0s[0m med=[36m0s[0m       max=[36m7.03s[0m  p(90)=[36m0s[0m      p(95)=[36m0s[0m       p(99)=[36m513.59µs[0m
     http_req_connecting[2m............:[0m avg=[36m5.17ms[0m  min=[36m0s[0m med=[36m0s[0m       max=[36m7.03s[0m  p(90)=[36m0s[0m      p(95)=[36m0s[0m       p(99)=[36m512.59µs[0m
     http_req_duration[2m..............:[0m avg=[36m34.6ms[0m  min=[36m0s[0m med=[36m516.9µs[0m  max=[36m4.91s[0m  p(90)=[36m82.49ms[0m p(95)=[36m201.42ms[0m p(99)=[36m544.88ms[0m
       { expected_response:true }[2m...:[0m avg=[36m34.6ms[0m  min=[36m0s[0m med=[36m516.9µs[0m  max=[36m4.91s[0m  p(90)=[36m82.49ms[0m p(95)=[36m201.42ms[0m p(99)=[36m544.88ms[0m
     http_req_failed[2m................:[0m [36m0.00%[0m   [36;2m✓ 0[0m           [36;2m✗ 89453[0m
     http_req_receiving[2m.............:[0m avg=[36m8.75µs[0m  min=[36m0s[0m med=[36m0s[0m       max=[36m4.54ms[0m p(90)=[36m0s[0m      p(95)=[36m0s[0m       p(99)=[36m510.7µs[0m 
     http_req_sending[2m...............:[0m avg=[36m861ns[0m   min=[36m0s[0m med=[36m0s[0m       max=[36m1.03ms[0m p(90)=[36m0s[0m      p(95)=[36m0s[0m       p(99)=[36m0s[0m      
     http_req_tls_handshaking[2m.......:[0m avg=[36m0s[0m      min=[36m0s[0m med=[36m0s[0m       max=[36m0s[0m     p(90)=[36m0s[0m      p(95)=[36m0s[0m       p(99)=[36m0s[0m      
     http_req_waiting[2m...............:[0m avg=[36m34.59ms[0m min=[36m0s[0m med=[36m516.59µs[0m max=[36m4.91s[0m  p(90)=[36m82.49ms[0m p(95)=[36m201.42ms[0m p(99)=[36m544.63ms[0m
     http_reqs[2m......................:[0m [36m89453[0m   [36;2m1490.415437/s[0m
     iteration_duration[2m.............:[0m avg=[36m39.8ms[0m  min=[36m0s[0m med=[36m517.4µs[0m  max=[36m7.04s[0m  p(90)=[36m84.53ms[0m p(95)=[36m220.77ms[0m p(99)=[36m626.88ms[0m
     iterations[2m.....................:[0m [36m89453[0m   [36;2m1490.415437/s[0m
     order_accepted_duration[2m........:[0m avg=[36m34.6ms[0m  min=[36m0s[0m med=[36m516.9µs[0m  max=[36m4.91s[0m  p(90)=[36m82.49ms[0m p(95)=[36m201.42ms[0m p(99)=[36m544.88ms[0m
     orders_accepted[2m................:[0m [36m89453[0m   [36;2m1490.415437/s[0m
     vus[2m............................:[0m [36m2[0m       [36;2mmin=0[0m         [36;2mmax=653[0m
     vus_max[2m........................:[0m [36m800[0m     [36;2mmin=373[0m       [36;2mmax=800[0m