time="2026-09-26T19:47:38+09:00" level=info msg="[run] 시작 19:47:38 MODE=sync SCENARIO=saturate TAG=P1-p20" source=console
time="2026-09-26T19:50:38+09:00" level=info msg="[run] 종료 19:50:38 TAG=P1-p20" source=console
[32m     ✓ status is 200[0m
[32m     ✓ has order id[0m

     checks[2m.........................:[0m [36m100.00%[0m [36;2m✓ 1011640[0m     [36;2m✗ 0[0m     
     data_received[2m..................:[0m [36m66 MB[0m   [36;2m365 kB/s[0m
     data_sent[2m......................:[0m [36m133 MB[0m  [36;2m738 kB/s[0m
     http_req_blocked[2m...............:[0m avg=[36m87.92µs[0m min=[36m0s[0m     med=[36m0s[0m      max=[36m301.93ms[0m p(90)=[36m0s[0m      p(95)=[36m0s[0m      p(99)=[36m1.09ms[0m  
     http_req_connecting[2m............:[0m avg=[36m84.75µs[0m min=[36m0s[0m     med=[36m0s[0m      max=[36m301.93ms[0m p(90)=[36m0s[0m      p(95)=[36m0s[0m      p(99)=[36m648.26µs[0m
     http_req_duration[2m..............:[0m avg=[36m22.56ms[0m min=[36m2.52ms[0m med=[36m20.32ms[0m max=[36m343.73ms[0m p(90)=[36m28.75ms[0m p(95)=[36m33.35ms[0m p(99)=[36m66.76ms[0m 
       { expected_response:true }[2m...:[0m avg=[36m22.56ms[0m min=[36m2.52ms[0m med=[36m20.32ms[0m max=[36m343.73ms[0m p(90)=[36m28.75ms[0m p(95)=[36m33.35ms[0m p(99)=[36m66.76ms[0m 
     http_req_failed[2m................:[0m [36m0.00%[0m   [36;2m✓ 0[0m           [36;2m✗ 505820[0m
     http_req_receiving[2m.............:[0m avg=[36m99.7µs[0m  min=[36m0s[0m     med=[36m0s[0m      max=[36m164.73ms[0m p(90)=[36m384.9µs[0m p(95)=[36m581.3µs[0m p(99)=[36m1.2ms[0m   
     http_req_sending[2m...............:[0m avg=[36m12.19µs[0m min=[36m0s[0m     med=[36m0s[0m      max=[36m31.07ms[0m  p(90)=[36m0s[0m      p(95)=[36m0s[0m      p(99)=[36m506.9µs[0m 
     http_req_tls_handshaking[2m.......:[0m avg=[36m0s[0m      min=[36m0s[0m     med=[36m0s[0m      max=[36m0s[0m       p(90)=[36m0s[0m      p(95)=[36m0s[0m      p(99)=[36m0s[0m      
     http_req_waiting[2m...............:[0m avg=[36m22.45ms[0m min=[36m1ms[0m    med=[36m20.22ms[0m max=[36m343.73ms[0m p(90)=[36m28.62ms[0m p(95)=[36m33.2ms[0m  p(99)=[36m65.96ms[0m 
     http_reqs[2m......................:[0m [36m505820[0m  [36;2m2809.314007/s[0m
     iteration_duration[2m.............:[0m avg=[36m22.76ms[0m min=[36m2.52ms[0m med=[36m20.47ms[0m max=[36m348.13ms[0m p(90)=[36m29.11ms[0m p(95)=[36m33.76ms[0m p(99)=[36m68.26ms[0m 
     iterations[2m.....................:[0m [36m505820[0m  [36;2m2809.314007/s[0m
     order_accepted_duration[2m........:[0m avg=[36m22.56ms[0m min=[36m2.52ms[0m med=[36m20.32ms[0m max=[36m343.73ms[0m p(90)=[36m28.75ms[0m p(95)=[36m33.35ms[0m p(99)=[36m66.76ms[0m 
     orders_accepted[2m................:[0m [36m505820[0m  [36;2m2809.314007/s[0m
     vus[2m............................:[0m [36m64[0m      [36;2mmin=64[0m        [36;2mmax=64[0m  
     vus_max[2m........................:[0m [36m64[0m      [36;2mmin=64[0m        [36;2mmax=64[0m  