time="2026-09-26T19:43:10+09:00" level=info msg="[run] 시작 19:43:10 MODE=sync SCENARIO=saturate TAG=P1-p20-warmup" source=console
time="2026-09-26T19:44:10+09:00" level=info msg="[run] 종료 19:44:10 TAG=P1-p20-warmup" source=console
[32m     ✓ status is 200[0m
[32m     ✓ has order id[0m

     checks[2m.........................:[0m [36m100.00%[0m [36;2m✓ 264960[0m      [36;2m✗ 0[0m     
     data_received[2m..................:[0m [36m17 MB[0m   [36;2m287 kB/s[0m
     data_sent[2m......................:[0m [36m35 MB[0m   [36;2m579 kB/s[0m
     http_req_blocked[2m...............:[0m avg=[36m90.33µs[0m  min=[36m0s[0m     med=[36m0s[0m      max=[36m308.89ms[0m p(90)=[36m0s[0m       p(95)=[36m0s[0m      p(99)=[36m1.07ms[0m  
     http_req_connecting[2m............:[0m avg=[36m87.09µs[0m  min=[36m0s[0m     med=[36m0s[0m      max=[36m308.89ms[0m p(90)=[36m0s[0m       p(95)=[36m0s[0m      p(99)=[36m880.98µs[0m
     http_req_duration[2m..............:[0m avg=[36m28.77ms[0m  min=[36m3.31ms[0m med=[36m22.27ms[0m max=[36m1.88s[0m    p(90)=[36m43.53ms[0m  p(95)=[36m58.57ms[0m p(99)=[36m130.98ms[0m
       { expected_response:true }[2m...:[0m avg=[36m28.77ms[0m  min=[36m3.31ms[0m med=[36m22.27ms[0m max=[36m1.88s[0m    p(90)=[36m43.53ms[0m  p(95)=[36m58.57ms[0m p(99)=[36m130.98ms[0m
     http_req_failed[2m................:[0m [36m0.00%[0m   [36;2m✓ 0[0m           [36;2m✗ 132480[0m
     http_req_receiving[2m.............:[0m avg=[36m113.98µs[0m min=[36m0s[0m     med=[36m0s[0m      max=[36m344.99ms[0m p(90)=[36m444.11µs[0m p(95)=[36m597.1µs[0m p(99)=[36m1.12ms[0m  
     http_req_sending[2m...............:[0m avg=[36m11.81µs[0m  min=[36m0s[0m     med=[36m0s[0m      max=[36m7.96ms[0m   p(90)=[36m0s[0m       p(95)=[36m0s[0m      p(99)=[36m514.1µs[0m 
     http_req_tls_handshaking[2m.......:[0m avg=[36m0s[0m       min=[36m0s[0m     med=[36m0s[0m      max=[36m0s[0m       p(90)=[36m0s[0m       p(95)=[36m0s[0m      p(99)=[36m0s[0m      
     http_req_waiting[2m...............:[0m avg=[36m28.65ms[0m  min=[36m2.73ms[0m med=[36m22.17ms[0m max=[36m1.88s[0m    p(90)=[36m43.44ms[0m  p(95)=[36m58.49ms[0m p(99)=[36m130.47ms[0m
     http_reqs[2m......................:[0m [36m132480[0m  [36;2m2206.579937/s[0m
     iteration_duration[2m.............:[0m avg=[36m28.97ms[0m  min=[36m3.31ms[0m med=[36m22.44ms[0m max=[36m1.89s[0m    p(90)=[36m43.89ms[0m  p(95)=[36m58.95ms[0m p(99)=[36m131.24ms[0m
     iterations[2m.....................:[0m [36m132480[0m  [36;2m2206.579937/s[0m
     order_accepted_duration[2m........:[0m avg=[36m28.77ms[0m  min=[36m3.31ms[0m med=[36m22.27ms[0m max=[36m1.88s[0m    p(90)=[36m43.53ms[0m  p(95)=[36m58.57ms[0m p(99)=[36m130.98ms[0m
     orders_accepted[2m................:[0m [36m132480[0m  [36;2m2206.579937/s[0m
     vus[2m............................:[0m [36m64[0m      [36;2mmin=64[0m        [36;2mmax=64[0m  
     vus_max[2m........................:[0m [36m64[0m      [36;2mmin=64[0m        [36;2mmax=64[0m  