time="2026-09-30T18:08:53+09:00" level=info msg="[run] 시작 18:08:53 MODE=sync TAG=FLASH-warmup PROMOTION_ID=2" source=console
time="2026-09-30T18:08:53+09:00" level=info msg="[flash] 시도 18:08:58 ~ 18:09:53 (최고 초당 1000건), 관찰 끝 18:09:58" source=console
time="2026-09-30T18:09:58+09:00" level=info msg="[run] 종료 18:09:58 TAG=FLASH-warmup" source=console
     base_accepted[2m..................:[0m [36m2599[0m   [36;2m39.973443/s[0m
     base_accepted_duration[2m.........:[0m avg=[36m18.3ms[0m   min=[36m611µs[0m    med=[36m2.6ms[0m    max=[36m1.28s[0m    p(90)=[36m8.94ms[0m  p(95)=[36m16.26ms[0m  p(99)=[36m705ms[0m   
     data_received[2m..................:[0m [36m7.6 MB[0m [36;2m117 kB/s[0m
     data_sent[2m......................:[0m [36m15 MB[0m  [36;2m235 kB/s[0m
     dropped_iterations[2m.............:[0m [36m1[0m      [36;2m0.01538/s[0m
     http_req_blocked[2m...............:[0m avg=[36m14.08µs[0m  min=[36m0s[0m       med=[36m0s[0m       max=[36m56.03ms[0m  p(90)=[36m0s[0m      p(95)=[36m0s[0m       p(99)=[36m513.4µs[0m 
     http_req_connecting[2m............:[0m avg=[36m13.49µs[0m  min=[36m0s[0m       med=[36m0s[0m       max=[36m56.03ms[0m  p(90)=[36m0s[0m      p(95)=[36m0s[0m       p(99)=[36m512.21µs[0m
     http_req_duration[2m..............:[0m avg=[36m3.72ms[0m   min=[36m0s[0m       med=[36m520.29µs[0m max=[36m1.28s[0m    p(90)=[36m6.73ms[0m  p(95)=[36m12.97ms[0m  p(99)=[36m34.84ms[0m 
       { expected_response:true }[2m...:[0m avg=[36m8.46ms[0m   min=[36m505.49µs[0m med=[36m3.17ms[0m   max=[36m1.28s[0m    p(90)=[36m15.1ms[0m  p(95)=[36m23.9ms[0m   p(99)=[36m56.85ms[0m 
     http_req_failed[2m................:[0m [36m58.97%[0m [36;2m✓ 32491[0m      [36;2m✗ 22599[0m
     http_req_receiving[2m.............:[0m avg=[36m103.8µs[0m  min=[36m0s[0m       med=[36m0s[0m       max=[36m74ms[0m     p(90)=[36m510.9µs[0m p(95)=[36m518.29µs[0m p(99)=[36m992.5µs[0m 
     http_req_sending[2m...............:[0m avg=[36m1.51µs[0m   min=[36m0s[0m       med=[36m0s[0m       max=[36m3.23ms[0m   p(90)=[36m0s[0m      p(95)=[36m0s[0m       p(99)=[36m0s[0m      
     http_req_tls_handshaking[2m.......:[0m avg=[36m0s[0m       min=[36m0s[0m       med=[36m0s[0m       max=[36m0s[0m       p(90)=[36m0s[0m      p(95)=[36m0s[0m       p(99)=[36m0s[0m      
     http_req_waiting[2m...............:[0m avg=[36m3.61ms[0m   min=[36m0s[0m       med=[36m518.29µs[0m max=[36m1.28s[0m    p(90)=[36m6.47ms[0m  p(95)=[36m12.92ms[0m  p(99)=[36m34.8ms[0m  
     http_reqs[2m......................:[0m [36m55090[0m  [36;2m847.301655/s[0m
     iteration_duration[2m.............:[0m avg=[36m3.79ms[0m   min=[36m0s[0m       med=[36m522.29µs[0m max=[36m1.28s[0m    p(90)=[36m6.91ms[0m  p(95)=[36m12.98ms[0m  p(99)=[36m34.84ms[0m 
     iterations[2m.....................:[0m [36m55090[0m  [36;2m847.301655/s[0m
     promo_sold_out[2m.................:[0m [36m32491[0m  [36;2m499.721875/s[0m
     promo_sold_out_duration[2m........:[0m avg=[36m420.96µs[0m min=[36m0s[0m       med=[36m510.1µs[0m  max=[36m30.28ms[0m  p(90)=[36m525.4µs[0m p(95)=[36m589.6µs[0m  p(99)=[36m1.03ms[0m  
     promo_success[2m..................:[0m [36m20000[0m  [36;2m307.606337/s[0m
     promo_success_duration[2m.........:[0m avg=[36m7.18ms[0m   min=[36m505.49µs[0m med=[36m3.67ms[0m   max=[36m302.18ms[0m p(90)=[36m15.89ms[0m p(95)=[36m24.35ms[0m  p(99)=[36m53.86ms[0m 
     vus[2m............................:[0m [36m0[0m      [36;2mmin=0[0m        [36;2mmax=41[0m 
     vus_max[2m........................:[0m [36m551[0m    [36;2mmin=550[0m      [36;2mmax=551[0m