[2026-10-01T09:21:34.159+0900][0.006s] Using G1
[2026-10-01T09:21:35.151+0900][1.000s] GC(0) Pause Young (Normal) (G1 Evacuation Pause) 102M->5M(2048M) 4.277ms
[2026-10-01T09:21:35.585+0900][1.432s] GC(1) Pause Young (Concurrent Start) (Metadata GC Threshold) 103M->10M(2048M) 6.467ms
[2026-10-01T09:21:35.585+0900][1.432s] GC(2) Concurrent Mark Cycle
[2026-10-01T09:21:35.592+0900][1.438s] GC(2) Pause Remark 11M->11M(2048M) 1.542ms
[2026-10-01T09:21:35.592+0900][1.438s] GC(2) Pause Cleanup 11M->11M(2048M) 0.007ms
[2026-10-01T09:21:35.596+0900][1.443s] GC(2) Concurrent Mark Cycle 11.076ms
[2026-10-01T09:21:36.679+0900][2.527s] GC(3) Pause Young (Normal) (G1 Evacuation Pause) 131M->16M(2048M) 9.334ms
[2026-10-01T09:21:37.168+0900][3.016s] GC(4) Pause Young (Concurrent Start) (Metadata GC Threshold) 74M->19M(2048M) 5.853ms
[2026-10-01T09:21:37.168+0900][3.016s] GC(5) Concurrent Mark Cycle
[2026-10-01T09:21:37.178+0900][3.028s] GC(5) Pause Remark 20M->20M(2048M) 3.399ms
[2026-10-01T09:21:37.182+0900][3.031s] GC(5) Pause Cleanup 21M->21M(2048M) 0.165ms
[2026-10-01T09:21:37.186+0900][3.032s] GC(5) Concurrent Mark Cycle 16.453ms
[2026-10-01T09:21:38.819+0900][4.666s] GC(6) Pause Young (Concurrent Start) (Metadata GC Threshold) 191M->26M(2048M) 11.170ms
[2026-10-01T09:21:38.819+0900][4.666s] GC(7) Concurrent Mark Cycle
[2026-10-01T09:21:38.837+0900][4.684s] GC(7) Pause Remark 27M->27M(2048M) 3.709ms
[2026-10-01T09:21:38.839+0900][4.687s] GC(7) Pause Cleanup 27M->27M(2048M) 0.192ms
[2026-10-01T09:21:38.842+0900][4.689s] GC(7) Concurrent Mark Cycle 23.055ms
[2026-10-01T09:21:42.064+0900][7.914s] GC(8) Pause Young (Normal) (G1 Evacuation Pause) 511M->43M(2048M) 21.724ms
[2026-10-01T09:22:03.175+0900][29.022s] GC(9) Pause Young (Concurrent Start) (Metadata GC Threshold) 161M->51M(2048M) 17.269ms
[2026-10-01T09:22:03.175+0900][29.022s] GC(10) Concurrent Mark Cycle
[2026-10-01T09:22:03.202+0900][29.051s] GC(10) Pause Remark 56M->56M(2048M) 6.229ms
[2026-10-01T09:22:03.213+0900][29.059s] GC(10) Pause Cleanup 58M->58M(2048M) 0.225ms
[2026-10-01T09:22:03.219+0900][29.065s] GC(10) Concurrent Mark Cycle 43.523ms
[2026-10-01T09:22:30.371+0900][56.218s] GC(11) Pause Young (Prepare Mixed) (G1 Evacuation Pause) 567M->52M(2048M) 15.213ms
[2026-10-01T09:23:25.301+0900][111.147s] GC(12) Pause Young (Mixed) (G1 Evacuation Pause) 1244M->52M(2048M) 19.961ms
[2026-10-01T09:23:29.379+0900][115.225s] GC(13) Pause Young (Normal) (G1 Evacuation Pause) 1244M->53M(2048M) 17.906ms
[2026-10-01T09:23:32.709+0900][118.555s] GC(14) Pause Young (Normal) (G1 Evacuation Pause) 1244M->52M(2048M) 16.921ms
[2026-10-01T09:23:35.484+0900][121.331s] GC(15) Pause Young (Normal) (G1 Evacuation Pause) 1244M->53M(2048M) 17.963ms
[2026-10-01T09:23:38.267+0900][124.114s] GC(16) Pause Young (Normal) (G1 Evacuation Pause) 1244M->53M(2048M) 17.364ms
[2026-10-01T09:23:41.094+0900][126.940s] GC(17) Pause Young (Normal) (G1 Evacuation Pause) 1244M->53M(2048M) 17.548ms
[2026-10-01T09:23:43.967+0900][129.814s] GC(18) Pause Young (Normal) (G1 Evacuation Pause) 1244M->53M(2048M) 17.398ms
[2026-10-01T09:23:46.883+0900][132.730s] GC(19) Pause Young (Normal) (G1 Evacuation Pause) 1244M->52M(2048M) 17.786ms
[2026-10-01T09:23:49.784+0900][135.631s] GC(20) Pause Young (Normal) (G1 Evacuation Pause) 1244M->53M(2048M) 17.725ms
[2026-10-01T09:23:52.684+0900][138.533s] GC(21) Pause Young (Normal) (G1 Evacuation Pause) 1244M->52M(2048M) 17.551ms
[2026-10-01T09:23:55.454+0900][141.301s] GC(22) Pause Young (Normal) (G1 Evacuation Pause) 1244M->53M(2048M) 17.835ms
[2026-10-01T09:23:58.411+0900][144.259s] GC(23) Pause Young (Normal) (G1 Evacuation Pause) 1244M->53M(2048M) 19.322ms
[2026-10-01T09:24:01.221+0900][147.068s] GC(24) Pause Young (Normal) (G1 Evacuation Pause) 1251M->54M(2048M) 16.468ms
[2026-10-01T09:24:04.147+0900][149.995s] GC(25) Pause Young (Normal) (G1 Evacuation Pause) 1267M->54M(2048M) 8.782ms
[2026-10-01T09:24:07.092+0900][152.940s] GC(26) Pause Young (Normal) (G1 Evacuation Pause) 1279M->55M(2048M) 3.972ms
[2026-10-01T09:24:10.100+0900][155.947s] GC(27) Pause Young (Normal) (G1 Evacuation Pause) 1281M->55M(2048M) 3.178ms
[2026-10-01T09:24:13.171+0900][159.018s] GC(28) Pause Young (Normal) (G1 Evacuation Pause) 1282M->55M(2048M) 2.530ms
[2026-10-01T09:24:16.166+0900][162.012s] GC(29) Pause Young (Normal) (G1 Evacuation Pause) 1282M->55M(2048M) 2.764ms
[2026-10-01T09:24:19.063+0900][164.910s] GC(30) Pause Young (Normal) (G1 Evacuation Pause) 1282M->55M(2048M) 2.461ms
[2026-10-01T09:24:22.090+0900][167.937s] GC(31) Pause Young (Normal) (G1 Evacuation Pause) 1282M->55M(2048M) 2.501ms
[2026-10-01T09:24:25.013+0900][170.861s] GC(32) Pause Young (Normal) (G1 Evacuation Pause) 1282M->55M(2048M) 2.359ms
[2026-10-01T09:24:28.058+0900][173.904s] GC(33) Pause Young (Normal) (G1 Evacuation Pause) 1282M->55M(2048M) 2.397ms
[2026-10-01T09:24:30.984+0900][176.831s] GC(34) Pause Young (Normal) (G1 Evacuation Pause) 1282M->55M(2048M) 2.466ms
[2026-10-01T09:24:34.046+0900][179.893s] GC(35) Pause Young (Normal) (G1 Evacuation Pause) 1282M->55M(2048M) 2.416ms
[2026-10-01T09:24:36.951+0900][182.798s] GC(36) Pause Young (Normal) (G1 Evacuation Pause) 1282M->55M(2048M) 2.469ms
[2026-10-01T09:24:39.918+0900][185.764s] GC(37) Pause Young (Normal) (G1 Evacuation Pause) 1282M->55M(2048M) 3.103ms
[2026-10-01T09:24:42.746+0900][188.593s] GC(38) Pause Young (Normal) (G1 Evacuation Pause) 1282M->55M(2048M) 2.636ms
[2026-10-01T09:24:45.767+0900][191.614s] GC(39) Pause Young (Normal) (G1 Evacuation Pause) 1282M->55M(2048M) 2.504ms
[2026-10-01T09:24:48.628+0900][194.475s] GC(40) Pause Young (Normal) (G1 Evacuation Pause) 1282M->55M(2048M) 2.520ms
[2026-10-01T09:24:51.508+0900][197.355s] GC(41) Pause Young (Normal) (G1 Evacuation Pause) 1282M->55M(2048M) 2.484ms
[2026-10-01T09:24:54.332+0900][200.180s] GC(42) Pause Young (Normal) (G1 Evacuation Pause) 1282M->55M(2048M) 2.318ms
[2026-10-01T09:24:57.295+0900][203.142s] GC(43) Pause Young (Normal) (G1 Evacuation Pause) 1282M->55M(2048M) 2.431ms
[2026-10-01T09:25:00.216+0900][206.063s] GC(44) Pause Young (Normal) (G1 Evacuation Pause) 1282M->55M(2048M) 2.544ms
[2026-10-01T09:25:03.209+0900][209.056s] GC(45) Pause Young (Normal) (G1 Evacuation Pause) 1282M->55M(2048M) 2.566ms
[2026-10-01T09:25:06.225+0900][212.072s] GC(46) Pause Young (Normal) (G1 Evacuation Pause) 1282M->55M(2048M) 2.569ms
[2026-10-01T09:25:09.151+0900][214.999s] GC(47) Pause Young (Normal) (G1 Evacuation Pause) 1282M->55M(2048M) 2.411ms
[2026-10-01T09:25:12.126+0900][217.974s] GC(48) Pause Young (Normal) (G1 Evacuation Pause) 1282M->55M(2048M) 2.931ms
[2026-10-01T09:25:15.157+0900][221.003s] GC(49) Pause Young (Normal) (G1 Evacuation Pause) 1282M->55M(2048M) 2.510ms
[2026-10-01T09:25:18.017+0900][223.865s] GC(50) Pause Young (Normal) (G1 Evacuation Pause) 1282M->55M(2048M) 2.596ms
[2026-10-01T09:25:20.929+0900][226.775s] GC(51) Pause Young (Normal) (G1 Evacuation Pause) 1282M->55M(2048M) 2.471ms
[2026-10-01T09:25:23.759+0900][229.606s] GC(52) Pause Young (Normal) (G1 Evacuation Pause) 1282M->55M(2048M) 2.414ms
[2026-10-01T09:25:26.745+0900][232.593s] GC(53) Pause Young (Normal) (G1 Evacuation Pause) 1282M->55M(2048M) 3.528ms
[2026-10-01T09:25:29.394+0900][235.241s] GC(54) Pause Young (Concurrent Start) (CodeCache GC Threshold) 1123M->55M(2048M) 2.755ms
[2026-10-01T09:25:29.394+0900][235.241s] GC(55) Concurrent Mark Cycle
[2026-10-01T09:25:29.465+0900][235.312s] GC(55) Pause Remark 83M->83M(2048M) 22.049ms
[2026-10-01T09:25:29.498+0900][235.344s] GC(55) Pause Cleanup 92M->92M(2048M) 0.241ms
[2026-10-01T09:25:29.502+0900][235.348s] GC(55) Concurrent Mark Cycle 107.340ms
[2026-10-01T09:25:32.387+0900][238.234s] GC(56) Pause Young (Prepare Mixed) (G1 Evacuation Pause) 1282M->55M(2048M) 2.639ms
[2026-10-01T09:25:35.335+0900][241.183s] GC(57) Pause Young (Mixed) (G1 Evacuation Pause) 1282M->54M(2048M) 3.131ms
[2026-10-01T09:25:38.424+0900][244.271s] GC(58) Pause Young (Normal) (G1 Evacuation Pause) 1281M->54M(2048M) 2.491ms
[2026-10-01T09:25:41.390+0900][247.237s] GC(59) Pause Young (Normal) (G1 Evacuation Pause) 1281M->54M(2048M) 2.553ms
[2026-10-01T09:25:44.346+0900][250.196s] GC(60) Pause Young (Normal) (G1 Evacuation Pause) 1281M->54M(2048M) 2.909ms
[2026-10-01T09:25:47.308+0900][253.155s] GC(61) Pause Young (Normal) (G1 Evacuation Pause) 1281M->54M(2048M) 2.389ms
[2026-10-01T09:25:50.137+0900][255.983s] GC(62) Pause Young (Normal) (G1 Evacuation Pause) 1281M->54M(2048M) 2.554ms
[2026-10-01T09:25:53.251+0900][259.097s] GC(63) Pause Young (Normal) (G1 Evacuation Pause) 1281M->54M(2048M) 2.441ms
[2026-10-01T09:25:56.187+0900][262.034s] GC(64) Pause Young (Normal) (G1 Evacuation Pause) 1281M->54M(2048M) 2.847ms
[2026-10-01T09:25:59.181+0900][265.028s] GC(65) Pause Young (Normal) (G1 Evacuation Pause) 1281M->54M(2048M) 2.454ms
[2026-10-01T09:26:02.321+0900][268.167s] GC(66) Pause Young (Normal) (G1 Evacuation Pause) 1281M->54M(2048M) 2.431ms
[2026-10-01T09:26:05.274+0900][271.121s] GC(67) Pause Young (Normal) (G1 Evacuation Pause) 1281M->54M(2048M) 2.351ms
[2026-10-01T09:26:08.127+0900][273.975s] GC(68) Pause Young (Normal) (G1 Evacuation Pause) 1281M->54M(2048M) 2.572ms
[2026-10-01T09:26:11.169+0900][277.016s] GC(69) Pause Young (Normal) (G1 Evacuation Pause) 1281M->54M(2048M) 2.478ms
[2026-10-01T09:26:14.100+0900][279.947s] GC(70) Pause Young (Normal) (G1 Evacuation Pause) 1281M->54M(2048M) 2.644ms
[2026-10-01T09:26:17.080+0900][282.927s] GC(71) Pause Young (Normal) (G1 Evacuation Pause) 1281M->54M(2048M) 2.224ms
[2026-10-01T09:26:20.018+0900][285.865s] GC(72) Pause Young (Normal) (G1 Evacuation Pause) 1281M->54M(2048M) 3.583ms
[2026-10-01T09:26:23.072+0900][288.918s] GC(73) Pause Young (Normal) (G1 Evacuation Pause) 1281M->54M(2048M) 2.402ms
[2026-10-01T09:26:25.933+0900][291.781s] GC(74) Pause Young (Normal) (G1 Evacuation Pause) 1281M->54M(2048M) 2.384ms
[2026-10-01T09:26:28.913+0900][294.760s] GC(75) Pause Young (Normal) (G1 Evacuation Pause) 1281M->54M(2048M) 2.444ms
[2026-10-01T09:26:31.876+0900][297.722s] GC(76) Pause Young (Normal) (G1 Evacuation Pause) 1281M->54M(2048M) 2.670ms
[2026-10-01T09:26:34.906+0900][300.753s] GC(77) Pause Young (Normal) (G1 Evacuation Pause) 1281M->54M(2048M) 2.559ms
[2026-10-01T09:26:37.839+0900][303.686s] GC(78) Pause Young (Normal) (G1 Evacuation Pause) 1281M->54M(2048M) 2.393ms
[2026-10-01T09:26:40.803+0900][306.650s] GC(79) Pause Young (Normal) (G1 Evacuation Pause) 1281M->54M(2048M) 2.675ms
[2026-10-01T09:26:43.761+0900][309.608s] GC(80) Pause Young (Normal) (G1 Evacuation Pause) 1281M->54M(2048M) 2.524ms
[2026-10-01T09:26:46.785+0900][312.632s] GC(81) Pause Young (Normal) (G1 Evacuation Pause) 1281M->54M(2048M) 3.335ms
[2026-10-01T09:26:49.674+0900][315.522s] GC(82) Pause Young (Normal) (G1 Evacuation Pause) 1281M->54M(2048M) 2.758ms
[2026-10-01T09:26:52.660+0900][318.507s] GC(83) Pause Young (Normal) (G1 Evacuation Pause) 1281M->54M(2048M) 2.429ms
[2026-10-01T09:26:55.503+0900][321.352s] GC(84) Pause Young (Normal) (G1 Evacuation Pause) 1281M->54M(2048M) 2.602ms
[2026-10-01T09:26:58.508+0900][324.356s] GC(85) Pause Young (Normal) (G1 Evacuation Pause) 1281M->54M(2048M) 2.951ms
[2026-10-01T09:27:01.485+0900][327.333s] GC(86) Pause Young (Normal) (G1 Evacuation Pause) 1281M->54M(2048M) 3.080ms
[2026-10-01T09:27:04.442+0900][330.289s] GC(87) Pause Young (Normal) (G1 Evacuation Pause) 1281M->54M(2048M) 2.657ms
[2026-10-01T09:27:07.437+0900][333.283s] GC(88) Pause Young (Normal) (G1 Evacuation Pause) 1281M->54M(2048M) 2.321ms
[2026-10-01T09:27:10.400+0900][336.247s] GC(89) Pause Young (Normal) (G1 Evacuation Pause) 1281M->54M(2048M) 2.480ms
[2026-10-01T09:27:13.419+0900][339.265s] GC(90) Pause Young (Normal) (G1 Evacuation Pause) 1281M->54M(2048M) 2.576ms
[2026-10-01T09:27:16.449+0900][342.295s] GC(91) Pause Young (Normal) (G1 Evacuation Pause) 1281M->54M(2048M) 2.509ms
[2026-10-01T09:27:19.490+0900][345.338s] GC(92) Pause Young (Normal) (G1 Evacuation Pause) 1281M->54M(2048M) 2.373ms
[2026-10-01T09:27:22.459+0900][348.306s] GC(93) Pause Young (Normal) (G1 Evacuation Pause) 1281M->54M(2048M) 2.645ms
[2026-10-01T09:27:25.464+0900][351.312s] GC(94) Pause Young (Normal) (G1 Evacuation Pause) 1281M->54M(2048M) 2.686ms
[2026-10-01T09:27:28.482+0900][354.329s] GC(95) Pause Young (Normal) (G1 Evacuation Pause) 1281M->54M(2048M) 2.506ms
[2026-10-01T09:27:31.601+0900][357.448s] GC(96) Pause Young (Normal) (G1 Evacuation Pause) 1281M->54M(2048M) 3.083ms
[2026-10-01T09:27:34.789+0900][360.635s] GC(97) Pause Young (Normal) (G1 Evacuation Pause) 1281M->54M(2048M) 2.584ms
[2026-10-01T09:27:37.855+0900][363.702s] GC(98) Pause Young (Normal) (G1 Evacuation Pause) 1281M->54M(2048M) 2.380ms
[2026-10-01T09:27:40.879+0900][366.725s] GC(99) Pause Young (Normal) (G1 Evacuation Pause) 1281M->54M(2048M) 2.718ms
[2026-10-01T09:27:44.043+0900][369.890s] GC(100) Pause Young (Normal) (G1 Evacuation Pause) 1281M->54M(2048M) 3.430ms
[2026-10-01T09:27:47.030+0900][372.878s] GC(101) Pause Young (Normal) (G1 Evacuation Pause) 1281M->54M(2048M) 2.971ms
[2026-10-01T09:27:50.024+0900][375.871s] GC(102) Pause Young (Normal) (G1 Evacuation Pause) 1281M->54M(2048M) 2.726ms
[2026-10-01T09:27:53.134+0900][378.981s] GC(103) Pause Young (Normal) (G1 Evacuation Pause) 1281M->54M(2048M) 2.623ms
[2026-10-01T09:27:56.189+0900][382.036s] GC(104) Pause Young (Normal) (G1 Evacuation Pause) 1281M->54M(2048M) 2.524ms
[2026-10-01T09:27:59.297+0900][385.145s] GC(105) Pause Young (Normal) (G1 Evacuation Pause) 1281M->54M(2048M) 2.569ms
[2026-10-01T09:28:02.332+0900][388.180s] GC(106) Pause Young (Normal) (G1 Evacuation Pause) 1281M->54M(2048M) 2.543ms
[2026-10-01T09:28:05.310+0900][391.156s] GC(107) Pause Young (Normal) (G1 Evacuation Pause) 1281M->54M(2048M) 2.303ms
[2026-10-01T09:28:08.427+0900][394.273s] GC(108) Pause Young (Normal) (G1 Evacuation Pause) 1281M->54M(2048M) 2.439ms
[2026-10-01T09:28:11.474+0900][397.320s] GC(109) Pause Young (Normal) (G1 Evacuation Pause) 1281M->54M(2048M) 2.485ms
[2026-10-01T09:28:14.355+0900][400.202s] GC(110) Pause Young (Normal) (G1 Evacuation Pause) 1281M->54M(2048M) 2.548ms
[2026-10-01T09:28:17.358+0900][403.205s] GC(111) Pause Young (Normal) (G1 Evacuation Pause) 1281M->54M(2048M) 2.428ms
[2026-10-01T09:28:20.331+0900][406.178s] GC(112) Pause Young (Normal) (G1 Evacuation Pause) 1281M->54M(2048M) 2.665ms
[2026-10-01T09:28:23.352+0900][409.201s] GC(113) Pause Young (Normal) (G1 Evacuation Pause) 1281M->54M(2048M) 2.836ms
[2026-10-01T09:28:26.349+0900][412.197s] GC(114) Pause Young (Normal) (G1 Evacuation Pause) 1281M->54M(2048M) 2.397ms
[2026-10-01T09:28:29.373+0900][415.219s] GC(115) Pause Young (Normal) (G1 Evacuation Pause) 1281M->54M(2048M) 3.046ms
[2026-10-01T09:28:32.405+0900][418.252s] GC(116) Pause Young (Normal) (G1 Evacuation Pause) 1281M->54M(2048M) 2.416ms
[2026-10-01T09:28:35.460+0900][421.307s] GC(117) Pause Young (Normal) (G1 Evacuation Pause) 1281M->54M(2048M) 2.674ms
[2026-10-01T09:28:38.470+0900][424.317s] GC(118) Pause Young (Normal) (G1 Evacuation Pause) 1281M->54M(2048M) 2.953ms
[2026-10-01T09:28:41.543+0900][427.391s] GC(119) Pause Young (Normal) (G1 Evacuation Pause) 1281M->54M(2048M) 2.351ms
[2026-10-01T09:28:44.557+0900][430.405s] GC(120) Pause Young (Normal) (G1 Evacuation Pause) 1281M->54M(2048M) 2.812ms
[2026-10-01T09:28:47.639+0900][433.486s] GC(121) Pause Young (Normal) (G1 Evacuation Pause) 1281M->54M(2048M) 2.629ms
[2026-10-01T09:28:50.564+0900][436.413s] GC(122) Pause Young (Normal) (G1 Evacuation Pause) 1281M->54M(2048M) 2.443ms
[2026-10-01T09:28:53.622+0900][439.469s] GC(123) Pause Young (Normal) (G1 Evacuation Pause) 1281M->54M(2048M) 2.626ms
[2026-10-01T09:28:56.700+0900][442.547s] GC(124) Pause Young (Normal) (G1 Evacuation Pause) 1281M->54M(2048M) 2.567ms
[2026-10-01T09:28:59.727+0900][445.574s] GC(125) Pause Young (Normal) (G1 Evacuation Pause) 1281M->54M(2048M) 2.649ms
[2026-10-01T09:29:02.757+0900][448.606s] GC(126) Pause Young (Normal) (G1 Evacuation Pause) 1281M->54M(2048M) 2.657ms
[2026-10-01T09:29:05.707+0900][451.553s] GC(127) Pause Young (Normal) (G1 Evacuation Pause) 1281M->54M(2048M) 2.815ms
[2026-10-01T09:29:08.741+0900][454.588s] GC(128) Pause Young (Normal) (G1 Evacuation Pause) 1281M->54M(2048M) 2.633ms
[2026-10-01T09:29:11.807+0900][457.653s] GC(129) Pause Young (Normal) (G1 Evacuation Pause) 1281M->54M(2048M) 2.195ms
[2026-10-01T09:29:14.841+0900][460.688s] GC(130) Pause Young (Normal) (G1 Evacuation Pause) 1281M->54M(2048M) 2.694ms
[2026-10-01T09:29:17.861+0900][463.709s] GC(131) Pause Young (Normal) (G1 Evacuation Pause) 1281M->54M(2048M) 2.440ms
[2026-10-01T09:29:20.921+0900][466.767s] GC(132) Pause Young (Normal) (G1 Evacuation Pause) 1281M->54M(2048M) 2.291ms
[2026-10-01T09:29:23.921+0900][469.769s] GC(133) Pause Young (Normal) (G1 Evacuation Pause) 1281M->54M(2048M) 2.440ms
[2026-10-01T09:29:26.939+0900][472.789s] GC(134) Pause Young (Normal) (G1 Evacuation Pause) 1281M->54M(2048M) 2.709ms
[2026-10-01T09:29:29.935+0900][475.781s] GC(135) Pause Young (Normal) (G1 Evacuation Pause) 1281M->54M(2048M) 3.357ms
[2026-10-01T09:29:32.997+0900][478.843s] GC(136) Pause Young (Normal) (G1 Evacuation Pause) 1281M->54M(2048M) 2.340ms
[2026-10-01T09:29:36.060+0900][481.906s] GC(137) Pause Young (Normal) (G1 Evacuation Pause) 1281M->54M(2048M) 3.045ms
[2026-10-01T09:29:39.115+0900][484.963s] GC(138) Pause Young (Normal) (G1 Evacuation Pause) 1281M->54M(2048M) 2.519ms
[2026-10-01T09:29:42.141+0900][487.989s] GC(139) Pause Young (Normal) (G1 Evacuation Pause) 1281M->54M(2048M) 2.376ms
[2026-10-01T09:29:45.187+0900][491.034s] GC(140) Pause Young (Normal) (G1 Evacuation Pause) 1281M->54M(2048M) 2.583ms
[2026-10-01T09:29:48.235+0900][494.082s] GC(141) Pause Young (Normal) (G1 Evacuation Pause) 1281M->54M(2048M) 2.460ms
[2026-10-01T09:29:51.289+0900][497.136s] GC(142) Pause Young (Normal) (G1 Evacuation Pause) 1281M->54M(2048M) 2.646ms
[2026-10-01T09:29:54.316+0900][500.164s] GC(143) Pause Young (Normal) (G1 Evacuation Pause) 1281M->54M(2048M) 2.428ms
[2026-10-01T09:29:57.393+0900][503.241s] GC(144) Pause Young (Normal) (G1 Evacuation Pause) 1281M->54M(2048M) 2.317ms
[2026-10-01T09:30:00.397+0900][506.244s] GC(145) Pause Young (Normal) (G1 Evacuation Pause) 1281M->54M(2048M) 2.463ms
[2026-10-01T09:30:03.453+0900][509.301s] GC(146) Pause Young (Normal) (G1 Evacuation Pause) 1281M->54M(2048M) 2.504ms
[2026-10-01T09:30:06.460+0900][512.306s] GC(147) Pause Young (Normal) (G1 Evacuation Pause) 1281M->54M(2048M) 2.558ms
[2026-10-01T09:30:09.396+0900][515.243s] GC(148) Pause Young (Normal) (G1 Evacuation Pause) 1281M->54M(2048M) 2.638ms
[2026-10-01T09:30:12.404+0900][518.252s] GC(149) Pause Young (Normal) (G1 Evacuation Pause) 1281M->54M(2048M) 2.416ms
[2026-10-01T09:30:15.321+0900][521.169s] GC(150) Pause Young (Normal) (G1 Evacuation Pause) 1281M->54M(2048M) 2.571ms
[2026-10-01T09:30:18.372+0900][524.220s] GC(151) Pause Young (Normal) (G1 Evacuation Pause) 1281M->54M(2048M) 2.671ms
[2026-10-01T09:30:21.352+0900][527.199s] GC(152) Pause Young (Normal) (G1 Evacuation Pause) 1281M->54M(2048M) 3.019ms
[2026-10-01T09:30:24.288+0900][530.135s] GC(153) Pause Young (Normal) (G1 Evacuation Pause) 1281M->54M(2048M) 2.335ms
[2026-10-01T09:30:27.315+0900][533.162s] GC(154) Pause Young (Normal) (G1 Evacuation Pause) 1281M->54M(2048M) 2.542ms
[2026-10-01T09:30:30.330+0900][536.176s] GC(155) Pause Young (Normal) (G1 Evacuation Pause) 1281M->54M(2048M) 3.405ms
[2026-10-01T09:30:33.393+0900][539.240s] GC(156) Pause Young (Normal) (G1 Evacuation Pause) 1281M->54M(2048M) 2.397ms
[2026-10-01T09:30:36.415+0900][542.263s] GC(157) Pause Young (Normal) (G1 Evacuation Pause) 1281M->54M(2048M) 2.527ms
[2026-10-01T09:30:39.399+0900][545.247s] GC(158) Pause Young (Normal) (G1 Evacuation Pause) 1281M->54M(2048M) 2.698ms
[2026-10-01T09:30:42.444+0900][548.290s] GC(159) Pause Young (Normal) (G1 Evacuation Pause) 1281M->54M(2048M) 2.369ms
[2026-10-01T09:30:45.450+0900][551.297s] GC(160) Pause Young (Normal) (G1 Evacuation Pause) 1281M->54M(2048M) 2.733ms
[2026-10-01T09:30:48.548+0900][554.395s] GC(161) Pause Young (Normal) (G1 Evacuation Pause) 1281M->54M(2048M) 2.483ms
[2026-10-01T09:30:51.630+0900][557.477s] GC(162) Pause Young (Normal) (G1 Evacuation Pause) 1281M->54M(2048M) 3.201ms
[2026-10-01T09:30:54.733+0900][560.579s] GC(163) Pause Young (Normal) (G1 Evacuation Pause) 1281M->54M(2048M) 2.398ms
[2026-10-01T09:30:57.746+0900][563.593s] GC(164) Pause Young (Normal) (G1 Evacuation Pause) 1281M->54M(2048M) 2.432ms
[2026-10-01T09:31:00.823+0900][566.671s] GC(165) Pause Young (Normal) (G1 Evacuation Pause) 1281M->54M(2048M) 2.397ms
[2026-10-01T09:31:03.807+0900][569.655s] GC(166) Pause Young (Normal) (G1 Evacuation Pause) 1281M->54M(2048M) 3.808ms
[2026-10-01T09:31:06.831+0900][572.678s] GC(167) Pause Young (Normal) (G1 Evacuation Pause) 1281M->54M(2048M) 2.537ms
[2026-10-01T09:31:09.863+0900][575.710s] GC(168) Pause Young (Normal) (G1 Evacuation Pause) 1281M->54M(2048M) 2.496ms
[2026-10-01T09:31:12.877+0900][578.724s] GC(169) Pause Young (Normal) (G1 Evacuation Pause) 1281M->54M(2048M) 2.537ms
[2026-10-01T09:31:15.939+0900][581.786s] GC(170) Pause Young (Normal) (G1 Evacuation Pause) 1281M->54M(2048M) 2.726ms
[2026-10-01T09:31:19.193+0900][585.041s] GC(171) Pause Young (Normal) (G1 Evacuation Pause) 1281M->54M(2048M) 2.609ms
[2026-10-01T09:31:22.357+0900][588.203s] GC(172) Pause Young (Normal) (G1 Evacuation Pause) 1281M->54M(2048M) 2.515ms
[2026-10-01T09:31:25.683+0900][591.532s] GC(173) Pause Young (Normal) (G1 Evacuation Pause) 1281M->54M(2048M) 2.712ms
[2026-10-01T09:31:28.883+0900][594.730s] GC(174) Pause Young (Normal) (G1 Evacuation Pause) 1281M->54M(2048M) 3.099ms
[2026-10-01T09:31:32.144+0900][597.991s] GC(175) Pause Young (Normal) (G1 Evacuation Pause) 1281M->54M(2048M) 2.438ms
[2026-10-01T09:31:35.455+0900][601.301s] GC(176) Pause Young (Normal) (G1 Evacuation Pause) 1281M->54M(2048M) 2.472ms
[2026-10-01T09:31:38.697+0900][604.545s] GC(177) Pause Young (Normal) (G1 Evacuation Pause) 1281M->54M(2048M) 2.871ms
[2026-10-01T09:31:42.028+0900][607.875s] GC(178) Pause Young (Normal) (G1 Evacuation Pause) 1281M->54M(2048M) 2.433ms
[2026-10-01T09:31:45.333+0900][611.180s] GC(179) Pause Young (Normal) (G1 Evacuation Pause) 1281M->54M(2048M) 2.623ms
[2026-10-01T09:31:48.524+0900][614.372s] GC(180) Pause Young (Normal) (G1 Evacuation Pause) 1281M->54M(2048M) 2.939ms
[2026-10-01T09:31:51.514+0900][617.361s] GC(181) Pause Young (Normal) (G1 Evacuation Pause) 1281M->54M(2048M) 2.406ms
[2026-10-01T09:31:54.602+0900][620.449s] GC(182) Pause Young (Normal) (G1 Evacuation Pause) 1281M->54M(2048M) 2.711ms
[2026-10-01T09:31:57.700+0900][623.547s] GC(183) Pause Young (Normal) (G1 Evacuation Pause) 1281M->54M(2048M) 2.773ms
[2026-10-01T09:32:00.715+0900][626.561s] GC(184) Pause Young (Normal) (G1 Evacuation Pause) 1281M->54M(2048M) 2.845ms
[2026-10-01T09:32:03.711+0900][629.557s] GC(185) Pause Young (Normal) (G1 Evacuation Pause) 1281M->54M(2048M) 2.349ms
[2026-10-01T09:32:06.800+0900][632.647s] GC(186) Pause Young (Normal) (G1 Evacuation Pause) 1281M->54M(2048M) 2.820ms
[2026-10-01T09:32:10.245+0900][636.091s] GC(187) Pause Young (Normal) (G1 Evacuation Pause) 1281M->54M(2048M) 2.302ms
[2026-10-01T09:32:13.452+0900][639.299s] GC(188) Pause Young (Normal) (G1 Evacuation Pause) 1281M->54M(2048M) 2.454ms
[2026-10-01T09:32:16.499+0900][642.347s] GC(189) Pause Young (Normal) (G1 Evacuation Pause) 1281M->54M(2048M) 2.439ms
[2026-10-01T09:32:19.621+0900][645.468s] GC(190) Pause Young (Normal) (G1 Evacuation Pause) 1281M->54M(2048M) 2.520ms
[2026-10-01T09:32:22.628+0900][648.474s] GC(191) Pause Young (Normal) (G1 Evacuation Pause) 1281M->54M(2048M) 2.325ms
[2026-10-01T09:32:25.693+0900][651.539s] GC(192) Pause Young (Normal) (G1 Evacuation Pause) 1281M->54M(2048M) 2.430ms
[2026-10-01T09:32:28.676+0900][654.523s] GC(193) Pause Young (Normal) (G1 Evacuation Pause) 1281M->54M(2048M) 2.810ms
[2026-10-01T09:32:31.731+0900][657.577s] GC(194) Pause Young (Normal) (G1 Evacuation Pause) 1281M->54M(2048M) 2.392ms
[2026-10-01T09:32:34.796+0900][660.643s] GC(195) Pause Young (Normal) (G1 Evacuation Pause) 1281M->54M(2048M) 2.388ms
[2026-10-01T09:32:37.858+0900][663.706s] GC(196) Pause Young (Normal) (G1 Evacuation Pause) 1281M->54M(2048M) 2.672ms
[2026-10-01T09:32:40.854+0900][666.702s] GC(197) Pause Young (Normal) (G1 Evacuation Pause) 1281M->54M(2048M) 2.407ms
[2026-10-01T09:32:43.906+0900][669.753s] GC(198) Pause Young (Normal) (G1 Evacuation Pause) 1281M->54M(2048M) 2.355ms
[2026-10-01T09:32:46.867+0900][672.714s] GC(199) Pause Young (Normal) (G1 Evacuation Pause) 1281M->54M(2048M) 2.444ms
[2026-10-01T09:32:49.916+0900][675.763s] GC(200) Pause Young (Normal) (G1 Evacuation Pause) 1281M->54M(2048M) 3.389ms
[2026-10-01T09:32:52.825+0900][678.671s] GC(201) Pause Young (Normal) (G1 Evacuation Pause) 1281M->54M(2048M) 2.402ms
[2026-10-01T09:32:55.924+0900][681.770s] GC(202) Pause Young (Normal) (G1 Evacuation Pause) 1281M->54M(2048M) 2.400ms
[2026-10-01T09:32:58.845+0900][684.692s] GC(203) Pause Young (Normal) (G1 Evacuation Pause) 1281M->54M(2048M) 2.537ms
[2026-10-01T09:33:01.895+0900][687.743s] GC(204) Pause Young (Normal) (G1 Evacuation Pause) 1281M->54M(2048M) 2.445ms
[2026-10-01T09:33:04.891+0900][690.738s] GC(205) Pause Young (Normal) (G1 Evacuation Pause) 1281M->54M(2048M) 2.898ms
[2026-10-01T09:33:07.830+0900][693.677s] GC(206) Pause Young (Normal) (G1 Evacuation Pause) 1281M->54M(2048M) 2.573ms
[2026-10-01T09:33:10.805+0900][696.651s] GC(207) Pause Young (Normal) (G1 Evacuation Pause) 1281M->54M(2048M) 2.628ms
[2026-10-01T09:33:13.883+0900][699.730s] GC(208) Pause Young (Normal) (G1 Evacuation Pause) 1281M->54M(2048M) 3.053ms
[2026-10-01T09:33:16.917+0900][702.763s] GC(209) Pause Young (Normal) (G1 Evacuation Pause) 1281M->54M(2048M) 2.453ms
[2026-10-01T09:33:20.017+0900][705.865s] GC(210) Pause Young (Normal) (G1 Evacuation Pause) 1281M->54M(2048M) 2.645ms
[2026-10-01T09:33:23.090+0900][708.936s] GC(211) Pause Young (Normal) (G1 Evacuation Pause) 1281M->54M(2048M) 2.647ms
[2026-10-01T09:33:26.156+0900][712.004s] GC(212) Pause Young (Normal) (G1 Evacuation Pause) 1281M->54M(2048M) 2.484ms
[2026-10-01T09:33:29.179+0900][715.026s] GC(213) Pause Young (Normal) (G1 Evacuation Pause) 1281M->54M(2048M) 2.452ms
[2026-10-01T09:33:32.207+0900][718.053s] GC(214) Pause Young (Normal) (G1 Evacuation Pause) 1281M->54M(2048M) 2.671ms
[2026-10-01T09:33:35.322+0900][721.170s] GC(215) Pause Young (Normal) (G1 Evacuation Pause) 1281M->54M(2048M) 2.327ms
[2026-10-01T09:33:38.340+0900][724.187s] GC(216) Pause Young (Normal) (G1 Evacuation Pause) 1281M->54M(2048M) 3.279ms
[2026-10-01T09:33:41.377+0900][727.223s] GC(217) Pause Young (Normal) (G1 Evacuation Pause) 1281M->54M(2048M) 3.024ms
[2026-10-01T09:33:44.470+0900][730.317s] GC(218) Pause Young (Normal) (G1 Evacuation Pause) 1281M->54M(2048M) 2.888ms
[2026-10-01T09:33:47.682+0900][733.529s] GC(219) Pause Young (Normal) (G1 Evacuation Pause) 1281M->54M(2048M) 2.405ms
[2026-10-01T09:33:50.775+0900][736.623s] GC(220) Pause Young (Normal) (G1 Evacuation Pause) 1281M->54M(2048M) 2.912ms
[2026-10-01T09:33:53.917+0900][739.763s] GC(221) Pause Young (Normal) (G1 Evacuation Pause) 1281M->54M(2048M) 2.585ms
[2026-10-01T09:33:56.950+0900][742.797s] GC(222) Pause Young (Normal) (G1 Evacuation Pause) 1281M->54M(2048M) 3.000ms
[2026-10-01T09:33:59.983+0900][745.831s] GC(223) Pause Young (Normal) (G1 Evacuation Pause) 1281M->54M(2048M) 2.652ms
[2026-10-01T09:34:03.057+0900][748.904s] GC(224) Pause Young (Normal) (G1 Evacuation Pause) 1281M->54M(2048M) 2.534ms
[2026-10-01T09:34:06.082+0900][751.929s] GC(225) Pause Young (Normal) (G1 Evacuation Pause) 1281M->54M(2048M) 2.461ms
[2026-10-01T09:34:09.185+0900][755.032s] GC(226) Pause Young (Normal) (G1 Evacuation Pause) 1281M->54M(2048M) 2.441ms
[2026-10-01T09:34:12.230+0900][758.077s] GC(227) Pause Young (Normal) (G1 Evacuation Pause) 1281M->54M(2048M) 2.485ms
[2026-10-01T09:34:15.397+0900][761.244s] GC(228) Pause Young (Normal) (G1 Evacuation Pause) 1281M->54M(2048M) 2.452ms
[2026-10-01T09:34:18.455+0900][764.303s] GC(229) Pause Young (Normal) (G1 Evacuation Pause) 1281M->54M(2048M) 2.539ms
[2026-10-01T09:34:21.496+0900][767.343s] GC(230) Pause Young (Normal) (G1 Evacuation Pause) 1281M->54M(2048M) 2.445ms
[2026-10-01T09:34:24.548+0900][770.397s] GC(231) Pause Young (Normal) (G1 Evacuation Pause) 1281M->54M(2048M) 2.768ms
[2026-10-01T09:34:27.503+0900][773.350s] GC(232) Pause Young (Normal) (G1 Evacuation Pause) 1281M->54M(2048M) 2.526ms
[2026-10-01T09:34:30.567+0900][776.414s] GC(233) Pause Young (Normal) (G1 Evacuation Pause) 1281M->54M(2048M) 2.652ms
[2026-10-01T09:34:33.579+0900][779.426s] GC(234) Pause Young (Normal) (G1 Evacuation Pause) 1281M->54M(2048M) 2.909ms
[2026-10-01T09:34:36.622+0900][782.469s] GC(235) Pause Young (Normal) (G1 Evacuation Pause) 1281M->54M(2048M) 2.648ms
[2026-10-01T09:34:39.641+0900][785.487s] GC(236) Pause Young (Normal) (G1 Evacuation Pause) 1281M->54M(2048M) 2.418ms
[2026-10-01T09:34:42.620+0900][788.467s] GC(237) Pause Young (Normal) (G1 Evacuation Pause) 1281M->54M(2048M) 2.705ms
[2026-10-01T09:34:45.727+0900][791.574s] GC(238) Pause Young (Normal) (G1 Evacuation Pause) 1281M->54M(2048M) 2.593ms
[2026-10-01T09:34:48.851+0900][794.697s] GC(239) Pause Young (Normal) (G1 Evacuation Pause) 1281M->54M(2048M) 2.608ms
[2026-10-01T09:34:51.918+0900][797.764s] GC(240) Pause Young (Normal) (G1 Evacuation Pause) 1281M->54M(2048M) 2.556ms
[2026-10-01T09:34:55.002+0900][800.849s] GC(241) Pause Young (Normal) (G1 Evacuation Pause) 1281M->54M(2048M) 2.579ms
[2026-10-01T09:34:58.039+0900][803.887s] GC(242) Pause Young (Normal) (G1 Evacuation Pause) 1281M->54M(2048M) 2.552ms
[2026-10-01T09:35:01.041+0900][806.888s] GC(243) Pause Young (Normal) (G1 Evacuation Pause) 1281M->54M(2048M) 2.396ms
[2026-10-01T09:35:04.076+0900][809.922s] GC(244) Pause Young (Normal) (G1 Evacuation Pause) 1281M->54M(2048M) 2.545ms
[2026-10-01T09:35:07.213+0900][813.061s] GC(245) Pause Young (Normal) (G1 Evacuation Pause) 1281M->54M(2048M) 2.277ms
[2026-10-01T09:35:10.207+0900][816.054s] GC(246) Pause Young (Normal) (G1 Evacuation Pause) 1281M->54M(2048M) 2.579ms
[2026-10-01T09:35:13.244+0900][819.093s] GC(247) Pause Young (Normal) (G1 Evacuation Pause) 1281M->54M(2048M) 2.779ms
[2026-10-01T09:35:16.235+0900][822.083s] GC(248) Pause Young (Normal) (G1 Evacuation Pause) 1281M->54M(2048M) 3.037ms
[2026-10-01T09:35:19.355+0900][825.202s] GC(249) Pause Young (Normal) (G1 Evacuation Pause) 1281M->54M(2048M) 2.389ms
[2026-10-01T09:35:22.274+0900][828.121s] GC(250) Pause Young (Normal) (G1 Evacuation Pause) 1281M->54M(2048M) 2.717ms
[2026-10-01T09:35:25.416+0900][831.263s] GC(251) Pause Young (Normal) (G1 Evacuation Pause) 1281M->54M(2048M) 2.847ms
[2026-10-01T09:35:28.423+0900][834.270s] GC(252) Pause Young (Normal) (G1 Evacuation Pause) 1281M->54M(2048M) 2.676ms
[2026-10-01T09:35:31.489+0900][837.336s] GC(253) Pause Young (Normal) (G1 Evacuation Pause) 1281M->54M(2048M) 2.396ms
[2026-10-01T09:35:34.504+0900][840.351s] GC(254) Pause Young (Normal) (G1 Evacuation Pause) 1281M->54M(2048M) 2.683ms
[2026-10-01T09:35:37.526+0900][843.373s] GC(255) Pause Young (Normal) (G1 Evacuation Pause) 1281M->54M(2048M) 2.744ms
[2026-10-01T09:35:40.554+0900][846.401s] GC(256) Pause Young (Normal) (G1 Evacuation Pause) 1281M->54M(2048M) 2.401ms
[2026-10-01T09:35:43.586+0900][849.433s] GC(257) Pause Young (Normal) (G1 Evacuation Pause) 1281M->54M(2048M) 2.334ms
[2026-10-01T09:35:46.698+0900][852.545s] GC(258) Pause Young (Normal) (G1 Evacuation Pause) 1281M->54M(2048M) 2.580ms
[2026-10-01T09:35:49.834+0900][855.681s] GC(259) Pause Young (Normal) (G1 Evacuation Pause) 1281M->54M(2048M) 2.563ms
[2026-10-01T09:35:53.049+0900][858.895s] GC(260) Pause Young (Normal) (G1 Evacuation Pause) 1281M->54M(2048M) 2.502ms
[2026-10-01T09:35:56.087+0900][861.934s] GC(261) Pause Young (Normal) (G1 Evacuation Pause) 1281M->54M(2048M) 2.729ms
[2026-10-01T09:35:59.216+0900][865.062s] GC(262) Pause Young (Normal) (G1 Evacuation Pause) 1281M->54M(2048M) 2.538ms
[2026-10-01T09:36:02.319+0900][868.166s] GC(263) Pause Young (Normal) (G1 Evacuation Pause) 1281M->54M(2048M) 2.947ms
[2026-10-01T09:36:05.416+0900][871.263s] GC(264) Pause Young (Normal) (G1 Evacuation Pause) 1281M->54M(2048M) 2.437ms
[2026-10-01T09:36:08.477+0900][874.324s] GC(265) Pause Young (Normal) (G1 Evacuation Pause) 1281M->54M(2048M) 2.681ms
[2026-10-01T09:36:11.491+0900][877.338s] GC(266) Pause Young (Normal) (G1 Evacuation Pause) 1281M->54M(2048M) 2.983ms
[2026-10-01T09:36:14.490+0900][880.338s] GC(267) Pause Young (Normal) (G1 Evacuation Pause) 1281M->54M(2048M) 2.329ms
[2026-10-01T09:36:17.716+0900][883.564s] GC(268) Pause Young (Normal) (G1 Evacuation Pause) 1281M->54M(2048M) 2.531ms
[2026-10-01T09:36:20.734+0900][886.580s] GC(269) Pause Young (Normal) (G1 Evacuation Pause) 1281M->54M(2048M) 2.397ms
[2026-10-01T09:36:23.703+0900][889.550s] GC(270) Pause Young (Normal) (G1 Evacuation Pause) 1281M->54M(2048M) 2.880ms
[2026-10-01T09:36:26.705+0900][892.553s] GC(271) Pause Young (Normal) (G1 Evacuation Pause) 1281M->54M(2048M) 2.865ms
[2026-10-01T09:36:29.741+0900][895.588s] GC(272) Pause Young (Normal) (G1 Evacuation Pause) 1281M->54M(2048M) 2.940ms
[2026-10-01T09:36:32.734+0900][898.582s] GC(273) Pause Young (Normal) (G1 Evacuation Pause) 1281M->54M(2048M) 2.407ms
[2026-10-01T09:36:35.868+0900][901.715s] GC(274) Pause Young (Normal) (G1 Evacuation Pause) 1281M->54M(2048M) 2.350ms
[2026-10-01T09:36:38.864+0900][904.711s] GC(275) Pause Young (Normal) (G1 Evacuation Pause) 1281M->54M(2048M) 2.463ms
[2026-10-01T09:36:41.843+0900][907.689s] GC(276) Pause Young (Normal) (G1 Evacuation Pause) 1281M->54M(2048M) 2.823ms
[2026-10-01T09:36:44.770+0900][910.617s] GC(277) Pause Young (Normal) (G1 Evacuation Pause) 1281M->54M(2048M) 2.625ms
[2026-10-01T09:36:47.902+0900][913.748s] GC(278) Pause Young (Normal) (G1 Evacuation Pause) 1281M->54M(2048M) 2.970ms
[2026-10-01T09:36:50.926+0900][916.772s] GC(279) Pause Young (Normal) (G1 Evacuation Pause) 1281M->54M(2048M) 2.518ms
[2026-10-01T09:36:54.025+0900][919.872s] GC(280) Pause Young (Normal) (G1 Evacuation Pause) 1281M->54M(2048M) 2.392ms
[2026-10-01T09:36:57.056+0900][922.903s] GC(281) Pause Young (Normal) (G1 Evacuation Pause) 1281M->54M(2048M) 2.494ms
[2026-10-01T09:36:59.955+0900][925.802s] GC(282) Pause Young (Normal) (G1 Evacuation Pause) 1281M->54M(2048M) 2.648ms
[2026-10-01T09:37:03.018+0900][928.865s] GC(283) Pause Young (Normal) (G1 Evacuation Pause) 1281M->54M(2048M) 2.306ms
[2026-10-01T09:37:06.107+0900][931.954s] GC(284) Pause Young (Normal) (G1 Evacuation Pause) 1281M->54M(2048M) 2.458ms
[2026-10-01T09:37:09.140+0900][934.987s] GC(285) Pause Young (Normal) (G1 Evacuation Pause) 1281M->54M(2048M) 2.623ms
[2026-10-01T09:37:12.148+0900][937.995s] GC(286) Pause Young (Normal) (G1 Evacuation Pause) 1281M->54M(2048M) 2.430ms
[2026-10-01T09:37:15.321+0900][941.168s] GC(287) Pause Young (Normal) (G1 Evacuation Pause) 1281M->54M(2048M) 2.303ms
[2026-10-01T09:37:18.305+0900][944.151s] GC(288) Pause Young (Normal) (G1 Evacuation Pause) 1281M->54M(2048M) 2.517ms
[2026-10-01T09:37:21.410+0900][947.257s] GC(289) Pause Young (Normal) (G1 Evacuation Pause) 1281M->54M(2048M) 2.504ms
[2026-10-01T09:37:24.408+0900][950.256s] GC(290) Pause Young (Normal) (G1 Evacuation Pause) 1281M->54M(2048M) 2.293ms
[2026-10-01T09:37:27.473+0900][953.319s] GC(291) Pause Young (Normal) (G1 Evacuation Pause) 1281M->54M(2048M) 2.381ms
[2026-10-01T09:37:30.450+0900][956.297s] GC(292) Pause Young (Normal) (G1 Evacuation Pause) 1281M->54M(2048M) 2.895ms
[2026-10-01T09:37:33.492+0900][959.339s] GC(293) Pause Young (Normal) (G1 Evacuation Pause) 1281M->54M(2048M) 2.367ms
[2026-10-01T09:37:36.499+0900][962.348s] GC(294) Pause Young (Normal) (G1 Evacuation Pause) 1281M->54M(2048M) 2.768ms
[2026-10-01T09:37:39.560+0900][965.407s] GC(295) Pause Young (Normal) (G1 Evacuation Pause) 1281M->54M(2048M) 2.531ms
[2026-10-01T09:37:42.586+0900][968.432s] GC(296) Pause Young (Normal) (G1 Evacuation Pause) 1281M->54M(2048M) 2.448ms
[2026-10-01T09:37:45.633+0900][971.481s] GC(297) Pause Young (Normal) (G1 Evacuation Pause) 1281M->54M(2048M) 2.565ms
[2026-10-01T09:37:48.772+0900][974.619s] GC(298) Pause Young (Normal) (G1 Evacuation Pause) 1281M->54M(2048M) 3.792ms
[2026-10-01T09:37:51.791+0900][977.638s] GC(299) Pause Young (Normal) (G1 Evacuation Pause) 1281M->54M(2048M) 2.830ms
[2026-10-01T09:37:54.876+0900][980.723s] GC(300) Pause Young (Normal) (G1 Evacuation Pause) 1281M->54M(2048M) 3.505ms
[2026-10-01T09:37:57.886+0900][983.733s] GC(301) Pause Young (Normal) (G1 Evacuation Pause) 1281M->54M(2048M) 2.472ms
[2026-10-01T09:38:00.976+0900][986.823s] GC(302) Pause Young (Normal) (G1 Evacuation Pause) 1281M->54M(2048M) 2.387ms
[2026-10-01T09:38:04.057+0900][989.904s] GC(303) Pause Young (Normal) (G1 Evacuation Pause) 1281M->54M(2048M) 3.190ms
[2026-10-01T09:38:07.149+0900][992.996s] GC(304) Pause Young (Normal) (G1 Evacuation Pause) 1281M->54M(2048M) 2.456ms
[2026-10-01T09:38:10.141+0900][995.989s] GC(305) Pause Young (Normal) (G1 Evacuation Pause) 1281M->54M(2048M) 2.707ms
[2026-10-01T09:38:13.233+0900][999.080s] GC(306) Pause Young (Normal) (G1 Evacuation Pause) 1281M->54M(2048M) 2.932ms
[2026-10-01T09:38:16.324+0900][1002.171s] GC(307) Pause Young (Normal) (G1 Evacuation Pause) 1281M->54M(2048M) 2.393ms
[2026-10-01T09:38:19.341+0900][1005.187s] GC(308) Pause Young (Normal) (G1 Evacuation Pause) 1281M->54M(2048M) 2.887ms
[2026-10-01T09:38:51.810+0900][1037.662s] GC(309) Pause Young (Normal) (G1 Evacuation Pause) 1281M->54M(2048M) 2.110ms
