[31m     ✗ status is 2xx
      ↳  24% — ✓ 322909 / ✗ 1017457[0m

     checks[2m.........................:[0m [36m24.09%[0m  [36;2m✓ 322909[0m      [36;2m✗ 1017457[0m
     data_received[2m..................:[0m [36m306 MB[0m  [36;2m340 kB/s[0m
     data_sent[2m......................:[0m [36m314 MB[0m  [36;2m348 kB/s[0m
     http_req_blocked[2m...............:[0m avg=[36m2.34ms[0m   min=[36m0s[0m     med=[36m1.96ms[0m  max=[36m45.67ms[0m  p(90)=[36m5.12ms[0m  p(95)=[36m6.35ms[0m  p(99)=[36m9.32ms[0m 
     http_req_connecting[2m............:[0m avg=[36m2.32ms[0m   min=[36m0s[0m     med=[36m1.94ms[0m  max=[36m45.67ms[0m  p(90)=[36m5.1ms[0m   p(95)=[36m6.32ms[0m  p(99)=[36m9.29ms[0m 
     http_req_duration[2m..............:[0m avg=[36m31.15ms[0m  min=[36m1.05ms[0m med=[36m30.57ms[0m max=[36m675.28ms[0m p(90)=[36m42.07ms[0m p(95)=[36m46.95ms[0m p(99)=[36m59.22ms[0m
       { expected_response:true }[2m...:[0m avg=[36m30.62ms[0m  min=[36m1.59ms[0m med=[36m29.75ms[0m max=[36m175.23ms[0m p(90)=[36m42.62ms[0m p(95)=[36m47.53ms[0m p(99)=[36m59.97ms[0m
     http_req_failed[2m................:[0m [36m75.90%[0m  [36;2m✓ 1017457[0m     [36;2m✗ 322909[0m 
     http_req_receiving[2m.............:[0m avg=[36m191.83µs[0m min=[36m0s[0m     med=[36m0s[0m      max=[36m32.79ms[0m  p(90)=[36m632.4µs[0m p(95)=[36m1.18ms[0m  p(99)=[36m2.54ms[0m 
     http_req_sending[2m...............:[0m avg=[36m23.1µs[0m   min=[36m0s[0m     med=[36m0s[0m      max=[36m25.95ms[0m  p(90)=[36m0s[0m      p(95)=[36m0s[0m      p(99)=[36m579.4µs[0m
     http_req_tls_handshaking[2m.......:[0m avg=[36m0s[0m       min=[36m0s[0m     med=[36m0s[0m      max=[36m0s[0m       p(90)=[36m0s[0m      p(95)=[36m0s[0m      p(99)=[36m0s[0m     
     http_req_waiting[2m...............:[0m avg=[36m30.94ms[0m  min=[36m913µs[0m  med=[36m30.36ms[0m max=[36m669.9ms[0m  p(90)=[36m41.84ms[0m p(95)=[36m46.71ms[0m p(99)=[36m58.99ms[0m
     http_reqs[2m......................:[0m [36m1340366[0m [36;2m1489.260798/s[0m
     iteration_duration[2m.............:[0m avg=[36m33.56ms[0m  min=[36m2.3ms[0m  med=[36m32.96ms[0m max=[36m677.56ms[0m p(90)=[36m44.68ms[0m p(95)=[36m49.62ms[0m p(99)=[36m62.13ms[0m
     iterations[2m.....................:[0m [36m1340366[0m [36;2m1489.260798/s[0m
     reviews_5xx[2m....................:[0m [36m1017457[0m [36;2m1130.481394/s[0m
     reviews_created[2m................:[0m [36m322909[0m  [36;2m358.779404/s[0m
     reviews_success_duration[2m.......:[0m avg=[36m30.62ms[0m  min=[36m1.59ms[0m med=[36m29.75ms[0m max=[36m175.23ms[0m p(90)=[36m42.62ms[0m p(95)=[36m47.53ms[0m p(99)=[36m59.97ms[0m
     vus[2m............................:[0m [36m50[0m      [36;2mmin=50[0m        [36;2mmax=50[0m   
     vus_max[2m........................:[0m [36m50[0m      [36;2mmin=50[0m        [36;2mmax=50[0m   