[2026-10-01T06:39:00.745+0900][0.006s] Using G1
[2026-10-01T06:39:01.602+0900][0.862s] GC(0) Pause Young (Normal) (G1 Evacuation Pause) 102M->5M(2048M) 4.292ms
[2026-10-01T06:39:01.984+0900][1.244s] GC(1) Pause Young (Concurrent Start) (Metadata GC Threshold) 104M->10M(2048M) 5.922ms
[2026-10-01T06:39:01.984+0900][1.244s] GC(2) Concurrent Mark Cycle
[2026-10-01T06:39:01.989+0900][1.250s] GC(2) Pause Remark 11M->11M(2048M) 1.487ms
[2026-10-01T06:39:01.991+0900][1.250s] GC(2) Pause Cleanup 11M->11M(2048M) 0.007ms
[2026-10-01T06:39:01.995+0900][1.255s] GC(2) Concurrent Mark Cycle 10.906ms
[2026-10-01T06:39:03.009+0900][2.271s] GC(3) Pause Young (Normal) (G1 Evacuation Pause) 130M->16M(2048M) 10.633ms
[2026-10-01T06:39:03.481+0900][2.741s] GC(4) Pause Young (Concurrent Start) (Metadata GC Threshold) 76M->18M(2048M) 6.705ms
[2026-10-01T06:39:03.481+0900][2.741s] GC(5) Concurrent Mark Cycle
[2026-10-01T06:39:03.507+0900][2.767s] GC(5) Pause Remark 20M->20M(2048M) 2.931ms
[2026-10-01T06:39:03.509+0900][2.769s] GC(5) Pause Cleanup 20M->20M(2048M) 0.152ms
[2026-10-01T06:39:03.513+0900][2.773s] GC(5) Concurrent Mark Cycle 31.295ms
[2026-10-01T06:39:05.025+0900][4.288s] GC(6) Pause Young (Concurrent Start) (Metadata GC Threshold) 193M->26M(2048M) 10.719ms
[2026-10-01T06:39:05.025+0900][4.288s] GC(7) Concurrent Mark Cycle
[2026-10-01T06:39:05.046+0900][4.306s] GC(7) Pause Remark 28M->28M(2048M) 3.978ms
[2026-10-01T06:39:05.047+0900][4.308s] GC(7) Pause Cleanup 28M->28M(2048M) 0.111ms
[2026-10-01T06:39:05.049+0900][4.309s] GC(7) Concurrent Mark Cycle 21.287ms
[2026-10-01T06:39:29.555+0900][28.820s] GC(8) Pause Young (Concurrent Start) (Metadata GC Threshold) 645M->52M(2048M) 23.845ms
[2026-10-01T06:39:29.555+0900][28.820s] GC(9) Concurrent Mark Cycle
[2026-10-01T06:39:29.590+0900][28.850s] GC(9) Pause Remark 56M->56M(2048M) 7.061ms
[2026-10-01T06:39:29.593+0900][28.853s] GC(9) Pause Cleanup 56M->56M(2048M) 0.235ms
[2026-10-01T06:39:29.599+0900][28.859s] GC(9) Concurrent Mark Cycle 38.601ms
[2026-10-01T06:39:58.436+0900][57.698s] GC(10) Pause Young (Prepare Mixed) (G1 Evacuation Pause) 596M->52M(2048M) 15.763ms
[2026-10-01T06:40:48.660+0900][107.921s] GC(11) Pause Young (Mixed) (G1 Evacuation Pause) 711M->52M(2048M) 18.545ms
[2026-10-01T06:40:53.531+0900][112.791s] GC(12) Pause Young (Normal) (G1 Evacuation Pause) 1242M->52M(2048M) 21.445ms
[2026-10-01T06:40:57.128+0900][116.390s] GC(13) Pause Young (Normal) (G1 Evacuation Pause) 1241M->53M(2048M) 17.988ms
[2026-10-01T06:41:00.407+0900][119.668s] GC(14) Pause Young (Normal) (G1 Evacuation Pause) 1242M->53M(2048M) 18.470ms
[2026-10-01T06:41:03.470+0900][122.730s] GC(15) Pause Young (Normal) (G1 Evacuation Pause) 1242M->52M(2048M) 17.567ms
[2026-10-01T06:41:06.376+0900][125.636s] GC(16) Pause Young (Normal) (G1 Evacuation Pause) 1241M->52M(2048M) 18.851ms
[2026-10-01T06:41:09.361+0900][128.622s] GC(17) Pause Young (Normal) (G1 Evacuation Pause) 1241M->52M(2048M) 18.445ms
[2026-10-01T06:41:12.389+0900][131.650s] GC(18) Pause Young (Normal) (G1 Evacuation Pause) 1242M->52M(2048M) 18.637ms
[2026-10-01T06:41:15.418+0900][134.678s] GC(19) Pause Young (Normal) (G1 Evacuation Pause) 1242M->52M(2048M) 18.733ms
[2026-10-01T06:41:18.530+0900][137.790s] GC(20) Pause Young (Normal) (G1 Evacuation Pause) 1241M->52M(2048M) 19.065ms
[2026-10-01T06:41:21.544+0900][140.804s] GC(21) Pause Young (Normal) (G1 Evacuation Pause) 1242M->52M(2048M) 19.035ms
[2026-10-01T06:41:24.638+0900][143.900s] GC(22) Pause Young (Normal) (G1 Evacuation Pause) 1241M->53M(2048M) 19.280ms
[2026-10-01T06:41:27.560+0900][146.822s] GC(23) Pause Young (Normal) (G1 Evacuation Pause) 1244M->53M(2048M) 18.967ms
[2026-10-01T06:41:30.303+0900][149.563s] GC(24) Pause Young (Normal) (G1 Evacuation Pause) 1250M->55M(2048M) 18.873ms
[2026-10-01T06:41:33.275+0900][152.537s] GC(25) Pause Young (Normal) (G1 Evacuation Pause) 1279M->56M(2048M) 3.326ms
[2026-10-01T06:41:36.172+0900][155.433s] GC(26) Pause Young (Normal) (G1 Evacuation Pause) 1282M->56M(2048M) 3.499ms
[2026-10-01T06:41:39.029+0900][158.290s] GC(27) Pause Young (Normal) (G1 Evacuation Pause) 1283M->56M(2048M) 2.338ms
[2026-10-01T06:41:41.998+0900][161.259s] GC(28) Pause Young (Normal) (G1 Evacuation Pause) 1283M->56M(2048M) 2.512ms
[2026-10-01T06:41:44.917+0900][164.177s] GC(29) Pause Young (Normal) (G1 Evacuation Pause) 1283M->56M(2048M) 2.385ms
[2026-10-01T06:41:47.962+0900][167.222s] GC(30) Pause Young (Normal) (G1 Evacuation Pause) 1283M->56M(2048M) 2.298ms
[2026-10-01T06:41:50.812+0900][170.073s] GC(31) Pause Young (Normal) (G1 Evacuation Pause) 1283M->56M(2048M) 2.759ms
[2026-10-01T06:41:53.798+0900][173.058s] GC(32) Pause Young (Normal) (G1 Evacuation Pause) 1283M->57M(2048M) 2.224ms
[2026-10-01T06:41:56.710+0900][175.971s] GC(33) Pause Young (Normal) (G1 Evacuation Pause) 1284M->57M(2048M) 2.440ms
[2026-10-01T06:41:59.711+0900][178.974s] GC(34) Pause Young (Normal) (G1 Evacuation Pause) 1284M->56M(2048M) 2.350ms
[2026-10-01T06:42:02.575+0900][181.835s] GC(35) Pause Young (Normal) (G1 Evacuation Pause) 1283M->56M(2048M) 2.353ms
[2026-10-01T06:42:05.446+0900][184.706s] GC(36) Pause Young (Normal) (G1 Evacuation Pause) 1283M->57M(2048M) 2.503ms
[2026-10-01T06:42:08.321+0900][187.581s] GC(37) Pause Young (Normal) (G1 Evacuation Pause) 1284M->56M(2048M) 2.431ms
[2026-10-01T06:42:11.277+0900][190.538s] GC(38) Pause Young (Normal) (G1 Evacuation Pause) 1283M->56M(2048M) 2.533ms
[2026-10-01T06:42:14.175+0900][193.436s] GC(39) Pause Young (Normal) (G1 Evacuation Pause) 1283M->57M(2048M) 2.317ms
[2026-10-01T06:42:17.135+0900][196.396s] GC(40) Pause Young (Normal) (G1 Evacuation Pause) 1284M->56M(2048M) 2.384ms
[2026-10-01T06:42:18.163+0900][197.424s] GC(41) Pause Young (Concurrent Start) (CodeCache GC Threshold) 481M->56M(2048M) 2.784ms
[2026-10-01T06:42:18.163+0900][197.424s] GC(42) Concurrent Mark Cycle
[2026-10-01T06:42:18.233+0900][197.496s] GC(42) Pause Remark 84M->84M(2048M) 21.151ms
[2026-10-01T06:42:18.269+0900][197.531s] GC(42) Pause Cleanup 95M->95M(2048M) 0.290ms
[2026-10-01T06:42:18.273+0900][197.534s] GC(42) Concurrent Mark Cycle 109.736ms
[2026-10-01T06:42:21.134+0900][200.395s] GC(43) Pause Young (Prepare Mixed) (G1 Evacuation Pause) 1283M->57M(2048M) 2.466ms
[2026-10-01T06:42:24.152+0900][203.413s] GC(44) Pause Young (Mixed) (G1 Evacuation Pause) 1284M->55M(2048M) 2.575ms
[2026-10-01T06:42:27.156+0900][206.417s] GC(45) Pause Young (Normal) (G1 Evacuation Pause) 1282M->55M(2048M) 2.644ms
[2026-10-01T06:42:29.957+0900][209.217s] GC(46) Pause Young (Normal) (G1 Evacuation Pause) 1282M->55M(2048M) 2.730ms
[2026-10-01T06:42:32.860+0900][212.121s] GC(47) Pause Young (Normal) (G1 Evacuation Pause) 1282M->55M(2048M) 2.511ms
[2026-10-01T06:42:35.778+0900][215.039s] GC(48) Pause Young (Normal) (G1 Evacuation Pause) 1282M->55M(2048M) 2.537ms
[2026-10-01T06:42:38.757+0900][218.017s] GC(49) Pause Young (Normal) (G1 Evacuation Pause) 1282M->55M(2048M) 2.315ms
[2026-10-01T06:42:41.695+0900][220.956s] GC(50) Pause Young (Normal) (G1 Evacuation Pause) 1282M->55M(2048M) 2.478ms
[2026-10-01T06:42:44.583+0900][223.844s] GC(51) Pause Young (Normal) (G1 Evacuation Pause) 1282M->55M(2048M) 2.335ms
[2026-10-01T06:42:47.501+0900][226.761s] GC(52) Pause Young (Normal) (G1 Evacuation Pause) 1282M->55M(2048M) 2.625ms
[2026-10-01T06:42:50.430+0900][229.690s] GC(53) Pause Young (Normal) (G1 Evacuation Pause) 1282M->55M(2048M) 2.375ms
[2026-10-01T06:42:53.321+0900][232.582s] GC(54) Pause Young (Normal) (G1 Evacuation Pause) 1282M->55M(2048M) 2.586ms
[2026-10-01T06:42:56.307+0900][235.567s] GC(55) Pause Young (Normal) (G1 Evacuation Pause) 1282M->55M(2048M) 2.448ms
[2026-10-01T06:42:59.077+0900][238.338s] GC(56) Pause Young (Normal) (G1 Evacuation Pause) 1282M->55M(2048M) 2.558ms
[2026-10-01T06:43:02.057+0900][241.318s] GC(57) Pause Young (Normal) (G1 Evacuation Pause) 1282M->55M(2048M) 2.354ms
[2026-10-01T06:43:05.043+0900][244.304s] GC(58) Pause Young (Normal) (G1 Evacuation Pause) 1282M->55M(2048M) 3.262ms
[2026-10-01T06:43:08.077+0900][247.337s] GC(59) Pause Young (Normal) (G1 Evacuation Pause) 1282M->55M(2048M) 2.414ms
[2026-10-01T06:43:10.892+0900][250.152s] GC(60) Pause Young (Normal) (G1 Evacuation Pause) 1282M->55M(2048M) 2.623ms
[2026-10-01T06:43:13.827+0900][253.087s] GC(61) Pause Young (Normal) (G1 Evacuation Pause) 1282M->55M(2048M) 2.379ms
[2026-10-01T06:43:16.723+0900][255.984s] GC(62) Pause Young (Normal) (G1 Evacuation Pause) 1282M->55M(2048M) 2.495ms
[2026-10-01T06:43:19.632+0900][258.892s] GC(63) Pause Young (Normal) (G1 Evacuation Pause) 1282M->55M(2048M) 2.391ms
[2026-10-01T06:43:22.532+0900][261.793s] GC(64) Pause Young (Normal) (G1 Evacuation Pause) 1282M->55M(2048M) 2.633ms
[2026-10-01T06:43:25.549+0900][264.811s] GC(65) Pause Young (Normal) (G1 Evacuation Pause) 1282M->55M(2048M) 2.437ms
[2026-10-01T06:43:28.491+0900][267.753s] GC(66) Pause Young (Normal) (G1 Evacuation Pause) 1282M->55M(2048M) 2.419ms
[2026-10-01T06:43:31.570+0900][270.831s] GC(67) Pause Young (Normal) (G1 Evacuation Pause) 1282M->55M(2048M) 2.584ms
[2026-10-01T06:43:34.456+0900][273.716s] GC(68) Pause Young (Normal) (G1 Evacuation Pause) 1282M->55M(2048M) 2.910ms
[2026-10-01T06:43:37.512+0900][276.772s] GC(69) Pause Young (Normal) (G1 Evacuation Pause) 1282M->55M(2048M) 2.425ms
[2026-10-01T06:43:40.343+0900][279.604s] GC(70) Pause Young (Normal) (G1 Evacuation Pause) 1282M->55M(2048M) 2.503ms
[2026-10-01T06:43:43.497+0900][282.757s] GC(71) Pause Young (Normal) (G1 Evacuation Pause) 1282M->55M(2048M) 2.474ms
[2026-10-01T06:43:46.442+0900][285.703s] GC(72) Pause Young (Normal) (G1 Evacuation Pause) 1282M->55M(2048M) 3.063ms
[2026-10-01T06:43:49.463+0900][288.723s] GC(73) Pause Young (Normal) (G1 Evacuation Pause) 1282M->55M(2048M) 2.487ms
[2026-10-01T06:43:52.407+0900][291.668s] GC(74) Pause Young (Normal) (G1 Evacuation Pause) 1282M->55M(2048M) 2.478ms
[2026-10-01T06:43:55.464+0900][294.726s] GC(75) Pause Young (Normal) (G1 Evacuation Pause) 1282M->55M(2048M) 2.360ms
[2026-10-01T06:43:58.447+0900][297.709s] GC(76) Pause Young (Normal) (G1 Evacuation Pause) 1282M->55M(2048M) 2.703ms
[2026-10-01T06:44:01.272+0900][300.535s] GC(77) Pause Young (Normal) (G1 Evacuation Pause) 1282M->55M(2048M) 2.490ms
[2026-10-01T06:44:04.323+0900][303.583s] GC(78) Pause Young (Normal) (G1 Evacuation Pause) 1282M->55M(2048M) 2.415ms
[2026-10-01T06:44:07.280+0900][306.541s] GC(79) Pause Young (Normal) (G1 Evacuation Pause) 1282M->55M(2048M) 2.561ms
[2026-10-01T06:44:10.277+0900][309.538s] GC(80) Pause Young (Normal) (G1 Evacuation Pause) 1282M->55M(2048M) 2.454ms
[2026-10-01T06:44:13.162+0900][312.423s] GC(81) Pause Young (Normal) (G1 Evacuation Pause) 1282M->55M(2048M) 2.972ms
[2026-10-01T06:44:16.115+0900][315.377s] GC(82) Pause Young (Normal) (G1 Evacuation Pause) 1282M->55M(2048M) 2.458ms
[2026-10-01T06:44:19.064+0900][318.324s] GC(83) Pause Young (Normal) (G1 Evacuation Pause) 1282M->55M(2048M) 2.415ms
[2026-10-01T06:44:22.093+0900][321.354s] GC(84) Pause Young (Normal) (G1 Evacuation Pause) 1282M->55M(2048M) 2.968ms
[2026-10-01T06:44:25.070+0900][324.331s] GC(85) Pause Young (Normal) (G1 Evacuation Pause) 1282M->55M(2048M) 2.720ms
[2026-10-01T06:44:28.036+0900][327.299s] GC(86) Pause Young (Normal) (G1 Evacuation Pause) 1282M->55M(2048M) 2.388ms
[2026-10-01T06:44:30.995+0900][330.255s] GC(87) Pause Young (Normal) (G1 Evacuation Pause) 1282M->55M(2048M) 2.818ms
[2026-10-01T06:44:34.029+0900][333.290s] GC(88) Pause Young (Normal) (G1 Evacuation Pause) 1282M->55M(2048M) 2.567ms
[2026-10-01T06:44:36.935+0900][336.195s] GC(89) Pause Young (Normal) (G1 Evacuation Pause) 1282M->55M(2048M) 2.590ms
[2026-10-01T06:44:39.881+0900][339.143s] GC(90) Pause Young (Normal) (G1 Evacuation Pause) 1282M->55M(2048M) 2.931ms
[2026-10-01T06:44:42.793+0900][342.054s] GC(91) Pause Young (Normal) (G1 Evacuation Pause) 1282M->55M(2048M) 2.409ms
[2026-10-01T06:44:45.749+0900][345.011s] GC(92) Pause Young (Normal) (G1 Evacuation Pause) 1282M->55M(2048M) 2.573ms
[2026-10-01T06:44:48.826+0900][348.086s] GC(93) Pause Young (Normal) (G1 Evacuation Pause) 1282M->55M(2048M) 2.422ms
[2026-10-01T06:44:51.750+0900][351.012s] GC(94) Pause Young (Normal) (G1 Evacuation Pause) 1282M->55M(2048M) 2.656ms
[2026-10-01T06:44:54.653+0900][353.913s] GC(95) Pause Young (Normal) (G1 Evacuation Pause) 1282M->55M(2048M) 2.351ms
[2026-10-01T06:44:57.564+0900][356.825s] GC(96) Pause Young (Normal) (G1 Evacuation Pause) 1282M->55M(2048M) 2.461ms
[2026-10-01T06:45:00.716+0900][359.977s] GC(97) Pause Young (Normal) (G1 Evacuation Pause) 1282M->55M(2048M) 2.319ms
[2026-10-01T06:45:03.573+0900][362.833s] GC(98) Pause Young (Normal) (G1 Evacuation Pause) 1282M->55M(2048M) 2.850ms
[2026-10-01T06:45:06.582+0900][365.843s] GC(99) Pause Young (Normal) (G1 Evacuation Pause) 1282M->55M(2048M) 2.879ms
[2026-10-01T06:45:09.543+0900][368.803s] GC(100) Pause Young (Normal) (G1 Evacuation Pause) 1282M->55M(2048M) 2.391ms
[2026-10-01T06:45:12.394+0900][371.654s] GC(101) Pause Young (Normal) (G1 Evacuation Pause) 1282M->55M(2048M) 2.976ms
[2026-10-01T06:45:15.373+0900][374.634s] GC(102) Pause Young (Normal) (G1 Evacuation Pause) 1282M->55M(2048M) 3.564ms
[2026-10-01T06:45:18.261+0900][377.521s] GC(103) Pause Young (Normal) (G1 Evacuation Pause) 1282M->55M(2048M) 2.838ms
[2026-10-01T06:45:21.162+0900][380.422s] GC(104) Pause Young (Normal) (G1 Evacuation Pause) 1282M->55M(2048M) 2.724ms
[2026-10-01T06:45:24.159+0900][383.420s] GC(105) Pause Young (Normal) (G1 Evacuation Pause) 1282M->55M(2048M) 2.376ms
[2026-10-01T06:45:27.115+0900][386.377s] GC(106) Pause Young (Normal) (G1 Evacuation Pause) 1282M->55M(2048M) 2.661ms
[2026-10-01T06:45:30.059+0900][389.319s] GC(107) Pause Young (Normal) (G1 Evacuation Pause) 1282M->55M(2048M) 2.233ms
[2026-10-01T06:45:32.966+0900][392.227s] GC(108) Pause Young (Normal) (G1 Evacuation Pause) 1282M->55M(2048M) 2.280ms
[2026-10-01T06:45:35.889+0900][395.150s] GC(109) Pause Young (Normal) (G1 Evacuation Pause) 1282M->55M(2048M) 2.600ms
[2026-10-01T06:45:38.805+0900][398.065s] GC(110) Pause Young (Normal) (G1 Evacuation Pause) 1282M->55M(2048M) 2.483ms
[2026-10-01T06:45:41.714+0900][400.974s] GC(111) Pause Young (Normal) (G1 Evacuation Pause) 1282M->55M(2048M) 2.385ms
[2026-10-01T06:45:44.564+0900][403.825s] GC(112) Pause Young (Normal) (G1 Evacuation Pause) 1282M->55M(2048M) 2.403ms
[2026-10-01T06:45:47.580+0900][406.841s] GC(113) Pause Young (Normal) (G1 Evacuation Pause) 1282M->55M(2048M) 2.349ms
[2026-10-01T06:45:50.598+0900][409.859s] GC(114) Pause Young (Normal) (G1 Evacuation Pause) 1282M->55M(2048M) 2.850ms
[2026-10-01T06:45:53.628+0900][412.888s] GC(115) Pause Young (Normal) (G1 Evacuation Pause) 1282M->55M(2048M) 2.745ms
[2026-10-01T06:45:56.588+0900][415.849s] GC(116) Pause Young (Normal) (G1 Evacuation Pause) 1282M->55M(2048M) 2.496ms
[2026-10-01T06:45:59.605+0900][418.864s] GC(117) Pause Young (Normal) (G1 Evacuation Pause) 1282M->55M(2048M) 2.506ms
[2026-10-01T06:46:02.540+0900][421.799s] GC(118) Pause Young (Normal) (G1 Evacuation Pause) 1282M->55M(2048M) 2.322ms
[2026-10-01T06:46:05.538+0900][424.799s] GC(119) Pause Young (Normal) (G1 Evacuation Pause) 1282M->55M(2048M) 2.371ms
[2026-10-01T06:46:08.410+0900][427.672s] GC(120) Pause Young (Normal) (G1 Evacuation Pause) 1282M->55M(2048M) 2.453ms
[2026-10-01T06:46:11.490+0900][430.751s] GC(121) Pause Young (Normal) (G1 Evacuation Pause) 1282M->55M(2048M) 2.315ms
[2026-10-01T06:46:14.485+0900][433.746s] GC(122) Pause Young (Normal) (G1 Evacuation Pause) 1282M->55M(2048M) 2.580ms
[2026-10-01T06:46:17.356+0900][436.618s] GC(123) Pause Young (Normal) (G1 Evacuation Pause) 1282M->55M(2048M) 2.454ms
[2026-10-01T06:46:20.347+0900][439.608s] GC(124) Pause Young (Normal) (G1 Evacuation Pause) 1282M->55M(2048M) 2.367ms
[2026-10-01T06:46:23.445+0900][442.706s] GC(125) Pause Young (Normal) (G1 Evacuation Pause) 1282M->55M(2048M) 2.746ms
[2026-10-01T06:46:26.621+0900][445.881s] GC(126) Pause Young (Normal) (G1 Evacuation Pause) 1282M->55M(2048M) 2.304ms
[2026-10-01T06:46:29.651+0900][448.911s] GC(127) Pause Young (Normal) (G1 Evacuation Pause) 1282M->55M(2048M) 2.800ms
[2026-10-01T06:46:32.697+0900][451.957s] GC(128) Pause Young (Normal) (G1 Evacuation Pause) 1282M->55M(2048M) 2.555ms
[2026-10-01T06:46:35.789+0900][455.050s] GC(129) Pause Young (Normal) (G1 Evacuation Pause) 1282M->55M(2048M) 2.961ms
[2026-10-01T06:46:38.676+0900][457.937s] GC(130) Pause Young (Normal) (G1 Evacuation Pause) 1282M->55M(2048M) 2.445ms
[2026-10-01T06:46:41.681+0900][460.941s] GC(131) Pause Young (Normal) (G1 Evacuation Pause) 1282M->55M(2048M) 2.322ms
[2026-10-01T06:46:44.787+0900][464.051s] GC(132) Pause Young (Normal) (G1 Evacuation Pause) 1282M->55M(2048M) 2.861ms
[2026-10-01T06:46:47.818+0900][467.079s] GC(133) Pause Young (Normal) (G1 Evacuation Pause) 1282M->55M(2048M) 2.664ms
[2026-10-01T06:46:50.901+0900][470.161s] GC(134) Pause Young (Normal) (G1 Evacuation Pause) 1282M->55M(2048M) 2.993ms
[2026-10-01T06:46:53.769+0900][473.030s] GC(135) Pause Young (Normal) (G1 Evacuation Pause) 1282M->55M(2048M) 2.204ms
[2026-10-01T06:46:56.834+0900][476.096s] GC(136) Pause Young (Normal) (G1 Evacuation Pause) 1282M->55M(2048M) 2.796ms
[2026-10-01T06:46:59.842+0900][479.102s] GC(137) Pause Young (Normal) (G1 Evacuation Pause) 1282M->55M(2048M) 2.821ms
[2026-10-01T06:47:02.754+0900][482.014s] GC(138) Pause Young (Normal) (G1 Evacuation Pause) 1282M->55M(2048M) 2.513ms
[2026-10-01T06:47:05.693+0900][484.953s] GC(139) Pause Young (Normal) (G1 Evacuation Pause) 1282M->55M(2048M) 2.406ms
[2026-10-01T06:47:08.676+0900][487.936s] GC(140) Pause Young (Normal) (G1 Evacuation Pause) 1282M->55M(2048M) 2.331ms
[2026-10-01T06:47:11.650+0900][490.912s] GC(141) Pause Young (Normal) (G1 Evacuation Pause) 1282M->55M(2048M) 2.504ms
[2026-10-01T06:47:14.657+0900][493.918s] GC(142) Pause Young (Normal) (G1 Evacuation Pause) 1282M->55M(2048M) 2.706ms
[2026-10-01T06:47:17.578+0900][496.839s] GC(143) Pause Young (Normal) (G1 Evacuation Pause) 1282M->55M(2048M) 2.514ms
[2026-10-01T06:47:20.571+0900][499.832s] GC(144) Pause Young (Normal) (G1 Evacuation Pause) 1282M->55M(2048M) 2.712ms
[2026-10-01T06:47:23.539+0900][502.800s] GC(145) Pause Young (Normal) (G1 Evacuation Pause) 1282M->55M(2048M) 2.676ms
[2026-10-01T06:47:26.663+0900][505.926s] GC(146) Pause Young (Normal) (G1 Evacuation Pause) 1282M->55M(2048M) 2.338ms
[2026-10-01T06:47:29.729+0900][508.990s] GC(147) Pause Young (Normal) (G1 Evacuation Pause) 1282M->55M(2048M) 2.527ms
[2026-10-01T06:47:32.680+0900][511.941s] GC(148) Pause Young (Normal) (G1 Evacuation Pause) 1282M->55M(2048M) 2.628ms
[2026-10-01T06:47:35.697+0900][514.957s] GC(149) Pause Young (Normal) (G1 Evacuation Pause) 1282M->55M(2048M) 2.590ms
[2026-10-01T06:47:38.727+0900][517.988s] GC(150) Pause Young (Normal) (G1 Evacuation Pause) 1282M->55M(2048M) 2.322ms
[2026-10-01T06:47:41.702+0900][520.963s] GC(151) Pause Young (Normal) (G1 Evacuation Pause) 1282M->55M(2048M) 2.586ms
[2026-10-01T06:47:44.691+0900][523.952s] GC(152) Pause Young (Normal) (G1 Evacuation Pause) 1282M->55M(2048M) 2.552ms
[2026-10-01T06:47:47.763+0900][527.023s] GC(153) Pause Young (Normal) (G1 Evacuation Pause) 1282M->55M(2048M) 2.541ms
[2026-10-01T06:47:50.754+0900][530.014s] GC(154) Pause Young (Normal) (G1 Evacuation Pause) 1282M->55M(2048M) 2.671ms
[2026-10-01T06:47:53.681+0900][532.942s] GC(155) Pause Young (Normal) (G1 Evacuation Pause) 1282M->55M(2048M) 2.446ms
[2026-10-01T06:47:56.724+0900][535.986s] GC(156) Pause Young (Normal) (G1 Evacuation Pause) 1282M->55M(2048M) 2.475ms
[2026-10-01T06:47:59.740+0900][539.001s] GC(157) Pause Young (Normal) (G1 Evacuation Pause) 1282M->55M(2048M) 2.758ms
[2026-10-01T06:48:02.715+0900][541.975s] GC(158) Pause Young (Normal) (G1 Evacuation Pause) 1282M->55M(2048M) 2.563ms
[2026-10-01T06:48:05.697+0900][544.958s] GC(159) Pause Young (Normal) (G1 Evacuation Pause) 1282M->55M(2048M) 2.470ms
[2026-10-01T06:48:08.540+0900][547.801s] GC(160) Pause Young (Normal) (G1 Evacuation Pause) 1282M->55M(2048M) 3.437ms
[2026-10-01T06:48:11.551+0900][550.812s] GC(161) Pause Young (Normal) (G1 Evacuation Pause) 1282M->55M(2048M) 2.440ms
[2026-10-01T06:48:14.530+0900][553.792s] GC(162) Pause Young (Normal) (G1 Evacuation Pause) 1282M->55M(2048M) 2.372ms
[2026-10-01T06:48:17.571+0900][556.831s] GC(163) Pause Young (Normal) (G1 Evacuation Pause) 1282M->55M(2048M) 2.422ms
[2026-10-01T06:48:20.592+0900][559.852s] GC(164) Pause Young (Normal) (G1 Evacuation Pause) 1282M->55M(2048M) 2.343ms
[2026-10-01T06:48:23.586+0900][562.847s] GC(165) Pause Young (Normal) (G1 Evacuation Pause) 1282M->55M(2048M) 2.983ms
[2026-10-01T06:48:26.672+0900][565.933s] GC(166) Pause Young (Normal) (G1 Evacuation Pause) 1282M->55M(2048M) 2.458ms
[2026-10-01T06:48:29.674+0900][568.934s] GC(167) Pause Young (Normal) (G1 Evacuation Pause) 1282M->55M(2048M) 3.337ms
[2026-10-01T06:48:32.672+0900][571.935s] GC(168) Pause Young (Normal) (G1 Evacuation Pause) 1282M->55M(2048M) 2.387ms
[2026-10-01T06:48:35.645+0900][574.906s] GC(169) Pause Young (Normal) (G1 Evacuation Pause) 1282M->55M(2048M) 3.370ms
[2026-10-01T06:48:38.607+0900][577.867s] GC(170) Pause Young (Normal) (G1 Evacuation Pause) 1282M->55M(2048M) 2.465ms
[2026-10-01T06:48:41.581+0900][580.841s] GC(171) Pause Young (Normal) (G1 Evacuation Pause) 1282M->55M(2048M) 2.470ms
[2026-10-01T06:48:44.629+0900][583.891s] GC(172) Pause Young (Normal) (G1 Evacuation Pause) 1282M->55M(2048M) 2.368ms
[2026-10-01T06:48:47.609+0900][586.870s] GC(173) Pause Young (Normal) (G1 Evacuation Pause) 1282M->55M(2048M) 2.319ms
[2026-10-01T06:48:50.561+0900][589.822s] GC(174) Pause Young (Normal) (G1 Evacuation Pause) 1282M->55M(2048M) 2.421ms
[2026-10-01T06:48:53.551+0900][592.811s] GC(175) Pause Young (Normal) (G1 Evacuation Pause) 1282M->55M(2048M) 2.335ms
[2026-10-01T06:48:56.493+0900][595.754s] GC(176) Pause Young (Normal) (G1 Evacuation Pause) 1282M->55M(2048M) 2.755ms
[2026-10-01T06:48:59.404+0900][598.665s] GC(177) Pause Young (Normal) (G1 Evacuation Pause) 1282M->55M(2048M) 2.571ms
[2026-10-01T06:49:02.495+0900][601.755s] GC(178) Pause Young (Normal) (G1 Evacuation Pause) 1282M->55M(2048M) 2.310ms
[2026-10-01T06:49:05.310+0900][604.573s] GC(179) Pause Young (Normal) (G1 Evacuation Pause) 1282M->55M(2048M) 2.955ms
[2026-10-01T06:49:08.280+0900][607.540s] GC(180) Pause Young (Normal) (G1 Evacuation Pause) 1282M->55M(2048M) 2.344ms
[2026-10-01T06:49:11.286+0900][610.547s] GC(181) Pause Young (Normal) (G1 Evacuation Pause) 1282M->55M(2048M) 2.494ms
[2026-10-01T06:49:14.399+0900][613.660s] GC(182) Pause Young (Normal) (G1 Evacuation Pause) 1282M->55M(2048M) 2.425ms
[2026-10-01T06:49:17.357+0900][616.618s] GC(183) Pause Young (Normal) (G1 Evacuation Pause) 1282M->55M(2048M) 2.637ms
[2026-10-01T06:49:20.340+0900][619.600s] GC(184) Pause Young (Normal) (G1 Evacuation Pause) 1282M->55M(2048M) 2.667ms
[2026-10-01T06:49:23.307+0900][622.568s] GC(185) Pause Young (Normal) (G1 Evacuation Pause) 1282M->55M(2048M) 2.491ms
[2026-10-01T06:49:26.361+0900][625.623s] GC(186) Pause Young (Normal) (G1 Evacuation Pause) 1282M->55M(2048M) 2.330ms
[2026-10-01T06:49:29.337+0900][628.597s] GC(187) Pause Young (Normal) (G1 Evacuation Pause) 1282M->55M(2048M) 2.430ms
[2026-10-01T06:49:32.309+0900][631.569s] GC(188) Pause Young (Normal) (G1 Evacuation Pause) 1282M->55M(2048M) 2.374ms
[2026-10-01T06:49:35.301+0900][634.561s] GC(189) Pause Young (Normal) (G1 Evacuation Pause) 1282M->55M(2048M) 2.387ms
[2026-10-01T06:49:38.282+0900][637.543s] GC(190) Pause Young (Normal) (G1 Evacuation Pause) 1282M->55M(2048M) 2.863ms
[2026-10-01T06:49:41.266+0900][640.526s] GC(191) Pause Young (Normal) (G1 Evacuation Pause) 1282M->55M(2048M) 2.377ms
[2026-10-01T06:49:44.234+0900][643.494s] GC(192) Pause Young (Normal) (G1 Evacuation Pause) 1282M->55M(2048M) 3.042ms
[2026-10-01T06:49:47.233+0900][646.493s] GC(193) Pause Young (Normal) (G1 Evacuation Pause) 1282M->55M(2048M) 2.693ms
[2026-10-01T06:49:50.211+0900][649.473s] GC(194) Pause Young (Normal) (G1 Evacuation Pause) 1282M->55M(2048M) 2.788ms
[2026-10-01T06:49:53.226+0900][652.486s] GC(195) Pause Young (Normal) (G1 Evacuation Pause) 1282M->55M(2048M) 2.485ms
[2026-10-01T06:49:56.219+0900][655.479s] GC(196) Pause Young (Normal) (G1 Evacuation Pause) 1282M->55M(2048M) 2.338ms
[2026-10-01T06:49:59.270+0900][658.531s] GC(197) Pause Young (Normal) (G1 Evacuation Pause) 1282M->55M(2048M) 2.661ms
[2026-10-01T06:50:02.255+0900][661.514s] GC(198) Pause Young (Normal) (G1 Evacuation Pause) 1282M->55M(2048M) 2.508ms
[2026-10-01T06:50:05.222+0900][664.482s] GC(199) Pause Young (Normal) (G1 Evacuation Pause) 1282M->55M(2048M) 2.378ms
[2026-10-01T06:50:08.200+0900][667.460s] GC(200) Pause Young (Normal) (G1 Evacuation Pause) 1282M->55M(2048M) 2.651ms
[2026-10-01T06:50:11.118+0900][670.379s] GC(201) Pause Young (Normal) (G1 Evacuation Pause) 1282M->55M(2048M) 2.689ms
[2026-10-01T06:50:14.083+0900][673.343s] GC(202) Pause Young (Normal) (G1 Evacuation Pause) 1282M->55M(2048M) 2.311ms
[2026-10-01T06:50:17.028+0900][676.289s] GC(203) Pause Young (Normal) (G1 Evacuation Pause) 1282M->55M(2048M) 2.380ms
[2026-10-01T06:50:19.996+0900][679.255s] GC(204) Pause Young (Normal) (G1 Evacuation Pause) 1282M->55M(2048M) 2.710ms
[2026-10-01T06:50:23.072+0900][682.336s] GC(205) Pause Young (Normal) (G1 Evacuation Pause) 1282M->55M(2048M) 2.371ms
[2026-10-01T06:50:26.202+0900][685.463s] GC(206) Pause Young (Normal) (G1 Evacuation Pause) 1282M->55M(2048M) 2.360ms
[2026-10-01T06:50:29.240+0900][688.500s] GC(207) Pause Young (Normal) (G1 Evacuation Pause) 1282M->55M(2048M) 2.404ms
[2026-10-01T06:50:32.223+0900][691.483s] GC(208) Pause Young (Normal) (G1 Evacuation Pause) 1282M->55M(2048M) 2.430ms
[2026-10-01T06:50:35.038+0900][694.299s] GC(209) Pause Young (Normal) (G1 Evacuation Pause) 1282M->55M(2048M) 2.727ms
[2026-10-01T06:50:38.111+0900][697.371s] GC(210) Pause Young (Normal) (G1 Evacuation Pause) 1282M->55M(2048M) 2.658ms
[2026-10-01T06:50:41.055+0900][700.316s] GC(211) Pause Young (Normal) (G1 Evacuation Pause) 1282M->55M(2048M) 2.479ms
[2026-10-01T06:50:44.038+0900][703.299s] GC(212) Pause Young (Normal) (G1 Evacuation Pause) 1282M->55M(2048M) 3.324ms
[2026-10-01T06:50:46.979+0900][706.240s] GC(213) Pause Young (Normal) (G1 Evacuation Pause) 1282M->55M(2048M) 2.511ms
[2026-10-01T06:50:50.025+0900][709.286s] GC(214) Pause Young (Normal) (G1 Evacuation Pause) 1282M->55M(2048M) 2.495ms
[2026-10-01T06:50:52.989+0900][712.251s] GC(215) Pause Young (Normal) (G1 Evacuation Pause) 1282M->55M(2048M) 3.159ms
[2026-10-01T06:50:56.037+0900][715.298s] GC(216) Pause Young (Normal) (G1 Evacuation Pause) 1282M->55M(2048M) 2.446ms
[2026-10-01T06:50:58.959+0900][718.219s] GC(217) Pause Young (Normal) (G1 Evacuation Pause) 1282M->55M(2048M) 2.484ms
[2026-10-01T06:51:02.046+0900][721.306s] GC(218) Pause Young (Normal) (G1 Evacuation Pause) 1282M->55M(2048M) 2.601ms
[2026-10-01T06:51:04.896+0900][724.156s] GC(219) Pause Young (Normal) (G1 Evacuation Pause) 1282M->55M(2048M) 2.360ms
[2026-10-01T06:51:07.852+0900][727.113s] GC(220) Pause Young (Normal) (G1 Evacuation Pause) 1282M->55M(2048M) 2.385ms
[2026-10-01T06:51:10.830+0900][730.091s] GC(221) Pause Young (Normal) (G1 Evacuation Pause) 1282M->55M(2048M) 2.473ms
[2026-10-01T06:51:13.883+0900][733.144s] GC(222) Pause Young (Normal) (G1 Evacuation Pause) 1282M->55M(2048M) 2.274ms
[2026-10-01T06:51:16.786+0900][736.046s] GC(223) Pause Young (Normal) (G1 Evacuation Pause) 1282M->55M(2048M) 2.292ms
[2026-10-01T06:51:19.766+0900][739.027s] GC(224) Pause Young (Normal) (G1 Evacuation Pause) 1282M->55M(2048M) 2.942ms
[2026-10-01T06:51:22.778+0900][742.039s] GC(225) Pause Young (Normal) (G1 Evacuation Pause) 1282M->55M(2048M) 2.633ms
[2026-10-01T06:51:25.981+0900][745.243s] GC(226) Pause Young (Normal) (G1 Evacuation Pause) 1282M->55M(2048M) 2.214ms
[2026-10-01T06:51:28.850+0900][748.111s] GC(227) Pause Young (Normal) (G1 Evacuation Pause) 1282M->55M(2048M) 2.936ms
[2026-10-01T06:51:31.879+0900][751.140s] GC(228) Pause Young (Normal) (G1 Evacuation Pause) 1282M->55M(2048M) 2.567ms
[2026-10-01T06:51:34.847+0900][754.107s] GC(229) Pause Young (Normal) (G1 Evacuation Pause) 1282M->55M(2048M) 2.623ms
[2026-10-01T06:51:37.881+0900][757.142s] GC(230) Pause Young (Normal) (G1 Evacuation Pause) 1282M->55M(2048M) 2.584ms
[2026-10-01T06:51:40.777+0900][760.038s] GC(231) Pause Young (Normal) (G1 Evacuation Pause) 1282M->55M(2048M) 2.413ms
[2026-10-01T06:51:43.739+0900][763.000s] GC(232) Pause Young (Normal) (G1 Evacuation Pause) 1282M->55M(2048M) 2.325ms
[2026-10-01T06:51:46.625+0900][765.887s] GC(233) Pause Young (Normal) (G1 Evacuation Pause) 1282M->55M(2048M) 2.733ms
[2026-10-01T06:51:49.630+0900][768.891s] GC(234) Pause Young (Normal) (G1 Evacuation Pause) 1282M->55M(2048M) 2.839ms
[2026-10-01T06:51:52.690+0900][771.951s] GC(235) Pause Young (Normal) (G1 Evacuation Pause) 1282M->55M(2048M) 2.541ms
[2026-10-01T06:51:55.717+0900][774.977s] GC(236) Pause Young (Normal) (G1 Evacuation Pause) 1282M->55M(2048M) 2.566ms
[2026-10-01T06:51:58.726+0900][777.986s] GC(237) Pause Young (Normal) (G1 Evacuation Pause) 1282M->55M(2048M) 2.575ms
[2026-10-01T06:52:01.717+0900][780.978s] GC(238) Pause Young (Normal) (G1 Evacuation Pause) 1282M->55M(2048M) 2.303ms
[2026-10-01T06:52:04.691+0900][783.951s] GC(239) Pause Young (Normal) (G1 Evacuation Pause) 1282M->55M(2048M) 2.562ms
[2026-10-01T06:52:07.636+0900][786.896s] GC(240) Pause Young (Normal) (G1 Evacuation Pause) 1282M->55M(2048M) 2.697ms
[2026-10-01T06:52:10.625+0900][789.885s] GC(241) Pause Young (Normal) (G1 Evacuation Pause) 1282M->55M(2048M) 2.528ms
[2026-10-01T06:52:13.708+0900][792.971s] GC(242) Pause Young (Normal) (G1 Evacuation Pause) 1282M->55M(2048M) 2.954ms
[2026-10-01T06:52:16.608+0900][795.868s] GC(243) Pause Young (Normal) (G1 Evacuation Pause) 1282M->55M(2048M) 2.670ms
[2026-10-01T06:52:19.576+0900][798.836s] GC(244) Pause Young (Normal) (G1 Evacuation Pause) 1282M->55M(2048M) 2.736ms
[2026-10-01T06:52:22.584+0900][801.844s] GC(245) Pause Young (Normal) (G1 Evacuation Pause) 1282M->55M(2048M) 2.230ms
[2026-10-01T06:52:25.640+0900][804.901s] GC(246) Pause Young (Normal) (G1 Evacuation Pause) 1282M->55M(2048M) 2.712ms
[2026-10-01T06:52:28.579+0900][807.841s] GC(247) Pause Young (Normal) (G1 Evacuation Pause) 1282M->55M(2048M) 2.382ms
[2026-10-01T06:52:31.549+0900][810.810s] GC(248) Pause Young (Normal) (G1 Evacuation Pause) 1282M->55M(2048M) 2.562ms
[2026-10-01T06:52:34.612+0900][813.873s] GC(249) Pause Young (Normal) (G1 Evacuation Pause) 1282M->55M(2048M) 2.228ms
[2026-10-01T06:52:37.593+0900][816.853s] GC(250) Pause Young (Normal) (G1 Evacuation Pause) 1282M->55M(2048M) 2.559ms
[2026-10-01T06:52:40.660+0900][819.920s] GC(251) Pause Young (Normal) (G1 Evacuation Pause) 1282M->55M(2048M) 2.515ms
[2026-10-01T06:52:43.625+0900][822.887s] GC(252) Pause Young (Normal) (G1 Evacuation Pause) 1282M->55M(2048M) 2.665ms
[2026-10-01T06:52:46.629+0900][825.892s] GC(253) Pause Young (Normal) (G1 Evacuation Pause) 1282M->55M(2048M) 2.404ms
[2026-10-01T06:52:49.694+0900][828.955s] GC(254) Pause Young (Normal) (G1 Evacuation Pause) 1282M->55M(2048M) 2.282ms
[2026-10-01T06:52:52.668+0900][831.929s] GC(255) Pause Young (Normal) (G1 Evacuation Pause) 1282M->55M(2048M) 2.817ms
[2026-10-01T06:52:55.657+0900][834.917s] GC(256) Pause Young (Normal) (G1 Evacuation Pause) 1282M->55M(2048M) 2.435ms
[2026-10-01T06:52:58.610+0900][837.872s] GC(257) Pause Young (Normal) (G1 Evacuation Pause) 1282M->55M(2048M) 2.448ms
[2026-10-01T06:53:01.700+0900][840.961s] GC(258) Pause Young (Normal) (G1 Evacuation Pause) 1282M->55M(2048M) 2.425ms
[2026-10-01T06:53:04.697+0900][843.957s] GC(259) Pause Young (Normal) (G1 Evacuation Pause) 1282M->55M(2048M) 2.417ms
[2026-10-01T06:53:07.606+0900][846.867s] GC(260) Pause Young (Normal) (G1 Evacuation Pause) 1282M->55M(2048M) 2.323ms
[2026-10-01T06:53:10.555+0900][849.817s] GC(261) Pause Young (Normal) (G1 Evacuation Pause) 1282M->55M(2048M) 2.513ms
[2026-10-01T06:53:13.592+0900][852.853s] GC(262) Pause Young (Normal) (G1 Evacuation Pause) 1282M->55M(2048M) 2.692ms
[2026-10-01T06:53:16.575+0900][855.835s] GC(263) Pause Young (Normal) (G1 Evacuation Pause) 1282M->55M(2048M) 2.411ms
[2026-10-01T06:53:19.608+0900][858.868s] GC(264) Pause Young (Normal) (G1 Evacuation Pause) 1282M->55M(2048M) 2.519ms
[2026-10-01T06:53:22.565+0900][861.825s] GC(265) Pause Young (Normal) (G1 Evacuation Pause) 1282M->55M(2048M) 2.477ms
[2026-10-01T06:53:25.627+0900][864.888s] GC(266) Pause Young (Normal) (G1 Evacuation Pause) 1282M->55M(2048M) 2.471ms
[2026-10-01T06:53:28.679+0900][867.939s] GC(267) Pause Young (Normal) (G1 Evacuation Pause) 1282M->55M(2048M) 2.324ms
[2026-10-01T06:53:31.702+0900][870.964s] GC(268) Pause Young (Normal) (G1 Evacuation Pause) 1282M->55M(2048M) 2.223ms
[2026-10-01T06:53:34.657+0900][873.918s] GC(269) Pause Young (Normal) (G1 Evacuation Pause) 1282M->55M(2048M) 2.618ms
[2026-10-01T06:53:37.664+0900][876.924s] GC(270) Pause Young (Normal) (G1 Evacuation Pause) 1282M->55M(2048M) 3.369ms
[2026-10-01T06:53:40.530+0900][879.790s] GC(271) Pause Young (Normal) (G1 Evacuation Pause) 1282M->55M(2048M) 2.492ms
[2026-10-01T06:53:43.555+0900][882.815s] GC(272) Pause Young (Normal) (G1 Evacuation Pause) 1282M->55M(2048M) 2.268ms
[2026-10-01T06:53:46.541+0900][885.801s] GC(273) Pause Young (Normal) (G1 Evacuation Pause) 1282M->55M(2048M) 2.648ms
[2026-10-01T06:53:49.646+0900][888.907s] GC(274) Pause Young (Normal) (G1 Evacuation Pause) 1282M->55M(2048M) 2.830ms
[2026-10-01T06:53:52.609+0900][891.869s] GC(275) Pause Young (Normal) (G1 Evacuation Pause) 1282M->55M(2048M) 2.700ms
[2026-10-01T06:53:55.699+0900][894.959s] GC(276) Pause Young (Normal) (G1 Evacuation Pause) 1282M->55M(2048M) 2.497ms
[2026-10-01T06:53:58.816+0900][898.076s] GC(277) Pause Young (Normal) (G1 Evacuation Pause) 1282M->55M(2048M) 2.744ms
[2026-10-01T06:54:01.743+0900][901.005s] GC(278) Pause Young (Normal) (G1 Evacuation Pause) 1282M->55M(2048M) 2.653ms
[2026-10-01T06:54:04.795+0900][904.056s] GC(279) Pause Young (Normal) (G1 Evacuation Pause) 1282M->55M(2048M) 2.561ms
[2026-10-01T06:54:07.766+0900][907.026s] GC(280) Pause Young (Normal) (G1 Evacuation Pause) 1282M->55M(2048M) 2.587ms
[2026-10-01T06:54:10.794+0900][910.055s] GC(281) Pause Young (Normal) (G1 Evacuation Pause) 1282M->55M(2048M) 2.268ms
[2026-10-01T06:54:13.756+0900][913.017s] GC(282) Pause Young (Normal) (G1 Evacuation Pause) 1282M->55M(2048M) 3.092ms
[2026-10-01T06:54:16.835+0900][916.097s] GC(283) Pause Young (Normal) (G1 Evacuation Pause) 1282M->55M(2048M) 2.499ms
[2026-10-01T06:54:19.837+0900][919.097s] GC(284) Pause Young (Normal) (G1 Evacuation Pause) 1282M->55M(2048M) 2.307ms
[2026-10-01T06:54:22.814+0900][922.076s] GC(285) Pause Young (Normal) (G1 Evacuation Pause) 1282M->55M(2048M) 2.524ms
[2026-10-01T06:54:25.665+0900][924.926s] GC(286) Pause Young (Normal) (G1 Evacuation Pause) 1282M->55M(2048M) 2.453ms
[2026-10-01T06:54:28.790+0900][928.052s] GC(287) Pause Young (Normal) (G1 Evacuation Pause) 1282M->55M(2048M) 2.791ms
[2026-10-01T06:54:31.855+0900][931.116s] GC(288) Pause Young (Normal) (G1 Evacuation Pause) 1282M->55M(2048M) 2.770ms
[2026-10-01T06:54:34.863+0900][934.124s] GC(289) Pause Young (Normal) (G1 Evacuation Pause) 1282M->55M(2048M) 2.444ms
[2026-10-01T06:54:37.857+0900][937.118s] GC(290) Pause Young (Normal) (G1 Evacuation Pause) 1282M->55M(2048M) 2.577ms
[2026-10-01T06:54:40.867+0900][940.127s] GC(291) Pause Young (Normal) (G1 Evacuation Pause) 1282M->55M(2048M) 2.686ms
[2026-10-01T06:54:43.837+0900][943.098s] GC(292) Pause Young (Normal) (G1 Evacuation Pause) 1282M->55M(2048M) 2.829ms
[2026-10-01T06:54:46.807+0900][946.069s] GC(293) Pause Young (Normal) (G1 Evacuation Pause) 1282M->55M(2048M) 2.714ms
[2026-10-01T06:54:49.925+0900][949.185s] GC(294) Pause Young (Normal) (G1 Evacuation Pause) 1282M->55M(2048M) 2.656ms
[2026-10-01T06:54:52.803+0900][952.065s] GC(295) Pause Young (Normal) (G1 Evacuation Pause) 1282M->55M(2048M) 2.682ms
[2026-10-01T06:54:55.867+0900][955.127s] GC(296) Pause Young (Normal) (G1 Evacuation Pause) 1282M->55M(2048M) 2.858ms
[2026-10-01T06:54:58.901+0900][958.161s] GC(297) Pause Young (Normal) (G1 Evacuation Pause) 1282M->55M(2048M) 3.173ms
[2026-10-01T06:55:02.034+0900][961.295s] GC(298) Pause Young (Normal) (G1 Evacuation Pause) 1282M->55M(2048M) 2.517ms
[2026-10-01T06:55:05.008+0900][964.269s] GC(299) Pause Young (Normal) (G1 Evacuation Pause) 1282M->55M(2048M) 2.459ms
[2026-10-01T06:55:08.026+0900][967.287s] GC(300) Pause Young (Normal) (G1 Evacuation Pause) 1282M->55M(2048M) 2.886ms
[2026-10-01T06:55:11.048+0900][970.308s] GC(301) Pause Young (Normal) (G1 Evacuation Pause) 1282M->55M(2048M) 2.675ms
[2026-10-01T06:55:14.165+0900][973.425s] GC(302) Pause Young (Normal) (G1 Evacuation Pause) 1282M->55M(2048M) 2.534ms
[2026-10-01T06:55:17.217+0900][976.479s] GC(303) Pause Young (Normal) (G1 Evacuation Pause) 1282M->55M(2048M) 2.756ms
[2026-10-01T06:55:20.351+0900][979.611s] GC(304) Pause Young (Normal) (G1 Evacuation Pause) 1282M->55M(2048M) 2.448ms
[2026-10-01T06:55:23.258+0900][982.519s] GC(305) Pause Young (Normal) (G1 Evacuation Pause) 1282M->55M(2048M) 2.393ms
[2026-10-01T06:55:26.384+0900][985.645s] GC(306) Pause Young (Normal) (G1 Evacuation Pause) 1282M->55M(2048M) 2.595ms
[2026-10-01T06:55:29.468+0900][988.729s] GC(307) Pause Young (Normal) (G1 Evacuation Pause) 1282M->55M(2048M) 2.398ms
[2026-10-01T06:55:32.565+0900][991.827s] GC(308) Pause Young (Normal) (G1 Evacuation Pause) 1282M->55M(2048M) 2.854ms
[2026-10-01T06:55:35.771+0900][995.032s] GC(309) Pause Young (Normal) (G1 Evacuation Pause) 1282M->55M(2048M) 2.425ms
[2026-10-01T06:55:38.778+0900][998.038s] GC(310) Pause Young (Normal) (G1 Evacuation Pause) 1282M->55M(2048M) 2.397ms
[2026-10-01T06:55:41.670+0900][1000.931s] GC(311) Pause Young (Normal) (G1 Evacuation Pause) 1282M->55M(2048M) 2.387ms
[2026-10-01T06:55:44.550+0900][1003.810s] GC(312) Pause Young (Normal) (G1 Evacuation Pause) 1282M->55M(2048M) 2.562ms
[2026-10-01T06:55:47.533+0900][1006.794s] GC(313) Pause Young (Normal) (G1 Evacuation Pause) 1282M->55M(2048M) 2.805ms
