[31m     ✗ status is 2xx
      ↳  24% — ✓ 327269 / ✗ 1032110[0m

     checks[2m.........................:[0m [36m24.07%[0m  [36;2m✓ 327269[0m      [36;2m✗ 1032110[0m
     data_received[2m..................:[0m [36m310 MB[0m  [36;2m344 kB/s[0m
     data_sent[2m......................:[0m [36m318 MB[0m  [36;2m353 kB/s[0m
     http_req_blocked[2m...............:[0m avg=[36m2.34ms[0m  min=[36m0s[0m      med=[36m1.97ms[0m  max=[36m27.69ms[0m  p(90)=[36m5.19ms[0m   p(95)=[36m6.41ms[0m  p(99)=[36m9.29ms[0m 
     http_req_connecting[2m............:[0m avg=[36m2.33ms[0m  min=[36m0s[0m      med=[36m1.95ms[0m  max=[36m27.69ms[0m  p(90)=[36m5.17ms[0m   p(95)=[36m6.39ms[0m  p(99)=[36m9.27ms[0m 
     http_req_duration[2m..............:[0m avg=[36m30.68ms[0m min=[36m505.2µs[0m med=[36m30.1ms[0m  max=[36m216.82ms[0m p(90)=[36m41.42ms[0m  p(95)=[36m46.17ms[0m p(99)=[36m58.3ms[0m 
       { expected_response:true }[2m...:[0m avg=[36m30.22ms[0m min=[36m505.2µs[0m med=[36m29.35ms[0m max=[36m158.12ms[0m p(90)=[36m42.03ms[0m  p(95)=[36m46.76ms[0m p(99)=[36m58.72ms[0m
     http_req_failed[2m................:[0m [36m75.92%[0m  [36;2m✓ 1032110[0m     [36;2m✗ 327269[0m 
     http_req_receiving[2m.............:[0m avg=[36m194.9µs[0m min=[36m0s[0m      med=[36m0s[0m      max=[36m14.69ms[0m  p(90)=[36m625.29µs[0m p(95)=[36m1.25ms[0m  p(99)=[36m2.67ms[0m 
     http_req_sending[2m...............:[0m avg=[36m19.4µs[0m  min=[36m0s[0m      med=[36m0s[0m      max=[36m7.17ms[0m   p(90)=[36m0s[0m       p(95)=[36m0s[0m      p(99)=[36m533.5µs[0m
     http_req_tls_handshaking[2m.......:[0m avg=[36m0s[0m      min=[36m0s[0m      med=[36m0s[0m      max=[36m0s[0m       p(90)=[36m0s[0m       p(95)=[36m0s[0m      p(99)=[36m0s[0m     
     http_req_waiting[2m...............:[0m avg=[36m30.47ms[0m min=[36m505.2µs[0m med=[36m29.89ms[0m max=[36m215.46ms[0m p(90)=[36m41.2ms[0m   p(95)=[36m45.94ms[0m p(99)=[36m58.05ms[0m
     http_reqs[2m......................:[0m [36m1359379[0m [36;2m1510.384046/s[0m
     iteration_duration[2m.............:[0m avg=[36m33.09ms[0m min=[36m2.31ms[0m  med=[36m32.5ms[0m  max=[36m217.84ms[0m p(90)=[36m44.04ms[0m  p(95)=[36m48.8ms[0m  p(99)=[36m61.01ms[0m
     iterations[2m.....................:[0m [36m1359379[0m [36;2m1510.384046/s[0m
     reviews_5xx[2m....................:[0m [36m1032110[0m [36;2m1146.760747/s[0m
     reviews_created[2m................:[0m [36m327269[0m  [36;2m363.623299/s[0m
     reviews_success_duration[2m.......:[0m avg=[36m30.22ms[0m min=[36m505.2µs[0m med=[36m29.35ms[0m max=[36m158.12ms[0m p(90)=[36m42.03ms[0m  p(95)=[36m46.76ms[0m p(99)=[36m58.72ms[0m
     vus[2m............................:[0m [36m50[0m      [36;2mmin=50[0m        [36;2mmax=50[0m   
     vus_max[2m........................:[0m [36m50[0m      [36;2mmin=50[0m        [36;2mmax=50[0m   