[31m     ✗ status is 2xx
      ↳  99% — ✓ 12000 / ✗ 1[0m

     checks[2m.........................:[0m [36m99.99%[0m [36;2m✓ 12000[0m      [36;2m✗ 1[0m    
     data_received[2m..................:[0m [36m1.6 MB[0m [36;2m26 kB/s[0m
     data_sent[2m......................:[0m [36m2.8 MB[0m [36;2m47 kB/s[0m
     http_req_blocked[2m...............:[0m avg=[36m17.01µs[0m min=[36m0s[0m      med=[36m0s[0m     max=[36m7.18ms[0m   p(90)=[36m0s[0m     p(95)=[36m0s[0m     p(99)=[36m686.9µs[0m
     http_req_connecting[2m............:[0m avg=[36m16.19µs[0m min=[36m0s[0m      med=[36m0s[0m     max=[36m6.48ms[0m   p(90)=[36m0s[0m     p(95)=[36m0s[0m     p(99)=[36m676.6µs[0m
     http_req_duration[2m..............:[0m avg=[36m4.92ms[0m  min=[36m305.5µs[0m med=[36m3.21ms[0m max=[36m724.93ms[0m p(90)=[36m4.01ms[0m p(95)=[36m4.72ms[0m p(99)=[36m35.61ms[0m
       { expected_response:true }[2m...:[0m avg=[36m4.86ms[0m  min=[36m305.5µs[0m med=[36m3.21ms[0m max=[36m380.01ms[0m p(90)=[36m4.01ms[0m p(95)=[36m4.72ms[0m p(99)=[36m34.24ms[0m
     http_req_failed[2m................:[0m [36m0.00%[0m  [36;2m✓ 1[0m          [36;2m✗ 12000[0m
     http_req_receiving[2m.............:[0m avg=[36m1.3ms[0m   min=[36m0s[0m      med=[36m1.28ms[0m max=[36m14.2ms[0m   p(90)=[36m2.81ms[0m p(95)=[36m3.02ms[0m p(99)=[36m3.41ms[0m 
     http_req_sending[2m...............:[0m avg=[36m1.03µs[0m  min=[36m0s[0m      med=[36m0s[0m     max=[36m1.93ms[0m   p(90)=[36m0s[0m     p(95)=[36m0s[0m     p(99)=[36m0s[0m     
     http_req_tls_handshaking[2m.......:[0m avg=[36m0s[0m      min=[36m0s[0m      med=[36m0s[0m     max=[36m0s[0m       p(90)=[36m0s[0m     p(95)=[36m0s[0m     p(99)=[36m0s[0m     
     http_req_waiting[2m...............:[0m avg=[36m3.61ms[0m  min=[36m300.3µs[0m med=[36m1.57ms[0m max=[36m724.22ms[0m p(90)=[36m3.55ms[0m p(95)=[36m4.59ms[0m p(99)=[36m35.61ms[0m
     http_reqs[2m......................:[0m [36m12001[0m  [36;2m200.005189/s[0m
     iteration_duration[2m.............:[0m avg=[36m5.03ms[0m  min=[36m305.5µs[0m med=[36m3.27ms[0m max=[36m725.6ms[0m  p(90)=[36m4.07ms[0m p(95)=[36m4.82ms[0m p(99)=[36m36.04ms[0m
     iterations[2m.....................:[0m [36m12001[0m  [36;2m200.005189/s[0m
     reviews_5xx[2m....................:[0m [36m1[0m      [36;2m0.016666/s[0m
     reviews_created[2m................:[0m [36m12000[0m  [36;2m199.988524/s[0m
     reviews_success_duration[2m.......:[0m avg=[36m4.86ms[0m  min=[36m305.5µs[0m med=[36m3.21ms[0m max=[36m380.01ms[0m p(90)=[36m4.01ms[0m p(95)=[36m4.72ms[0m p(99)=[36m34.24ms[0m
     vus[2m............................:[0m [36m0[0m      [36;2mmin=0[0m        [36;2mmax=2[0m  
     vus_max[2m........................:[0m [36m100[0m    [36;2mmin=100[0m      [36;2mmax=100[0m