[2026-09-30T15:56:33.173+0900][0.006s] Using G1
[2026-09-30T15:56:34.047+0900][0.877s] GC(0) Pause Young (Normal) (G1 Evacuation Pause) 102M->5M(2048M) 4.524ms
[2026-09-30T15:56:34.417+0900][1.247s] GC(1) Pause Young (Concurrent Start) (Metadata GC Threshold) 102M->10M(2048M) 5.878ms
[2026-09-30T15:56:34.417+0900][1.247s] GC(2) Concurrent Mark Cycle
[2026-09-30T15:56:34.423+0900][1.253s] GC(2) Pause Remark 12M->12M(2048M) 1.627ms
[2026-09-30T15:56:34.423+0900][1.254s] GC(2) Pause Cleanup 12M->12M(2048M) 0.009ms
[2026-09-30T15:56:34.427+0900][1.259s] GC(2) Concurrent Mark Cycle 11.661ms
[2026-09-30T15:56:35.448+0900][2.278s] GC(3) Pause Young (Normal) (G1 Evacuation Pause) 130M->16M(2048M) 9.957ms
[2026-09-30T15:56:35.912+0900][2.744s] GC(4) Pause Young (Concurrent Start) (Metadata GC Threshold) 77M->18M(2048M) 5.887ms
[2026-09-30T15:56:35.912+0900][2.744s] GC(5) Concurrent Mark Cycle
[2026-09-30T15:56:35.927+0900][2.756s] GC(5) Pause Remark 19M->19M(2048M) 3.107ms
[2026-09-30T15:56:35.928+0900][2.759s] GC(5) Pause Cleanup 20M->20M(2048M) 0.108ms
[2026-09-30T15:56:35.931+0900][2.761s] GC(5) Concurrent Mark Cycle 17.441ms
[2026-09-30T15:56:37.422+0900][4.254s] GC(6) Pause Young (Concurrent Start) (Metadata GC Threshold) 190M->26M(2048M) 10.045ms
[2026-09-30T15:56:37.422+0900][4.254s] GC(7) Concurrent Mark Cycle
[2026-09-30T15:56:37.437+0900][4.272s] GC(7) Pause Remark 28M->28M(2048M) 3.793ms
[2026-09-30T15:56:37.445+0900][4.275s] GC(7) Pause Cleanup 28M->28M(2048M) 0.249ms
[2026-09-30T15:56:37.447+0900][4.278s] GC(7) Concurrent Mark Cycle 23.234ms
[2026-09-30T15:56:40.391+0900][7.222s] GC(8) Pause Young (Normal) (G1 Evacuation Pause) 507M->42M(2048M) 23.510ms
[2026-09-30T15:57:01.091+0900][27.924s] GC(9) Pause Young (Normal) (G1 Evacuation Pause) 578M->226M(2048M) 103.075ms
[2026-09-30T15:57:01.137+0900][27.967s] GC(10) Pause Young (Normal) (G1 Evacuation Pause) 256M->241M(2048M) 31.931ms
[2026-09-30T15:57:01.222+0900][28.053s] GC(11) Pause Young (Normal) (G1 Evacuation Pause) 373M->300M(2048M) 35.442ms
[2026-09-30T15:57:01.324+0900][28.155s] GC(12) Pause Young (Normal) (G1 Evacuation Pause) 443M->363M(2048M) 45.607ms
[2026-09-30T15:57:01.447+0900][28.279s] GC(13) Pause Young (Normal) (G1 Evacuation Pause) 575M->448M(2048M) 49.170ms
[2026-09-30T15:57:01.559+0900][28.389s] GC(14) Pause Young (Normal) (G1 Evacuation Pause) 723M->488M(2048M) 31.021ms
[2026-09-30T15:57:01.686+0900][28.517s] GC(15) Pause Young (Normal) (G1 Evacuation Pause) 832M->548M(2048M) 40.555ms
[2026-09-30T15:57:01.891+0900][28.722s] GC(16) Pause Young (Normal) (G1 Evacuation Pause) 952M->722M(2048M) 91.313ms
[2026-09-30T15:57:02.034+0900][28.864s] GC(17) Pause Young (Concurrent Start) (Metadata GC Threshold) 892M->775M(2048M) 51.510ms
[2026-09-30T15:57:02.034+0900][28.864s] GC(18) Concurrent Mark Cycle
[2026-09-30T15:57:02.325+0900][29.155s] GC(18) Pause Remark 808M->545M(2048M) 13.580ms
[2026-09-30T15:57:02.566+0900][29.397s] GC(18) Pause Cleanup 569M->569M(2048M) 0.728ms
[2026-09-30T15:57:02.576+0900][29.407s] GC(18) Concurrent Mark Cycle 542.263ms
[2026-09-30T15:57:05.433+0900][32.264s] GC(19) Pause Young (Prepare Mixed) (G1 Evacuation Pause) 918M->554M(2048M) 28.652ms
[2026-09-30T15:57:08.487+0900][35.319s] GC(20) Pause Young (Mixed) (G1 Evacuation Pause) 1216M->516M(2048M) 9.412ms
[2026-09-30T15:57:12.936+0900][39.766s] GC(21) Pause Young (Normal) (G1 Evacuation Pause) 1656M->516M(2048M) 12.922ms
[2026-09-30T15:57:14.407+0900][41.237s] GC(22) Pause Young (Concurrent Start) (CodeCache GC Threshold) 989M->516M(2048M) 8.796ms
[2026-09-30T15:57:14.407+0900][41.237s] GC(23) Concurrent Mark Cycle
[2026-09-30T15:57:14.485+0900][41.319s] GC(23) Pause Remark 544M->345M(2048M) 10.410ms
[2026-09-30T15:57:14.526+0900][41.356s] GC(23) Pause Cleanup 358M->358M(2048M) 0.489ms
[2026-09-30T15:57:14.532+0900][41.363s] GC(23) Concurrent Mark Cycle 125.676ms
[2026-09-30T15:57:16.712+0900][43.543s] GC(24) Pause Young (Prepare Mixed) (G1 Evacuation Pause) 1490M->317M(2048M) 8.864ms
[2026-09-30T15:57:20.133+0900][46.963s] GC(25) Pause Young (Mixed) (G1 Evacuation Pause) 1490M->240M(2048M) 8.395ms
[2026-09-30T15:57:23.968+0900][50.799s] GC(26) Pause Young (Normal) (G1 Evacuation Pause) 1414M->238M(2048M) 7.899ms
[2026-09-30T15:57:27.813+0900][54.643s] GC(27) Pause Young (Normal) (G1 Evacuation Pause) 1414M->239M(2048M) 7.373ms
[2026-09-30T15:57:31.658+0900][58.490s] GC(28) Pause Young (Normal) (G1 Evacuation Pause) 1414M->238M(2048M) 8.199ms
[2026-09-30T15:57:35.507+0900][62.338s] GC(29) Pause Young (Normal) (G1 Evacuation Pause) 1414M->239M(2048M) 7.310ms
[2026-09-30T15:57:39.358+0900][66.189s] GC(30) Pause Young (Normal) (G1 Evacuation Pause) 1414M->239M(2048M) 7.556ms
[2026-09-30T15:57:43.206+0900][70.038s] GC(31) Pause Young (Normal) (G1 Evacuation Pause) 1414M->238M(2048M) 8.443ms
[2026-09-30T15:57:47.059+0900][73.891s] GC(32) Pause Young (Normal) (G1 Evacuation Pause) 1414M->239M(2048M) 7.600ms
[2026-09-30T15:57:50.908+0900][77.739s] GC(33) Pause Young (Normal) (G1 Evacuation Pause) 1414M->239M(2048M) 7.361ms
[2026-09-30T15:57:54.758+0900][81.590s] GC(34) Pause Young (Normal) (G1 Evacuation Pause) 1414M->239M(2048M) 8.152ms
[2026-09-30T15:57:58.610+0900][85.441s] GC(35) Pause Young (Normal) (G1 Evacuation Pause) 1414M->241M(2048M) 7.852ms
[2026-09-30T15:58:37.788+0900][124.620s] GC(36) Pause Young (Normal) (G1 Evacuation Pause) 1456M->244M(2048M) 5.587ms
[2026-09-30T15:58:40.139+0900][126.971s] GC(37) Pause Young (Normal) (G1 Evacuation Pause) 1468M->246M(2048M) 3.740ms
[2026-09-30T15:58:42.297+0900][129.129s] GC(38) Pause Young (Normal) (G1 Evacuation Pause) 1470M->246M(2048M) 3.317ms
[2026-09-30T15:58:44.515+0900][131.346s] GC(39) Pause Young (Normal) (G1 Evacuation Pause) 1471M->246M(2048M) 3.807ms
[2026-09-30T15:58:46.846+0900][133.677s] GC(40) Pause Young (Normal) (G1 Evacuation Pause) 1471M->246M(2048M) 3.615ms
[2026-09-30T15:58:49.140+0900][135.972s] GC(41) Pause Young (Normal) (G1 Evacuation Pause) 1471M->246M(2048M) 4.003ms
[2026-09-30T15:58:51.480+0900][138.312s] GC(42) Pause Young (Normal) (G1 Evacuation Pause) 1471M->246M(2048M) 3.706ms
[2026-09-30T15:58:53.871+0900][140.702s] GC(43) Pause Young (Normal) (G1 Evacuation Pause) 1471M->246M(2048M) 3.683ms
[2026-09-30T15:58:56.390+0900][143.221s] GC(44) Pause Young (Normal) (G1 Evacuation Pause) 1471M->245M(2048M) 3.549ms
[2026-09-30T15:58:59.000+0900][145.830s] GC(45) Pause Young (Normal) (G1 Evacuation Pause) 1471M->246M(2048M) 4.972ms
[2026-09-30T15:59:01.455+0900][148.287s] GC(46) Pause Young (Normal) (G1 Evacuation Pause) 1471M->246M(2048M) 4.028ms
[2026-09-30T15:59:03.917+0900][150.747s] GC(47) Pause Young (Normal) (G1 Evacuation Pause) 1471M->246M(2048M) 4.011ms
[2026-09-30T15:59:06.444+0900][153.275s] GC(48) Pause Young (Normal) (G1 Evacuation Pause) 1471M->246M(2048M) 4.213ms
[2026-09-30T15:59:08.893+0900][155.723s] GC(49) Pause Young (Normal) (G1 Evacuation Pause) 1471M->246M(2048M) 4.426ms
[2026-09-30T15:59:11.380+0900][158.211s] GC(50) Pause Young (Normal) (G1 Evacuation Pause) 1471M->246M(2048M) 4.187ms
[2026-09-30T15:59:13.817+0900][160.647s] GC(51) Pause Young (Normal) (G1 Evacuation Pause) 1471M->246M(2048M) 3.900ms
[2026-09-30T15:59:16.262+0900][163.093s] GC(52) Pause Young (Normal) (G1 Evacuation Pause) 1471M->246M(2048M) 3.974ms
[2026-09-30T15:59:18.747+0900][165.578s] GC(53) Pause Young (Normal) (G1 Evacuation Pause) 1471M->246M(2048M) 3.734ms
[2026-09-30T15:59:21.145+0900][167.975s] GC(54) Pause Young (Normal) (G1 Evacuation Pause) 1471M->246M(2048M) 3.982ms
[2026-09-30T15:59:23.542+0900][170.373s] GC(55) Pause Young (Normal) (G1 Evacuation Pause) 1471M->246M(2048M) 3.683ms
[2026-09-30T15:59:25.928+0900][172.760s] GC(56) Pause Young (Normal) (G1 Evacuation Pause) 1471M->246M(2048M) 3.562ms
[2026-09-30T15:59:28.306+0900][175.138s] GC(57) Pause Young (Normal) (G1 Evacuation Pause) 1471M->246M(2048M) 3.589ms
[2026-09-30T15:59:30.741+0900][177.573s] GC(58) Pause Young (Normal) (G1 Evacuation Pause) 1471M->246M(2048M) 3.640ms
[2026-09-30T15:59:33.087+0900][179.919s] GC(59) Pause Young (Normal) (G1 Evacuation Pause) 1471M->246M(2048M) 3.676ms
[2026-09-30T15:59:35.483+0900][182.313s] GC(60) Pause Young (Normal) (G1 Evacuation Pause) 1471M->246M(2048M) 3.877ms
[2026-09-30T15:59:37.865+0900][184.695s] GC(61) Pause Young (Normal) (G1 Evacuation Pause) 1471M->246M(2048M) 3.520ms
[2026-09-30T15:59:40.293+0900][187.123s] GC(62) Pause Young (Normal) (G1 Evacuation Pause) 1471M->246M(2048M) 4.477ms
[2026-09-30T15:59:42.763+0900][189.594s] GC(63) Pause Young (Normal) (G1 Evacuation Pause) 1471M->246M(2048M) 4.160ms
[2026-09-30T15:59:45.275+0900][192.106s] GC(64) Pause Young (Normal) (G1 Evacuation Pause) 1471M->246M(2048M) 3.714ms
[2026-09-30T15:59:47.655+0900][194.486s] GC(65) Pause Young (Normal) (G1 Evacuation Pause) 1471M->246M(2048M) 3.593ms
[2026-09-30T15:59:50.054+0900][196.884s] GC(66) Pause Young (Normal) (G1 Evacuation Pause) 1471M->246M(2048M) 3.641ms
[2026-09-30T15:59:52.423+0900][199.254s] GC(67) Pause Young (Normal) (G1 Evacuation Pause) 1471M->247M(2048M) 3.535ms
[2026-09-30T15:59:54.784+0900][201.614s] GC(68) Pause Young (Normal) (G1 Evacuation Pause) 1472M->246M(2048M) 3.892ms
[2026-09-30T15:59:57.151+0900][203.982s] GC(69) Pause Young (Normal) (G1 Evacuation Pause) 1471M->246M(2048M) 3.846ms
[2026-09-30T15:59:59.557+0900][206.387s] GC(70) Pause Young (Normal) (G1 Evacuation Pause) 1471M->246M(2048M) 3.813ms
[2026-09-30T16:00:01.975+0900][208.806s] GC(71) Pause Young (Normal) (G1 Evacuation Pause) 1471M->246M(2048M) 3.609ms
[2026-09-30T16:00:04.362+0900][211.193s] GC(72) Pause Young (Normal) (G1 Evacuation Pause) 1471M->246M(2048M) 3.659ms
[2026-09-30T16:00:06.738+0900][213.570s] GC(73) Pause Young (Normal) (G1 Evacuation Pause) 1471M->246M(2048M) 3.525ms
[2026-09-30T16:00:09.144+0900][215.976s] GC(74) Pause Young (Normal) (G1 Evacuation Pause) 1471M->246M(2048M) 3.572ms
[2026-09-30T16:00:11.495+0900][218.326s] GC(75) Pause Young (Normal) (G1 Evacuation Pause) 1471M->247M(2048M) 3.686ms
[2026-09-30T16:00:13.889+0900][220.720s] GC(76) Pause Young (Normal) (G1 Evacuation Pause) 1472M->247M(2048M) 3.668ms
[2026-09-30T16:00:16.294+0900][223.125s] GC(77) Pause Young (Normal) (G1 Evacuation Pause) 1472M->246M(2048M) 3.475ms
[2026-09-30T16:00:18.687+0900][225.517s] GC(78) Pause Young (Normal) (G1 Evacuation Pause) 1471M->246M(2048M) 3.902ms
[2026-09-30T16:00:21.155+0900][227.986s] GC(79) Pause Young (Normal) (G1 Evacuation Pause) 1471M->246M(2048M) 3.838ms
[2026-09-30T16:00:23.631+0900][230.462s] GC(80) Pause Young (Normal) (G1 Evacuation Pause) 1471M->247M(2048M) 3.772ms
[2026-09-30T16:00:26.035+0900][232.866s] GC(81) Pause Young (Normal) (G1 Evacuation Pause) 1472M->247M(2048M) 3.573ms
[2026-09-30T16:00:28.479+0900][235.311s] GC(82) Pause Young (Normal) (G1 Evacuation Pause) 1472M->247M(2048M) 3.670ms
[2026-09-30T16:00:31.009+0900][237.839s] GC(83) Pause Young (Normal) (G1 Evacuation Pause) 1472M->247M(2048M) 4.366ms
[2026-09-30T16:00:33.456+0900][240.286s] GC(84) Pause Young (Normal) (G1 Evacuation Pause) 1472M->247M(2048M) 3.836ms
[2026-09-30T16:00:35.863+0900][242.694s] GC(85) Pause Young (Normal) (G1 Evacuation Pause) 1472M->247M(2048M) 3.708ms
[2026-09-30T16:00:38.257+0900][245.089s] GC(86) Pause Young (Normal) (G1 Evacuation Pause) 1472M->247M(2048M) 3.958ms
[2026-09-30T16:00:40.661+0900][247.493s] GC(87) Pause Young (Normal) (G1 Evacuation Pause) 1472M->247M(2048M) 4.153ms
[2026-09-30T16:00:43.121+0900][249.953s] GC(88) Pause Young (Normal) (G1 Evacuation Pause) 1472M->247M(2048M) 3.764ms
[2026-09-30T16:00:45.585+0900][252.417s] GC(89) Pause Young (Normal) (G1 Evacuation Pause) 1472M->247M(2048M) 4.180ms
[2026-09-30T16:00:48.045+0900][254.876s] GC(90) Pause Young (Normal) (G1 Evacuation Pause) 1472M->247M(2048M) 3.601ms
[2026-09-30T16:00:50.482+0900][257.314s] GC(91) Pause Young (Normal) (G1 Evacuation Pause) 1472M->247M(2048M) 3.498ms
[2026-09-30T16:00:52.900+0900][259.731s] GC(92) Pause Young (Normal) (G1 Evacuation Pause) 1472M->247M(2048M) 4.419ms
[2026-09-30T16:00:55.327+0900][262.159s] GC(93) Pause Young (Normal) (G1 Evacuation Pause) 1472M->247M(2048M) 3.580ms
[2026-09-30T16:00:57.710+0900][264.540s] GC(94) Pause Young (Normal) (G1 Evacuation Pause) 1472M->247M(2048M) 3.588ms
[2026-09-30T16:01:00.114+0900][266.944s] GC(95) Pause Young (Normal) (G1 Evacuation Pause) 1472M->247M(2048M) 4.135ms
[2026-09-30T16:01:02.579+0900][269.410s] GC(96) Pause Young (Normal) (G1 Evacuation Pause) 1472M->247M(2048M) 3.749ms
[2026-09-30T16:01:05.012+0900][271.843s] GC(97) Pause Young (Normal) (G1 Evacuation Pause) 1472M->247M(2048M) 3.897ms
[2026-09-30T16:01:07.471+0900][274.303s] GC(98) Pause Young (Normal) (G1 Evacuation Pause) 1472M->247M(2048M) 3.759ms
[2026-09-30T16:01:09.877+0900][276.709s] GC(99) Pause Young (Normal) (G1 Evacuation Pause) 1472M->247M(2048M) 3.925ms
[2026-09-30T16:01:12.386+0900][279.216s] GC(100) Pause Young (Normal) (G1 Evacuation Pause) 1472M->247M(2048M) 3.717ms
[2026-09-30T16:01:14.838+0900][281.670s] GC(101) Pause Young (Normal) (G1 Evacuation Pause) 1472M->247M(2048M) 3.620ms
[2026-09-30T16:01:17.295+0900][284.126s] GC(102) Pause Young (Normal) (G1 Evacuation Pause) 1472M->247M(2048M) 4.610ms
[2026-09-30T16:01:19.793+0900][286.623s] GC(103) Pause Young (Normal) (G1 Evacuation Pause) 1472M->247M(2048M) 3.743ms
[2026-09-30T16:01:22.225+0900][289.055s] GC(104) Pause Young (Normal) (G1 Evacuation Pause) 1472M->247M(2048M) 3.718ms
[2026-09-30T16:01:24.659+0900][291.491s] GC(105) Pause Young (Normal) (G1 Evacuation Pause) 1472M->247M(2048M) 3.272ms
[2026-09-30T16:01:27.084+0900][293.916s] GC(106) Pause Young (Normal) (G1 Evacuation Pause) 1472M->247M(2048M) 3.705ms
[2026-09-30T16:01:29.466+0900][296.298s] GC(107) Pause Young (Normal) (G1 Evacuation Pause) 1472M->247M(2048M) 3.730ms
[2026-09-30T16:01:31.888+0900][298.718s] GC(108) Pause Young (Normal) (G1 Evacuation Pause) 1472M->247M(2048M) 4.284ms
[2026-09-30T16:01:34.304+0900][301.135s] GC(109) Pause Young (Normal) (G1 Evacuation Pause) 1472M->247M(2048M) 4.068ms
