time="2026-09-30T15:58:37+09:00" level=info msg="[run] 시작 15:58:37 MODE=sync SCENARIO=saturate TAG=CAP-sync" source=console
time="2026-09-30T16:01:37+09:00" level=info msg="[run] 종료 16:01:37 TAG=CAP-sync" source=console
[32m     ✓ status is 200[0m
[32m     ✓ has order id[0m

     checks[2m.........................:[0m [36m100.00%[0m [36;2m✓ 1181856[0m     [36;2m✗ 0[0m     
     data_received[2m..................:[0m [36m77 MB[0m   [36;2m426 kB/s[0m
     data_sent[2m......................:[0m [36m155 MB[0m  [36;2m861 kB/s[0m
     http_req_blocked[2m...............:[0m avg=[36m334.18µs[0m min=[36m0s[0m    med=[36m0s[0m      max=[36m1.02s[0m   p(90)=[36m0s[0m       p(95)=[36m0s[0m       p(99)=[36m765.4µs[0m 
     http_req_connecting[2m............:[0m avg=[36m331.76µs[0m min=[36m0s[0m    med=[36m0s[0m      max=[36m1.02s[0m   p(90)=[36m0s[0m       p(95)=[36m0s[0m       p(99)=[36m541.01µs[0m
     http_req_duration[2m..............:[0m avg=[36m121.44ms[0m min=[36m6.9ms[0m med=[36m66.53ms[0m max=[36m6.02s[0m   p(90)=[36m129.75ms[0m p(95)=[36m454.15ms[0m p(99)=[36m1.24s[0m   
       { expected_response:true }[2m...:[0m avg=[36m121.44ms[0m min=[36m6.9ms[0m med=[36m66.53ms[0m max=[36m6.02s[0m   p(90)=[36m129.75ms[0m p(95)=[36m454.15ms[0m p(99)=[36m1.24s[0m   
     http_req_failed[2m................:[0m [36m0.00%[0m   [36;2m✓ 0[0m           [36;2m✗ 590928[0m
     http_req_receiving[2m.............:[0m avg=[36m185.11µs[0m min=[36m0s[0m    med=[36m0s[0m      max=[36m35.06ms[0m p(90)=[36m0s[0m       p(95)=[36m625.9µs[0m  p(99)=[36m4.71ms[0m  
     http_req_sending[2m...............:[0m avg=[36m8.92µs[0m   min=[36m0s[0m    med=[36m0s[0m      max=[36m13.83ms[0m p(90)=[36m0s[0m       p(95)=[36m0s[0m       p(99)=[36m504.6µs[0m 
     http_req_tls_handshaking[2m.......:[0m avg=[36m0s[0m       min=[36m0s[0m    med=[36m0s[0m      max=[36m0s[0m      p(90)=[36m0s[0m       p(95)=[36m0s[0m       p(99)=[36m0s[0m      
     http_req_waiting[2m...............:[0m avg=[36m121.25ms[0m min=[36m6.9ms[0m med=[36m66.35ms[0m max=[36m6.02s[0m   p(90)=[36m129.55ms[0m p(95)=[36m453.96ms[0m p(99)=[36m1.24s[0m   
     http_reqs[2m......................:[0m [36m590928[0m  [36;2m3280.422443/s[0m
     iteration_duration[2m.............:[0m avg=[36m121.86ms[0m min=[36m6.9ms[0m med=[36m66.65ms[0m max=[36m6.02s[0m   p(90)=[36m130.33ms[0m p(95)=[36m456.14ms[0m p(99)=[36m1.25s[0m   
     iterations[2m.....................:[0m [36m590928[0m  [36;2m3280.422443/s[0m
     order_accepted_duration[2m........:[0m avg=[36m121.44ms[0m min=[36m6.9ms[0m med=[36m66.53ms[0m max=[36m6.02s[0m   p(90)=[36m129.75ms[0m p(95)=[36m454.15ms[0m p(99)=[36m1.24s[0m   
     orders_accepted[2m................:[0m [36m590928[0m  [36;2m3280.422443/s[0m
     vus[2m............................:[0m [36m400[0m     [36;2mmin=400[0m       [36;2mmax=400[0m 
     vus_max[2m........................:[0m [36m400[0m     [36;2mmin=400[0m       [36;2mmax=400[0m 