time="2026-09-30T15:57:02+09:00" level=info msg="[run] 시작 15:57:01 MODE=sync SCENARIO=fixed TAG=CAP-warmup" source=console
time="2026-09-30T15:57:07+09:00" level=warning msg="Insufficient VUs, reached 4000 active VUs and cannot initialize more" executor=constant-arrival-rate scenario=orders
time="2026-09-30T15:58:02+09:00" level=info msg="[run] 종료 15:58:02 TAG=CAP-warmup" source=console
[32m     ✓ status is 200[0m
[32m     ✓ has order id[0m

     checks[2m.........................:[0m [36m100.00%[0m [36;2m✓ 224598[0m      [36;2m✗ 0[0m     
     data_received[2m..................:[0m [36m15 MB[0m   [36;2m243 kB/s[0m
     data_sent[2m......................:[0m [36m30 MB[0m   [36;2m491 kB/s[0m
     dropped_iterations[2m.............:[0m [36m7702[0m    [36;2m128.319196/s[0m
     http_req_blocked[2m...............:[0m avg=[36m3.82ms[0m   min=[36m0s[0m med=[36m0s[0m     max=[36m1.05s[0m    p(90)=[36m0s[0m    p(95)=[36m0s[0m      p(99)=[36m47.79ms[0m
     http_req_connecting[2m............:[0m avg=[36m3.82ms[0m   min=[36m0s[0m med=[36m0s[0m     max=[36m1.05s[0m    p(90)=[36m0s[0m    p(95)=[36m0s[0m      p(99)=[36m47.79ms[0m
     http_req_duration[2m..............:[0m avg=[36m464.93ms[0m min=[36m0s[0m med=[36m3.09ms[0m max=[36m10.26s[0m   p(90)=[36m2.29s[0m p(95)=[36m2.6s[0m    p(99)=[36m3.15s[0m  
       { expected_response:true }[2m...:[0m avg=[36m464.93ms[0m min=[36m0s[0m med=[36m3.09ms[0m max=[36m10.26s[0m   p(90)=[36m2.29s[0m p(95)=[36m2.6s[0m    p(99)=[36m3.15s[0m  
     http_req_failed[2m................:[0m [36m0.00%[0m   [36;2m✓ 0[0m           [36;2m✗ 112299[0m
     http_req_receiving[2m.............:[0m avg=[36m56.35µs[0m  min=[36m0s[0m med=[36m0s[0m     max=[36m167.61ms[0m p(90)=[36m0s[0m    p(95)=[36m509.7µs[0m p(99)=[36m576.3µs[0m
     http_req_sending[2m...............:[0m avg=[36m2.7µs[0m    min=[36m0s[0m med=[36m0s[0m     max=[36m11.72ms[0m  p(90)=[36m0s[0m    p(95)=[36m0s[0m      p(99)=[36m0s[0m     
     http_req_tls_handshaking[2m.......:[0m avg=[36m0s[0m       min=[36m0s[0m med=[36m0s[0m     max=[36m0s[0m       p(90)=[36m0s[0m    p(95)=[36m0s[0m      p(99)=[36m0s[0m     
     http_req_waiting[2m...............:[0m avg=[36m464.87ms[0m min=[36m0s[0m med=[36m3.07ms[0m max=[36m10.26s[0m   p(90)=[36m2.29s[0m p(95)=[36m2.6s[0m    p(99)=[36m3.15s[0m  
     http_reqs[2m......................:[0m [36m112299[0m  [36;2m1870.957858/s[0m
     iteration_duration[2m.............:[0m avg=[36m468.8ms[0m  min=[36m0s[0m med=[36m3.1ms[0m  max=[36m10.26s[0m   p(90)=[36m2.29s[0m p(95)=[36m2.61s[0m   p(99)=[36m3.47s[0m  
     iterations[2m.....................:[0m [36m112299[0m  [36;2m1870.957858/s[0m
     order_accepted_duration[2m........:[0m avg=[36m464.93ms[0m min=[36m0s[0m med=[36m3.09ms[0m max=[36m10.26s[0m   p(90)=[36m2.29s[0m p(95)=[36m2.6s[0m    p(99)=[36m3.15s[0m  
     orders_accepted[2m................:[0m [36m112299[0m  [36;2m1870.957858/s[0m
     vus[2m............................:[0m [36m6[0m       [36;2mmin=4[0m         [36;2mmax=4000[0m
     vus_max[2m........................:[0m [36m4000[0m    [36;2mmin=992[0m       [36;2mmax=4000[0m