time="2026-09-30T13:38:57+09:00" level=info msg="[run] 시작 13:38:57 MODE=async TAG=FLASH-async-db-single PROMOTION_ID=1" source=console
time="2026-09-30T13:38:57+09:00" level=info msg="[flash] 시도 13:39:27 ~ 13:41:14 (최고 초당 3000건), 관찰 끝 13:46:14" source=console
time="2026-09-30T13:46:14+09:00" level=info msg="[run] 종료 13:46:14 TAG=FLASH-async-db-single" source=console
     base_accepted[2m..................:[0m [36m16517[0m  [36;2m37.79455/s[0m
     base_accepted_duration[2m.........:[0m avg=[36m4.74ms[0m  min=[36m0s[0m med=[36m1.4ms[0m    max=[36m929.32ms[0m p(90)=[36m1.72ms[0m p(95)=[36m2.03ms[0m  p(99)=[36m62.27ms[0m 
     base_rejected[2m..................:[0m [36m963[0m    [36;2m2.203557/s[0m
     data_received[2m..................:[0m [36m36 MB[0m  [36;2m82 kB/s[0m
     data_sent[2m......................:[0m [36m71 MB[0m  [36;2m163 kB/s[0m
     http_req_blocked[2m...............:[0m avg=[36m17.96µs[0m min=[36m0s[0m med=[36m0s[0m       max=[36m75.49ms[0m  p(90)=[36m0s[0m     p(95)=[36m0s[0m      p(99)=[36m529.13µs[0m
     http_req_connecting[2m............:[0m avg=[36m17.46µs[0m min=[36m0s[0m med=[36m0s[0m       max=[36m75.49ms[0m  p(90)=[36m0s[0m     p(95)=[36m0s[0m      p(99)=[36m526.53µs[0m
     http_req_duration[2m..............:[0m avg=[36m6.93ms[0m  min=[36m0s[0m med=[36m820.4µs[0m  max=[36m1.39s[0m    p(90)=[36m2.25ms[0m p(95)=[36m6.06ms[0m  p(99)=[36m208.93ms[0m
       { expected_response:true }[2m...:[0m avg=[36m8.15ms[0m  min=[36m0s[0m med=[36m837.8µs[0m  max=[36m1.39s[0m    p(90)=[36m2.22ms[0m p(95)=[36m6.26ms[0m  p(99)=[36m292.66ms[0m
     http_req_failed[2m................:[0m [36m20.16%[0m [36;2m✓ 50410[0m      [36;2m✗ 199560[0m
     http_req_receiving[2m.............:[0m avg=[36m40.71µs[0m min=[36m0s[0m med=[36m0s[0m       max=[36m3.44ms[0m   p(90)=[36m0s[0m     p(95)=[36m509.8µs[0m p(99)=[36m848.09µs[0m
     http_req_sending[2m...............:[0m avg=[36m1.24µs[0m  min=[36m0s[0m med=[36m0s[0m       max=[36m3.2ms[0m    p(90)=[36m0s[0m     p(95)=[36m0s[0m      p(99)=[36m0s[0m      
     http_req_tls_handshaking[2m.......:[0m avg=[36m0s[0m      min=[36m0s[0m med=[36m0s[0m       max=[36m0s[0m       p(90)=[36m0s[0m     p(95)=[36m0s[0m      p(99)=[36m0s[0m      
     http_req_waiting[2m...............:[0m avg=[36m6.89ms[0m  min=[36m0s[0m med=[36m674.7µs[0m  max=[36m1.39s[0m    p(90)=[36m2.22ms[0m p(95)=[36m6.03ms[0m  p(99)=[36m208.93ms[0m
     http_reqs[2m......................:[0m [36m249970[0m [36;2m571.986653/s[0m
     iteration_duration[2m.............:[0m avg=[36m6.97ms[0m  min=[36m0s[0m med=[36m938.45µs[0m max=[36m1.39s[0m    p(90)=[36m2.43ms[0m p(95)=[36m6.24ms[0m  p(99)=[36m208.99ms[0m
     iterations[2m.....................:[0m [36m249970[0m [36;2m571.986653/s[0m
     promo_queue_full[2m...............:[0m [36m49447[0m  [36;2m113.145674/s[0m
     promo_queue_full_duration[2m......:[0m avg=[36m2.08ms[0m  min=[36m0s[0m med=[36m704.5µs[0m  max=[36m214.71ms[0m p(90)=[36m2.42ms[0m p(95)=[36m5.8ms[0m   p(99)=[36m39.84ms[0m 
     promo_success[2m..................:[0m [36m183043[0m [36;2m418.842873/s[0m
     promo_success_duration[2m.........:[0m avg=[36m8.46ms[0m  min=[36m0s[0m med=[36m687.8µs[0m  max=[36m1.39s[0m    p(90)=[36m2.37ms[0m p(95)=[36m7.74ms[0m  p(99)=[36m307.42ms[0m
     vus[2m............................:[0m [36m0[0m      [36;2mmin=0[0m        [36;2mmax=615[0m 
     vus_max[2m........................:[0m [36m2050[0m   [36;2mmin=2050[0m     [36;2mmax=2050[0m