time="2026-09-30T13:37:31+09:00" level=info msg="[run] 시작 13:37:31 MODE=async TAG=FLASH-warmup PROMOTION_ID=2" source=console
time="2026-09-30T13:37:31+09:00" level=info msg="[flash] 시도 13:37:36 ~ 13:38:31 (최고 초당 1000건), 관찰 끝 13:38:36" source=console
time="2026-09-30T13:38:36+09:00" level=info msg="[run] 종료 13:38:36 TAG=FLASH-warmup" source=console
     base_accepted[2m..................:[0m [36m2601[0m   [36;2m40.001489/s[0m
     base_accepted_duration[2m.........:[0m avg=[36m1.77ms[0m  min=[36m0s[0m med=[36m526.1µs[0m  max=[36m70.71ms[0m p(90)=[36m3.14ms[0m p(95)=[36m5.71ms[0m  p(99)=[36m22.09ms[0m 
     data_received[2m..................:[0m [36m7.7 MB[0m [36;2m118 kB/s[0m
     data_sent[2m......................:[0m [36m16 MB[0m  [36;2m240 kB/s[0m
     http_req_blocked[2m...............:[0m avg=[36m15.83µs[0m min=[36m0s[0m med=[36m0s[0m       max=[36m35.08ms[0m p(90)=[36m0s[0m     p(95)=[36m0s[0m      p(99)=[36m531.21µs[0m
     http_req_connecting[2m............:[0m avg=[36m15.28µs[0m min=[36m0s[0m med=[36m0s[0m       max=[36m35.08ms[0m p(90)=[36m0s[0m     p(95)=[36m0s[0m      p(99)=[36m529.1µs[0m 
     http_req_duration[2m..............:[0m avg=[36m1.46ms[0m  min=[36m0s[0m med=[36m519.59µs[0m max=[36m87.74ms[0m p(90)=[36m2.56ms[0m p(95)=[36m5.31ms[0m  p(99)=[36m21.43ms[0m 
       { expected_response:true }[2m...:[0m avg=[36m1.46ms[0m  min=[36m0s[0m med=[36m519.59µs[0m max=[36m87.74ms[0m p(90)=[36m2.56ms[0m p(95)=[36m5.31ms[0m  p(99)=[36m21.43ms[0m 
     http_req_failed[2m................:[0m [36m0.00%[0m  [36;2m✓ 0[0m          [36;2m✗ 55090[0m
     http_req_receiving[2m.............:[0m avg=[36m49.9µs[0m  min=[36m0s[0m med=[36m0s[0m       max=[36m4.23ms[0m  p(90)=[36m0s[0m     p(95)=[36m517.7µs[0m p(99)=[36m651.72µs[0m
     http_req_sending[2m...............:[0m avg=[36m957ns[0m   min=[36m0s[0m med=[36m0s[0m       max=[36m4.34ms[0m  p(90)=[36m0s[0m     p(95)=[36m0s[0m      p(99)=[36m0s[0m      
     http_req_tls_handshaking[2m.......:[0m avg=[36m0s[0m      min=[36m0s[0m med=[36m0s[0m       max=[36m0s[0m      p(90)=[36m0s[0m     p(95)=[36m0s[0m      p(99)=[36m0s[0m      
     http_req_waiting[2m...............:[0m avg=[36m1.41ms[0m  min=[36m0s[0m med=[36m518.4µs[0m  max=[36m87.74ms[0m p(90)=[36m2.48ms[0m p(95)=[36m5.28ms[0m  p(99)=[36m21.37ms[0m 
     http_reqs[2m......................:[0m [36m55090[0m  [36;2m847.244143/s[0m
     iteration_duration[2m.............:[0m avg=[36m1.52ms[0m  min=[36m0s[0m med=[36m520.7µs[0m  max=[36m87.74ms[0m p(90)=[36m2.71ms[0m p(95)=[36m5.35ms[0m  p(99)=[36m21.49ms[0m 
     iterations[2m.....................:[0m [36m55090[0m  [36;2m847.244143/s[0m
     promo_success[2m..................:[0m [36m52489[0m  [36;2m807.242654/s[0m
     promo_success_duration[2m.........:[0m avg=[36m1.44ms[0m  min=[36m0s[0m med=[36m519.5µs[0m  max=[36m87.74ms[0m p(90)=[36m2.47ms[0m p(95)=[36m5.28ms[0m  p(99)=[36m21.37ms[0m 
     vus[2m............................:[0m [36m0[0m      [36;2mmin=0[0m        [36;2mmax=49[0m 
     vus_max[2m........................:[0m [36m550[0m    [36;2mmin=550[0m      [36;2mmax=550[0m