time="2026-09-26T17:41:31+09:00" level=info msg="[run] 시작 17:41:31 MODE=sync SCENARIO=saturate TAG=P1-p5" source=console
time="2026-09-26T17:44:31+09:00" level=info msg="[run] 종료 17:44:31 TAG=P1-p5" source=console
[32m     ✓ status is 200[0m
[32m     ✓ has order id[0m

     checks[2m.........................:[0m [36m100.00%[0m [36;2m✓ 658240[0m      [36;2m✗ 0[0m     
     data_received[2m..................:[0m [36m43 MB[0m   [36;2m237 kB/s[0m
     data_sent[2m......................:[0m [36m86 MB[0m   [36;2m480 kB/s[0m
     http_req_blocked[2m...............:[0m avg=[36m28.41µs[0m  min=[36m0s[0m      med=[36m0s[0m      max=[36m31.97ms[0m p(90)=[36m0s[0m       p(95)=[36m0s[0m      p(99)=[36m999.7µs[0m 
     http_req_connecting[2m............:[0m avg=[36m25.01µs[0m  min=[36m0s[0m      med=[36m0s[0m      max=[36m29.34ms[0m p(90)=[36m0s[0m       p(95)=[36m0s[0m      p(99)=[36m505.74µs[0m
     http_req_duration[2m..............:[0m avg=[36m34.84ms[0m  min=[36m1.21ms[0m  med=[36m34.21ms[0m max=[36m200.1ms[0m p(90)=[36m44.34ms[0m  p(95)=[36m63.99ms[0m p(99)=[36m81.53ms[0m 
       { expected_response:true }[2m...:[0m avg=[36m34.84ms[0m  min=[36m1.21ms[0m  med=[36m34.21ms[0m max=[36m200.1ms[0m p(90)=[36m44.34ms[0m  p(95)=[36m63.99ms[0m p(99)=[36m81.53ms[0m 
     http_req_failed[2m................:[0m [36m0.00%[0m   [36;2m✓ 0[0m           [36;2m✗ 329120[0m
     http_req_receiving[2m.............:[0m avg=[36m128.07µs[0m min=[36m0s[0m      med=[36m0s[0m      max=[36m26.8ms[0m  p(90)=[36m555.69µs[0m p(95)=[36m843.7µs[0m p(99)=[36m1.46ms[0m  
     http_req_sending[2m...............:[0m avg=[36m13.05µs[0m  min=[36m0s[0m      med=[36m0s[0m      max=[36m15.16ms[0m p(90)=[36m0s[0m       p(95)=[36m0s[0m      p(99)=[36m518.4µs[0m 
     http_req_tls_handshaking[2m.......:[0m avg=[36m0s[0m       min=[36m0s[0m      med=[36m0s[0m      max=[36m0s[0m      p(90)=[36m0s[0m       p(95)=[36m0s[0m      p(99)=[36m0s[0m      
     http_req_waiting[2m...............:[0m avg=[36m34.7ms[0m   min=[36m866.4µs[0m med=[36m34.06ms[0m max=[36m200.1ms[0m p(90)=[36m44.21ms[0m  p(95)=[36m63.85ms[0m p(99)=[36m81.4ms[0m  
     http_reqs[2m......................:[0m [36m329120[0m  [36;2m1827.781157/s[0m
     iteration_duration[2m.............:[0m avg=[36m34.99ms[0m  min=[36m1.21ms[0m  med=[36m34.34ms[0m max=[36m200.1ms[0m p(90)=[36m44.57ms[0m  p(95)=[36m64.12ms[0m p(99)=[36m81.74ms[0m 
     iterations[2m.....................:[0m [36m329120[0m  [36;2m1827.781157/s[0m
     order_accepted_duration[2m........:[0m avg=[36m34.84ms[0m  min=[36m1.21ms[0m  med=[36m34.21ms[0m max=[36m200.1ms[0m p(90)=[36m44.34ms[0m  p(95)=[36m63.99ms[0m p(99)=[36m81.53ms[0m 
     orders_accepted[2m................:[0m [36m329120[0m  [36;2m1827.781157/s[0m
     vus[2m............................:[0m [36m64[0m      [36;2mmin=64[0m        [36;2mmax=64[0m  
     vus_max[2m........................:[0m [36m64[0m      [36;2mmin=64[0m        [36;2mmax=64[0m  