time="2026-09-26T17:38:49+09:00" level=info msg="[run] 시작 17:38:49 MODE=sync SCENARIO=saturate TAG=P1-p5-warmup" source=console
time="2026-09-26T17:39:49+09:00" level=info msg="[run] 종료 17:39:49 TAG=P1-p5-warmup" source=console
[32m     ✓ status is 200[0m
[32m     ✓ has order id[0m

     checks[2m.........................:[0m [36m100.00%[0m [36;2m✓ 194566[0m      [36;2m✗ 0[0m    
     data_received[2m..................:[0m [36m13 MB[0m   [36;2m211 kB/s[0m
     data_sent[2m......................:[0m [36m26 MB[0m   [36;2m425 kB/s[0m
     http_req_blocked[2m...............:[0m avg=[36m36.62µs[0m  min=[36m0s[0m     med=[36m0s[0m      max=[36m88.21ms[0m p(90)=[36m0s[0m       p(95)=[36m0s[0m      p(99)=[36m917.76µs[0m
     http_req_connecting[2m............:[0m avg=[36m33.5µs[0m   min=[36m0s[0m     med=[36m0s[0m      max=[36m88.21ms[0m p(90)=[36m0s[0m       p(95)=[36m0s[0m      p(99)=[36m522.2µs[0m 
     http_req_duration[2m..............:[0m avg=[36m39.33ms[0m  min=[36m607µs[0m  med=[36m33.94ms[0m max=[36m1.28s[0m   p(90)=[36m62.96ms[0m  p(95)=[36m70.7ms[0m  p(99)=[36m137.76ms[0m
       { expected_response:true }[2m...:[0m avg=[36m39.33ms[0m  min=[36m607µs[0m  med=[36m33.94ms[0m max=[36m1.28s[0m   p(90)=[36m62.96ms[0m  p(95)=[36m70.7ms[0m  p(99)=[36m137.76ms[0m
     http_req_failed[2m................:[0m [36m0.00%[0m   [36;2m✓ 0[0m           [36;2m✗ 97283[0m
     http_req_receiving[2m.............:[0m avg=[36m150.14µs[0m min=[36m0s[0m     med=[36m0s[0m      max=[36m29.43ms[0m p(90)=[36m600.18µs[0m p(95)=[36m883.6µs[0m p(99)=[36m1.61ms[0m  
     http_req_sending[2m...............:[0m avg=[36m10.65µs[0m  min=[36m0s[0m     med=[36m0s[0m      max=[36m7.43ms[0m  p(90)=[36m0s[0m       p(95)=[36m0s[0m      p(99)=[36m506.8µs[0m 
     http_req_tls_handshaking[2m.......:[0m avg=[36m0s[0m       min=[36m0s[0m     med=[36m0s[0m      max=[36m0s[0m      p(90)=[36m0s[0m       p(95)=[36m0s[0m      p(99)=[36m0s[0m      
     http_req_waiting[2m...............:[0m avg=[36m39.16ms[0m  min=[36m607µs[0m  med=[36m33.79ms[0m max=[36m1.28s[0m   p(90)=[36m62.81ms[0m  p(95)=[36m70.37ms[0m p(99)=[36m137.68ms[0m
     http_reqs[2m......................:[0m [36m97283[0m   [36;2m1619.787133/s[0m
     iteration_duration[2m.............:[0m avg=[36m39.47ms[0m  min=[36m1.11ms[0m med=[36m34.05ms[0m max=[36m1.28s[0m   p(90)=[36m63.09ms[0m  p(95)=[36m70.84ms[0m p(99)=[36m138.01ms[0m
     iterations[2m.....................:[0m [36m97283[0m   [36;2m1619.787133/s[0m
     order_accepted_duration[2m........:[0m avg=[36m39.33ms[0m  min=[36m607µs[0m  med=[36m33.94ms[0m max=[36m1.28s[0m   p(90)=[36m62.96ms[0m  p(95)=[36m70.7ms[0m  p(99)=[36m137.76ms[0m
     orders_accepted[2m................:[0m [36m97283[0m   [36;2m1619.787133/s[0m
     vus[2m............................:[0m [36m64[0m      [36;2mmin=64[0m        [36;2mmax=64[0m 
     vus_max[2m........................:[0m [36m64[0m      [36;2mmin=64[0m        [36;2mmax=64[0m 