time="2026-09-26T20:54:59+09:00" level=info msg="[run] 시작 20:54:59 MODE=sync SCENARIO=saturate TAG=P1-p5" source=console
time="2026-09-26T20:57:59+09:00" level=info msg="[run] 종료 20:57:59 TAG=P1-p5" source=console
[32m     ✓ status is 200[0m
[32m     ✓ has order id[0m

     checks[2m.........................:[0m [36m100.00%[0m [36;2m✓ 719724[0m      [36;2m✗ 0[0m     
     data_received[2m..................:[0m [36m47 MB[0m   [36;2m260 kB/s[0m
     data_sent[2m......................:[0m [36m95 MB[0m   [36;2m525 kB/s[0m
     http_req_blocked[2m...............:[0m avg=[36m39.96µs[0m  min=[36m0s[0m      med=[36m0s[0m      max=[36m210.28ms[0m p(90)=[36m0s[0m      p(95)=[36m0s[0m      p(99)=[36m593.9µs[0m 
     http_req_connecting[2m............:[0m avg=[36m36.31µs[0m  min=[36m0s[0m      med=[36m0s[0m      max=[36m210.28ms[0m p(90)=[36m0s[0m      p(95)=[36m0s[0m      p(99)=[36m502.93µs[0m
     http_req_duration[2m..............:[0m avg=[36m31.84ms[0m  min=[36m417.6µs[0m med=[36m30.95ms[0m max=[36m254.87ms[0m p(90)=[36m34.35ms[0m p(95)=[36m36.08ms[0m p(99)=[36m60.74ms[0m 
       { expected_response:true }[2m...:[0m avg=[36m31.84ms[0m  min=[36m417.6µs[0m med=[36m30.95ms[0m max=[36m254.87ms[0m p(90)=[36m34.35ms[0m p(95)=[36m36.08ms[0m p(99)=[36m60.74ms[0m 
     http_req_failed[2m................:[0m [36m0.00%[0m   [36;2m✓ 0[0m           [36;2m✗ 359862[0m
     http_req_receiving[2m.............:[0m avg=[36m176.35µs[0m min=[36m0s[0m      med=[36m0s[0m      max=[36m212.16ms[0m p(90)=[36m630µs[0m   p(95)=[36m1.07ms[0m  p(99)=[36m1.8ms[0m   
     http_req_sending[2m...............:[0m avg=[36m14.44µs[0m  min=[36m0s[0m      med=[36m0s[0m      max=[36m141.78ms[0m p(90)=[36m0s[0m      p(95)=[36m0s[0m      p(99)=[36m505.9µs[0m 
     http_req_tls_handshaking[2m.......:[0m avg=[36m0s[0m       min=[36m0s[0m      med=[36m0s[0m      max=[36m0s[0m       p(90)=[36m0s[0m      p(95)=[36m0s[0m      p(99)=[36m0s[0m      
     http_req_waiting[2m...............:[0m avg=[36m31.65ms[0m  min=[36m417.6µs[0m med=[36m30.82ms[0m max=[36m227.11ms[0m p(90)=[36m34.21ms[0m p(95)=[36m35.93ms[0m p(99)=[36m60.49ms[0m 
     http_reqs[2m......................:[0m [36m359862[0m  [36;2m1998.470756/s[0m
     iteration_duration[2m.............:[0m avg=[36m32ms[0m     min=[36m417.6µs[0m med=[36m31.07ms[0m max=[36m261.35ms[0m p(90)=[36m34.46ms[0m p(95)=[36m36.32ms[0m p(99)=[36m61.25ms[0m 
     iterations[2m.....................:[0m [36m359862[0m  [36;2m1998.470756/s[0m
     order_accepted_duration[2m........:[0m avg=[36m31.84ms[0m  min=[36m417.6µs[0m med=[36m30.95ms[0m max=[36m254.87ms[0m p(90)=[36m34.35ms[0m p(95)=[36m36.08ms[0m p(99)=[36m60.74ms[0m 
     orders_accepted[2m................:[0m [36m359862[0m  [36;2m1998.470756/s[0m
     vus[2m............................:[0m [36m64[0m      [36;2mmin=64[0m        [36;2mmax=64[0m  
     vus_max[2m........................:[0m [36m64[0m      [36;2mmin=64[0m        [36;2mmax=64[0m  