time="2026-09-26T20:52:13+09:00" level=info msg="[run] 시작 20:52:13 MODE=sync SCENARIO=saturate TAG=P1-p5-warmup" source=console
time="2026-09-26T20:53:13+09:00" level=info msg="[run] 종료 20:53:13 TAG=P1-p5-warmup" source=console
[32m     ✓ status is 200[0m
[32m     ✓ has order id[0m

     checks[2m.........................:[0m [36m100.00%[0m [36;2m✓ 191228[0m      [36;2m✗ 0[0m    
     data_received[2m..................:[0m [36m12 MB[0m   [36;2m206 kB/s[0m
     data_sent[2m......................:[0m [36m25 MB[0m   [36;2m418 kB/s[0m
     http_req_blocked[2m...............:[0m avg=[36m56.4µs[0m   min=[36m0s[0m     med=[36m0s[0m      max=[36m292.25ms[0m p(90)=[36m0s[0m       p(95)=[36m0s[0m       p(99)=[36m888.67µs[0m
     http_req_connecting[2m............:[0m avg=[36m52.56µs[0m  min=[36m0s[0m     med=[36m0s[0m      max=[36m292.25ms[0m p(90)=[36m0s[0m       p(95)=[36m0s[0m       p(99)=[36m504.08µs[0m
     http_req_duration[2m..............:[0m avg=[36m39.98ms[0m  min=[36m2.36ms[0m med=[36m34.32ms[0m max=[36m1.26s[0m    p(90)=[36m53.13ms[0m  p(95)=[36m62.36ms[0m  p(99)=[36m172.02ms[0m
       { expected_response:true }[2m...:[0m avg=[36m39.98ms[0m  min=[36m2.36ms[0m med=[36m34.32ms[0m max=[36m1.26s[0m    p(90)=[36m53.13ms[0m  p(95)=[36m62.36ms[0m  p(99)=[36m172.02ms[0m
     http_req_failed[2m................:[0m [36m0.00%[0m   [36;2m✓ 0[0m           [36;2m✗ 95614[0m
     http_req_receiving[2m.............:[0m avg=[36m137.47µs[0m min=[36m0s[0m     med=[36m0s[0m      max=[36m39.39ms[0m  p(90)=[36m533.46µs[0m p(95)=[36m914.86µs[0m p(99)=[36m1.6ms[0m   
     http_req_sending[2m...............:[0m avg=[36m15.3µs[0m   min=[36m0s[0m     med=[36m0s[0m      max=[36m21.54ms[0m  p(90)=[36m0s[0m       p(95)=[36m0s[0m       p(99)=[36m531.97µs[0m
     http_req_tls_handshaking[2m.......:[0m avg=[36m0s[0m       min=[36m0s[0m     med=[36m0s[0m      max=[36m0s[0m       p(90)=[36m0s[0m       p(95)=[36m0s[0m       p(99)=[36m0s[0m      
     http_req_waiting[2m...............:[0m avg=[36m39.82ms[0m  min=[36m1.72ms[0m med=[36m34.17ms[0m max=[36m1.26s[0m    p(90)=[36m53.04ms[0m  p(95)=[36m62.12ms[0m  p(99)=[36m172.01ms[0m
     http_reqs[2m......................:[0m [36m95614[0m   [36;2m1592.143622/s[0m
     iteration_duration[2m.............:[0m avg=[36m40.15ms[0m  min=[36m2.39ms[0m med=[36m34.45ms[0m max=[36m1.27s[0m    p(90)=[36m53.35ms[0m  p(95)=[36m62.63ms[0m  p(99)=[36m172.42ms[0m
     iterations[2m.....................:[0m [36m95614[0m   [36;2m1592.143622/s[0m
     order_accepted_duration[2m........:[0m avg=[36m39.98ms[0m  min=[36m2.36ms[0m med=[36m34.32ms[0m max=[36m1.26s[0m    p(90)=[36m53.13ms[0m  p(95)=[36m62.36ms[0m  p(99)=[36m172.02ms[0m
     orders_accepted[2m................:[0m [36m95614[0m   [36;2m1592.143622/s[0m
     vus[2m............................:[0m [36m64[0m      [36;2mmin=64[0m        [36;2mmax=64[0m 
     vus_max[2m........................:[0m [36m64[0m      [36;2mmin=64[0m        [36;2mmax=64[0m 