[10:09:00] === 격리 수준 비교 iso 시작: 초당 2000건 3분, 회차 6개 (rc def rcpool rcpool def rc), 휴식 900초 ===
노트북 CPU 기록 시작 pid=17484 rc=0
[10:09:04] [1/6 rc] 전 휴식 632초 (끝 10:19:36)
[10:19:37] 전원 상태 [1회차 기동 전] = 2 100 (첫 값 2 = 충전기)
서버 기동 요청 P=20  rc=0 pid=17656
[10:19:48] 서버 준비 완료 (풀 20.0, 3회 확인)
서버 커넥션 풀 = 20.0 (기대 20), insert 워커 = 20.0 (기대 20), 비동기 대기 자리 = 70000.0 (기대 70000), 동기 처리 자리 = 없음 (syncff만 120)
[1/1 10:20:05] 부하 전 노트북 CPU 평균 = 0.014 (기준 0.15 미만) / 데스크톱 = 2.3% (기준 30% 미만)
워밍업 종료 10:21:06 exit=0
워밍업 k6 연결 실패 0건
큐 소진 (queued=0.0 active=0.0, 2초 이내)
REPEATABLE-READ	20
reviews	orders	order_menus	stats_not_zero
0	0	0	0
[10:21:09] 전원 상태 [1회차 측정 전] = 2 100 (첫 값 2 = 충전기)
서버 커넥션 풀 = 20.0 (기대 20), insert 워커 = 20.0 (기대 20), 비동기 대기 자리 = 70000.0 (기대 70000), 동기 처리 자리 = 없음 (syncff만 120)
[1/8 10:21:26] 부하 전 노트북 CPU 평균 = 0.176 (기준 0.15 미만) / 데스크톱 = 1% (기준 30% 미만)
[2/8 10:21:42] 부하 전 노트북 CPU 평균 = 0.025 (기준 0.15 미만) / 데스크톱 = 2.6% (기준 30% 미만)
측정 종료 10:24:42 exit=0
측정 k6 연결 실패 0건 (과부하 방식에서는 결과의 일부일 수 있음 — 데스크톱 CPU로 부하기 문제와 구분)
큐 소진 (queued=0.0 active=0.0, 2초 이내)
측정 중 데스크톱 CPU 평균 15.3% / 최대 30.0% / 80% 이상 최장 연속 0표본 → 통과
[10:25:18] DB 주문 수(측정분) = 360000
[10:25:19] 전원 상태 [1회차 측정 후] = 2 100 (첫 값 2 = 충전기)
서버 종료 pid=11948
서버 종료 pid=15736
== 01-rc  접수 360,000 (초당 2,000) 거절 0 실패 0 dropped 0 | 접수 p95 6.3 p99 13.9 max 55.9ms
  주문당 MySQL: Questions 9.00, Com_select 2.00, Com_insert 2.00, Com_commit 1.00, Com_set_option 4.00, Handler_commit 7.00, Innodb_os_log_fsyncs 1.70, Innodb_row_lock_waits 0.00 | DB 360,000 = 접수
  노트북 CPU 99.1% (mysqld 60.1 / java 32.0), 클럭 108%, 주문당 CPU 49.55%p/1000건·s, TCP 재전송 0/s (30표본)
  저장 완료: 완료 건수: 357608 | p50 (보간 추정): 2.8 ms | p95 (보간 추정): 9.0 ms | p99 (보간 추정): 22.6 ms
  앱 커넥션 세션 격리 수준(워밍업 뒤): REPEATABLE-READ 20
  데스크톱 CPU 평균 15.3% / 최대 30.0%
[10:25:23] 회차 완료 1/6 (rc)
[10:25:23] [2/6 def] 전 휴식 894초 (끝 10:40:17)
[10:40:18] 전원 상태 [2회차 기동 전] = 2 100 (첫 값 2 = 충전기)
서버 기동 요청 P=20  rc=0 pid=10704
[10:40:29] 서버 준비 완료 (풀 20.0, 3회 확인)
서버 커넥션 풀 = 20.0 (기대 20), insert 워커 = 20.0 (기대 20), 비동기 대기 자리 = 70000.0 (기대 70000), 동기 처리 자리 = 없음 (syncff만 120)
[1/1 10:40:46] 부하 전 노트북 CPU 평균 = 0.017 (기준 0.15 미만) / 데스크톱 = 1.5% (기준 30% 미만)
워밍업 종료 10:41:46 exit=0
워밍업 k6 연결 실패 0건
큐 소진 (queued=0.0 active=0.0, 2초 이내)
REPEATABLE-READ	20
reviews	orders	order_menus	stats_not_zero
0	0	0	0
[10:41:49] 전원 상태 [2회차 측정 전] = 2 100 (첫 값 2 = 충전기)
서버 커넥션 풀 = 20.0 (기대 20), insert 워커 = 20.0 (기대 20), 비동기 대기 자리 = 70000.0 (기대 70000), 동기 처리 자리 = 없음 (syncff만 120)
[1/8 10:42:06] 부하 전 노트북 CPU 평균 = 0.173 (기준 0.15 미만) / 데스크톱 = 2.3% (기준 30% 미만)
[2/8 10:42:22] 부하 전 노트북 CPU 평균 = 0.020 (기준 0.15 미만) / 데스크톱 = 1.8% (기준 30% 미만)
측정 종료 10:45:23 exit=0
측정 k6 연결 실패 0건 (과부하 방식에서는 결과의 일부일 수 있음 — 데스크톱 CPU로 부하기 문제와 구분)
큐 소진 (queued=0.0 active=0.0, 2초 이내)
측정 중 데스크톱 CPU 평균 14.1% / 최대 27.2% / 80% 이상 최장 연속 0표본 → 통과
[10:45:59] DB 주문 수(측정분) = 360000
[10:46:00] 전원 상태 [2회차 측정 후] = 2 100 (첫 값 2 = 충전기)
서버 종료 pid=13876
서버 종료 pid=4056
== 02-def  접수 360,000 (초당 2,000) 거절 0 실패 0 dropped 0 | 접수 p95 3.2 p99 10.1 max 51.7ms
  주문당 MySQL: Questions 6.00, Com_select 1.00, Com_insert 2.00, Com_commit 1.00, Com_set_option 2.00, Handler_commit 7.00, Innodb_os_log_fsyncs 2.12, Innodb_row_lock_waits 0.00 | DB 360,000 = 접수
  노트북 CPU 97.5% (mysqld 61.2 / java 28.5), 클럭 111%, 주문당 CPU 48.73%p/1000건·s, TCP 재전송 0/s (32표본)
  저장 완료: 완료 건수: 357503 | p50 (보간 추정): 2.6 ms | p95 (보간 추정): 4.9 ms | p99 (보간 추정): 17.7 ms
  앱 커넥션 세션 격리 수준(워밍업 뒤): REPEATABLE-READ 20
  데스크톱 CPU 평균 14.1% / 최대 27.2%
[10:46:03] 회차 완료 2/6 (def)
[10:46:03] [3/6 rcpool] 전 휴식 894초 (끝 11:00:57)
[11:00:58] 전원 상태 [3회차 기동 전] = 2 100 (첫 값 2 = 충전기)
서버 기동 요청 P=20 --spring.datasource.hikari.transaction-isolation=TRANSACTION_READ_COMMITTED rc=0 pid=13528
[11:01:09] 서버 준비 완료 (풀 20.0, 3회 확인)
서버 커넥션 풀 = 20.0 (기대 20), insert 워커 = 20.0 (기대 20), 비동기 대기 자리 = 70000.0 (기대 70000), 동기 처리 자리 = 없음 (syncff만 120)
[1/1 11:01:26] 부하 전 노트북 CPU 평균 = 0.021 (기준 0.15 미만) / 데스크톱 = 2.6% (기준 30% 미만)
워밍업 종료 11:02:26 exit=0
워밍업 k6 연결 실패 0건
큐 소진 (queued=0.0 active=0.0, 2초 이내)
READ-COMMITTED	20
reviews	orders	order_menus	stats_not_zero
0	0	0	0
[11:02:29] 전원 상태 [3회차 측정 전] = 2 100 (첫 값 2 = 충전기)
서버 커넥션 풀 = 20.0 (기대 20), insert 워커 = 20.0 (기대 20), 비동기 대기 자리 = 70000.0 (기대 70000), 동기 처리 자리 = 없음 (syncff만 120)
[1/8 11:02:46] 부하 전 노트북 CPU 평균 = 0.174 (기준 0.15 미만) / 데스크톱 = 2.5% (기준 30% 미만)
[2/8 11:03:02] 부하 전 노트북 CPU 평균 = 0.020 (기준 0.15 미만) / 데스크톱 = 2.1% (기준 30% 미만)
측정 종료 11:06:03 exit=0
측정 k6 연결 실패 0건 (과부하 방식에서는 결과의 일부일 수 있음 — 데스크톱 CPU로 부하기 문제와 구분)
큐 소진 (queued=0.0 active=0.0, 2초 이내)
측정 중 데스크톱 CPU 평균 14.3% / 최대 28.8% / 80% 이상 최장 연속 0표본 → 통과
[11:06:39] DB 주문 수(측정분) = 360001
[11:06:40] 전원 상태 [3회차 측정 후] = 2 100 (첫 값 2 = 충전기)
서버 종료 pid=8620
서버 종료 pid=14484
== 03-rcpool  접수 360,001 (초당 2,000) 거절 0 실패 0 dropped 0 | 접수 p95 4.1 p99 13.1 max 47.9ms
  주문당 MySQL: Questions 6.00, Com_select 1.00, Com_insert 2.00, Com_commit 1.00, Com_set_option 2.00, Handler_commit 7.00, Innodb_os_log_fsyncs 2.14, Innodb_row_lock_waits 0.00 | DB 360,001 = 접수
  노트북 CPU 97.7% (mysqld 61.6 / java 28.4), 클럭 110%, 주문당 CPU 48.87%p/1000건·s, TCP 재전송 0/s (32표본)
  저장 완료: 완료 건수: 357583 | p50 (보간 추정): 2.6 ms | p95 (보간 추정): 4.9 ms | p99 (보간 추정): 17.7 ms
  앱 커넥션 세션 격리 수준(워밍업 뒤): READ-COMMITTED 20
  데스크톱 CPU 평균 14.3% / 최대 28.8%
[11:06:43] 회차 완료 3/6 (rcpool)
[11:06:43] [4/6 rcpool] 전 휴식 894초 (끝 11:21:37)
[11:21:38] 전원 상태 [4회차 기동 전] = 2 100 (첫 값 2 = 충전기)
서버 기동 요청 P=20 --spring.datasource.hikari.transaction-isolation=TRANSACTION_READ_COMMITTED rc=0 pid=10468
[11:21:49] 서버 준비 완료 (풀 20.0, 3회 확인)
서버 커넥션 풀 = 20.0 (기대 20), insert 워커 = 20.0 (기대 20), 비동기 대기 자리 = 70000.0 (기대 70000), 동기 처리 자리 = 없음 (syncff만 120)
[1/1 11:22:06] 부하 전 노트북 CPU 평균 = 0.017 (기준 0.15 미만) / 데스크톱 = 1.2% (기준 30% 미만)
워밍업 종료 11:23:07 exit=0
워밍업 k6 연결 실패 0건
큐 소진 (queued=0.0 active=0.0, 2초 이내)
READ-COMMITTED	20
reviews	orders	order_menus	stats_not_zero
0	0	0	0
[11:23:10] 전원 상태 [4회차 측정 전] = 2 100 (첫 값 2 = 충전기)
서버 커넥션 풀 = 20.0 (기대 20), insert 워커 = 20.0 (기대 20), 비동기 대기 자리 = 70000.0 (기대 70000), 동기 처리 자리 = 없음 (syncff만 120)
[1/8 11:23:26] 부하 전 노트북 CPU 평균 = 0.178 (기준 0.15 미만) / 데스크톱 = 3% (기준 30% 미만)
[2/8 11:23:42] 부하 전 노트북 CPU 평균 = 0.021 (기준 0.15 미만) / 데스크톱 = 2% (기준 30% 미만)
측정 종료 11:26:43 exit=0
측정 k6 연결 실패 0건 (과부하 방식에서는 결과의 일부일 수 있음 — 데스크톱 CPU로 부하기 문제와 구분)
큐 소진 (queued=0.0 active=0.0, 2초 이내)
측정 중 데스크톱 CPU 평균 14.1% / 최대 28.2% / 80% 이상 최장 연속 0표본 → 통과
[11:27:19] DB 주문 수(측정분) = 360001
[11:27:20] 전원 상태 [4회차 측정 후] = 2 100 (첫 값 2 = 충전기)
서버 종료 pid=17984
서버 종료 pid=2660
== 04-rcpool  접수 360,001 (초당 2,000) 거절 0 실패 0 dropped 0 | 접수 p95 4.2 p99 13.6 max 46.4ms
  주문당 MySQL: Questions 6.00, Com_select 1.00, Com_insert 2.00, Com_commit 1.00, Com_set_option 2.00, Handler_commit 7.00, Innodb_os_log_fsyncs 2.13, Innodb_row_lock_waits 0.00 | DB 360,001 = 접수
  노트북 CPU 97.6% (mysqld 61.4 / java 28.6), 클럭 110%, 주문당 CPU 48.79%p/1000건·s, TCP 재전송 0/s (31표본)
  저장 완료: 완료 건수: 357715 | p50 (보간 추정): 2.6 ms | p95 (보간 추정): 4.9 ms | p99 (보간 추정): 18.2 ms
  앱 커넥션 세션 격리 수준(워밍업 뒤): READ-COMMITTED 20
  데스크톱 CPU 평균 14.1% / 최대 28.2%
[11:27:24] 회차 완료 4/6 (rcpool)
[11:27:24] [5/6 def] 전 휴식 894초 (끝 11:42:18)
[11:42:19] 전원 상태 [5회차 기동 전] = 2 100 (첫 값 2 = 충전기)
서버 기동 요청 P=20  rc=0 pid=8172
[11:42:30] 서버 준비 완료 (풀 20.0, 3회 확인)
서버 커넥션 풀 = 20.0 (기대 20), insert 워커 = 20.0 (기대 20), 비동기 대기 자리 = 70000.0 (기대 70000), 동기 처리 자리 = 없음 (syncff만 120)
[1/1 11:42:46] 부하 전 노트북 CPU 평균 = 0.017 (기준 0.15 미만) / 데스크톱 = 1.7% (기준 30% 미만)
워밍업 종료 11:43:47 exit=0
워밍업 k6 연결 실패 0건
큐 소진 (queued=0.0 active=0.0, 2초 이내)
REPEATABLE-READ	20
reviews	orders	order_menus	stats_not_zero
0	0	0	0
[11:43:50] 전원 상태 [5회차 측정 전] = 2 100 (첫 값 2 = 충전기)
서버 커넥션 풀 = 20.0 (기대 20), insert 워커 = 20.0 (기대 20), 비동기 대기 자리 = 70000.0 (기대 70000), 동기 처리 자리 = 없음 (syncff만 120)
[1/8 11:44:07] 부하 전 노트북 CPU 평균 = 0.180 (기준 0.15 미만) / 데스크톱 = 1.5% (기준 30% 미만)
[2/8 11:44:23] 부하 전 노트북 CPU 평균 = 0.021 (기준 0.15 미만) / 데스크톱 = 1.6% (기준 30% 미만)
측정 종료 11:47:23 exit=0
측정 k6 연결 실패 0건 (과부하 방식에서는 결과의 일부일 수 있음 — 데스크톱 CPU로 부하기 문제와 구분)
큐 소진 (queued=0.0 active=0.0, 2초 이내)
측정 중 데스크톱 CPU 평균 14.4% / 최대 28.1% / 80% 이상 최장 연속 0표본 → 통과
[11:47:59] DB 주문 수(측정분) = 360001
[11:48:00] 전원 상태 [5회차 측정 후] = 2 100 (첫 값 2 = 충전기)
서버 종료 pid=15800
서버 종료 pid=10644
== 05-def  접수 360,001 (초당 2,000) 거절 0 실패 0 dropped 0 | 접수 p95 3.6 p99 11.6 max 44.5ms
  주문당 MySQL: Questions 6.00, Com_select 1.00, Com_insert 2.00, Com_commit 1.00, Com_set_option 2.00, Handler_commit 7.00, Innodb_os_log_fsyncs 2.12, Innodb_row_lock_waits 0.00 | DB 360,001 = 접수
  노트북 CPU 97.4% (mysqld 61.0 / java 28.7), 클럭 109%, 주문당 CPU 48.72%p/1000건·s, TCP 재전송 0/s (32표본)
  저장 완료: 완료 건수: 357465 | p50 (보간 추정): 2.6 ms | p95 (보간 추정): 4.9 ms | p99 (보간 추정): 17.8 ms
  앱 커넥션 세션 격리 수준(워밍업 뒤): REPEATABLE-READ 20
  데스크톱 CPU 평균 14.4% / 최대 28.1%
[11:48:04] 회차 완료 5/6 (def)
[11:48:04] [6/6 rc] 전 휴식 894초 (끝 12:02:58)
[12:02:59] 전원 상태 [6회차 기동 전] = 2 100 (첫 값 2 = 충전기)
서버 기동 요청 P=20  rc=0 pid=2308
[12:03:10] 서버 준비 완료 (풀 20.0, 3회 확인)
서버 커넥션 풀 = 20.0 (기대 20), insert 워커 = 20.0 (기대 20), 비동기 대기 자리 = 70000.0 (기대 70000), 동기 처리 자리 = 없음 (syncff만 120)
[1/1 12:03:27] 부하 전 노트북 CPU 평균 = 0.016 (기준 0.15 미만) / 데스크톱 = 2% (기준 30% 미만)
워밍업 종료 12:04:27 exit=0
워밍업 k6 연결 실패 0건
큐 소진 (queued=0.0 active=0.0, 2초 이내)
REPEATABLE-READ	20
reviews	orders	order_menus	stats_not_zero
0	0	0	0
[12:04:30] 전원 상태 [6회차 측정 전] = 2 100 (첫 값 2 = 충전기)
서버 커넥션 풀 = 20.0 (기대 20), insert 워커 = 20.0 (기대 20), 비동기 대기 자리 = 70000.0 (기대 70000), 동기 처리 자리 = 없음 (syncff만 120)
[1/8 12:04:47] 부하 전 노트북 CPU 평균 = 0.188 (기준 0.15 미만) / 데스크톱 = 1.4% (기준 30% 미만)
[2/8 12:05:03] 부하 전 노트북 CPU 평균 = 0.021 (기준 0.15 미만) / 데스크톱 = 2.8% (기준 30% 미만)
측정 종료 12:08:03 exit=0
측정 k6 연결 실패 0건 (과부하 방식에서는 결과의 일부일 수 있음 — 데스크톱 CPU로 부하기 문제와 구분)
큐 소진 (queued=0.0 active=0.0, 2초 이내)
측정 중 데스크톱 CPU 평균 17.3% / 최대 35.8% / 80% 이상 최장 연속 0표본 → 통과
[12:08:39] DB 주문 수(측정분) = 360001
[12:08:40] 전원 상태 [6회차 측정 후] = 2 100 (첫 값 2 = 충전기)
서버 종료 pid=16152
서버 종료 pid=11680
== 06-rc  접수 360,001 (초당 2,000) 거절 0 실패 0 dropped 0 | 접수 p95 8.3 p99 18.8 max 103.0ms
  주문당 MySQL: Questions 9.00, Com_select 2.00, Com_insert 2.00, Com_commit 1.00, Com_set_option 4.00, Handler_commit 7.00, Innodb_os_log_fsyncs 1.66, Innodb_row_lock_waits 0.00 | DB 360,001 = 접수
  노트북 CPU 99.2% (mysqld 60.0 / java 32.3), 클럭 108%, 주문당 CPU 49.59%p/1000건·s, TCP 재전송 0/s (29표본)
  저장 완료: 완료 건수: 356679 | p50 (보간 추정): 2.9 ms | p95 (보간 추정): 9.2 ms | p99 (보간 추정): 23.0 ms
  앱 커넥션 세션 격리 수준(워밍업 뒤): REPEATABLE-READ 20
  데스크톱 CPU 평균 17.3% / 최대 35.8%
[12:08:44] 회차 완료 6/6 (rc)
노트북 CPU 기록 종료 pid=17484
[12:08:45] 노트북 CPU 기록 → benchmark/results/2026-09-29-ISO/laptop-cpu-iso.csv
[12:08:45] === 격리 수준 비교 iso 끝 ===
