time="2026-09-29T11:03:02+09:00" level=info msg="[run] 시작 11:03:02 MODE=async SCENARIO=fixed TAG=ISO-2000" source=console
time="2026-09-29T11:06:02+09:00" level=info msg="[run] 종료 11:06:02 TAG=ISO-2000" source=console
[32m     ✓ status is 202[0m
[32m     ✓ has sse location[0m

     checks[2m.........................:[0m [36m100.00%[0m [36;2m✓ 720002[0m      [36;2m✗ 0[0m     
     data_received[2m..................:[0m [36m50 MB[0m   [36;2m278 kB/s[0m
     data_sent[2m......................:[0m [36m97 MB[0m   [36;2m537 kB/s[0m
     http_req_blocked[2m...............:[0m avg=[36m20.38µs[0m min=[36m0s[0m med=[36m0s[0m     max=[36m19.97ms[0m p(90)=[36m0s[0m     p(95)=[36m0s[0m     p(99)=[36m0s[0m     
     http_req_connecting[2m............:[0m avg=[36m20.13µs[0m min=[36m0s[0m med=[36m0s[0m     max=[36m19.97ms[0m p(90)=[36m0s[0m     p(95)=[36m0s[0m     p(99)=[36m0s[0m     
     http_req_duration[2m..............:[0m avg=[36m1.43ms[0m  min=[36m0s[0m med=[36m1.02ms[0m max=[36m47.85ms[0m p(90)=[36m2.47ms[0m p(95)=[36m4.12ms[0m p(99)=[36m13.06ms[0m
       { expected_response:true }[2m...:[0m avg=[36m1.43ms[0m  min=[36m0s[0m med=[36m1.02ms[0m max=[36m47.85ms[0m p(90)=[36m2.47ms[0m p(95)=[36m4.12ms[0m p(99)=[36m13.06ms[0m
     http_req_failed[2m................:[0m [36m0.00%[0m   [36;2m✓ 0[0m           [36;2m✗ 360001[0m
     http_req_receiving[2m.............:[0m avg=[36m16.12µs[0m min=[36m0s[0m med=[36m0s[0m     max=[36m11.06ms[0m p(90)=[36m0s[0m     p(95)=[36m0s[0m     p(99)=[36m529.1µs[0m
     http_req_sending[2m...............:[0m avg=[36m810ns[0m   min=[36m0s[0m med=[36m0s[0m     max=[36m11.98ms[0m p(90)=[36m0s[0m     p(95)=[36m0s[0m     p(99)=[36m0s[0m     
     http_req_tls_handshaking[2m.......:[0m avg=[36m0s[0m      min=[36m0s[0m med=[36m0s[0m     max=[36m0s[0m      p(90)=[36m0s[0m     p(95)=[36m0s[0m     p(99)=[36m0s[0m     
     http_req_waiting[2m...............:[0m avg=[36m1.41ms[0m  min=[36m0s[0m med=[36m1.02ms[0m max=[36m47.85ms[0m p(90)=[36m2.4ms[0m  p(95)=[36m4.09ms[0m p(99)=[36m13.04ms[0m
     http_reqs[2m......................:[0m [36m360001[0m  [36;2m1999.696067/s[0m
     iteration_duration[2m.............:[0m avg=[36m1.49ms[0m  min=[36m0s[0m med=[36m1.02ms[0m max=[36m47.85ms[0m p(90)=[36m2.59ms[0m p(95)=[36m4.22ms[0m p(99)=[36m13.68ms[0m
     iterations[2m.....................:[0m [36m360001[0m  [36;2m1999.696067/s[0m
     order_accepted_duration[2m........:[0m avg=[36m1.43ms[0m  min=[36m0s[0m med=[36m1.02ms[0m max=[36m47.85ms[0m p(90)=[36m2.47ms[0m p(95)=[36m4.12ms[0m p(99)=[36m13.06ms[0m
     orders_accepted[2m................:[0m [36m360001[0m  [36;2m1999.696067/s[0m
     vus[2m............................:[0m [36m2[0m       [36;2mmin=0[0m         [36;2mmax=77[0m  
     vus_max[2m........................:[0m [36m300[0m     [36;2mmin=300[0m       [36;2mmax=300[0m 