time="2026-09-29T11:01:26+09:00" level=info msg="[run] 시작 11:01:26 MODE=async SCENARIO=fixed TAG=S-warmup" source=console
time="2026-09-29T11:02:26+09:00" level=info msg="[run] 종료 11:02:26 TAG=S-warmup" source=console
[32m     ✓ status is 202[0m
[32m     ✓ has sse location[0m

     checks[2m.........................:[0m [36m100.00%[0m [36;2m✓ 177352[0m      [36;2m✗ 0[0m     
     data_received[2m..................:[0m [36m12 MB[0m   [36;2m205 kB/s[0m
     data_sent[2m......................:[0m [36m24 MB[0m   [36;2m397 kB/s[0m
     dropped_iterations[2m.............:[0m [36m1325[0m    [36;2m22.076707/s[0m
     http_req_blocked[2m...............:[0m avg=[36m39.19ms[0m  min=[36m0s[0m med=[36m0s[0m       max=[36m15.05s[0m p(90)=[36m0s[0m       p(95)=[36m0s[0m       p(99)=[36m146.56ms[0m
     http_req_connecting[2m............:[0m avg=[36m39.19ms[0m  min=[36m0s[0m med=[36m0s[0m       max=[36m15.05s[0m p(90)=[36m0s[0m       p(95)=[36m0s[0m       p(99)=[36m146.56ms[0m
     http_req_duration[2m..............:[0m avg=[36m80.75ms[0m  min=[36m0s[0m med=[36m517.29µs[0m max=[36m15.3s[0m  p(90)=[36m178.61ms[0m p(95)=[36m429.09ms[0m p(99)=[36m1.28s[0m   
       { expected_response:true }[2m...:[0m avg=[36m80.75ms[0m  min=[36m0s[0m med=[36m517.29µs[0m max=[36m15.3s[0m  p(90)=[36m178.61ms[0m p(95)=[36m429.09ms[0m p(99)=[36m1.28s[0m   
     http_req_failed[2m................:[0m [36m0.00%[0m   [36;2m✓ 0[0m           [36;2m✗ 88676[0m 
     http_req_receiving[2m.............:[0m avg=[36m8.76µs[0m   min=[36m0s[0m med=[36m0s[0m       max=[36m6.5ms[0m  p(90)=[36m0s[0m       p(95)=[36m0s[0m       p(99)=[36m511.1µs[0m 
     http_req_sending[2m...............:[0m avg=[36m1.71µs[0m   min=[36m0s[0m med=[36m0s[0m       max=[36m2.8ms[0m  p(90)=[36m0s[0m       p(95)=[36m0s[0m       p(99)=[36m0s[0m      
     http_req_tls_handshaking[2m.......:[0m avg=[36m0s[0m       min=[36m0s[0m med=[36m0s[0m       max=[36m0s[0m     p(90)=[36m0s[0m       p(95)=[36m0s[0m       p(99)=[36m0s[0m      
     http_req_waiting[2m...............:[0m avg=[36m80.74ms[0m  min=[36m0s[0m med=[36m517.1µs[0m  max=[36m15.3s[0m  p(90)=[36m178.52ms[0m p(95)=[36m429.09ms[0m p(99)=[36m1.28s[0m   
     http_reqs[2m......................:[0m [36m88676[0m   [36;2m1477.489865/s[0m
     iteration_duration[2m.............:[0m avg=[36m119.97ms[0m min=[36m0s[0m med=[36m517.9µs[0m  max=[36m15.3s[0m  p(90)=[36m198.77ms[0m p(95)=[36m496.27ms[0m p(99)=[36m2.4s[0m    
     iterations[2m.....................:[0m [36m88676[0m   [36;2m1477.489865/s[0m
     order_accepted_duration[2m........:[0m avg=[36m80.75ms[0m  min=[36m0s[0m med=[36m517.29µs[0m max=[36m15.3s[0m  p(90)=[36m178.61ms[0m p(95)=[36m429.09ms[0m p(99)=[36m1.28s[0m   
     orders_accepted[2m................:[0m [36m88676[0m   [36;2m1477.489865/s[0m
     vus[2m............................:[0m [36m2[0m       [36;2mmin=0[0m         [36;2mmax=1184[0m
     vus_max[2m........................:[0m [36m1496[0m    [36;2mmin=385[0m       [36;2mmax=1496[0m