[06:13:50] === 선착순 flash 시작: 회차 21개 (async:memory sync-ff:memory async:db-bucket sync-ff:db-bucket async:db-single sync-ff:db-single sync:memory sync:memory sync-ff:db-single async:db-single sync-ff:db-bucket async:db-bucket sync-ff:memory async:memory async:db-bucket sync:memory sync-ff:memory async:db-single async:memory sync-ff:db-single sync-ff:db-bucket, 폴더 1번부터), 휴식 900초, 본측정 이벤트 1, 연습용 2, 동기 처리 상한 130 ===
노트북 CPU 기록 시작 pid=18852 rc=0
[06:13:55] 전원 상태 [1회차 기동 전] = 2 98 (첫 값 2 = 충전기)
서버 기동 요청 P=20 --omp.executor.insert.queue=70000 --omp.promotion.stock-mode=memory --omp.promotion.admin-api=true rc=0 pid=15216
[06:14:06] 서버 준비 완료 (풀 20.0, 3회 확인)
서버 커넥션 풀 = 20.0 (기대 20), 저장 워커 = 20.0 (기대 20), 비동기 대기 자리 = 70000.0 (기대 70000), 동기 처리 상한 = 없음, 재고 방식 = MEMORY (기대 MEMORY)
[1/1 06:14:24] 부하 전 노트북 CPU 평균 = 0.018 (기준 0.15 미만) / 데스크톱 = 14.6% (기준 30% 미만)
워밍업 종료 06:15:30 exit=0 (연습용 이벤트 2, 초당 1000건)
워밍업 k6 연결 실패 0건
큐 소진 (queued=0.0 active=0.0, 2초 이내)
reviews	orders	order_menus	stats_not_zero
0	0	0	0
[06:15:31] 본측정 이벤트 초기화: {"promotionId":1,"stockMode":"MEMORY","totalStock":100000,"participations":0,"remainingSingle":100000,"remainingBuckets":100000,"remainingMemory":-1,"pendingUnknown":0,"distinctTickets":0}
[06:15:32] 전원 상태 [1회차 측정 전] = 2 98 (첫 값 2 = 충전기)
서버 커넥션 풀 = 20.0 (기대 20), 저장 워커 = 20.0 (기대 20), 비동기 대기 자리 = 70000.0 (기대 70000), 동기 처리 상한 = 없음, 재고 방식 = MEMORY (기대 MEMORY)
[1/8 06:15:49] 부하 전 노트북 CPU 평균 = 0.080 (기준 0.15 미만) / 데스크톱 = 6.2% (기준 30% 미만)
clock_offset_s=-1.567 error_s=0.310
본측정 시작 06:15:50 (이벤트 1, async, memory, 약 437초)
본측정 종료 06:23:08 exit=0
측정 k6 연결 실패 13건 → 무효(요청이 서버에 닿지 못함)
큐 소진 (queued=0.0 active=0.0, 2초 이내)
결과 모름 확인 대기 = 0.0 (0이어야 함)
정합성 확인: {"promotionId":1,"stockMode":"MEMORY","totalStock":100000,"participations":100000,"remainingSingle":100000,"remainingBuckets":100000,"remainingMemory":0,"pendingUnknown":0,"distinctTickets":100000}
측정 중 데스크톱 CPU 평균 13.6% / 최대 43.3% / 80% 이상 최장 연속 0표본 → 통과
[06:23:23] DB: participations 100000 100000 06:16:19.172387 06:16:57.493723|orders 117474|
[06:23:24] 전원 상태 [1회차 측정 후] = 2 98 (첫 값 2 = 충전기)
서버 종료 pid=19076
서버 종료 pid=4080
== 01-async-memory  (async, memory)
  시도 229,655건: 성공(202) 100,000 · 매진 129,643 · 429 0 · 이미 참여 0 · 시간 밖 0 · 그 밖 12 | 보내지 못함(dropped, 두 시나리오 합) 2,841 | VU 최대 3,704
  응답 ms (평균 / 중앙값 / p95 / p99 / 최대): 성공 115.0 / 16.8 / 565.4 / 2385.2 / 5,170 | 매진 65.9 / 0.5 / 1.4 / 2430.2 / 14,923 | 429 —
  평상시 주문: 성공 17,474 · 거절 0 · 실패 1 | 응답 ms 18.5 / 1.4 / 14.9 / 287.1 / 9,551
  서버: 예약 100,000 · 확정 100,000 · 거절 sold_out 129,643 · 반납 0 · 번호 제약 위반 0 · 비동기 워커 실패 0 · 429(비동기 0 / 동기 0)
  비동기 제출 → 커밋 (성공, 회차 전체 117,474건): 평균 613ms | 할인 구간 101,631건 (평상시 주문 약 1,616건 포함): 평균 708ms, p50 / p95 / p99 ≈ 739 / 2,092 / 2,418ms (구간 보간)
  사용자 기준 요청 → 확정 (성공, 비동기): 평균 ≈ 202 응답 115.0ms + 제출 → 커밋 708ms = 823ms
  1초 폴링 382회: 매진 첫 응답 정각 + 39.0초 | 초당 확정 최대 4,655건 (정각 + 6초) | 큐 최대 3,436건 (정각 + 28초), 소진 정각 + 40초 | 커넥션 대기 최대 0 · Tomcat 바쁜 스레드 최대 11
  확정(DB 참여 행) 100,000건 (번호표 100,000개): 첫 확정 06:16:19.172 → 마지막 확정 06:16:57.493 (첫 확정 기준 +38.3초, 정각 기준 +39.1초 ± 0.3)
  DB 주문 수 117,474건 (할인 + 평상시)
  초당 확정(DB): 최대 3,116건 · 50% +20초 · 90% +34초 · 100% +38초 (첫 확정 초 기준, 1초 단위)
  정합성 (MEMORY): 재고 100,000, 참여 100,000, 남은 재고 0, 매진 예 | 초과 판매 없음 (참여 ≤ 재고) ✓, 남은 재고 + 참여 = 재고 ✓, 결과 모름 0 ✓, 번호표 중복 없음 ✓
  MySQL: 명령 804,869개, 커밋 117,476 · 롤백 0(매진·실패한 시도) → 트랜잭션당 명령 6.85, 커밋당 redo fsync 0.85, 행 잠금 대기 0회 / 0.0초, 교착 0
  노트북 CPU (시도 구간) 33.3% (mysqld 15.0 / java 14.2), 클럭 113%, TCP 재전송 78/s
  GC 멈춤 51회(워밍업 포함), 최대 72ms
  데스크톱 CPU 평균 13.6% / 최대 43.3%, k6 연결 실패·5xx 13건 → 무효
[06:23:28] 회차 완료 1/21 (async memory)
[06:23:28] [2/21 sync-ff memory] 전 휴식 893초 (끝 06:38:21)
[06:38:22] 전원 상태 [2회차 기동 전] = 2 98 (첫 값 2 = 충전기)
서버 기동 요청 P=20 --omp.executor.insert.queue=70000 --omp.promotion.stock-mode=memory --omp.promotion.admin-api=true --omp.order.sync.max-in-flight=130 rc=0 pid=18644
[06:38:33] 서버 준비 완료 (풀 20.0, 3회 확인)
서버 커넥션 풀 = 20.0 (기대 20), 저장 워커 = 20.0 (기대 20), 비동기 대기 자리 = 70000.0 (기대 70000), 동기 처리 상한 = 130.0, 재고 방식 = MEMORY (기대 MEMORY)
[1/1 06:38:51] 부하 전 노트북 CPU 평균 = 0.022 (기준 0.15 미만) / 데스크톱 = 2.1% (기준 30% 미만)
워밍업 종료 06:39:56 exit=0 (연습용 이벤트 2, 초당 1000건)
워밍업 k6 연결 실패 0건
큐 소진 (queued=0.0 active=0.0, 2초 이내)
reviews	orders	order_menus	stats_not_zero
0	0	0	0
[06:39:58] 본측정 이벤트 초기화: {"promotionId":1,"stockMode":"MEMORY","totalStock":100000,"participations":0,"remainingSingle":100000,"remainingBuckets":100000,"remainingMemory":-1,"pendingUnknown":0,"distinctTickets":0}
[06:39:59] 전원 상태 [2회차 측정 전] = 2 98 (첫 값 2 = 충전기)
서버 커넥션 풀 = 20.0 (기대 20), 저장 워커 = 20.0 (기대 20), 비동기 대기 자리 = 70000.0 (기대 70000), 동기 처리 상한 = 130.0, 재고 방식 = MEMORY (기대 MEMORY)
[1/8 06:40:16] 부하 전 노트북 CPU 평균 = 0.082 (기준 0.15 미만) / 데스크톱 = 2.3% (기준 30% 미만)
clock_offset_s=-1.544 error_s=0.307
본측정 시작 06:40:17 (이벤트 1, sync-ff, memory, 약 437초)
본측정 종료 06:47:34 exit=0
측정 k6 연결 실패 344건 → 무효(요청이 서버에 닿지 못함)
큐 소진 (queued=0.0 active=0.0, 2초 이내)
결과 모름 확인 대기 = 0.0 (0이어야 함)
정합성 확인: {"promotionId":1,"stockMode":"MEMORY","totalStock":100000,"participations":100000,"remainingSingle":100000,"remainingBuckets":100000,"remainingMemory":0,"pendingUnknown":0,"distinctTickets":100000}
측정 중 데스크톱 CPU 평균 8.7% / 최대 29.7% / 80% 이상 최장 연속 0표본 → 통과
[06:47:50] DB: participations 100000 100000 06:40:45.599957 06:41:30.140627|orders 117160|
[06:47:51] 전원 상태 [2회차 측정 후] = 2 98 (첫 값 2 = 충전기)
서버 종료 pid=18040
서버 종료 pid=13928
== 02-sync-ff-memory  (sync-ff, memory)
  시도 231,967건: 성공(200) 100,000 · 매진 108,029 · 429 23,595 · 이미 참여 0 · 시간 밖 0 · 그 밖 343 | 보내지 못함(dropped, 두 시나리오 합) 522 | VU 최대 2,368
  응답 ms (평균 / 중앙값 / p95 / p99 / 최대): 성공 391.0 / 122.9 / 1313.1 / 4890.8 / 11,203 | 매진 40.8 / 0.5 / 0.8 / 608.8 / 13,494 | 429 413.6 / 84.8 / 1280.0 / 4853.1 / 13,915
  평상시 주문: 성공 17,160 · 거절 320 · 실패 1 | 응답 ms 37.3 / 4.3 / 92.1 / 664.8 / 9,719
  서버: 예약 100,000 · 확정 100,000 · 거절 sold_out 108,029 · 반납 0 · 번호 제약 위반 0 · 비동기 워커 실패 0 · 429(비동기 0 / 동기 23,915)
  사용자 기준 요청 → 확정 (성공, 동기 = 응답 시간): 평균 391.0ms, p50 122.9, p95 1313.1, p99 4890.8ms
  1초 폴링 371회: 매진 첫 응답 정각 + 45.3초 | 초당 확정 최대 4,189건 (정각 + 18초) | 큐 쌓이지 않음 | 커넥션 대기 최대 110 · Tomcat 바쁜 스레드 최대 133
  확정(DB 참여 행) 100,000건 (번호표 100,000개): 첫 확정 06:40:45.599 → 마지막 확정 06:41:30.140 (첫 확정 기준 +44.5초, 정각 기준 +44.7초 ± 0.3)
  DB 주문 수 117,160건 (할인 + 평상시)
  초당 확정(DB): 최대 2,773건 · 50% +23초 · 90% +40초 · 100% +45초 (첫 확정 초 기준, 1초 단위)
  정합성 (MEMORY): 재고 100,000, 참여 100,000, 남은 재고 0, 매진 예 | 초과 판매 없음 (참여 ≤ 재고) ✓, 남은 재고 + 참여 = 재고 ✓, 결과 모름 0 ✓, 번호표 중복 없음 ✓, 동기 성공 응답 = 참여 행 ✓
  MySQL: 명령 802,985개, 커밋 117,162 · 롤백 0(매진·실패한 시도) → 트랜잭션당 명령 6.85, 커밋당 redo fsync 1.28, 행 잠금 대기 0회 / 0.0초, 교착 0
  노트북 CPU (시도 구간) 34.1% (mysqld 16.7 / java 13.0), 클럭 111%, TCP 재전송 139/s
  GC 멈춤 48회(워밍업 포함), 최대 53ms
  데스크톱 CPU 평균 8.7% / 최대 29.7%, k6 연결 실패·5xx 344건 → 무효
[06:47:55] 회차 완료 2/21 (sync-ff memory)
[06:47:55] [3/21 async db-bucket] 전 휴식 893초 (끝 07:02:48)
[07:02:49] 전원 상태 [3회차 기동 전] = 2 98 (첫 값 2 = 충전기)
서버 기동 요청 P=20 --omp.executor.insert.queue=70000 --omp.promotion.stock-mode=db-bucket --omp.promotion.admin-api=true rc=0 pid=6340
[07:03:00] 서버 준비 완료 (풀 20.0, 3회 확인)
서버 커넥션 풀 = 20.0 (기대 20), 저장 워커 = 20.0 (기대 20), 비동기 대기 자리 = 70000.0 (기대 70000), 동기 처리 상한 = 없음, 재고 방식 = DB_BUCKET (기대 DB_BUCKET)
[1/1 07:03:18] 부하 전 노트북 CPU 평균 = 0.018 (기준 0.15 미만) / 데스크톱 = 2.5% (기준 30% 미만)
워밍업 종료 07:04:24 exit=0 (연습용 이벤트 2, 초당 1000건)
워밍업 k6 연결 실패 0건
큐 소진 (queued=0.0 active=0.0, 2초 이내)
reviews	orders	order_menus	stats_not_zero
0	0	0	0
[07:04:25] 본측정 이벤트 초기화: {"promotionId":1,"stockMode":"DB_BUCKET","totalStock":100000,"participations":0,"remainingSingle":100000,"remainingBuckets":100000,"remainingMemory":-1,"pendingUnknown":0,"distinctTickets":0}
[07:04:26] 전원 상태 [3회차 측정 전] = 2 98 (첫 값 2 = 충전기)
서버 커넥션 풀 = 20.0 (기대 20), 저장 워커 = 20.0 (기대 20), 비동기 대기 자리 = 70000.0 (기대 70000), 동기 처리 상한 = 없음, 재고 방식 = DB_BUCKET (기대 DB_BUCKET)
[1/8 07:04:43] 부하 전 노트북 CPU 평균 = 0.093 (기준 0.15 미만) / 데스크톱 = 1.4% (기준 30% 미만)
clock_offset_s=-1.526 error_s=0.317
본측정 시작 07:04:44 (이벤트 1, async, db-bucket, 약 437초)
본측정 종료 07:12:02 exit=0
측정 k6 연결 실패 125건 → 무효(요청이 서버에 닿지 못함)
큐 소진 (queued=0.0 active=0.0, 2초 이내)
결과 모름 확인 대기 = 0.0 (0이어야 함)
정합성 확인: {"promotionId":1,"stockMode":"DB_BUCKET","totalStock":100000,"participations":100000,"remainingSingle":100000,"remainingBuckets":0,"remainingMemory":-1,"pendingUnknown":0,"distinctTickets":0}
측정 중 데스크톱 CPU 평균 8.7% / 최대 29.0% / 80% 이상 최장 연속 0표본 → 통과
[07:12:17] DB: participations 100000 0 07:05:12.781861 07:06:04.977084|orders 117465|
[07:12:18] 전원 상태 [3회차 측정 후] = 2 98 (첫 값 2 = 충전기)
서버 종료 pid=1784
서버 종료 pid=19348
== 03-async-db-bucket  (async, db-bucket)
  시도 229,852건: 성공(202) 229,729 · 매진 0 · 429 0 · 이미 참여 0 · 시간 밖 0 · 그 밖 123 | 보내지 못함(dropped, 두 시나리오 합) 2,652 | VU 최대 3,948
  응답 ms (평균 / 중앙값 / p95 / p99 / 최대): 성공 138.0 / 14.8 / 501.6 / 2606.1 / 15,008 | 매진 — | 429 —
  평상시 주문: 성공 17,465 · 거절 0 · 실패 2 | 응답 ms 31.8 / 1.4 / 32.3 / 577.1 / 10,198
  서버: 예약 0 · 확정 100,000 · 거절 sold_out 129,729 · 반납 0 · 번호 제약 위반 0 · 비동기 워커 실패 129,729 · 429(비동기 0 / 동기 0)
  비동기 제출 → 커밋 (성공, 회차 전체 117,465건): 평균 6,548ms | 할인 구간 102,655건 (평상시 주문 약 2,649건 포함): 평균 7,492ms, p50 / p95 / p99 ≈ 7,382 / 16,529 / 19,306ms (구간 보간)
  비동기 제출 → 커밋 (실패, 회차 전체 129,729건): 평균 5,339ms | 할인 구간 78,055건 (평상시 주문 약 2,649건 포함): 평균 8,873ms, p50 / p95 / p99 ≈ 9,803 / 17,751 / 19,550ms (구간 보간)
  사용자 기준 요청 → 확정 (성공, 비동기): 평균 ≈ 202 응답 138.0ms + 제출 → 커밋 7,492ms = 7,630ms
  1초 폴링 369회: 매진 첫 응답 정각 + 53.1초 | 초당 확정 최대 2,214건 (정각 + 17초) | 큐 최대 47,844건 (정각 + 52초), 소진 정각 + 66초 | 커넥션 대기 최대 0 · Tomcat 바쁜 스레드 최대 76
  확정(DB 참여 행) 100,000건 (번호표 0개): 첫 확정 07:05:12.781 → 마지막 확정 07:06:04.977 (첫 확정 기준 +52.2초, 정각 기준 +52.5초 ± 0.3)
  DB 주문 수 117,465건 (할인 + 평상시)
  초당 확정(DB): 최대 2,141건 · 50% +27초 · 90% +47초 · 100% +52초 (첫 확정 초 기준, 1초 단위)
  정합성 (DB_BUCKET): 재고 100,000, 참여 100,000, 남은 재고 0, 매진 예 | 초과 판매 없음 (참여 ≤ 재고) ✓, 남은 재고 + 참여 = 재고 ✓, 결과 모름 0 ✓
  MySQL: 명령 2,213,049개, 커밋 117,467 · 롤백 129,729(매진·실패한 시도) → 트랜잭션당 명령 8.95, 커밋당 redo fsync 0.70, 행 잠금 대기 1,890회 / 10.0초, 교착 0
  노트북 CPU (시도 구간) 57.6% (mysqld 30.4 / java 23.4), 클럭 115%, TCP 재전송 103/s
  GC 멈춤 57회(워밍업 포함), 최대 59ms
  데스크톱 CPU 평균 8.7% / 최대 29.0%, k6 연결 실패·5xx 125건 → 무효
[07:12:22] 회차 완료 3/21 (async db-bucket)
[07:12:22] [4/21 sync-ff db-bucket] 전 휴식 893초 (끝 07:27:15)
[07:27:16] 전원 상태 [4회차 기동 전] = 2 98 (첫 값 2 = 충전기)
서버 기동 요청 P=20 --omp.executor.insert.queue=70000 --omp.promotion.stock-mode=db-bucket --omp.promotion.admin-api=true --omp.order.sync.max-in-flight=130 rc=0 pid=16360
[07:27:28] 서버 준비 완료 (풀 20.0, 3회 확인)
서버 커넥션 풀 = 20.0 (기대 20), 저장 워커 = 20.0 (기대 20), 비동기 대기 자리 = 70000.0 (기대 70000), 동기 처리 상한 = 130.0, 재고 방식 = DB_BUCKET (기대 DB_BUCKET)
[1/1 07:27:45] 부하 전 노트북 CPU 평균 = 0.018 (기준 0.15 미만) / 데스크톱 = 5.8% (기준 30% 미만)
워밍업 종료 07:28:51 exit=0 (연습용 이벤트 2, 초당 1000건)
워밍업 k6 연결 실패 0건
큐 소진 (queued=0.0 active=0.0, 2초 이내)
reviews	orders	order_menus	stats_not_zero
0	0	0	0
[07:28:53] 본측정 이벤트 초기화: {"promotionId":1,"stockMode":"DB_BUCKET","totalStock":100000,"participations":0,"remainingSingle":100000,"remainingBuckets":100000,"remainingMemory":-1,"pendingUnknown":0,"distinctTickets":0}
[07:28:54] 전원 상태 [4회차 측정 전] = 2 98 (첫 값 2 = 충전기)
서버 커넥션 풀 = 20.0 (기대 20), 저장 워커 = 20.0 (기대 20), 비동기 대기 자리 = 70000.0 (기대 70000), 동기 처리 상한 = 130.0, 재고 방식 = DB_BUCKET (기대 DB_BUCKET)
[1/8 07:29:11] 부하 전 노트북 CPU 평균 = 0.088 (기준 0.15 미만) / 데스크톱 = 4.1% (기준 30% 미만)
clock_offset_s=-1.527 error_s=0.313
본측정 시작 07:29:11 (이벤트 1, sync-ff, db-bucket, 약 437초)
본측정 종료 07:36:29 exit=0
측정 k6 연결 실패 0건 → 통과
큐 소진 (queued=0.0 active=0.0, 2초 이내)
결과 모름 확인 대기 = 0.0 (0이어야 함)
정합성 확인: {"promotionId":1,"stockMode":"DB_BUCKET","totalStock":100000,"participations":100000,"remainingSingle":100000,"remainingBuckets":0,"remainingMemory":-1,"pendingUnknown":0,"distinctTickets":0}
측정 중 데스크톱 CPU 평균 11.7% / 최대 33.8% / 80% 이상 최장 연속 0표본 → 통과
[07:36:44] DB: participations 100000 0 07:29:40.582244 07:30:37.445998|orders 116681|
[07:36:46] 전원 상태 [4회차 측정 후] = 2 98 (첫 값 2 = 충전기)
서버 종료 pid=6728
서버 종료 pid=17384
== 04-sync-ff-db-bucket  (sync-ff, db-bucket)
  시도 232,489건: 성공(200) 100,000 · 매진 71,582 · 429 60,907 · 이미 참여 0 · 시간 밖 0 · 그 밖 0 | 보내지 못함(dropped, 두 시나리오 합) 0 | VU 최대 2,050
  응답 ms (평균 / 중앙값 / p95 / p99 / 최대): 성공 98.3 / 72.1 / 300.7 / 443.5 / 1,509 | 매진 1.7 / 1.0 / 1.5 / 10.8 / 409 | 429 33.6 / 13.5 / 263.4 / 320.7 / 1,226
  평상시 주문: 성공 16,681 · 거절 800 · 실패 0 | 응답 ms 12.0 / 4.3 / 48.2 / 209.8 / 956
  서버: 예약 0 · 확정 100,000 · 거절 sold_out 71,582 · 반납 0 · 번호 제약 위반 0 · 비동기 워커 실패 0 · 429(비동기 0 / 동기 61,707)
  사용자 기준 요청 → 확정 (성공, 동기 = 응답 시간): 평균 98.3ms, p50 72.1, p95 300.7, p99 443.5ms
  1초 폴링 381회: 매진 첫 응답 정각 + 58.0초 | 초당 확정 최대 2,041건 (정각 + 11초) | 큐 쌓이지 않음 | 커넥션 대기 최대 110 · Tomcat 바쁜 스레드 최대 136
  확정(DB 참여 행) 100,000건 (번호표 0개): 첫 확정 07:29:40.582 → 마지막 확정 07:30:37.445 (첫 확정 기준 +56.9초, 정각 기준 +57.0초 ± 0.3)
  DB 주문 수 116,681건 (할인 + 평상시)
  초당 확정(DB): 최대 1,964건 · 50% +29초 · 90% +51초 · 100% +57초 (첫 확정 초 기준, 1초 단위)
  정합성 (DB_BUCKET): 재고 100,000, 참여 100,000, 남은 재고 0, 매진 예 | 초과 판매 없음 (참여 ≤ 재고) ✓, 남은 재고 + 참여 = 재고 ✓, 결과 모름 0 ✓, 동기 성공 응답 = 참여 행 ✓
  MySQL: 명령 1,801,443개, 커밋 116,683 · 롤백 71,582(매진·실패한 시도) → 트랜잭션당 명령 9.57, 커밋당 redo fsync 0.92, 행 잠금 대기 26,505회 / 85.1초, 교착 0
  노트북 CPU (시도 구간) 57.4% (mysqld 29.9 / java 23.2), 클럭 116%, TCP 재전송 34/s
  GC 멈춤 54회(워밍업 포함), 최대 63ms
  데스크톱 CPU 평균 11.7% / 최대 33.8%, k6 연결 실패·5xx 0건 → 유효
[07:36:49] 회차 완료 4/21 (sync-ff db-bucket)
[07:36:49] [5/21 async db-single] 전 휴식 893초 (끝 07:51:42)
[07:51:43] 전원 상태 [5회차 기동 전] = 2 98 (첫 값 2 = 충전기)
서버 기동 요청 P=20 --omp.executor.insert.queue=70000 --omp.promotion.stock-mode=db-single --omp.promotion.admin-api=true rc=0 pid=18576
[07:51:55] 서버 준비 완료 (풀 20.0, 3회 확인)
서버 커넥션 풀 = 20.0 (기대 20), 저장 워커 = 20.0 (기대 20), 비동기 대기 자리 = 70000.0 (기대 70000), 동기 처리 상한 = 없음, 재고 방식 = DB_SINGLE (기대 DB_SINGLE)
[1/1 07:52:13] 부하 전 노트북 CPU 평균 = 0.118 (기준 0.15 미만) / 데스크톱 = 5.7% (기준 30% 미만)
워밍업 종료 07:53:18 exit=0 (연습용 이벤트 2, 초당 1000건)
워밍업 k6 연결 실패 0건
큐 소진 (queued=0.0 active=0.0, 2초 이내)
reviews	orders	order_menus	stats_not_zero
0	0	0	0
[07:53:20] 본측정 이벤트 초기화: {"promotionId":1,"stockMode":"DB_SINGLE","totalStock":100000,"participations":0,"remainingSingle":100000,"remainingBuckets":100000,"remainingMemory":-1,"pendingUnknown":0,"distinctTickets":0}
[07:53:21] 전원 상태 [5회차 측정 전] = 2 98 (첫 값 2 = 충전기)
서버 커넥션 풀 = 20.0 (기대 20), 저장 워커 = 20.0 (기대 20), 비동기 대기 자리 = 70000.0 (기대 70000), 동기 처리 상한 = 없음, 재고 방식 = DB_SINGLE (기대 DB_SINGLE)
[1/8 07:53:38] 부하 전 노트북 CPU 평균 = 0.121 (기준 0.15 미만) / 데스크톱 = 5.6% (기준 30% 미만)
clock_offset_s=-1.518 error_s=0.326
본측정 시작 07:53:38 (이벤트 1, async, db-single, 약 437초)
본측정 종료 08:00:56 exit=0
측정 k6 연결 실패 0건 → 통과
큐 소진 (queued=0.0 active=0.0, 2초 이내)
결과 모름 확인 대기 = 0.0 (0이어야 함)
정합성 확인: {"promotionId":1,"stockMode":"DB_SINGLE","totalStock":100000,"participations":100000,"remainingSingle":0,"remainingBuckets":100000,"remainingMemory":-1,"pendingUnknown":0,"distinctTickets":0}
측정 중 데스크톱 CPU 평균 11.7% / 최대 35.3% / 80% 이상 최장 연속 0표본 → 통과
[08:01:11] DB: participations 100000 0 07:54:07.749640 07:55:37.926677|orders 116417|
[08:01:12] 전원 상태 [5회차 측정 후] = 2 98 (첫 값 2 = 충전기)
서버 종료 pid=9104
서버 종료 pid=8932
== 05-async-db-single  (async, db-single)
  시도 232,489건: 성공(202) 180,064 · 매진 0 · 429 52,425 · 이미 참여 0 · 시간 밖 0 · 그 밖 0 | 보내지 못함(dropped, 두 시나리오 합) 0 | VU 최대 2,050
  응답 ms (평균 / 중앙값 / p95 / p99 / 최대): 성공 7.5 / 1.0 / 8.7 / 205.0 / 2,447 | 매진 — | 429 2.6 / 1.0 / 6.6 / 42.3 / 218
  평상시 주문: 성공 16,417 · 거절 1,064 · 실패 0 | 응답 ms 4.3 / 1.4 / 2.2 / 81.9 / 2,493
  서버: 예약 0 · 확정 100,000 · 거절 sold_out 80,064 · 반납 0 · 번호 제약 위반 0 · 비동기 워커 실패 80,064 · 429(비동기 53,489 / 동기 0)
  비동기 제출 → 커밋 (성공, 회차 전체 116,417건): 평균 23,578ms | 할인 구간 102,897건 (평상시 주문 약 3,960건 포함): 평균 26,676ms, p50 / p95 / p99 ≈ 27,008 / 55,778 / 59,156ms (구간 보간)
  비동기 제출 → 커밋 (실패, 회차 전체 80,064건): 평균 28,669ms | 할인 구간 75,948건 (평상시 주문 약 3,960건 포함): 평균 30,222ms, p50 / p95 / p99 ≈ 30,709 / 57,134 / 59,427ms (구간 보간)
  사용자 기준 요청 → 확정 (성공, 비동기): 평균 ≈ 202 응답 7.5ms + 제출 → 커밋 26,676ms = 26,684ms
  1초 폴링 385회: 매진 첫 응답 정각 + 91.6초 | 초당 확정 최대 1,223건 (정각 + 86초) | 큐 최대 70,000건 (정각 + 42초), 소진 정각 + 99초 | 커넥션 대기 최대 0 · Tomcat 바쁜 스레드 최대 6
  확정(DB 참여 행) 100,000건 (번호표 0개): 첫 확정 07:54:07.749 → 마지막 확정 07:55:37.926 (첫 확정 기준 +90.2초, 정각 기준 +90.4초 ± 0.3)
  DB 주문 수 116,417건 (할인 + 평상시)
  초당 확정(DB): 최대 1,211건 · 50% +47초 · 90% +82초 · 100% +90초 (첫 확정 초 기준, 1초 단위)
  정합성 (DB_SINGLE): 재고 100,000, 참여 100,000, 남은 재고 0, 매진 예 | 초과 판매 없음 (참여 ≤ 재고) ✓, 남은 재고 + 참여 = 재고 ✓, 결과 모름 0 ✓
  MySQL: 명령 1,318,872개, 커밋 116,419 · 롤백 80,064(매진·실패한 시도) → 트랜잭션당 명령 6.71, 커밋당 redo fsync 3.93, 행 잠금 대기 99,197회 / 1,447.6초, 교착 0
  노트북 CPU (시도 구간) 88.7% (mysqld 55.2 / java 25.1), 클럭 110%, TCP 재전송 9/s
  GC 멈춤 54회(워밍업 포함), 최대 82ms
  데스크톱 CPU 평균 11.7% / 최대 35.3%, k6 연결 실패·5xx 0건 → 유효
[08:01:16] 회차 완료 5/21 (async db-single)
[08:01:16] [6/21 sync-ff db-single] 전 휴식 893초 (끝 08:16:09)
[08:16:10] 전원 상태 [6회차 기동 전] = 2 98 (첫 값 2 = 충전기)
서버 기동 요청 P=20 --omp.executor.insert.queue=70000 --omp.promotion.stock-mode=db-single --omp.promotion.admin-api=true --omp.order.sync.max-in-flight=130 rc=0 pid=6108
[08:16:22] 서버 준비 완료 (풀 20.0, 3회 확인)
서버 커넥션 풀 = 20.0 (기대 20), 저장 워커 = 20.0 (기대 20), 비동기 대기 자리 = 70000.0 (기대 70000), 동기 처리 상한 = 130.0, 재고 방식 = DB_SINGLE (기대 DB_SINGLE)
[1/1 08:16:39] 부하 전 노트북 CPU 평균 = 0.018 (기준 0.15 미만) / 데스크톱 = 3.2% (기준 30% 미만)
워밍업 종료 08:17:45 exit=0 (연습용 이벤트 2, 초당 1000건)
워밍업 k6 연결 실패 0건
큐 소진 (queued=0.0 active=0.0, 2초 이내)
reviews	orders	order_menus	stats_not_zero
0	0	0	0
[08:17:46] 본측정 이벤트 초기화: {"promotionId":1,"stockMode":"DB_SINGLE","totalStock":100000,"participations":0,"remainingSingle":100000,"remainingBuckets":100000,"remainingMemory":-1,"pendingUnknown":0,"distinctTickets":0}
[08:17:47] 전원 상태 [6회차 측정 전] = 2 98 (첫 값 2 = 충전기)
서버 커넥션 풀 = 20.0 (기대 20), 저장 워커 = 20.0 (기대 20), 비동기 대기 자리 = 70000.0 (기대 70000), 동기 처리 상한 = 130.0, 재고 방식 = DB_SINGLE (기대 DB_SINGLE)
[1/8 08:18:04] 부하 전 노트북 CPU 평균 = 0.093 (기준 0.15 미만) / 데스크톱 = 5.3% (기준 30% 미만)
clock_offset_s=-1.518 error_s=0.318
본측정 시작 08:18:05 (이벤트 1, sync-ff, db-single, 약 437초)
본측정 종료 08:25:23 exit=0
측정 k6 연결 실패 0건 → 통과
큐 소진 (queued=0.0 active=0.0, 2초 이내)
결과 모름 확인 대기 = 0.0 (0이어야 함)
정합성 확인: {"promotionId":1,"stockMode":"DB_SINGLE","totalStock":100000,"participations":100000,"remainingSingle":0,"remainingBuckets":100000,"remainingMemory":-1,"pendingUnknown":0,"distinctTickets":0}
측정 중 데스크톱 CPU 평균 11.4% / 최대 37.0% / 80% 이상 최장 연속 0표본 → 통과
[08:25:38] DB: participations 100000 0 08:18:33.960924 08:20:03.661626|orders 115483|
[08:25:39] 전원 상태 [6회차 측정 후] = 2 98 (첫 값 2 = 충전기)
서버 종료 pid=6776
서버 종료 pid=3456
== 06-sync-ff-db-single  (sync-ff, db-single)
  시도 232,489건: 성공(200) 100,000 · 매진 11,870 · 429 120,619 · 이미 참여 0 · 시간 밖 0 · 그 밖 0 | 보내지 못함(dropped, 두 시나리오 합) 0 | VU 최대 2,050
  응답 ms (평균 / 중앙값 / p95 / p99 / 최대): 성공 112.7 / 113.2 / 211.1 / 298.9 / 676 | 매진 0.9 / 0.6 / 1.4 / 2.4 / 59 | 429 1.3 / 0.9 / 3.2 / 10.5 / 37
  평상시 주문: 성공 15,483 · 거절 1,998 · 실패 0 | 응답 ms 12.7 / 4.4 / 97.3 / 115.1 / 307
  서버: 예약 0 · 확정 100,000 · 거절 sold_out 11,870 · 반납 0 · 번호 제약 위반 0 · 비동기 워커 실패 0 · 429(비동기 0 / 동기 122,617)
  사용자 기준 요청 → 확정 (성공, 동기 = 응답 시간): 평균 112.7ms, p50 113.2, p95 211.1, p99 298.9ms
  1초 폴링 390회: 매진 첫 응답 정각 + 90.8초 | 초당 확정 최대 1,197건 (정각 + 13초) | 큐 쌓이지 않음 | 커넥션 대기 최대 110 · Tomcat 바쁜 스레드 최대 133
  확정(DB 참여 행) 100,000건 (번호표 0개): 첫 확정 08:18:33.960 → 마지막 확정 08:20:03.661 (첫 확정 기준 +89.7초, 정각 기준 +90.2초 ± 0.3)
  DB 주문 수 115,483건 (할인 + 평상시)
  초당 확정(DB): 최대 1,218건 · 50% +46초 · 90% +82초 · 100% +90초 (첫 확정 초 기준, 1초 단위)
  정합성 (DB_SINGLE): 재고 100,000, 참여 100,000, 남은 재고 0, 매진 예 | 초과 판매 없음 (참여 ≤ 재고) ✓, 남은 재고 + 참여 = 재고 ✓, 결과 모름 0 ✓, 동기 성공 응답 = 참여 행 ✓
  MySQL: 명령 1,040,497개, 커밋 115,485 · 롤백 11,870(매진·실패한 시도) → 트랜잭션당 명령 8.17, 커밋당 redo fsync 4.00, 행 잠금 대기 99,195회 / 1,430.8초, 교착 0
  노트북 CPU (시도 구간) 81.0% (mysqld 51.1 / java 22.6), 클럭 111%, TCP 재전송 0/s
  GC 멈춤 51회(워밍업 포함), 최대 82ms
  데스크톱 CPU 평균 11.4% / 최대 37.0%, k6 연결 실패·5xx 0건 → 유효
[08:25:43] 회차 완료 6/21 (sync-ff db-single)
[08:25:43] [7/21 sync memory] 전 휴식 893초 (끝 08:40:36)
[08:40:37] 전원 상태 [7회차 기동 전] = 2 98 (첫 값 2 = 충전기)
서버 기동 요청 P=20 --omp.executor.insert.queue=70000 --omp.promotion.stock-mode=memory --omp.promotion.admin-api=true rc=0 pid=6792
[08:40:48] 서버 준비 완료 (풀 20.0, 3회 확인)
서버 커넥션 풀 = 20.0 (기대 20), 저장 워커 = 20.0 (기대 20), 비동기 대기 자리 = 70000.0 (기대 70000), 동기 처리 상한 = 없음, 재고 방식 = MEMORY (기대 MEMORY)
[1/1 08:41:05] 부하 전 노트북 CPU 평균 = 0.018 (기준 0.15 미만) / 데스크톱 = 5.1% (기준 30% 미만)
워밍업 종료 08:42:11 exit=0 (연습용 이벤트 2, 초당 1000건)
워밍업 k6 연결 실패 0건
큐 소진 (queued=0.0 active=0.0, 2초 이내)
reviews	orders	order_menus	stats_not_zero
0	0	0	0
[08:42:13] 본측정 이벤트 초기화: {"promotionId":1,"stockMode":"MEMORY","totalStock":100000,"participations":0,"remainingSingle":100000,"remainingBuckets":100000,"remainingMemory":-1,"pendingUnknown":0,"distinctTickets":0}
[08:42:14] 전원 상태 [7회차 측정 전] = 2 98 (첫 값 2 = 충전기)
서버 커넥션 풀 = 20.0 (기대 20), 저장 워커 = 20.0 (기대 20), 비동기 대기 자리 = 70000.0 (기대 70000), 동기 처리 상한 = 없음, 재고 방식 = MEMORY (기대 MEMORY)
[1/8 08:42:31] 부하 전 노트북 CPU 평균 = 0.081 (기준 0.15 미만) / 데스크톱 = 4.8% (기준 30% 미만)
clock_offset_s=-1.463 error_s=0.315
본측정 시작 08:42:31 (이벤트 1, sync, memory, 약 437초)
본측정 종료 08:49:49 exit=0
측정 k6 연결 실패 0건 → 통과
큐 소진 (queued=0.0 active=0.0, 2초 이내)
결과 모름 확인 대기 = 0.0 (0이어야 함)
정합성 확인: {"promotionId":1,"stockMode":"MEMORY","totalStock":100000,"participations":100000,"remainingSingle":100000,"remainingBuckets":100000,"remainingMemory":0,"pendingUnknown":0,"distinctTickets":100000}
측정 중 데스크톱 CPU 평균 12.3% / 최대 36.0% / 80% 이상 최장 연속 0표본 → 통과
[08:50:04] DB: participations 100000 100000 08:43:00.683756 08:43:39.414429|orders 117469|
[08:50:05] 전원 상태 [7회차 측정 후] = 2 98 (첫 값 2 = 충전기)
서버 종료 pid=17028
서버 종료 pid=1312
== 07-sync-memory  (sync, memory)
  시도 227,810건: 성공(200) 100,000 · 매진 127,810 · 429 0 · 이미 참여 0 · 시간 밖 0 · 그 밖 0 | 보내지 못함(dropped, 두 시나리오 합) 4,683 | VU 최대 4,062
  응답 ms (평균 / 중앙값 / p95 / p99 / 최대): 성공 900.3 / 869.4 / 1479.8 / 2521.2 / 6,283 | 매진 26.9 / 0.5 / 1.3 / 1112.4 / 1,634 | 429 —
  평상시 주문: 성공 17,469 · 거절 0 · 실패 0 | 응답 ms 77.1 / 4.3 / 740.2 / 1355.7 / 4,199
  서버: 예약 100,000 · 확정 100,000 · 거절 sold_out 127,810 · 반납 0 · 번호 제약 위반 0 · 비동기 워커 실패 0 · 429(비동기 0 / 동기 0)
  사용자 기준 요청 → 확정 (성공, 동기 = 응답 시간): 평균 900.3ms, p50 869.4, p95 1479.8, p99 2521.2ms
  1초 폴링 375회: 매진 첫 응답 정각 + 39.1초 | 초당 확정 최대 2,997건 (정각 + 11초) | 큐 쌓이지 않음 | 커넥션 대기 최대 179 · Tomcat 바쁜 스레드 최대 200
  확정(DB 참여 행) 100,000건 (번호표 100,000개): 첫 확정 08:43:00.683 → 마지막 확정 08:43:39.414 (첫 확정 기준 +38.7초, 정각 기준 +38.9초 ± 0.3)
  DB 주문 수 117,469건 (할인 + 평상시)
  초당 확정(DB): 최대 2,993건 · 50% +20초 · 90% +35초 · 100% +39초 (첫 확정 초 기준, 1초 단위)
  정합성 (MEMORY): 재고 100,000, 참여 100,000, 남은 재고 0, 매진 예 | 초과 판매 없음 (참여 ≤ 재고) ✓, 남은 재고 + 참여 = 재고 ✓, 결과 모름 0 ✓, 번호표 중복 없음 ✓, 동기 성공 응답 = 참여 행 ✓
  MySQL: 명령 804,839개, 커밋 117,471 · 롤백 0(매진·실패한 시도) → 트랜잭션당 명령 6.85, 커밋당 redo fsync 0.83, 행 잠금 대기 0회 / 0.0초, 교착 0
  노트북 CPU (시도 구간) 38.7% (mysqld 14.9 / java 15.0), 클럭 114%, TCP 재전송 17/s
  GC 멈춤 48회(워밍업 포함), 최대 86ms
  데스크톱 CPU 평균 12.3% / 최대 36.0%, k6 연결 실패·5xx 0건 → 유효
[08:50:09] 회차 완료 7/21 (sync memory)
[08:50:09] [8/21 sync memory] 전 휴식 893초 (끝 09:05:02)
[09:05:03] 전원 상태 [8회차 기동 전] = 2 98 (첫 값 2 = 충전기)
서버 기동 요청 P=20 --omp.executor.insert.queue=70000 --omp.promotion.stock-mode=memory --omp.promotion.admin-api=true rc=0 pid=11548
[09:05:15] 서버 준비 완료 (풀 20.0, 3회 확인)
서버 커넥션 풀 = 20.0 (기대 20), 저장 워커 = 20.0 (기대 20), 비동기 대기 자리 = 70000.0 (기대 70000), 동기 처리 상한 = 없음, 재고 방식 = MEMORY (기대 MEMORY)
[1/1 09:05:32] 부하 전 노트북 CPU 평균 = 0.015 (기준 0.15 미만) / 데스크톱 = 7.1% (기준 30% 미만)
워밍업 종료 09:06:38 exit=0 (연습용 이벤트 2, 초당 1000건)
워밍업 k6 연결 실패 0건
큐 소진 (queued=0.0 active=0.0, 2초 이내)
reviews	orders	order_menus	stats_not_zero
0	0	0	0
[09:06:39] 본측정 이벤트 초기화: {"promotionId":1,"stockMode":"MEMORY","totalStock":100000,"participations":0,"remainingSingle":100000,"remainingBuckets":100000,"remainingMemory":-1,"pendingUnknown":0,"distinctTickets":0}
[09:06:40] 전원 상태 [8회차 측정 전] = 2 98 (첫 값 2 = 충전기)
서버 커넥션 풀 = 20.0 (기대 20), 저장 워커 = 20.0 (기대 20), 비동기 대기 자리 = 70000.0 (기대 70000), 동기 처리 상한 = 없음, 재고 방식 = MEMORY (기대 MEMORY)
[1/8 09:06:57] 부하 전 노트북 CPU 평균 = 0.081 (기준 0.15 미만) / 데스크톱 = 2.3% (기준 30% 미만)
clock_offset_s=-1.453 error_s=0.302
본측정 시작 09:06:58 (이벤트 1, sync, memory, 약 437초)
본측정 종료 09:14:15 exit=0
측정 k6 연결 실패 0건 → 통과
큐 소진 (queued=0.0 active=0.0, 2초 이내)
결과 모름 확인 대기 = 0.0 (0이어야 함)
정합성 확인: {"promotionId":1,"stockMode":"MEMORY","totalStock":100000,"participations":100000,"remainingSingle":100000,"remainingBuckets":100000,"remainingMemory":0,"pendingUnknown":0,"distinctTickets":100000}
측정 중 데스크톱 CPU 평균 10.8% / 최대 31.0% / 80% 이상 최장 연속 0표본 → 통과
[09:14:31] DB: participations 100000 100000 09:07:26.928975 09:08:05.676285|orders 117468|
[09:14:32] 전원 상태 [8회차 측정 후] = 2 98 (첫 값 2 = 충전기)
서버 종료 pid=2900
서버 종료 pid=8372
== 08-sync-memory  (sync, memory)
  시도 227,771건: 성공(200) 100,000 · 매진 127,771 · 429 0 · 이미 참여 0 · 시간 밖 0 · 그 밖 0 | 보내지 못함(dropped, 두 시나리오 합) 4,731 | VU 최대 4,062
  응답 ms (평균 / 중앙값 / p95 / p99 / 최대): 성공 864.7 / 803.1 / 1452.9 / 2438.2 / 6,975 | 매진 25.8 / 0.5 / 1.3 / 1020.1 / 1,465 | 429 —
  평상시 주문: 성공 17,468 · 거절 0 · 실패 0 | 응답 ms 75.0 / 4.3 / 660.6 / 1384.6 / 6,025
  서버: 예약 100,000 · 확정 100,000 · 거절 sold_out 127,771 · 반납 0 · 번호 제약 위반 0 · 비동기 워커 실패 0 · 429(비동기 0 / 동기 0)
  사용자 기준 요청 → 확정 (성공, 동기 = 응답 시간): 평균 864.7ms, p50 803.1, p95 1452.9, p99 2438.2ms
  1초 폴링 378회: 매진 첫 응답 정각 + 39.2초 | 초당 확정 최대 3,040건 (정각 + 10초) | 큐 쌓이지 않음 | 커넥션 대기 최대 179 · Tomcat 바쁜 스레드 최대 200
  확정(DB 참여 행) 100,000건 (번호표 100,000개): 첫 확정 09:07:26.928 → 마지막 확정 09:08:05.676 (첫 확정 기준 +38.7초, 정각 기준 +39.1초 ± 0.3)
  DB 주문 수 117,468건 (할인 + 평상시)
  초당 확정(DB): 최대 3,009건 · 50% +21초 · 90% +35초 · 100% +39초 (첫 확정 초 기준, 1초 단위)
  정합성 (MEMORY): 재고 100,000, 참여 100,000, 남은 재고 0, 매진 예 | 초과 판매 없음 (참여 ≤ 재고) ✓, 남은 재고 + 참여 = 재고 ✓, 결과 모름 0 ✓, 번호표 중복 없음 ✓, 동기 성공 응답 = 참여 행 ✓
  MySQL: 명령 804,833개, 커밋 117,470 · 롤백 0(매진·실패한 시도) → 트랜잭션당 명령 6.85, 커밋당 redo fsync 0.82, 행 잠금 대기 0회 / 0.0초, 교착 0
  노트북 CPU (시도 구간) 34.4% (mysqld 15.3 / java 14.8), 클럭 111%, TCP 재전송 9/s
  GC 멈춤 47회(워밍업 포함), 최대 78ms
  데스크톱 CPU 평균 10.8% / 최대 31.0%, k6 연결 실패·5xx 0건 → 유효
[09:14:36] 회차 완료 8/21 (sync memory)
[09:14:36] [9/21 sync-ff db-single] 전 휴식 893초 (끝 09:29:29)
[09:29:30] 전원 상태 [9회차 기동 전] = 2 98 (첫 값 2 = 충전기)
서버 기동 요청 P=20 --omp.executor.insert.queue=70000 --omp.promotion.stock-mode=db-single --omp.promotion.admin-api=true --omp.order.sync.max-in-flight=130 rc=0 pid=13916
[09:29:41] 서버 준비 완료 (풀 20.0, 3회 확인)
서버 커넥션 풀 = 20.0 (기대 20), 저장 워커 = 20.0 (기대 20), 비동기 대기 자리 = 70000.0 (기대 70000), 동기 처리 상한 = 130.0, 재고 방식 = DB_SINGLE (기대 DB_SINGLE)
[1/1 09:29:59] 부하 전 노트북 CPU 평균 = 0.022 (기준 0.15 미만) / 데스크톱 = 5.3% (기준 30% 미만)
워밍업 종료 09:31:04 exit=0 (연습용 이벤트 2, 초당 1000건)
워밍업 k6 연결 실패 0건
큐 소진 (queued=0.0 active=0.0, 2초 이내)
reviews	orders	order_menus	stats_not_zero
0	0	0	0
[09:31:05] 본측정 이벤트 초기화: {"promotionId":1,"stockMode":"DB_SINGLE","totalStock":100000,"participations":0,"remainingSingle":100000,"remainingBuckets":100000,"remainingMemory":-1,"pendingUnknown":0,"distinctTickets":0}
[09:31:06] 전원 상태 [9회차 측정 전] = 2 98 (첫 값 2 = 충전기)
서버 커넥션 풀 = 20.0 (기대 20), 저장 워커 = 20.0 (기대 20), 비동기 대기 자리 = 70000.0 (기대 70000), 동기 처리 상한 = 130.0, 재고 방식 = DB_SINGLE (기대 DB_SINGLE)
[1/8 09:31:23] 부하 전 노트북 CPU 평균 = 0.103 (기준 0.15 미만) / 데스크톱 = 2.4% (기준 30% 미만)
clock_offset_s=-1.423 error_s=0.305
본측정 시작 09:31:24 (이벤트 1, sync-ff, db-single, 약 437초)
본측정 종료 09:38:42 exit=0
측정 k6 연결 실패 0건 → 통과
큐 소진 (queued=0.0 active=0.0, 2초 이내)
결과 모름 확인 대기 = 0.0 (0이어야 함)
정합성 확인: {"promotionId":1,"stockMode":"DB_SINGLE","totalStock":100000,"participations":100000,"remainingSingle":0,"remainingBuckets":100000,"remainingMemory":-1,"pendingUnknown":0,"distinctTickets":0}
측정 중 데스크톱 CPU 평균 11.0% / 최대 32.7% / 80% 이상 최장 연속 0표본 → 통과
[09:38:57] DB: participations 100000 0 09:31:53.323197 09:33:22.566044|orders 115501|
[09:38:58] 전원 상태 [9회차 측정 후] = 2 98 (첫 값 2 = 충전기)
서버 종료 pid=14132
서버 종료 pid=12912
== 09-sync-ff-db-single  (sync-ff, db-single)
  시도 232,490건: 성공(200) 100,000 · 매진 12,364 · 429 120,126 · 이미 참여 0 · 시간 밖 0 · 그 밖 0 | 보내지 못함(dropped, 두 시나리오 합) 0 | VU 최대 2,050
  응답 ms (평균 / 중앙값 / p95 / p99 / 최대): 성공 111.9 / 112.4 / 211.5 / 303.5 / 677 | 매진 0.9 / 0.6 / 1.5 / 2.3 / 34 | 429 1.4 / 1.0 / 3.5 / 11.3 / 162
  평상시 주문: 성공 15,501 · 거절 1,980 · 실패 0 | 응답 ms 12.7 / 4.3 / 96.4 / 122.5 / 383
  서버: 예약 0 · 확정 100,000 · 거절 sold_out 12,364 · 반납 0 · 번호 제약 위반 0 · 비동기 워커 실패 0 · 429(비동기 0 / 동기 122,106)
  사용자 기준 요청 → 확정 (성공, 동기 = 응답 시간): 평균 111.9ms, p50 112.4, p95 211.5, p99 303.5ms
  1초 폴링 389회: 매진 첫 응답 정각 + 90.9초 | 초당 확정 최대 1,212건 (정각 + 89초) | 큐 쌓이지 않음 | 커넥션 대기 최대 110 · Tomcat 바쁜 스레드 최대 159
  확정(DB 참여 행) 100,000건 (번호표 0개): 첫 확정 09:31:53.323 → 마지막 확정 09:33:22.566 (첫 확정 기준 +89.2초, 정각 기준 +90.0초 ± 0.3)
  DB 주문 수 115,501건 (할인 + 평상시)
  초당 확정(DB): 최대 1,196건 · 50% +45초 · 90% +81초 · 100% +89초 (첫 확정 초 기준, 1초 단위)
  정합성 (DB_SINGLE): 재고 100,000, 참여 100,000, 남은 재고 0, 매진 예 | 초과 판매 없음 (참여 ≤ 재고) ✓, 남은 재고 + 참여 = 재고 ✓, 결과 모름 0 ✓, 동기 성공 응답 = 참여 행 ✓
  MySQL: 명령 1,042,581개, 커밋 115,503 · 롤백 12,364(매진·실패한 시도) → 트랜잭션당 명령 8.15, 커밋당 redo fsync 3.98, 행 잠금 대기 99,064회 / 1,421.4초, 교착 0
  노트북 CPU (시도 구간) 80.9% (mysqld 50.9 / java 22.5), 클럭 110%, TCP 재전송 0/s
  GC 멈춤 52회(워밍업 포함), 최대 84ms
  데스크톱 CPU 평균 11.0% / 최대 32.7%, k6 연결 실패·5xx 0건 → 유효
[09:39:02] 회차 완료 9/21 (sync-ff db-single)
[09:39:02] [10/21 async db-single] 전 휴식 893초 (끝 09:53:55)
[09:53:56] 전원 상태 [10회차 기동 전] = 2 98 (첫 값 2 = 충전기)
서버 기동 요청 P=20 --omp.executor.insert.queue=70000 --omp.promotion.stock-mode=db-single --omp.promotion.admin-api=true rc=0 pid=14676
[09:54:07] 서버 준비 완료 (풀 20.0, 3회 확인)
서버 커넥션 풀 = 20.0 (기대 20), 저장 워커 = 20.0 (기대 20), 비동기 대기 자리 = 70000.0 (기대 70000), 동기 처리 상한 = 없음, 재고 방식 = DB_SINGLE (기대 DB_SINGLE)
[1/1 09:54:25] 부하 전 노트북 CPU 평균 = 0.112 (기준 0.15 미만) / 데스크톱 = 3.9% (기준 30% 미만)
워밍업 종료 09:55:31 exit=0 (연습용 이벤트 2, 초당 1000건)
워밍업 k6 연결 실패 0건
큐 소진 (queued=0.0 active=0.0, 2초 이내)
reviews	orders	order_menus	stats_not_zero
0	0	0	0
[09:55:32] 본측정 이벤트 초기화: {"promotionId":1,"stockMode":"DB_SINGLE","totalStock":100000,"participations":0,"remainingSingle":100000,"remainingBuckets":100000,"remainingMemory":-1,"pendingUnknown":0,"distinctTickets":0}
[09:55:33] 전원 상태 [10회차 측정 전] = 2 98 (첫 값 2 = 충전기)
서버 커넥션 풀 = 20.0 (기대 20), 저장 워커 = 20.0 (기대 20), 비동기 대기 자리 = 70000.0 (기대 70000), 동기 처리 상한 = 없음, 재고 방식 = DB_SINGLE (기대 DB_SINGLE)
[1/8 09:55:50] 부하 전 노트북 CPU 평균 = 0.129 (기준 0.15 미만) / 데스크톱 = 4.7% (기준 30% 미만)
clock_offset_s=-1.394 error_s=0.314
본측정 시작 09:55:51 (이벤트 1, async, db-single, 약 437초)
본측정 종료 10:03:09 exit=0
측정 k6 연결 실패 0건 → 통과
큐 소진 (queued=0.0 active=0.0, 2초 이내)
결과 모름 확인 대기 = 0.0 (0이어야 함)
정합성 확인: {"promotionId":1,"stockMode":"DB_SINGLE","totalStock":100000,"participations":100000,"remainingSingle":0,"remainingBuckets":100000,"remainingMemory":-1,"pendingUnknown":0,"distinctTickets":0}
측정 중 데스크톱 CPU 평균 11.8% / 최대 35.9% / 80% 이상 최장 연속 0표본 → 통과
[10:03:24] DB: participations 100000 0 09:56:20.084307 09:57:49.291990|orders 116438|
[10:03:25] 전원 상태 [10회차 측정 후] = 2 98 (첫 값 2 = 충전기)
서버 종료 pid=6016
서버 종료 pid=1372
== 10-async-db-single  (async, db-single)
  시도 232,490건: 성공(202) 181,222 · 매진 0 · 429 51,268 · 이미 참여 0 · 시간 밖 0 · 그 밖 0 | 보내지 못함(dropped, 두 시나리오 합) 0 | VU 최대 2,050
  응답 ms (평균 / 중앙값 / p95 / p99 / 최대): 성공 21.0 / 1.0 / 11.2 / 577.4 / 9,563 | 매진 — | 429 2.6 / 1.0 / 5.4 / 43.7 / 221
  평상시 주문: 성공 16,438 · 거절 1,043 · 실패 0 | 응답 ms 10.1 / 1.4 / 2.2 / 210.5 / 9,554
  서버: 예약 0 · 확정 100,000 · 거절 sold_out 81,222 · 반납 0 · 번호 제약 위반 0 · 비동기 워커 실패 81,222 · 429(비동기 52,311 / 동기 0)
  비동기 제출 → 커밋 (성공, 회차 전체 116,438건): 평균 23,032ms | 할인 구간 102,919건 (평상시 주문 약 3,939건 포함): 평균 26,057ms, p50 / p95 / p99 ≈ 26,299 / 55,280 / 59,056ms (구간 보간)
  비동기 제출 → 커밋 (실패, 회차 전체 81,222건): 평균 28,115ms | 할인 구간 76,513건 (평상시 주문 약 3,939건 포함): 평균 29,846ms, p50 / p95 / p99 ≈ 30,380 / 57,100 / 59,420ms (구간 보간)
  사용자 기준 요청 → 확정 (성공, 비동기): 평균 ≈ 202 응답 21.0ms + 제출 → 커밋 26,057ms = 26,078ms
  1초 폴링 384회: 매진 첫 응답 정각 + 96.9초 | 초당 확정 최대 1,235건 (정각 + 7초) | 큐 최대 70,000건 (정각 + 43초), 소진 정각 + 98초 | 커넥션 대기 최대 0 · Tomcat 바쁜 스레드 최대 3
  확정(DB 참여 행) 100,000건 (번호표 0개): 첫 확정 09:56:20.084 → 마지막 확정 09:57:49.291 (첫 확정 기준 +89.2초, 정각 기준 +89.7초 ± 0.3)
  DB 주문 수 116,438건 (할인 + 평상시)
  초당 확정(DB): 최대 1,229건 · 50% +45초 · 90% +80초 · 100% +89초 (첫 확정 초 기준, 1초 단위)
  정합성 (DB_SINGLE): 재고 100,000, 참여 100,000, 남은 재고 0, 매진 예 | 초과 판매 없음 (참여 ≤ 재고) ✓, 남은 재고 + 참여 = 재고 ✓, 결과 모름 0 ✓
  MySQL: 명령 1,323,635개, 커밋 116,440 · 롤백 81,222(매진·실패한 시도) → 트랜잭션당 명령 6.70, 커밋당 redo fsync 3.93, 행 잠금 대기 99,224회 / 1,427.6초, 교착 0
  노트북 CPU (시도 구간) 85.2% (mysqld 53.0 / java 24.2), 클럭 111%, TCP 재전송 6/s
  GC 멈춤 54회(워밍업 포함), 최대 90ms
  데스크톱 CPU 평균 11.8% / 최대 35.9%, k6 연결 실패·5xx 0건 → 유효
[10:03:29] 회차 완료 10/21 (async db-single)
[10:03:29] [11/21 sync-ff db-bucket] 전 휴식 893초 (끝 10:18:22)
[10:18:23] 전원 상태 [11회차 기동 전] = 2 98 (첫 값 2 = 충전기)
서버 기동 요청 P=20 --omp.executor.insert.queue=70000 --omp.promotion.stock-mode=db-bucket --omp.promotion.admin-api=true --omp.order.sync.max-in-flight=130 rc=0 pid=14648
[10:18:34] 서버 준비 완료 (풀 20.0, 3회 확인)
서버 커넥션 풀 = 20.0 (기대 20), 저장 워커 = 20.0 (기대 20), 비동기 대기 자리 = 70000.0 (기대 70000), 동기 처리 상한 = 130.0, 재고 방식 = DB_BUCKET (기대 DB_BUCKET)
[1/1 10:18:51] 부하 전 노트북 CPU 평균 = 0.018 (기준 0.15 미만) / 데스크톱 = 5.5% (기준 30% 미만)
워밍업 종료 10:19:57 exit=0 (연습용 이벤트 2, 초당 1000건)
워밍업 k6 연결 실패 0건
큐 소진 (queued=0.0 active=0.0, 2초 이내)
reviews	orders	order_menus	stats_not_zero
0	0	0	0
[10:19:58] 본측정 이벤트 초기화: {"promotionId":1,"stockMode":"DB_BUCKET","totalStock":100000,"participations":0,"remainingSingle":100000,"remainingBuckets":100000,"remainingMemory":-1,"pendingUnknown":0,"distinctTickets":0}
[10:19:59] 전원 상태 [11회차 측정 전] = 2 98 (첫 값 2 = 충전기)
서버 커넥션 풀 = 20.0 (기대 20), 저장 워커 = 20.0 (기대 20), 비동기 대기 자리 = 70000.0 (기대 70000), 동기 처리 상한 = 130.0, 재고 방식 = DB_BUCKET (기대 DB_BUCKET)
[1/8 10:20:16] 부하 전 노트북 CPU 평균 = 0.093 (기준 0.15 미만) / 데스크톱 = 4.6% (기준 30% 미만)
clock_offset_s=-1.370 error_s=0.326
본측정 시작 10:20:17 (이벤트 1, sync-ff, db-bucket, 약 437초)
본측정 종료 10:27:35 exit=0
측정 k6 연결 실패 0건 → 통과
큐 소진 (queued=0.0 active=0.0, 2초 이내)
결과 모름 확인 대기 = 0.0 (0이어야 함)
정합성 확인: {"promotionId":1,"stockMode":"DB_BUCKET","totalStock":100000,"participations":100000,"remainingSingle":100000,"remainingBuckets":0,"remainingMemory":-1,"pendingUnknown":0,"distinctTickets":0}
측정 중 데스크톱 CPU 평균 11.0% / 최대 34.6% / 80% 이상 최장 연속 0표본 → 통과
[10:27:50] DB: participations 100000 0 10:20:46.488287 10:21:43.282432|orders 116667|
[10:27:51] 전원 상태 [11회차 측정 후] = 2 98 (첫 값 2 = 충전기)
서버 종료 pid=8444
서버 종료 pid=13596
== 11-sync-ff-db-bucket  (sync-ff, db-bucket)
  시도 232,489건: 성공(200) 100,000 · 매진 71,819 · 429 60,670 · 이미 참여 0 · 시간 밖 0 · 그 밖 0 | 보내지 못함(dropped, 두 시나리오 합) 0 | VU 최대 2,050
  응답 ms (평균 / 중앙값 / p95 / p99 / 최대): 성공 137.9 / 79.8 / 412.0 / 789.6 / 5,763 | 매진 5.1 / 1.0 / 1.6 / 10.5 / 4,830 | 429 82.8 / 20.2 / 322.6 / 1199.4 / 4,845
  평상시 주문: 성공 16,667 · 거절 814 · 실패 0 | 응답 ms 14.6 / 4.2 / 59.8 / 302.7 / 2,495
  서버: 예약 0 · 확정 100,000 · 거절 sold_out 71,819 · 반납 0 · 번호 제약 위반 0 · 비동기 워커 실패 0 · 429(비동기 0 / 동기 61,484)
  사용자 기준 요청 → 확정 (성공, 동기 = 응답 시간): 평균 137.9ms, p50 79.8, p95 412.0, p99 789.6ms
  1초 폴링 377회: 매진 첫 응답 정각 + 57.3초 | 초당 확정 최대 2,146건 (정각 + 12초) | 큐 쌓이지 않음 | 커넥션 대기 최대 110 · Tomcat 바쁜 스레드 최대 139
  확정(DB 참여 행) 100,000건 (번호표 0개): 첫 확정 10:20:46.488 → 마지막 확정 10:21:43.282 (첫 확정 기준 +56.8초, 정각 기준 +56.7초 ± 0.3)
  DB 주문 수 116,667건 (할인 + 평상시)
  초당 확정(DB): 최대 1,975건 · 50% +29초 · 90% +51초 · 100% +57초 (첫 확정 초 기준, 1초 단위)
  정합성 (DB_BUCKET): 재고 100,000, 참여 100,000, 남은 재고 0, 매진 예 | 초과 판매 없음 (참여 ≤ 재고) ✓, 남은 재고 + 참여 = 재고 ✓, 결과 모름 0 ✓, 동기 성공 응답 = 참여 행 ✓
  MySQL: 명령 1,802,898개, 커밋 116,669 · 롤백 71,819(매진·실패한 시도) → 트랜잭션당 명령 9.57, 커밋당 redo fsync 0.95, 행 잠금 대기 25,967회 / 76.8초, 교착 0
  노트북 CPU (시도 구간) 60.2% (mysqld 28.8 / java 22.0), 클럭 113%, TCP 재전송 76/s
  GC 멈춤 55회(워밍업 포함), 최대 67ms
  데스크톱 CPU 평균 11.0% / 최대 34.6%, k6 연결 실패·5xx 0건 → 유효
[10:27:55] 회차 완료 11/21 (sync-ff db-bucket)
[10:27:55] [12/21 async db-bucket] 전 휴식 893초 (끝 10:42:48)
[10:42:49] 전원 상태 [12회차 기동 전] = 2 98 (첫 값 2 = 충전기)
서버 기동 요청 P=20 --omp.executor.insert.queue=70000 --omp.promotion.stock-mode=db-bucket --omp.promotion.admin-api=true rc=0 pid=14728
[10:43:00] 서버 준비 완료 (풀 20.0, 3회 확인)
서버 커넥션 풀 = 20.0 (기대 20), 저장 워커 = 20.0 (기대 20), 비동기 대기 자리 = 70000.0 (기대 70000), 동기 처리 상한 = 없음, 재고 방식 = DB_BUCKET (기대 DB_BUCKET)
[1/1 10:43:18] 부하 전 노트북 CPU 평균 = 0.015 (기준 0.15 미만) / 데스크톱 = 2.6% (기준 30% 미만)
워밍업 종료 10:44:23 exit=0 (연습용 이벤트 2, 초당 1000건)
워밍업 k6 연결 실패 0건
큐 소진 (queued=0.0 active=0.0, 2초 이내)
reviews	orders	order_menus	stats_not_zero
0	0	0	0
[10:44:25] 본측정 이벤트 초기화: {"promotionId":1,"stockMode":"DB_BUCKET","totalStock":100000,"participations":0,"remainingSingle":100000,"remainingBuckets":100000,"remainingMemory":-1,"pendingUnknown":0,"distinctTickets":0}
[10:44:26] 전원 상태 [12회차 측정 전] = 2 98 (첫 값 2 = 충전기)
서버 커넥션 풀 = 20.0 (기대 20), 저장 워커 = 20.0 (기대 20), 비동기 대기 자리 = 70000.0 (기대 70000), 동기 처리 상한 = 없음, 재고 방식 = DB_BUCKET (기대 DB_BUCKET)
[1/8 10:44:43] 부하 전 노트북 CPU 평균 = 0.094 (기준 0.15 미만) / 데스크톱 = 1.4% (기준 30% 미만)
clock_offset_s=-1.391 error_s=0.300
본측정 시작 10:44:43 (이벤트 1, async, db-bucket, 약 437초)
본측정 종료 10:52:01 exit=0
측정 k6 연결 실패 0건 → 통과
큐 소진 (queued=0.0 active=0.0, 2초 이내)
결과 모름 확인 대기 = 0.0 (0이어야 함)
정합성 확인: {"promotionId":1,"stockMode":"DB_BUCKET","totalStock":100000,"participations":100000,"remainingSingle":100000,"remainingBuckets":0,"remainingMemory":-1,"pendingUnknown":0,"distinctTickets":0}
측정 중 데스크톱 CPU 평균 8.5% / 최대 27.5% / 80% 이상 최장 연속 0표본 → 통과
[10:52:17] DB: participations 100000 0 10:45:12.630655 10:46:05.115981|orders 117420|
[10:52:18] 전원 상태 [12회차 측정 후] = 2 98 (첫 값 2 = 충전기)
서버 종료 pid=13452
서버 종료 pid=8452
== 12-async-db-bucket  (async, db-bucket)
  시도 224,056건: 성공(202) 224,056 · 매진 0 · 429 0 · 이미 참여 0 · 시간 밖 0 · 그 밖 0 | 보내지 못함(dropped, 두 시나리오 합) 8,495 | VU 최대 4,111
  응답 ms (평균 / 중앙값 / p95 / p99 / 최대): 성공 149.0 / 12.7 / 720.9 / 2540.0 / 13,866 | 매진 — | 429 —
  평상시 주문: 성공 17,420 · 거절 0 · 실패 0 | 응답 ms 35.4 / 1.0 / 28.6 / 953.5 / 9,685
  서버: 예약 0 · 확정 100,000 · 거절 sold_out 124,056 · 반납 0 · 번호 제약 위반 0 · 비동기 워커 실패 124,056 · 429(비동기 0 / 동기 0)
  비동기 제출 → 커밋 (성공, 회차 전체 117,420건): 평균 6,770ms | 할인 구간 102,529건 (평상시 주문 약 2,567건 포함): 평균 7,753ms, p50 / p95 / p99 ≈ 7,608 / 17,271 / 19,454ms (구간 보간)
  비동기 제출 → 커밋 (실패, 회차 전체 124,056건): 평균 5,406ms | 할인 구간 68,683건 (평상시 주문 약 2,567건 포함): 평균 9,764ms, p50 / p95 / p99 ≈ 10,760 / 18,331 / 19,666ms (구간 보간)
  사용자 기준 요청 → 확정 (성공, 비동기): 평균 ≈ 202 응답 149.0ms + 제출 → 커밋 7,753ms = 7,902ms
  1초 폴링 369회: 매진 첫 응답 정각 + 62.4초 | 초당 확정 최대 2,955건 (정각 + 30초) | 큐 최대 48,843건 (정각 + 52초), 소진 정각 + 64초 | 커넥션 대기 최대 0 · Tomcat 바쁜 스레드 최대 11
  확정(DB 참여 행) 100,000건 (번호표 0개): 첫 확정 10:45:12.630 → 마지막 확정 10:46:05.115 (첫 확정 기준 +52.5초, 정각 기준 +52.5초 ± 0.3)
  DB 주문 수 117,420건 (할인 + 평상시)
  초당 확정(DB): 최대 2,133건 · 50% +27초 · 90% +47초 · 100% +53초 (첫 확정 초 기준, 1초 단위)
  정합성 (DB_BUCKET): 재고 100,000, 참여 100,000, 남은 재고 0, 매진 예 | 초과 판매 없음 (참여 ≤ 재고) ✓, 남은 재고 + 참여 = 재고 ✓, 결과 모름 0 ✓
  MySQL: 명령 2,173,065개, 커밋 117,422 · 롤백 124,056(매진·실패한 시도) → 트랜잭션당 명령 9.00, 커밋당 redo fsync 0.72, 행 잠금 대기 2,005회 / 9.1초, 교착 0
  노트북 CPU (시도 구간) 58.4% (mysqld 30.4 / java 23.6), 클럭 109%, TCP 재전송 88/s
  GC 멈춤 57회(워밍업 포함), 최대 78ms
  데스크톱 CPU 평균 8.5% / 최대 27.5%, k6 연결 실패·5xx 0건 → 유효
[10:52:21] 회차 완료 12/21 (async db-bucket)
[10:52:21] [13/21 sync-ff memory] 전 휴식 894초 (끝 11:07:15)
[11:07:17] 전원 상태 [13회차 기동 전] = 2 98 (첫 값 2 = 충전기)
서버 기동 요청 P=20 --omp.executor.insert.queue=70000 --omp.promotion.stock-mode=memory --omp.promotion.admin-api=true --omp.order.sync.max-in-flight=130 rc=0 pid=11692
[11:07:28] 서버 준비 완료 (풀 20.0, 3회 확인)
서버 커넥션 풀 = 20.0 (기대 20), 저장 워커 = 20.0 (기대 20), 비동기 대기 자리 = 70000.0 (기대 70000), 동기 처리 상한 = 130.0, 재고 방식 = MEMORY (기대 MEMORY)
[1/1 11:07:45] 부하 전 노트북 CPU 평균 = 0.018 (기준 0.15 미만) / 데스크톱 = 2.6% (기준 30% 미만)
워밍업 종료 11:08:51 exit=0 (연습용 이벤트 2, 초당 1000건)
워밍업 k6 연결 실패 0건
큐 소진 (queued=0.0 active=0.0, 2초 이내)
reviews	orders	order_menus	stats_not_zero
0	0	0	0
[11:08:52] 본측정 이벤트 초기화: {"promotionId":1,"stockMode":"MEMORY","totalStock":100000,"participations":0,"remainingSingle":100000,"remainingBuckets":100000,"remainingMemory":-1,"pendingUnknown":0,"distinctTickets":0}
[11:08:53] 전원 상태 [13회차 측정 전] = 2 98 (첫 값 2 = 충전기)
서버 커넥션 풀 = 20.0 (기대 20), 저장 워커 = 20.0 (기대 20), 비동기 대기 자리 = 70000.0 (기대 70000), 동기 처리 상한 = 130.0, 재고 방식 = MEMORY (기대 MEMORY)
[1/8 11:09:10] 부하 전 노트북 CPU 평균 = 0.083 (기준 0.15 미만) / 데스크톱 = 2.5% (기준 30% 미만)
clock_offset_s=-1.359 error_s=0.324
본측정 시작 11:09:11 (이벤트 1, sync-ff, memory, 약 437초)
본측정 종료 11:16:29 exit=0
측정 k6 연결 실패 677건 → 무효(요청이 서버에 닿지 못함)
큐 소진 (queued=0.0 active=0.0, 2초 이내)
결과 모름 확인 대기 = 0.0 (0이어야 함)
정합성 확인: {"promotionId":1,"stockMode":"MEMORY","totalStock":100000,"participations":100000,"remainingSingle":100000,"remainingBuckets":100000,"remainingMemory":0,"pendingUnknown":0,"distinctTickets":100000}
측정 중 데스크톱 CPU 평균 8.0% / 최대 27.2% / 80% 이상 최장 연속 0표본 → 통과
[11:16:44] DB: participations 100000 100000 11:09:40.395311 11:10:26.031356|orders 117156|
[11:16:45] 전원 상태 [13회차 측정 후] = 2 98 (첫 값 2 = 충전기)
서버 종료 pid=10408
서버 종료 pid=19136
== 13-sync-ff-memory  (sync-ff, memory)
  시도 230,809건: 성공(200) 100,000 · 매진 104,395 · 429 25,745 · 이미 참여 0 · 시간 밖 0 · 그 밖 669 | 보내지 못함(dropped, 두 시나리오 합) 1,681 | VU 최대 3,076
  응답 ms (평균 / 중앙값 / p95 / p99 / 최대): 성공 436.7 / 131.9 / 1384.8 / 4926.0 / 12,583 | 매진 50.2 / 0.5 / 1.0 / 310.7 / 13,200 | 429 427.7 / 78.5 / 1322.3 / 4905.9 / 11,079
  평상시 주문: 성공 17,156 · 거절 317 · 실패 8 | 응답 ms 42.1 / 4.0 / 99.5 / 701.5 / 9,762
  서버: 예약 100,000 · 확정 100,000 · 거절 sold_out 104,395 · 반납 0 · 번호 제약 위반 0 · 비동기 워커 실패 0 · 429(비동기 0 / 동기 26,062)
  사용자 기준 요청 → 확정 (성공, 동기 = 응답 시간): 평균 436.7ms, p50 131.9, p95 1384.8, p99 4926.0ms
  1초 폴링 372회: 매진 첫 응답 정각 + 47.4초 | 초당 확정 최대 3,971건 (정각 + 8초) | 큐 쌓이지 않음 | 커넥션 대기 최대 110 · Tomcat 바쁜 스레드 최대 134
  확정(DB 참여 행) 100,000건 (번호표 100,000개): 첫 확정 11:09:40.395 → 마지막 확정 11:10:26.031 (첫 확정 기준 +45.6초, 정각 기준 +46.4초 ± 0.3)
  DB 주문 수 117,156건 (할인 + 평상시)
  초당 확정(DB): 최대 2,721건 · 50% +24초 · 90% +41초 · 100% +46초 (첫 확정 초 기준, 1초 단위)
  정합성 (MEMORY): 재고 100,000, 참여 100,000, 남은 재고 0, 매진 예 | 초과 판매 없음 (참여 ≤ 재고) ✓, 남은 재고 + 참여 = 재고 ✓, 결과 모름 0 ✓, 번호표 중복 없음 ✓, 동기 성공 응답 = 참여 행 ✓
  MySQL: 명령 802,961개, 커밋 117,158 · 롤백 0(매진·실패한 시도) → 트랜잭션당 명령 6.85, 커밋당 redo fsync 1.30, 행 잠금 대기 0회 / 0.0초, 교착 0
  노트북 CPU (시도 구간) 34.9% (mysqld 16.4 / java 13.9), 클럭 111%, TCP 재전송 180/s
  GC 멈춤 62회(워밍업 포함), 최대 64ms
  데스크톱 CPU 평균 8.0% / 최대 27.2%, k6 연결 실패·5xx 677건 → 무효
[11:16:49] 회차 완료 13/21 (sync-ff memory)
[11:16:49] [14/21 async memory] 전 휴식 893초 (끝 11:31:42)
[11:31:43] 전원 상태 [14회차 기동 전] = 2 98 (첫 값 2 = 충전기)
서버 기동 요청 P=20 --omp.executor.insert.queue=70000 --omp.promotion.stock-mode=memory --omp.promotion.admin-api=true rc=0 pid=14848
[11:31:55] 서버 준비 완료 (풀 20.0, 3회 확인)
서버 커넥션 풀 = 20.0 (기대 20), 저장 워커 = 20.0 (기대 20), 비동기 대기 자리 = 70000.0 (기대 70000), 동기 처리 상한 = 없음, 재고 방식 = MEMORY (기대 MEMORY)
[1/1 11:32:12] 부하 전 노트북 CPU 평균 = 0.024 (기준 0.15 미만) / 데스크톱 = 1.9% (기준 30% 미만)
워밍업 종료 11:33:18 exit=0 (연습용 이벤트 2, 초당 1000건)
워밍업 k6 연결 실패 0건
큐 소진 (queued=0.0 active=0.0, 2초 이내)
reviews	orders	order_menus	stats_not_zero
0	0	0	0
[11:33:19] 본측정 이벤트 초기화: {"promotionId":1,"stockMode":"MEMORY","totalStock":100000,"participations":0,"remainingSingle":100000,"remainingBuckets":100000,"remainingMemory":-1,"pendingUnknown":0,"distinctTickets":0}
[11:33:20] 전원 상태 [14회차 측정 전] = 2 98 (첫 값 2 = 충전기)
서버 커넥션 풀 = 20.0 (기대 20), 저장 워커 = 20.0 (기대 20), 비동기 대기 자리 = 70000.0 (기대 70000), 동기 처리 상한 = 없음, 재고 방식 = MEMORY (기대 MEMORY)
[1/8 11:33:37] 부하 전 노트북 CPU 평균 = 0.188 (기준 0.15 미만) / 데스크톱 = 0.8% (기준 30% 미만)
[2/8 11:33:53] 부하 전 노트북 CPU 평균 = 0.040 (기준 0.15 미만) / 데스크톱 = 1.2% (기준 30% 미만)
clock_offset_s=-1.353 error_s=0.318
본측정 시작 11:33:54 (이벤트 1, async, memory, 약 437초)
본측정 종료 11:41:12 exit=0
측정 k6 연결 실패 2576건 → 무효(요청이 서버에 닿지 못함)
큐 소진 (queued=0.0 active=0.0, 2초 이내)
결과 모름 확인 대기 = 0.0 (0이어야 함)
정합성 확인: {"promotionId":1,"stockMode":"MEMORY","totalStock":100000,"participations":100000,"remainingSingle":100000,"remainingBuckets":100000,"remainingMemory":0,"pendingUnknown":0,"distinctTickets":100000}
측정 중 데스크톱 CPU 평균 8.5% / 최대 28.2% / 80% 이상 최장 연속 0표본 → 통과
[11:41:27] DB: participations 100000 100000 11:34:23.168711 11:35:07.465028|orders 117433|
[11:41:28] 전원 상태 [14회차 측정 후] = 2 98 (첫 값 2 = 충전기)
서버 종료 pid=11712
서버 종료 pid=6720
== 14-async-memory  (async, memory)
  시도 212,839건: 성공(202) 100,000 · 매진 110,294 · 429 0 · 이미 참여 0 · 시간 밖 0 · 그 밖 2,545 | 보내지 못함(dropped, 두 시나리오 합) 19,666 | VU 최대 4,067
  응답 ms (평균 / 중앙값 / p95 / p99 / 최대): 성공 701.5 / 263.9 / 2744.5 / 9639.4 / 26,269 | 매진 108.2 / 0.5 / 1.2 / 4811.6 / 26,897 | 429 —
  평상시 주문: 성공 17,433 · 거절 0 · 실패 31 | 응답 ms 71.1 / 1.3 / 275.1 / 1472.0 / 11,387
  서버: 예약 100,000 · 확정 100,000 · 거절 sold_out 110,294 · 반납 0 · 번호 제약 위반 0 · 비동기 워커 실패 0 · 429(비동기 0 / 동기 0)
  비동기 제출 → 커밋 (성공, 회차 전체 117,433건): 평균 147ms | 할인 구간 101,792건 (평상시 주문 약 1,840건 포함): 평균 169ms, p50 / p95 / p99 ≈ 45 / 864 / 1,632ms (구간 보간)
  사용자 기준 요청 → 확정 (성공, 비동기): 평균 ≈ 202 응답 701.5ms + 제출 → 커밋 169ms = 871ms
  1초 폴링 367회: 매진 첫 응답 정각 + 46.0초 | 초당 확정 최대 3,523건 (정각 + 9초) | 큐 최대 1,819건 (정각 + 12초), 소진 정각 + 32초 | 커넥션 대기 최대 0 · Tomcat 바쁜 스레드 최대 11
  확정(DB 참여 행) 100,000건 (번호표 100,000개): 첫 확정 11:34:23.168 → 마지막 확정 11:35:07.465 (첫 확정 기준 +44.3초, 정각 기준 +44.8초 ± 0.3)
  DB 주문 수 117,433건 (할인 + 평상시)
  초당 확정(DB): 최대 2,876건 · 50% +22초 · 90% +40초 · 100% +44초 (첫 확정 초 기준, 1초 단위)
  정합성 (MEMORY): 재고 100,000, 참여 100,000, 남은 재고 0, 매진 예 | 초과 판매 없음 (참여 ≤ 재고) ✓, 남은 재고 + 참여 = 재고 ✓, 결과 모름 0 ✓, 번호표 중복 없음 ✓
  MySQL: 명령 804,623개, 커밋 117,435 · 롤백 0(매진·실패한 시도) → 트랜잭션당 명령 6.85, 커밋당 redo fsync 1.26, 행 잠금 대기 0회 / 0.0초, 교착 0
  노트북 CPU (시도 구간) 38.4% (mysqld 17.6 / java 14.3), 클럭 114%, TCP 재전송 474/s
  GC 멈춤 65회(워밍업 포함), 최대 78ms
  데스크톱 CPU 평균 8.5% / 최대 28.2%, k6 연결 실패·5xx 2,576건 → 무효
[11:41:32] 회차 완료 14/21 (async memory)
[11:41:32] [15/21 async db-bucket] 전 휴식 893초 (끝 11:56:25)
[11:56:26] 전원 상태 [15회차 기동 전] = 2 98 (첫 값 2 = 충전기)
서버 기동 요청 P=20 --omp.executor.insert.queue=70000 --omp.promotion.stock-mode=db-bucket --omp.promotion.admin-api=true rc=0 pid=6440
[11:56:37] 서버 준비 완료 (풀 20.0, 3회 확인)
서버 커넥션 풀 = 20.0 (기대 20), 저장 워커 = 20.0 (기대 20), 비동기 대기 자리 = 70000.0 (기대 70000), 동기 처리 상한 = 없음, 재고 방식 = DB_BUCKET (기대 DB_BUCKET)
[1/1 11:56:55] 부하 전 노트북 CPU 평균 = 0.022 (기준 0.15 미만) / 데스크톱 = 2.3% (기준 30% 미만)
워밍업 종료 11:58:00 exit=0 (연습용 이벤트 2, 초당 1000건)
워밍업 k6 연결 실패 0건
큐 소진 (queued=0.0 active=0.0, 2초 이내)
reviews	orders	order_menus	stats_not_zero
0	0	0	0
[11:58:01] 본측정 이벤트 초기화: {"promotionId":1,"stockMode":"DB_BUCKET","totalStock":100000,"participations":0,"remainingSingle":100000,"remainingBuckets":100000,"remainingMemory":-1,"pendingUnknown":0,"distinctTickets":0}
[11:58:02] 전원 상태 [15회차 측정 전] = 2 98 (첫 값 2 = 충전기)
서버 커넥션 풀 = 20.0 (기대 20), 저장 워커 = 20.0 (기대 20), 비동기 대기 자리 = 70000.0 (기대 70000), 동기 처리 상한 = 없음, 재고 방식 = DB_BUCKET (기대 DB_BUCKET)
[1/8 11:58:19] 부하 전 노트북 CPU 평균 = 0.095 (기준 0.15 미만) / 데스크톱 = 2% (기준 30% 미만)
clock_offset_s=-1.367 error_s=0.302
본측정 시작 11:58:20 (이벤트 1, async, db-bucket, 약 437초)
본측정 종료 12:05:38 exit=0
측정 k6 연결 실패 4304건 → 무효(요청이 서버에 닿지 못함)
큐 소진 (queued=0.0 active=0.0, 2초 이내)
결과 모름 확인 대기 = 0.0 (0이어야 함)
정합성 확인: {"promotionId":1,"stockMode":"DB_BUCKET","totalStock":100000,"participations":100000,"remainingSingle":100000,"remainingBuckets":0,"remainingMemory":-1,"pendingUnknown":0,"distinctTickets":0}
측정 중 데스크톱 CPU 평균 9.4% / 최대 28.9% / 80% 이상 최장 연속 0표본 → 통과
[12:05:54] DB: participations 100000 0 11:58:49.592345 11:59:48.339849|orders 117353|
[12:05:55] 전원 상태 [15회차 측정 후] = 2 98 (첫 값 2 = 충전기)
서버 종료 pid=3384
서버 종료 pid=4796
== 15-async-db-bucket  (async, db-bucket)
  시도 176,985건: 성공(202) 172,757 · 매진 0 · 429 0 · 이미 참여 0 · 시간 밖 0 · 그 밖 4,228 | 보내지 못함(dropped, 두 시나리오 합) 55,557 | VU 최대 4,102
  응답 ms (평균 / 중앙값 / p95 / p99 / 최대): 성공 640.0 / 51.5 / 2889.5 / 9697.3 / 44,787 | 매진 — | 429 —
  평상시 주문: 성공 17,353 · 거절 0 · 실패 76 | 응답 ms 121.0 / 1.4 / 552.7 / 2571.5 / 15,729
  서버: 예약 0 · 확정 100,000 · 거절 sold_out 72,757 · 반납 0 · 번호 제약 위반 0 · 비동기 워커 실패 72,757 · 429(비동기 0 / 동기 0)
  비동기 제출 → 커밋 (성공, 회차 전체 117,353건): 평균 710ms | 할인 구간 102,260건 (평상시 주문 약 2,401건 포함): 평균 815ms, p50 / p95 / p99 ≈ 416 / 3,967 / 4,793ms (구간 보간)
  비동기 제출 → 커밋 (실패, 회차 전체 72,757건): 평균 150ms | 할인 구간 6,286건 (평상시 주문 약 2,401건 포함): 평균 1,726ms, p50 / p95 / p99 ≈ 1,728 / 4,536 / 4,907ms (구간 보간)
  사용자 기준 요청 → 확정 (성공, 비동기): 평균 ≈ 202 응답 640.0ms + 제출 → 커밋 815ms = 1,455ms
  1초 폴링 356회: 매진 첫 응답 정각 + 60.0초 | 초당 확정 최대 2,301건 (정각 + 17초) | 큐 최대 5,139건 (정각 + 55초), 소진 정각 + 60초 | 커넥션 대기 최대 0 · Tomcat 바쁜 스레드 최대 192
  확정(DB 참여 행) 100,000건 (번호표 0개): 첫 확정 11:58:49.592 → 마지막 확정 11:59:48.339 (첫 확정 기준 +58.7초, 정각 기준 +58.7초 ± 0.3)
  DB 주문 수 117,353건 (할인 + 평상시)
  초당 확정(DB): 최대 2,201건 · 50% +28초 · 90% +52초 · 100% +59초 (첫 확정 초 기준, 1초 단위)
  정합성 (DB_BUCKET): 재고 100,000, 참여 100,000, 남은 재고 0, 매진 예 | 초과 판매 없음 (참여 ≤ 재고) ✓, 남은 재고 + 참여 = 재고 ✓, 결과 모름 0 ✓
  MySQL: 명령 1,813,585개, 커밋 117,355 · 롤백 72,757(매진·실패한 시도) → 트랜잭션당 명령 9.54, 커밋당 redo fsync 1.58, 행 잠금 대기 15,787회 / 97.6초, 교착 0
  노트북 CPU (시도 구간) 57.2% (mysqld 32.0 / java 20.1), 클럭 116%, TCP 재전송 621/s
  GC 멈춤 70회(워밍업 포함), 최대 93ms
  데스크톱 CPU 평균 9.4% / 최대 28.9%, k6 연결 실패·5xx 4,304건 → 무효
[12:05:58] 회차 완료 15/21 (async db-bucket)
[12:05:58] [16/21 sync memory] 전 휴식 894초 (끝 12:20:52)
[12:20:54] 전원 상태 [16회차 기동 전] = 2 98 (첫 값 2 = 충전기)
서버 기동 요청 P=20 --omp.executor.insert.queue=70000 --omp.promotion.stock-mode=memory --omp.promotion.admin-api=true rc=0 pid=13816
[12:21:05] 서버 준비 완료 (풀 20.0, 3회 확인)
서버 커넥션 풀 = 20.0 (기대 20), 저장 워커 = 20.0 (기대 20), 비동기 대기 자리 = 70000.0 (기대 70000), 동기 처리 상한 = 없음, 재고 방식 = MEMORY (기대 MEMORY)
[1/1 12:21:23] 부하 전 노트북 CPU 평균 = 0.021 (기준 0.15 미만) / 데스크톱 = 2% (기준 30% 미만)
워밍업 종료 12:22:29 exit=0 (연습용 이벤트 2, 초당 1000건)
워밍업 k6 연결 실패 0건
큐 소진 (queued=0.0 active=0.0, 2초 이내)
reviews	orders	order_menus	stats_not_zero
0	0	0	0
[12:22:30] 본측정 이벤트 초기화: {"promotionId":1,"stockMode":"MEMORY","totalStock":100000,"participations":0,"remainingSingle":100000,"remainingBuckets":100000,"remainingMemory":-1,"pendingUnknown":0,"distinctTickets":0}
[12:22:31] 전원 상태 [16회차 측정 전] = 2 98 (첫 값 2 = 충전기)
서버 커넥션 풀 = 20.0 (기대 20), 저장 워커 = 20.0 (기대 20), 비동기 대기 자리 = 70000.0 (기대 70000), 동기 처리 상한 = 없음, 재고 방식 = MEMORY (기대 MEMORY)
[1/8 12:22:48] 부하 전 노트북 CPU 평균 = 0.081 (기준 0.15 미만) / 데스크톱 = 1.5% (기준 30% 미만)
clock_offset_s=-1.340 error_s=0.319
본측정 시작 12:22:49 (이벤트 1, sync, memory, 약 437초)
본측정 종료 12:30:07 exit=0
측정 k6 연결 실패 0건 → 통과
큐 소진 (queued=0.0 active=0.0, 2초 이내)
결과 모름 확인 대기 = 0.0 (0이어야 함)
정합성 확인: {"promotionId":1,"stockMode":"MEMORY","totalStock":100000,"participations":100000,"remainingSingle":100000,"remainingBuckets":100000,"remainingMemory":0,"pendingUnknown":0,"distinctTickets":100000}
측정 중 데스크톱 CPU 평균 7.3% / 최대 29.6% / 80% 이상 최장 연속 0표본 → 통과
[12:30:23] DB: participations 100000 100000 12:23:18.442990 12:23:58.220861|orders 117468|
[12:30:24] 전원 상태 [16회차 측정 후] = 2 98 (첫 값 2 = 충전기)
서버 종료 pid=13532
서버 종료 pid=11440
== 16-sync-memory  (sync, memory)
  시도 224,745건: 성공(200) 100,000 · 매진 124,745 · 429 0 · 이미 참여 0 · 시간 밖 0 · 그 밖 0 | 보내지 못함(dropped, 두 시나리오 합) 7,758 | VU 최대 4,063
  응답 ms (평균 / 중앙값 / p95 / p99 / 최대): 성공 1107.9 / 1151.1 / 1642.8 / 2768.5 / 8,929 | 매진 26.3 / 0.5 / 1.3 / 1057.6 / 1,432 | 429 —
  평상시 주문: 성공 17,468 · 거절 0 · 실패 0 | 응답 ms 96.3 / 4.0 / 1040.3 / 1445.2 / 5,414
  서버: 예약 100,000 · 확정 100,000 · 거절 sold_out 124,745 · 반납 0 · 번호 제약 위반 0 · 비동기 워커 실패 0 · 429(비동기 0 / 동기 0)
  사용자 기준 요청 → 확정 (성공, 동기 = 응답 시간): 평균 1107.9ms, p50 1151.1, p95 1642.8, p99 2768.5ms
  1초 폴링 374회: 매진 첫 응답 정각 + 41.3초 | 초당 확정 최대 2,997건 (정각 + 26초) | 큐 쌓이지 않음 | 커넥션 대기 최대 179 · Tomcat 바쁜 스레드 최대 200
  확정(DB 참여 행) 100,000건 (번호표 100,000개): 첫 확정 12:23:18.442 → 마지막 확정 12:23:58.220 (첫 확정 기준 +39.8초, 정각 기준 +40.6초 ± 0.3)
  DB 주문 수 117,468건 (할인 + 평상시)
  초당 확정(DB): 최대 2,891건 · 50% +21초 · 90% +36초 · 100% +40초 (첫 확정 초 기준, 1초 단위)
  정합성 (MEMORY): 재고 100,000, 참여 100,000, 남은 재고 0, 매진 예 | 초과 판매 없음 (참여 ≤ 재고) ✓, 남은 재고 + 참여 = 재고 ✓, 결과 모름 0 ✓, 번호표 중복 없음 ✓, 동기 성공 응답 = 참여 행 ✓
  MySQL: 명령 804,833개, 커밋 117,470 · 롤백 0(매진·실패한 시도) → 트랜잭션당 명령 6.85, 커밋당 redo fsync 0.79, 행 잠금 대기 0회 / 0.0초, 교착 0
  노트북 CPU (시도 구간) 34.3% (mysqld 15.0 / java 14.5), 클럭 110%, TCP 재전송 7/s
  GC 멈춤 49회(워밍업 포함), 최대 68ms
  데스크톱 CPU 평균 7.3% / 최대 29.6%, k6 연결 실패·5xx 0건 → 유효
[12:30:28] 회차 완료 16/21 (sync memory)
[12:30:28] [17/21 sync-ff memory] 전 휴식 892초 (끝 12:45:20)
[12:45:21] 전원 상태 [17회차 기동 전] = 2 98 (첫 값 2 = 충전기)
서버 기동 요청 P=20 --omp.executor.insert.queue=70000 --omp.promotion.stock-mode=memory --omp.promotion.admin-api=true --omp.order.sync.max-in-flight=130 rc=0 pid=14664
[12:45:33] 서버 준비 완료 (풀 20.0, 3회 확인)
서버 커넥션 풀 = 20.0 (기대 20), 저장 워커 = 20.0 (기대 20), 비동기 대기 자리 = 70000.0 (기대 70000), 동기 처리 상한 = 130.0, 재고 방식 = MEMORY (기대 MEMORY)
[1/1 12:45:50] 부하 전 노트북 CPU 평균 = 0.016 (기준 0.15 미만) / 데스크톱 = 1.3% (기준 30% 미만)
워밍업 종료 12:46:56 exit=0 (연습용 이벤트 2, 초당 1000건)
워밍업 k6 연결 실패 0건
큐 소진 (queued=0.0 active=0.0, 2초 이내)
reviews	orders	order_menus	stats_not_zero
0	0	0	0
[12:46:57] 본측정 이벤트 초기화: {"promotionId":1,"stockMode":"MEMORY","totalStock":100000,"participations":0,"remainingSingle":100000,"remainingBuckets":100000,"remainingMemory":-1,"pendingUnknown":0,"distinctTickets":0}
[12:46:59] 전원 상태 [17회차 측정 전] = 2 98 (첫 값 2 = 충전기)
서버 커넥션 풀 = 20.0 (기대 20), 저장 워커 = 20.0 (기대 20), 비동기 대기 자리 = 70000.0 (기대 70000), 동기 처리 상한 = 130.0, 재고 방식 = MEMORY (기대 MEMORY)
[1/8 12:47:16] 부하 전 노트북 CPU 평균 = 0.182 (기준 0.15 미만) / 데스크톱 = 1.9% (기준 30% 미만)
[2/8 12:47:32] 부하 전 노트북 CPU 평균 = 0.142 (기준 0.15 미만) / 데스크톱 = 0.9% (기준 30% 미만)
clock_offset_s=-1.329 error_s=0.319
본측정 시작 12:47:32 (이벤트 1, sync-ff, memory, 약 437초)
본측정 종료 12:54:50 exit=0
측정 k6 연결 실패 0건 → 통과
큐 소진 (queued=0.0 active=0.0, 2초 이내)
결과 모름 확인 대기 = 0.0 (0이어야 함)
정합성 확인: {"promotionId":1,"stockMode":"MEMORY","totalStock":100000,"participations":100000,"remainingSingle":100000,"remainingBuckets":100000,"remainingMemory":0,"pendingUnknown":0,"distinctTickets":100000}
측정 중 데스크톱 CPU 평균 6.3% / 최대 27.2% / 80% 이상 최장 연속 0표본 → 통과
[12:55:06] DB: participations 100000 100000 12:48:01.725140 12:48:42.677695|orders 117272|
[12:55:07] 전원 상태 [17회차 측정 후] = 2 98 (첫 값 2 = 충전기)
서버 종료 pid=9936
서버 종료 pid=19360
== 17-sync-ff-memory  (sync-ff, memory)
  시도 232,490건: 성공(200) 100,000 · 매진 117,072 · 429 15,418 · 이미 참여 0 · 시간 밖 0 · 그 밖 0 | 보내지 못함(dropped, 두 시나리오 합) 0 | VU 최대 2,050
  응답 ms (평균 / 중앙값 / p95 / p99 / 최대): 성공 116.5 / 58.0 / 374.1 / 1162.4 / 9,724 | 매진 0.3 / 0.0 / 0.6 / 1.6 / 31 | 429 127.7 / 17.6 / 597.1 / 1222.1 / 9,641
  평상시 주문: 성공 17,272 · 거절 208 · 실패 0 | 응답 ms 11.9 / 4.2 / 46.0 / 186.1 / 9,636
  서버: 예약 100,000 · 확정 100,000 · 거절 sold_out 117,072 · 반납 0 · 번호 제약 위반 0 · 비동기 워커 실패 0 · 429(비동기 0 / 동기 15,626)
  사용자 기준 요청 → 확정 (성공, 동기 = 응답 시간): 평균 116.5ms, p50 58.0, p95 374.1, p99 1162.4ms
  1초 폴링 382회: 매진 첫 응답 정각 + 41.3초 | 초당 확정 최대 4,074건 (정각 + 32초) | 큐 쌓이지 않음 | 커넥션 대기 최대 110 · Tomcat 바쁜 스레드 최대 133
  확정(DB 참여 행) 100,000건 (번호표 100,000개): 첫 확정 12:48:01.725 → 마지막 확정 12:48:42.677 (첫 확정 기준 +41.0초, 정각 기준 +41.0초 ± 0.3)
  DB 주문 수 117,272건 (할인 + 평상시)
  초당 확정(DB): 최대 2,877건 · 50% +22초 · 90% +38초 · 100% +41초 (첫 확정 초 기준, 1초 단위)
  정합성 (MEMORY): 재고 100,000, 참여 100,000, 남은 재고 0, 매진 예 | 초과 판매 없음 (참여 ≤ 재고) ✓, 남은 재고 + 참여 = 재고 ✓, 결과 모름 0 ✓, 번호표 중복 없음 ✓, 동기 성공 응답 = 참여 행 ✓
  MySQL: 명령 803,657개, 커밋 117,274 · 롤백 0(매진·실패한 시도) → 트랜잭션당 명령 6.85, 커밋당 redo fsync 0.93, 행 잠금 대기 0회 / 0.0초, 교착 0
  노트북 CPU (시도 구간) 35.1% (mysqld 15.3 / java 14.3), 클럭 113%, TCP 재전송 40/s
  GC 멈춤 49회(워밍업 포함), 최대 65ms
  데스크톱 CPU 평균 6.3% / 최대 27.2%, k6 연결 실패·5xx 0건 → 유효
[12:55:11] 회차 완료 17/21 (sync-ff memory)
[12:55:11] [18/21 async db-single] 전 휴식 893초 (끝 13:10:04)
[13:10:05] 전원 상태 [18회차 기동 전] = 2 98 (첫 값 2 = 충전기)
서버 기동 요청 P=20 --omp.executor.insert.queue=70000 --omp.promotion.stock-mode=db-single --omp.promotion.admin-api=true rc=0 pid=17444
[13:10:17] 서버 준비 완료 (풀 20.0, 3회 확인)
서버 커넥션 풀 = 20.0 (기대 20), 저장 워커 = 20.0 (기대 20), 비동기 대기 자리 = 70000.0 (기대 70000), 동기 처리 상한 = 없음, 재고 방식 = DB_SINGLE (기대 DB_SINGLE)
[1/1 13:10:34] 부하 전 노트북 CPU 평균 = 0.018 (기준 0.15 미만) / 데스크톱 = 0.8% (기준 30% 미만)
워밍업 종료 13:11:40 exit=0 (연습용 이벤트 2, 초당 1000건)
워밍업 k6 연결 실패 0건
큐 소진 (queued=0.0 active=0.0, 2초 이내)
reviews	orders	order_menus	stats_not_zero
0	0	0	0
[13:11:42] 본측정 이벤트 초기화: {"promotionId":1,"stockMode":"DB_SINGLE","totalStock":100000,"participations":0,"remainingSingle":100000,"remainingBuckets":100000,"remainingMemory":-1,"pendingUnknown":0,"distinctTickets":0}
[13:11:43] 전원 상태 [18회차 측정 전] = 2 98 (첫 값 2 = 충전기)
서버 커넥션 풀 = 20.0 (기대 20), 저장 워커 = 20.0 (기대 20), 비동기 대기 자리 = 70000.0 (기대 70000), 동기 처리 상한 = 없음, 재고 방식 = DB_SINGLE (기대 DB_SINGLE)
[1/8 13:12:00] 부하 전 노트북 CPU 평균 = 0.097 (기준 0.15 미만) / 데스크톱 = 1.1% (기준 30% 미만)
clock_offset_s=-1.325 error_s=0.317
본측정 시작 13:12:01 (이벤트 1, async, db-single, 약 437초)
