[06:28:53] === 선착순 flash5 시작: 회차 3개 (sync-ff:memory sync-ff:memory sync-ff:memory, 폴더 29번부터), 휴식 900초, 본측정 이벤트 1, 연습용 2, 동기 처리 상한 190 ===
노트북 CPU 기록 시작 pid=3364 rc=0
[06:28:59] 전원 상태 [29회차 기동 전] = 2 98 (첫 값 2 = 충전기)
서버 기동 요청 P=20 --omp.executor.insert.queue=70000 --omp.promotion.stock-mode=memory --omp.promotion.admin-api=true --omp.order.sync.max-in-flight=190 rc=0 pid=3684
[06:29:10] 서버 준비 완료 (풀 20.0, 3회 확인)
서버 커넥션 풀 = 20.0 (기대 20), 저장 워커 = 20.0 (기대 20), 비동기 대기 자리 = 70000.0 (기대 70000), 동기 처리 상한 = 190.0, 재고 방식 = MEMORY (기대 MEMORY)
[1/1 06:29:27] 부하 전 노트북 CPU 평균 = 0.020 (기준 0.15 미만) / 데스크톱 = 9.7% (기준 30% 미만)
워밍업 종료 06:30:34 exit=0 (연습용 이벤트 2, 초당 1000건)
워밍업 k6 연결 실패 0건
큐 소진 (queued=0.0 active=0.0, 2초 이내)
reviews	orders	order_menus	stats_not_zero
0	0	0	0
[06:30:35] 본측정 이벤트 초기화: {"promotionId":1,"stockMode":"MEMORY","totalStock":100000,"participations":0,"remainingSingle":100000,"remainingBuckets":100000,"remainingMemory":-1,"pendingUnknown":0,"distinctTickets":0}
[06:30:36] 전원 상태 [29회차 측정 전] = 2 98 (첫 값 2 = 충전기)
서버 커넥션 풀 = 20.0 (기대 20), 저장 워커 = 20.0 (기대 20), 비동기 대기 자리 = 70000.0 (기대 70000), 동기 처리 상한 = 190.0, 재고 방식 = MEMORY (기대 MEMORY)
[1/8 06:30:53] 부하 전 노트북 CPU 평균 = 0.083 (기준 0.15 미만) / 데스크톱 = 5.2% (기준 30% 미만)
clock_offset_s=-0.420 error_s=0.325
본측정 시작 06:30:54 (이벤트 1, sync-ff, memory, 약 437초)
본측정 종료 06:38:11 exit=0
측정 k6 연결 실패 0건 → 통과
큐 소진 (queued=0.0 active=0.0, 2초 이내)
결과 모름 확인 대기 = 0.0 (0이어야 함)
정합성 확인: {"promotionId":1,"stockMode":"MEMORY","totalStock":100000,"participations":100000,"remainingSingle":100000,"remainingBuckets":100000,"remainingMemory":0,"pendingUnknown":0,"distinctTickets":100000}
측정 중 데스크톱 CPU 평균 13.1% / 최대 47.9% / 80% 이상 최장 연속 0표본 → 통과
[06:38:28] DB: participations 100000 100000 06:31:23.856171 06:32:04.135692|orders 117312|
[06:38:29] 전원 상태 [29회차 측정 후] = 2 98 (첫 값 2 = 충전기)
서버 종료 pid=7164
서버 종료 pid=13540
== 29-sync-ff-memory  (sync-ff, memory)
  시도 232,490건: 성공(200) 100,000 · 매진 119,178 · 429 13,312 · 이미 참여 0 · 시간 밖 0 · 그 밖 0 | 보내지 못함(dropped, 두 시나리오 합) 0 | VU 최대 2,050
  응답 ms (평균 / 중앙값 / p95 / p99 / 최대): 성공 77.3 / 71.5 / 190.1 / 311.3 / 802 | 매진 0.5 / 0.5 / 1.1 / 3.6 / 51 | 429 12.9 / 3.8 / 28.5 / 277.6 / 585
  평상시 주문: 성공 17,312 · 거절 169 · 실패 0 | 응답 ms 9.3 / 3.8 / 60.2 / 127.0 / 587
  서버: 예약 100,000 · 확정 100,000 · 거절 sold_out 119,178 · 반납 0 · 번호 제약 위반 0 · 비동기 워커 실패 0 · 429(비동기 0 / 동기 13,481)
  사용자 기준 요청 → 확정 (성공, 동기 = 응답 시간): 평균 77.3ms, p50 71.5, p95 190.1, p99 311.3ms
  1초 폴링 386회: 매진 첫 응답 정각 + 40.9초 | 초당 확정 최대 2,815건 (정각 + 18초) | 큐 쌓이지 않음 | 커넥션 대기 최대 170 · Tomcat 바쁜 스레드 최대 192
  확정(DB 참여 행) 100,000건 (번호표 100,000개): 첫 확정 06:31:23.856 → 마지막 확정 06:32:04.135 (첫 확정 기준 +40.3초, 정각 기준 +40.6초 ± 0.3)
  DB 주문 수 117,312건 (할인 + 평상시)
  초당 확정(DB): 최대 2,840건 · 50% +22초 · 90% +37초 · 100% +41초 (첫 확정 초 기준, 1초 단위)
  정합성 (MEMORY): 재고 100,000, 참여 100,000, 남은 재고 0, 매진 예 | 초과 판매 없음 (참여 ≤ 재고) ✓, 남은 재고 + 참여 = 재고 ✓, 결과 모름 0 ✓, 번호표 중복 없음 ✓, 동기 성공 응답 = 참여 행 ✓
  MySQL: 명령 803,897개, 커밋 117,314 · 롤백 0(매진·실패한 시도) → 트랜잭션당 명령 6.85, 커밋당 redo fsync 0.87, 행 잠금 대기 0회 / 0.0초, 교착 0
  노트북 CPU (시도 구간) 20.5% (mysqld 8.2 / java 7.8), 클럭 80%, TCP 재전송 1/s
  GC 멈춤 49회(워밍업 포함), 최대 88ms
  데스크톱 CPU 평균 13.1% / 최대 47.9%, k6 연결 실패·5xx 0건 → 유효
[06:38:34] 회차 완료 29/31 (sync-ff memory)
[06:38:34] [30/31 sync-ff memory] 전 휴식 890초 (끝 06:53:24)
[06:53:25] 전원 상태 [30회차 기동 전] = 2 98 (첫 값 2 = 충전기)
서버 기동 요청 P=20 --omp.executor.insert.queue=70000 --omp.promotion.stock-mode=memory --omp.promotion.admin-api=true --omp.order.sync.max-in-flight=190 rc=0 pid=16660
[06:53:36] 서버 준비 완료 (풀 20.0, 3회 확인)
서버 커넥션 풀 = 20.0 (기대 20), 저장 워커 = 20.0 (기대 20), 비동기 대기 자리 = 70000.0 (기대 70000), 동기 처리 상한 = 190.0, 재고 방식 = MEMORY (기대 MEMORY)
[1/1 06:53:54] 부하 전 노트북 CPU 평균 = 0.016 (기준 0.15 미만) / 데스크톱 = 5% (기준 30% 미만)
워밍업 종료 06:55:00 exit=0 (연습용 이벤트 2, 초당 1000건)
워밍업 k6 연결 실패 0건
큐 소진 (queued=0.0 active=0.0, 2초 이내)
reviews	orders	order_menus	stats_not_zero
0	0	0	0
[06:55:01] 본측정 이벤트 초기화: {"promotionId":1,"stockMode":"MEMORY","totalStock":100000,"participations":0,"remainingSingle":100000,"remainingBuckets":100000,"remainingMemory":-1,"pendingUnknown":0,"distinctTickets":0}
[06:55:02] 전원 상태 [30회차 측정 전] = 2 98 (첫 값 2 = 충전기)
서버 커넥션 풀 = 20.0 (기대 20), 저장 워커 = 20.0 (기대 20), 비동기 대기 자리 = 70000.0 (기대 70000), 동기 처리 상한 = 190.0, 재고 방식 = MEMORY (기대 MEMORY)
[1/8 06:55:19] 부하 전 노트북 CPU 평균 = 0.079 (기준 0.15 미만) / 데스크톱 = 2.8% (기준 30% 미만)
clock_offset_s=-0.430 error_s=0.315
본측정 시작 06:55:20 (이벤트 1, sync-ff, memory, 약 437초)
본측정 종료 07:02:37 exit=0
측정 k6 연결 실패 0건 → 통과
큐 소진 (queued=0.0 active=0.0, 2초 이내)
결과 모름 확인 대기 = 0.0 (0이어야 함)
정합성 확인: {"promotionId":1,"stockMode":"MEMORY","totalStock":100000,"participations":100000,"remainingSingle":100000,"remainingBuckets":100000,"remainingMemory":0,"pendingUnknown":0,"distinctTickets":100000}
측정 중 데스크톱 CPU 평균 9.6% / 최대 31.0% / 80% 이상 최장 연속 0표본 → 통과
[07:02:53] DB: participations 100000 100000 06:55:49.857037 06:56:30.195034|orders 117291|
[07:02:53] 전원 상태 [30회차 측정 후] = 2 98 (첫 값 2 = 충전기)
서버 종료 pid=2476
서버 종료 pid=17296
== 30-sync-ff-memory  (sync-ff, memory)
  시도 232,491건: 성공(200) 100,000 · 매진 119,098 · 429 13,393 · 이미 참여 0 · 시간 밖 0 · 그 밖 0 | 보내지 못함(dropped, 두 시나리오 합) 0 | VU 최대 2,050
  응답 ms (평균 / 중앙값 / p95 / p99 / 최대): 성공 101.6 / 73.2 / 323.8 / 492.0 / 2,377 | 매진 0.4 / 0.5 / 0.7 / 3.3 / 63 | 429 49.2 / 15.5 / 300.3 / 403.4 / 1,250
  평상시 주문: 성공 17,291 · 거절 190 · 실패 0 | 응답 ms 11.4 / 4.3 / 48.3 / 183.2 / 2,497
  서버: 예약 100,000 · 확정 100,000 · 거절 sold_out 119,098 · 반납 0 · 번호 제약 위반 0 · 비동기 워커 실패 0 · 429(비동기 0 / 동기 13,583)
  사용자 기준 요청 → 확정 (성공, 동기 = 응답 시간): 평균 101.6ms, p50 73.2, p95 323.8, p99 492.0ms
  1초 폴링 385회: 매진 첫 응답 정각 + 41.9초 | 초당 확정 최대 3,652건 (정각 + 11초) | 큐 쌓이지 않음 | 커넥션 대기 최대 170 · Tomcat 바쁜 스레드 최대 193
  확정(DB 참여 행) 100,000건 (번호표 100,000개): 첫 확정 06:55:49.857 → 마지막 확정 06:56:30.195 (첫 확정 기준 +40.3초, 정각 기준 +40.6초 ± 0.3)
  DB 주문 수 117,291건 (할인 + 평상시)
  초당 확정(DB): 최대 2,980건 · 50% +22초 · 90% +37초 · 100% +41초 (첫 확정 초 기준, 1초 단위)
  정합성 (MEMORY): 재고 100,000, 참여 100,000, 남은 재고 0, 매진 예 | 초과 판매 없음 (참여 ≤ 재고) ✓, 남은 재고 + 참여 = 재고 ✓, 결과 모름 0 ✓, 번호표 중복 없음 ✓, 동기 성공 응답 = 참여 행 ✓
  MySQL: 명령 803,771개, 커밋 117,293 · 롤백 0(매진·실패한 시도) → 트랜잭션당 명령 6.85, 커밋당 redo fsync 1.02, 행 잠금 대기 0회 / 0.0초, 교착 0
  노트북 CPU (시도 구간) 15.9% (mysqld 6.8 / java 6.2), 클럭 73%, TCP 재전송 14/s
  GC 멈춤 47회(워밍업 포함), 최대 84ms
  데스크톱 CPU 평균 9.6% / 최대 31.0%, k6 연결 실패·5xx 0건 → 유효
[07:02:57] 회차 완료 30/31 (sync-ff memory)
[07:02:57] [31/31 sync-ff memory] 전 휴식 893초 (끝 07:17:50)
[07:17:51] 전원 상태 [31회차 기동 전] = 2 98 (첫 값 2 = 충전기)
서버 기동 요청 P=20 --omp.executor.insert.queue=70000 --omp.promotion.stock-mode=memory --omp.promotion.admin-api=true --omp.order.sync.max-in-flight=190 rc=0 pid=18572
[07:18:03] 서버 준비 완료 (풀 20.0, 3회 확인)
서버 커넥션 풀 = 20.0 (기대 20), 저장 워커 = 20.0 (기대 20), 비동기 대기 자리 = 70000.0 (기대 70000), 동기 처리 상한 = 190.0, 재고 방식 = MEMORY (기대 MEMORY)
[1/1 07:18:20] 부하 전 노트북 CPU 평균 = 0.018 (기준 0.15 미만) / 데스크톱 = 4% (기준 30% 미만)
워밍업 종료 07:19:26 exit=0 (연습용 이벤트 2, 초당 1000건)
워밍업 k6 연결 실패 0건
큐 소진 (queued=0.0 active=0.0, 2초 이내)
reviews	orders	order_menus	stats_not_zero
0	0	0	0
[07:19:27] 본측정 이벤트 초기화: {"promotionId":1,"stockMode":"MEMORY","totalStock":100000,"participations":0,"remainingSingle":100000,"remainingBuckets":100000,"remainingMemory":-1,"pendingUnknown":0,"distinctTickets":0}
[07:19:28] 전원 상태 [31회차 측정 전] = 2 98 (첫 값 2 = 충전기)
서버 커넥션 풀 = 20.0 (기대 20), 저장 워커 = 20.0 (기대 20), 비동기 대기 자리 = 70000.0 (기대 70000), 동기 처리 상한 = 190.0, 재고 방식 = MEMORY (기대 MEMORY)
[1/8 07:19:45] 부하 전 노트북 CPU 평균 = 0.083 (기준 0.15 미만) / 데스크톱 = 6% (기준 30% 미만)
clock_offset_s=-0.445 error_s=0.301
본측정 시작 07:19:46 (이벤트 1, sync-ff, memory, 약 437초)
본측정 종료 07:27:03 exit=0
측정 k6 연결 실패 0건 → 통과
큐 소진 (queued=0.0 active=0.0, 2초 이내)
결과 모름 확인 대기 = 0.0 (0이어야 함)
정합성 확인: {"promotionId":1,"stockMode":"MEMORY","totalStock":100000,"participations":100000,"remainingSingle":100000,"remainingBuckets":100000,"remainingMemory":0,"pendingUnknown":0,"distinctTickets":100000}
측정 중 데스크톱 CPU 평균 9.5% / 최대 34.7% / 80% 이상 최장 연속 0표본 → 통과
[07:27:18] DB: participations 100000 100000 07:20:15.696743 07:20:53.619087|orders 117396|
[07:27:19] 전원 상태 [31회차 측정 후] = 2 98 (첫 값 2 = 충전기)
서버 종료 pid=1936
서버 종료 pid=7528
== 31-sync-ff-memory  (sync-ff, memory)
  시도 232,491건: 성공(200) 100,000 · 매진 126,276 · 429 6,215 · 이미 참여 0 · 시간 밖 0 · 그 밖 0 | 보내지 못함(dropped, 두 시나리오 합) 0 | VU 최대 2,050
  응답 ms (평균 / 중앙값 / p95 / p99 / 최대): 성공 66.4 / 57.1 / 178.3 / 335.1 / 666 | 매진 0.4 / 0.5 / 0.7 / 3.9 / 42 | 429 33.3 / 8.9 / 277.1 / 574.2 / 610
  평상시 주문: 성공 17,396 · 거절 85 · 실패 0 | 응답 ms 8.5 / 4.3 / 31.6 / 114.9 / 586
  서버: 예약 100,000 · 확정 100,000 · 거절 sold_out 126,276 · 반납 0 · 번호 제약 위반 0 · 비동기 워커 실패 0 · 429(비동기 0 / 동기 6,300)
  사용자 기준 요청 → 확정 (성공, 동기 = 응답 시간): 평균 66.4ms, p50 57.1, p95 178.3, p99 335.1ms
  1초 폴링 388회: 매진 첫 응답 정각 + 39.1초 | 초당 확정 최대 3,092건 (정각 + 9초) | 큐 쌓이지 않음 | 커넥션 대기 최대 170 · Tomcat 바쁜 스레드 최대 194
  확정(DB 참여 행) 100,000건 (번호표 100,000개): 첫 확정 07:20:15.696 → 마지막 확정 07:20:53.619 (첫 확정 기준 +37.9초, 정각 기준 +38.1초 ± 0.3)
  DB 주문 수 117,396건 (할인 + 평상시)
  초당 확정(DB): 최대 3,128건 · 50% +20초 · 90% +34초 · 100% +38초 (첫 확정 초 기준, 1초 단위)
  정합성 (MEMORY): 재고 100,000, 참여 100,000, 남은 재고 0, 매진 예 | 초과 판매 없음 (참여 ≤ 재고) ✓, 남은 재고 + 참여 = 재고 ✓, 결과 모름 0 ✓, 번호표 중복 없음 ✓, 동기 성공 응답 = 참여 행 ✓
  MySQL: 명령 804,401개, 커밋 117,398 · 롤백 0(매진·실패한 시도) → 트랜잭션당 명령 6.85, 커밋당 redo fsync 0.84, 행 잠금 대기 0회 / 0.0초, 교착 0
  노트북 CPU (시도 구간) 17.2% (mysqld 7.1 / java 7.1), 클럭 77%, TCP 재전송 6/s
  GC 멈춤 48회(워밍업 포함), 최대 85ms
  데스크톱 CPU 평균 9.5% / 최대 34.7%, k6 연결 실패·5xx 0건 → 유효
[07:27:23] 회차 완료 31/31 (sync-ff memory)
노트북 CPU 기록 종료 pid=3364
[07:27:24] 노트북 CPU 기록 → benchmark/results/2026-09-30-FLASH/laptop-cpu-flash5.csv
[07:27:24] === 선착순 flash5 끝 ===
