[17:04:30] === 선착순 flash3 시작: 회차 6개 (async:db-bucket async:memory sync-ff:memory sync-ff:memory async:memory async:db-bucket, 폴더 22번부터), 휴식 900초, 본측정 이벤트 1, 연습용 2, 동기 처리 상한 130 ===
노트북 CPU 기록 시작 pid=16692 rc=0
[17:04:34] [22/27 async db-bucket] 전 휴식 896초 (끝 17:19:30)
[17:19:31] 전원 상태 [22회차 기동 전] = 2 98 (첫 값 2 = 충전기)
서버 기동 요청 P=20 --omp.executor.insert.queue=70000 --omp.promotion.stock-mode=db-bucket --omp.promotion.admin-api=true rc=0 pid=18020
[17:19:42] 서버 준비 완료 (풀 20.0, 3회 확인)
서버 커넥션 풀 = 20.0 (기대 20), 저장 워커 = 20.0 (기대 20), 비동기 대기 자리 = 70000.0 (기대 70000), 동기 처리 상한 = 없음, 재고 방식 = DB_BUCKET (기대 DB_BUCKET)
[1/1 17:19:59] 부하 전 노트북 CPU 평균 = 0.017 (기준 0.15 미만) / 데스크톱 = 1.8% (기준 30% 미만)
워밍업 종료 17:21:05 exit=0 (연습용 이벤트 2, 초당 1000건)
워밍업 k6 연결 실패 0건
큐 소진 (queued=0.0 active=0.0, 2초 이내)
reviews	orders	order_menus	stats_not_zero
0	0	0	0
[17:21:06] 본측정 이벤트 초기화: {"promotionId":1,"stockMode":"DB_BUCKET","totalStock":100000,"participations":0,"remainingSingle":100000,"remainingBuckets":100000,"remainingMemory":-1,"pendingUnknown":0,"distinctTickets":0}
[17:21:07] 전원 상태 [22회차 측정 전] = 2 98 (첫 값 2 = 충전기)
서버 커넥션 풀 = 20.0 (기대 20), 저장 워커 = 20.0 (기대 20), 비동기 대기 자리 = 70000.0 (기대 70000), 동기 처리 상한 = 없음, 재고 방식 = DB_BUCKET (기대 DB_BUCKET)
[1/8 17:21:24] 부하 전 노트북 CPU 평균 = 0.097 (기준 0.15 미만) / 데스크톱 = 2.1% (기준 30% 미만)
clock_offset_s=-1.087 error_s=0.298
본측정 시작 17:21:25 (이벤트 1, async, db-bucket, 약 437초)
본측정 종료 17:28:43 exit=0
측정 k6 연결 실패 170건 → 무효(요청이 서버에 닿지 못함)
큐 소진 (queued=0.0 active=0.0, 2초 이내)
결과 모름 확인 대기 = 0.0 (0이어야 함)
정합성 확인: {"promotionId":1,"stockMode":"DB_BUCKET","totalStock":100000,"participations":100000,"remainingSingle":100000,"remainingBuckets":0,"remainingMemory":-1,"pendingUnknown":0,"distinctTickets":0}
측정 중 데스크톱 CPU 평균 8.3% / 최대 26.0% / 80% 이상 최장 연속 0표본 → 통과
[17:28:58] DB: participations 100000 0 17:21:54.535622 17:22:46.519686|orders 117411|
[17:28:59] 전원 상태 [22회차 측정 후] = 2 98 (첫 값 2 = 충전기)
서버 종료 pid=17516
서버 종료 pid=2928
== 22-async-db-bucket  (async, db-bucket)
  시도 222,918건: 성공(202) 222,752 · 매진 0 · 429 0 · 이미 참여 0 · 시간 밖 0 · 그 밖 166 | 보내지 못함(dropped, 두 시나리오 합) 9,638 | VU 최대 4,116
  응답 ms (평균 / 중앙값 / p95 / p99 / 최대): 성공 163.9 / 18.2 / 610.2 / 2906.5 / 11,728 | 매진 — | 429 —
  평상시 주문: 성공 17,411 · 거절 0 · 실패 4 | 응답 ms 39.4 / 1.4 / 42.2 / 1153.6 / 10,936
  서버: 예약 0 · 확정 100,000 · 거절 sold_out 122,752 · 반납 0 · 번호 제약 위반 0 · 비동기 워커 실패 122,752 · 429(비동기 0 / 동기 0)
  비동기 제출 → 커밋 (성공, 회차 전체 117,411건): 평균 6,322ms | 할인 구간 102,398건 (평상시 주문 약 2,488건 포함): 평균 7,249ms, p50 / p95 / p99 ≈ 7,149 / 14,700 / 18,450ms (구간 보간)
  비동기 제출 → 커밋 (실패, 회차 전체 122,752건): 평균 4,904ms | 할인 구간 60,764건 (평상시 주문 약 2,488건 포함): 평균 9,905ms, p50 / p95 / p99 ≈ 10,720 / 17,609 / 19,522ms (구간 보간)
  사용자 기준 요청 → 확정 (성공, 비동기): 평균 ≈ 202 응답 163.9ms + 제출 → 커밋 7,249ms = 7,413ms
  1초 폴링 367회: 매진 첫 응답 정각 + 62.2초 | 초당 확정 최대 3,413건 (정각 + 11초) | 큐 최대 45,794건 (정각 + 51초), 소진 정각 + 62초 | 커넥션 대기 최대 0 · Tomcat 바쁜 스레드 최대 8
  확정(DB 참여 행) 100,000건 (번호표 0개): 첫 확정 17:21:54.535 → 마지막 확정 17:22:46.519 (첫 확정 기준 +52.0초, 정각 기준 +52.6초 ± 0.3)
  DB 주문 수 117,411건 (할인 + 평상시)
  초당 확정(DB): 최대 2,178건 · 50% +26초 · 90% +46초 · 100% +52초 (첫 확정 초 기준, 1초 단위)
  정합성 (DB_BUCKET): 재고 100,000, 참여 100,000, 남은 재고 0, 매진 예 | 초과 판매 없음 (참여 ≤ 재고) ✓, 남은 재고 + 참여 = 재고 ✓, 결과 모름 0 ✓
  MySQL: 명령 2,163,894개, 커밋 117,413 · 롤백 122,752(매진·실패한 시도) → 트랜잭션당 명령 9.01, 커밋당 redo fsync 0.78, 행 잠금 대기 3,585회 / 23.1초, 교착 0
  노트북 CPU (시도 구간) 59.1% (mysqld 31.5 / java 23.7), 클럭 117%, TCP 재전송 152/s
  GC 멈춤 59회(워밍업 포함), 최대 81ms
  데스크톱 CPU 평균 8.3% / 최대 26.0%, k6 연결 실패·5xx 170건 → 무효
[17:29:03] 회차 완료 22/27 (async db-bucket)
[17:29:03] [23/27 async memory] 전 휴식 893초 (끝 17:43:56)
[17:43:57] 전원 상태 [23회차 기동 전] = 2 98 (첫 값 2 = 충전기)
서버 기동 요청 P=20 --omp.executor.insert.queue=70000 --omp.promotion.stock-mode=memory --omp.promotion.admin-api=true rc=0 pid=16432
[17:44:09] 서버 준비 완료 (풀 20.0, 3회 확인)
서버 커넥션 풀 = 20.0 (기대 20), 저장 워커 = 20.0 (기대 20), 비동기 대기 자리 = 70000.0 (기대 70000), 동기 처리 상한 = 없음, 재고 방식 = MEMORY (기대 MEMORY)
[1/1 17:44:26] 부하 전 노트북 CPU 평균 = 0.015 (기준 0.15 미만) / 데스크톱 = 1.6% (기준 30% 미만)
워밍업 종료 17:45:32 exit=0 (연습용 이벤트 2, 초당 1000건)
워밍업 k6 연결 실패 0건
큐 소진 (queued=0.0 active=0.0, 2초 이내)
reviews	orders	order_menus	stats_not_zero
0	0	0	0
[17:45:33] 본측정 이벤트 초기화: {"promotionId":1,"stockMode":"MEMORY","totalStock":100000,"participations":0,"remainingSingle":100000,"remainingBuckets":100000,"remainingMemory":-1,"pendingUnknown":0,"distinctTickets":0}
[17:45:34] 전원 상태 [23회차 측정 전] = 2 98 (첫 값 2 = 충전기)
서버 커넥션 풀 = 20.0 (기대 20), 저장 워커 = 20.0 (기대 20), 비동기 대기 자리 = 70000.0 (기대 70000), 동기 처리 상한 = 없음, 재고 방식 = MEMORY (기대 MEMORY)
[1/8 17:45:51] 부하 전 노트북 CPU 평균 = 0.083 (기준 0.15 미만) / 데스크톱 = 2.9% (기준 30% 미만)
clock_offset_s=-0.886 error_s=0.311
본측정 시작 17:45:52 (이벤트 1, async, memory, 약 437초)
본측정 종료 17:53:10 exit=0
측정 k6 연결 실패 2609건 → 무효(요청이 서버에 닿지 못함)
큐 소진 (queued=0.0 active=0.0, 2초 이내)
결과 모름 확인 대기 = 0.0 (0이어야 함)
정합성 확인: {"promotionId":1,"stockMode":"MEMORY","totalStock":100000,"participations":100000,"remainingSingle":100000,"remainingBuckets":100000,"remainingMemory":0,"pendingUnknown":0,"distinctTickets":100000}
측정 중 데스크톱 CPU 평균 8.6% / 최대 27.9% / 80% 이상 최장 연속 0표본 → 통과
[17:53:25] DB: participations 100000 100000 17:46:21.841607 17:47:06.075051|orders 117414|
[17:53:26] 전원 상태 [23회차 측정 후] = 2 98 (첫 값 2 = 충전기)
서버 종료 pid=6824
서버 종료 pid=16684
== 23-async-memory  (async, memory)
  시도 212,879건: 성공(202) 100,000 · 매진 110,305 · 429 0 · 이미 참여 0 · 시간 밖 0 · 그 밖 2,574 | 보내지 못함(dropped, 두 시나리오 합) 19,643 | VU 최대 4,082
  응답 ms (평균 / 중앙값 / p95 / p99 / 최대): 성공 717.9 / 291.8 / 2612.1 / 9679.1 / 17,717 | 매진 102.4 / 0.5 / 1.2 / 4785.3 / 19,418 | 429 —
  평상시 주문: 성공 17,414 · 거절 0 · 실패 35 | 응답 ms 82.7 / 1.4 / 280.8 / 2433.5 / 12,731
  서버: 예약 100,000 · 확정 100,000 · 거절 sold_out 110,305 · 반납 0 · 번호 제약 위반 0 · 비동기 워커 실패 0 · 429(비동기 0 / 동기 0)
  비동기 제출 → 커밋 (성공, 회차 전체 117,414건): 평균 35ms | 할인 구간 101,802건 (평상시 주문 약 1,858건 포함): 평균 40ms, p50 / p95 / p99 ≈ 21 / 188 / 238ms (구간 보간)
  사용자 기준 요청 → 확정 (성공, 비동기): 평균 ≈ 202 응답 717.9ms + 제출 → 커밋 40ms = 758ms
  1초 폴링 363회: 매진 첫 응답 정각 + 46.5초 | 초당 확정 최대 2,662건 (정각 + 37초) | 큐 최대 291건 (정각 + 34초), 소진 정각 + 46초 | 커넥션 대기 최대 0 · Tomcat 바쁜 스레드 최대 3
  확정(DB 참여 행) 100,000건 (번호표 100,000개): 첫 확정 17:46:21.841 → 마지막 확정 17:47:06.075 (첫 확정 기준 +44.2초, 정각 기준 +45.0초 ± 0.3)
  DB 주문 수 117,414건 (할인 + 평상시)
  초당 확정(DB): 최대 2,515건 · 50% +23초 · 90% +40초 · 100% +45초 (첫 확정 초 기준, 1초 단위)
  정합성 (MEMORY): 재고 100,000, 참여 100,000, 남은 재고 0, 매진 예 | 초과 판매 없음 (참여 ≤ 재고) ✓, 남은 재고 + 참여 = 재고 ✓, 결과 모름 0 ✓, 번호표 중복 없음 ✓
  MySQL: 명령 804,509개, 커밋 117,416 · 롤백 0(매진·실패한 시도) → 트랜잭션당 명령 6.85, 커밋당 redo fsync 1.43, 행 잠금 대기 0회 / 0.0초, 교착 0
  노트북 CPU (시도 구간) 33.8% (mysqld 17.0 / java 13.0), 클럭 113%, TCP 재전송 453/s
  GC 멈춤 47회(워밍업 포함), 최대 85ms
  데스크톱 CPU 평균 8.6% / 최대 27.9%, k6 연결 실패·5xx 2,609건 → 무효
[17:53:30] 회차 완료 23/27 (async memory)
[17:53:30] [24/27 sync-ff memory] 전 휴식 893초 (끝 18:08:23)
[18:08:24] 전원 상태 [24회차 기동 전] = 2 98 (첫 값 2 = 충전기)
서버 기동 요청 P=20 --omp.executor.insert.queue=70000 --omp.promotion.stock-mode=memory --omp.promotion.admin-api=true --omp.order.sync.max-in-flight=130 rc=0 pid=15400
[18:08:35] 서버 준비 완료 (풀 20.0, 3회 확인)
서버 커넥션 풀 = 20.0 (기대 20), 저장 워커 = 20.0 (기대 20), 비동기 대기 자리 = 70000.0 (기대 70000), 동기 처리 상한 = 130.0, 재고 방식 = MEMORY (기대 MEMORY)
[1/1 18:08:53] 부하 전 노트북 CPU 평균 = 0.015 (기준 0.15 미만) / 데스크톱 = 2.6% (기준 30% 미만)
워밍업 종료 18:09:59 exit=0 (연습용 이벤트 2, 초당 1000건)
워밍업 k6 연결 실패 0건
큐 소진 (queued=0.0 active=0.0, 2초 이내)
reviews	orders	order_menus	stats_not_zero
0	0	0	0
[18:10:00] 본측정 이벤트 초기화: {"promotionId":1,"stockMode":"MEMORY","totalStock":100000,"participations":0,"remainingSingle":100000,"remainingBuckets":100000,"remainingMemory":-1,"pendingUnknown":0,"distinctTickets":0}
[18:10:01] 전원 상태 [24회차 측정 전] = 2 98 (첫 값 2 = 충전기)
서버 커넥션 풀 = 20.0 (기대 20), 저장 워커 = 20.0 (기대 20), 비동기 대기 자리 = 70000.0 (기대 70000), 동기 처리 상한 = 130.0, 재고 방식 = MEMORY (기대 MEMORY)
[1/8 18:10:18] 부하 전 노트북 CPU 평균 = 0.078 (기준 0.15 미만) / 데스크톱 = 2.4% (기준 30% 미만)
clock_offset_s=-0.754 error_s=0.330
본측정 시작 18:10:19 (이벤트 1, sync-ff, memory, 약 437초)
본측정 종료 18:17:36 exit=0
측정 k6 연결 실패 2126건 → 무효(요청이 서버에 닿지 못함)
큐 소진 (queued=0.0 active=0.0, 2초 이내)
결과 모름 확인 대기 = 0.0 (0이어야 함)
정합성 확인: {"promotionId":1,"stockMode":"MEMORY","totalStock":100000,"participations":100000,"remainingSingle":100000,"remainingBuckets":100000,"remainingMemory":0,"pendingUnknown":0,"distinctTickets":100000}
측정 중 데스크톱 CPU 평균 8.7% / 최대 29.4% / 80% 이상 최장 연속 0표본 → 통과
[18:17:52] DB: participations 100000 100000 18:10:48.374571 18:11:35.985810|orders 117136|
[18:17:53] 전원 상태 [24회차 측정 후] = 2 98 (첫 값 2 = 충전기)
서버 종료 pid=4244
서버 종료 pid=17324
== 24-sync-ff-memory  (sync-ff, memory)
  시도 221,947건: 성공(200) 100,000 · 매진 100,143 · 429 19,711 · 이미 참여 0 · 시간 밖 0 · 그 밖 2,093 | 보내지 못함(dropped, 두 시나리오 합) 10,562 | VU 최대 4,069
  응답 ms (평균 / 중앙값 / p95 / p99 / 최대): 성공 650.1 / 313.1 / 2542.5 / 9666.0 / 17,998 | 매진 112.0 / 0.5 / 1.2 / 4831.4 / 32,615 | 429 639.4 / 274.6 / 2498.6 / 9579.4 / 14,014
  평상시 주문: 성공 17,136 · 거절 293 · 실패 33 | 응답 ms 66.9 / 4.2 / 156.8 / 1326.9 / 10,455
  서버: 예약 100,000 · 확정 100,000 · 거절 sold_out 100,143 · 반납 0 · 번호 제약 위반 0 · 비동기 워커 실패 0 · 429(비동기 0 / 동기 20,004)
  사용자 기준 요청 → 확정 (성공, 동기 = 응답 시간): 평균 650.1ms, p50 313.1, p95 2542.5, p99 9666.0ms
  1초 폴링 365회: 매진 첫 응답 정각 + 49.8초 | 초당 확정 최대 4,100건 (정각 + 41초) | 큐 쌓이지 않음 | 커넥션 대기 최대 110 · Tomcat 바쁜 스레드 최대 89
  확정(DB 참여 행) 100,000건 (번호표 100,000개): 첫 확정 18:10:48.374 → 마지막 확정 18:11:35.985 (첫 확정 기준 +47.6초, 정각 기준 +47.7초 ± 0.3)
  DB 주문 수 117,136건 (할인 + 평상시)
  초당 확정(DB): 최대 2,408건 · 50% +24초 · 90% +43초 · 100% +47초 (첫 확정 초 기준, 1초 단위)
  정합성 (MEMORY): 재고 100,000, 참여 100,000, 남은 재고 0, 매진 예 | 초과 판매 없음 (참여 ≤ 재고) ✓, 남은 재고 + 참여 = 재고 ✓, 결과 모름 0 ✓, 번호표 중복 없음 ✓, 동기 성공 응답 = 참여 행 ✓
  MySQL: 명령 802,841개, 커밋 117,138 · 롤백 0(매진·실패한 시도) → 트랜잭션당 명령 6.85, 커밋당 redo fsync 1.53, 행 잠금 대기 0회 / 0.0초, 교착 0
  노트북 CPU (시도 구간) 37.1% (mysqld 18.4 / java 13.8), 클럭 113%, TCP 재전송 256/s
  GC 멈춤 48회(워밍업 포함), 최대 73ms
  데스크톱 CPU 평균 8.7% / 최대 29.4%, k6 연결 실패·5xx 2,126건 → 무효
[18:17:57] 회차 완료 24/27 (sync-ff memory)
[18:17:57] [25/27 sync-ff memory] 전 휴식 893초 (끝 18:32:50)
[18:32:51] 전원 상태 [25회차 기동 전] = 2 98 (첫 값 2 = 충전기)
서버 기동 요청 P=20 --omp.executor.insert.queue=70000 --omp.promotion.stock-mode=memory --omp.promotion.admin-api=true --omp.order.sync.max-in-flight=130 rc=0 pid=5536
[18:33:02] 서버 준비 완료 (풀 20.0, 3회 확인)
서버 커넥션 풀 = 20.0 (기대 20), 저장 워커 = 20.0 (기대 20), 비동기 대기 자리 = 70000.0 (기대 70000), 동기 처리 상한 = 130.0, 재고 방식 = MEMORY (기대 MEMORY)
[1/1 18:33:19] 부하 전 노트북 CPU 평균 = 0.017 (기준 0.15 미만) / 데스크톱 = 4.9% (기준 30% 미만)
워밍업 종료 18:34:25 exit=0 (연습용 이벤트 2, 초당 1000건)
워밍업 k6 연결 실패 0건
큐 소진 (queued=0.0 active=0.0, 2초 이내)
reviews	orders	order_menus	stats_not_zero
0	0	0	0
[18:34:26] 본측정 이벤트 초기화: {"promotionId":1,"stockMode":"MEMORY","totalStock":100000,"participations":0,"remainingSingle":100000,"remainingBuckets":100000,"remainingMemory":-1,"pendingUnknown":0,"distinctTickets":0}
[18:34:27] 전원 상태 [25회차 측정 전] = 2 98 (첫 값 2 = 충전기)
서버 커넥션 풀 = 20.0 (기대 20), 저장 워커 = 20.0 (기대 20), 비동기 대기 자리 = 70000.0 (기대 70000), 동기 처리 상한 = 130.0, 재고 방식 = MEMORY (기대 MEMORY)
[1/8 18:34:44] 부하 전 노트북 CPU 평균 = 0.081 (기준 0.15 미만) / 데스크톱 = 3.7% (기준 30% 미만)
clock_offset_s=-0.694 error_s=0.310
본측정 시작 18:34:45 (이벤트 1, sync-ff, memory, 약 437초)
본측정 종료 18:42:02 exit=0
측정 k6 연결 실패 397건 → 무효(요청이 서버에 닿지 못함)
큐 소진 (queued=0.0 active=0.0, 2초 이내)
결과 모름 확인 대기 = 0.0 (0이어야 함)
정합성 확인: {"promotionId":1,"stockMode":"MEMORY","totalStock":100000,"participations":100000,"remainingSingle":100000,"remainingBuckets":100000,"remainingMemory":0,"pendingUnknown":0,"distinctTickets":100000}
측정 중 데스크톱 CPU 평균 11.7% / 최대 32.9% / 80% 이상 최장 연속 0표본 → 통과
[18:42:18] DB: participations 100000 100000 18:35:14.738557 18:35:58.889229|orders 117185|
[18:42:19] 전원 상태 [25회차 측정 후] = 2 98 (첫 값 2 = 충전기)
서버 종료 pid=16812
서버 종료 pid=17424
== 25-sync-ff-memory  (sync-ff, memory)
  시도 231,898건: 성공(200) 100,000 · 매진 109,488 · 429 22,015 · 이미 참여 0 · 시간 밖 0 · 그 밖 395 | 보내지 못함(dropped, 두 시나리오 합) 591 | VU 최대 2,420
  응답 ms (평균 / 중앙값 / p95 / p99 / 최대): 성공 342.9 / 107.7 / 1287.4 / 4807.0 / 9,914 | 매진 41.4 / 0.5 / 1.0 / 616.3 / 11,688 | 429 319.2 / 56.2 / 1234.7 / 4821.1 / 9,685
  평상시 주문: 성공 17,185 · 거절 293 · 실패 2 | 응답 ms 30.2 / 4.2 / 85.9 / 635.5 / 9,655
  서버: 예약 100,000 · 확정 100,000 · 거절 sold_out 109,488 · 반납 0 · 번호 제약 위반 0 · 비동기 워커 실패 0 · 429(비동기 0 / 동기 22,308)
  사용자 기준 요청 → 확정 (성공, 동기 = 응답 시간): 평균 342.9ms, p50 107.7, p95 1287.4, p99 4807.0ms
  1초 폴링 377회: 매진 첫 응답 정각 + 45.7초 | 초당 확정 최대 3,812건 (정각 + 25초) | 큐 쌓이지 않음 | 커넥션 대기 최대 110 · Tomcat 바쁜 스레드 최대 131
  확정(DB 참여 행) 100,000건 (번호표 100,000개): 첫 확정 18:35:14.738 → 마지막 확정 18:35:58.889 (첫 확정 기준 +44.2초, 정각 기준 +44.6초 ± 0.3)
  DB 주문 수 117,185건 (할인 + 평상시)
  초당 확정(DB): 최대 2,858건 · 50% +24초 · 90% +40초 · 100% +44초 (첫 확정 초 기준, 1초 단위)
  정합성 (MEMORY): 재고 100,000, 참여 100,000, 남은 재고 0, 매진 예 | 초과 판매 없음 (참여 ≤ 재고) ✓, 남은 재고 + 참여 = 재고 ✓, 결과 모름 0 ✓, 번호표 중복 없음 ✓, 동기 성공 응답 = 참여 행 ✓
  MySQL: 명령 803,135개, 커밋 117,187 · 롤백 0(매진·실패한 시도) → 트랜잭션당 명령 6.85, 커밋당 redo fsync 1.27, 행 잠금 대기 0회 / 0.0초, 교착 0
  노트북 CPU (시도 구간) 36.0% (mysqld 17.9 / java 14.3), 클럭 111%, TCP 재전송 150/s
  GC 멈춤 50회(워밍업 포함), 최대 82ms
  데스크톱 CPU 평균 11.7% / 최대 32.9%, k6 연결 실패·5xx 397건 → 무효
[18:42:23] 회차 완료 25/27 (sync-ff memory)
[18:42:23] [26/27 async memory] 전 휴식 893초 (끝 18:57:16)
[18:57:17] 전원 상태 [26회차 기동 전] = 2 98 (첫 값 2 = 충전기)
서버 기동 요청 P=20 --omp.executor.insert.queue=70000 --omp.promotion.stock-mode=memory --omp.promotion.admin-api=true rc=0 pid=2384
[18:57:28] 서버 준비 완료 (풀 20.0, 3회 확인)
서버 커넥션 풀 = 20.0 (기대 20), 저장 워커 = 20.0 (기대 20), 비동기 대기 자리 = 70000.0 (기대 70000), 동기 처리 상한 = 없음, 재고 방식 = MEMORY (기대 MEMORY)
[1/1 18:57:45] 부하 전 노트북 CPU 평균 = 0.016 (기준 0.15 미만) / 데스크톱 = 4.6% (기준 30% 미만)
워밍업 종료 18:58:51 exit=0 (연습용 이벤트 2, 초당 1000건)
워밍업 k6 연결 실패 0건
큐 소진 (queued=0.0 active=0.0, 2초 이내)
reviews	orders	order_menus	stats_not_zero
0	0	0	0
[18:58:52] 본측정 이벤트 초기화: {"promotionId":1,"stockMode":"MEMORY","totalStock":100000,"participations":0,"remainingSingle":100000,"remainingBuckets":100000,"remainingMemory":-1,"pendingUnknown":0,"distinctTickets":0}
[18:58:54] 전원 상태 [26회차 측정 전] = 2 98 (첫 값 2 = 충전기)
서버 커넥션 풀 = 20.0 (기대 20), 저장 워커 = 20.0 (기대 20), 비동기 대기 자리 = 70000.0 (기대 70000), 동기 처리 상한 = 없음, 재고 방식 = MEMORY (기대 MEMORY)
[1/8 18:59:11] 부하 전 노트북 CPU 평균 = 0.084 (기준 0.15 미만) / 데스크톱 = 14% (기준 30% 미만)
clock_offset_s=-0.627 error_s=0.329
본측정 시작 18:59:12 (이벤트 1, async, memory, 약 437초)
본측정 종료 19:06:30 exit=0
측정 k6 연결 실패 0건 → 통과
큐 소진 (queued=0.0 active=0.0, 2초 이내)
결과 모름 확인 대기 = 0.0 (0이어야 함)
정합성 확인: {"promotionId":1,"stockMode":"MEMORY","totalStock":100000,"participations":100000,"remainingSingle":100000,"remainingBuckets":100000,"remainingMemory":0,"pendingUnknown":0,"distinctTickets":100000}
측정 중 데스크톱 CPU 평균 37.2% / 최대 72.5% / 80% 이상 최장 연속 0표본 → 통과
[19:06:45] DB: participations 100000 100000 18:59:41.794388 19:00:19.305814|orders 117481|
[19:06:46] 전원 상태 [26회차 측정 후] = 2 98 (첫 값 2 = 충전기)
서버 종료 pid=17664
서버 종료 pid=19016
== 26-async-memory  (async, memory)
  시도 232,489건: 성공(202) 100,000 · 매진 132,489 · 429 0 · 이미 참여 0 · 시간 밖 0 · 그 밖 0 | 보내지 못함(dropped, 두 시나리오 합) 0 | VU 최대 2,050
  응답 ms (평균 / 중앙값 / p95 / p99 / 최대): 성공 78.8 / 18.9 / 307.2 / 1178.0 / 4,798 | 매진 4.4 / 1.1 / 3.8 / 69.6 / 2,463 | 429 —
  평상시 주문: 성공 17,481 · 거절 0 · 실패 0 | 응답 ms 7.8 / 1.5 / 15.6 / 120.1 / 4,781
  서버: 예약 100,000 · 확정 100,000 · 거절 sold_out 132,489 · 반납 0 · 번호 제약 위반 0 · 비동기 워커 실패 0 · 429(비동기 0 / 동기 0)
  비동기 제출 → 커밋 (성공, 회차 전체 117,481건): 평균 557ms | 할인 구간 101,582건 (평상시 주문 약 1,554건 포함): 평균 643ms, p50 / p95 / p99 ≈ 730 / 2,042 / 2,408ms (구간 보간)
  사용자 기준 요청 → 확정 (성공, 비동기): 평균 ≈ 202 응답 78.8ms + 제출 → 커밋 643ms = 722ms
  1초 폴링 375회: 매진 첫 응답 정각 + 37.3초 | 초당 확정 최대 4,517건 (정각 + 20초) | 큐 최대 3,247건 (정각 + 35초), 소진 정각 + 39초 | 커넥션 대기 최대 0 · Tomcat 바쁜 스레드 최대 37
  확정(DB 참여 행) 100,000건 (번호표 100,000개): 첫 확정 18:59:41.794 → 마지막 확정 19:00:19.305 (첫 확정 기준 +37.5초, 정각 기준 +37.9초 ± 0.3)
  DB 주문 수 117,481건 (할인 + 평상시)
  초당 확정(DB): 최대 3,081건 · 50% +20초 · 90% +34초 · 100% +38초 (첫 확정 초 기준, 1초 단위)
  정합성 (MEMORY): 재고 100,000, 참여 100,000, 남은 재고 0, 매진 예 | 초과 판매 없음 (참여 ≤ 재고) ✓, 남은 재고 + 참여 = 재고 ✓, 결과 모름 0 ✓, 번호표 중복 없음 ✓
  MySQL: 명령 804,911개, 커밋 117,483 · 롤백 0(매진·실패한 시도) → 트랜잭션당 명령 6.85, 커밋당 redo fsync 0.75, 행 잠금 대기 0회 / 0.0초, 교착 0
  노트북 CPU (시도 구간) 32.9% (mysqld 14.9 / java 14.1), 클럭 111%, TCP 재전송 75/s
  GC 멈춤 62회(워밍업 포함), 최대 61ms
  데스크톱 CPU 평균 37.2% / 최대 72.5%, k6 연결 실패·5xx 0건 → 유효
[19:06:50] 회차 완료 26/27 (async memory)
[19:06:50] [27/27 async db-bucket] 전 휴식 893초 (끝 19:21:43)
[19:07:30] 사용자 결정으로 27회차(⑤) 생략하고 종료: 연결 실패 0.1% 이하 기준으로 ⑤는 3·12·22회차 3회를 채움. 빠른 거절 동기 용량 추가 1회는 목요일 오후로 옮김
