[13:26:23] === 선착순 flash2 시작: 회차 4개 (async:db-single async:memory sync-ff:db-single sync-ff:db-bucket, 폴더 18번부터), 휴식 900초, 본측정 이벤트 1, 연습용 2, 동기 처리 상한 130 ===
노트북 CPU 기록 시작 pid=18860 rc=0
[13:26:27] [18/21 async db-single] 전 휴식 633초 (끝 13:37:00)
[13:37:01] 전원 상태 [18회차 기동 전] = 2 98 (첫 값 2 = 충전기)
서버 기동 요청 P=20 --omp.executor.insert.queue=70000 --omp.promotion.stock-mode=db-single --omp.promotion.admin-api=true rc=0 pid=15420
[13:37:13] 서버 준비 완료 (풀 20.0, 3회 확인)
서버 커넥션 풀 = 20.0 (기대 20), 저장 워커 = 20.0 (기대 20), 비동기 대기 자리 = 70000.0 (기대 70000), 동기 처리 상한 = 없음, 재고 방식 = DB_SINGLE (기대 DB_SINGLE)
[1/1 13:37:30] 부하 전 노트북 CPU 평균 = 0.019 (기준 0.15 미만) / 데스크톱 = 6.3% (기준 30% 미만)
워밍업 종료 13:38:37 exit=0 (연습용 이벤트 2, 초당 1000건)
워밍업 k6 연결 실패 0건
큐 소진 (queued=0.0 active=0.0, 2초 이내)
reviews	orders	order_menus	stats_not_zero
0	0	0	0
[13:38:38] 본측정 이벤트 초기화: {"promotionId":1,"stockMode":"DB_SINGLE","totalStock":100000,"participations":0,"remainingSingle":100000,"remainingBuckets":100000,"remainingMemory":-1,"pendingUnknown":0,"distinctTickets":0}
[13:38:39] 전원 상태 [18회차 측정 전] = 2 98 (첫 값 2 = 충전기)
서버 커넥션 풀 = 20.0 (기대 20), 저장 워커 = 20.0 (기대 20), 비동기 대기 자리 = 70000.0 (기대 70000), 동기 처리 상한 = 없음, 재고 방식 = DB_SINGLE (기대 DB_SINGLE)
[1/8 13:38:56] 부하 전 노트북 CPU 평균 = 0.092 (기준 0.15 미만) / 데스크톱 = 3.8% (기준 30% 미만)
clock_offset_s=-1.263 error_s=0.315
본측정 시작 13:38:56 (이벤트 1, async, db-single, 약 437초)
본측정 종료 13:46:14 exit=0
측정 k6 연결 실패 0건 → 통과
큐 소진 (queued=0.0 active=0.0, 2초 이내)
결과 모름 확인 대기 = 0.0 (0이어야 함)
정합성 확인: {"promotionId":1,"stockMode":"DB_SINGLE","totalStock":100000,"participations":100000,"remainingSingle":0,"remainingBuckets":100000,"remainingMemory":-1,"pendingUnknown":0,"distinctTickets":0}
측정 중 데스크톱 CPU 평균 11.4% / 최대 34.7% / 80% 이상 최장 연속 0표본 → 통과
[13:46:29] DB: participations 100000 0 13:39:25.839298 13:40:53.474024|orders 116517|
[13:46:30] 전원 상태 [18회차 측정 후] = 2 98 (첫 값 2 = 충전기)
서버 종료 pid=15644
서버 종료 pid=18504
== 18-async-db-single  (async, db-single)
  시도 232,490건: 성공(202) 183,043 · 매진 0 · 429 49,447 · 이미 참여 0 · 시간 밖 0 · 그 밖 0 | 보내지 못함(dropped, 두 시나리오 합) 0 | VU 최대 2,050
  응답 ms (평균 / 중앙값 / p95 / p99 / 최대): 성공 8.5 / 0.7 / 7.7 / 307.4 / 1,397 | 매진 — | 429 2.1 / 0.7 / 5.8 / 39.8 / 215
  평상시 주문: 성공 16,517 · 거절 963 · 실패 0 | 응답 ms 4.7 / 1.4 / 2.0 / 62.3 / 929
  서버: 예약 0 · 확정 100,000 · 거절 sold_out 83,043 · 반납 0 · 번호 제약 위반 0 · 비동기 워커 실패 83,043 · 429(비동기 50,410 / 동기 0)
  비동기 제출 → 커밋 (성공, 회차 전체 116,517건): 평균 22,226ms | 할인 구간 102,853건 (평상시 주문 약 3,807건 포함): 평균 25,178ms, p50 / p95 / p99 ≈ 25,371 / 54,479 / 58,896ms (구간 보간)
  비동기 제출 → 커밋 (실패, 회차 전체 83,043건): 평균 26,958ms | 할인 구간 76,152건 (평상시 주문 약 3,807건 포함): 평균 29,397ms, p50 / p95 / p99 ≈ 30,083 / 56,981 / 59,396ms (구간 보간)
  사용자 기준 요청 → 확정 (성공, 비동기): 평균 ≈ 202 응답 8.5ms + 제출 → 커밋 25,178ms = 25,187ms
  1초 폴링 388회: 매진 첫 응답 정각 + 88.5초 | 초당 확정 최대 1,235건 (정각 + 8초) | 큐 최대 70,000건 (정각 + 42초), 소진 정각 + 95초 | 커넥션 대기 최대 0 · Tomcat 바쁜 스레드 최대 4
  확정(DB 참여 행) 100,000건 (번호표 0개): 첫 확정 13:39:25.839 → 마지막 확정 13:40:53.474 (첫 확정 기준 +87.6초, 정각 기준 +87.7초 ± 0.3)
  DB 주문 수 116,517건 (할인 + 평상시)
  초당 확정(DB): 최대 1,233건 · 50% +45초 · 90% +80초 · 100% +88초 (첫 확정 초 기준, 1초 단위)
  정합성 (DB_SINGLE): 재고 100,000, 참여 100,000, 남은 재고 0, 매진 예 | 초과 판매 없음 (참여 ≤ 재고) ✓, 남은 재고 + 참여 = 재고 ✓, 결과 모름 0 ✓
  MySQL: 명령 1,331,393개, 커밋 116,519 · 롤백 83,043(매진·실패한 시도) → 트랜잭션당 명령 6.67, 커밋당 redo fsync 3.93, 행 잠금 대기 99,169회 / 1,402.6초, 교착 0
  노트북 CPU (시도 구간) 87.5% (mysqld 54.6 / java 25.4), 클럭 111%, TCP 재전송 5/s
  GC 멈춤 49회(워밍업 포함), 최대 59ms
  데스크톱 CPU 평균 11.4% / 최대 34.7%, k6 연결 실패·5xx 0건 → 유효
[13:46:34] 회차 완료 18/21 (async db-single)
[13:46:34] [19/21 async memory] 전 휴식 893초 (끝 14:01:27)
[14:01:28] 전원 상태 [19회차 기동 전] = 2 98 (첫 값 2 = 충전기)
서버 기동 요청 P=20 --omp.executor.insert.queue=70000 --omp.promotion.stock-mode=memory --omp.promotion.admin-api=true rc=0 pid=10068
[14:01:39] 서버 준비 완료 (풀 20.0, 3회 확인)
서버 커넥션 풀 = 20.0 (기대 20), 저장 워커 = 20.0 (기대 20), 비동기 대기 자리 = 70000.0 (기대 70000), 동기 처리 상한 = 없음, 재고 방식 = MEMORY (기대 MEMORY)
[1/1 14:01:57] 부하 전 노트북 CPU 평균 = 0.020 (기준 0.15 미만) / 데스크톱 = 2.7% (기준 30% 미만)
워밍업 종료 14:03:02 exit=0 (연습용 이벤트 2, 초당 1000건)
워밍업 k6 연결 실패 0건
큐 소진 (queued=0.0 active=0.0, 2초 이내)
reviews	orders	order_menus	stats_not_zero
0	0	0	0
[14:03:04] 본측정 이벤트 초기화: {"promotionId":1,"stockMode":"MEMORY","totalStock":100000,"participations":0,"remainingSingle":100000,"remainingBuckets":100000,"remainingMemory":-1,"pendingUnknown":0,"distinctTickets":0}
[14:03:05] 전원 상태 [19회차 측정 전] = 2 98 (첫 값 2 = 충전기)
서버 커넥션 풀 = 20.0 (기대 20), 저장 워커 = 20.0 (기대 20), 비동기 대기 자리 = 70000.0 (기대 70000), 동기 처리 상한 = 없음, 재고 방식 = MEMORY (기대 MEMORY)
[1/8 14:03:21] 부하 전 노트북 CPU 평균 = 0.083 (기준 0.15 미만) / 데스크톱 = 5.1% (기준 30% 미만)
clock_offset_s=-1.257 error_s=0.313
본측정 시작 14:03:22 (이벤트 1, async, memory, 약 437초)
본측정 종료 14:10:40 exit=0
측정 k6 연결 실패 0건 → 통과
큐 소진 (queued=0.0 active=0.0, 2초 이내)
결과 모름 확인 대기 = 0.0 (0이어야 함)
정합성 확인: {"promotionId":1,"stockMode":"MEMORY","totalStock":100000,"participations":100000,"remainingSingle":100000,"remainingBuckets":100000,"remainingMemory":0,"pendingUnknown":0,"distinctTickets":100000}
측정 중 데스크톱 CPU 평균 10.8% / 최대 32.4% / 80% 이상 최장 연속 0표본 → 통과
[14:10:55] DB: participations 100000 100000 14:03:51.762361 14:04:28.286137|orders 117480|
[14:10:56] 전원 상태 [19회차 측정 후] = 2 98 (첫 값 2 = 충전기)
서버 종료 pid=4688
서버 종료 pid=14620
== 19-async-memory  (async, memory)
  시도 232,490건: 성공(202) 100,000 · 매진 132,490 · 429 0 · 이미 참여 0 · 시간 밖 0 · 그 밖 0 | 보내지 못함(dropped, 두 시나리오 합) 0 | VU 최대 2,050
  응답 ms (평균 / 중앙값 / p95 / p99 / 최대): 성공 10.0 / 6.2 / 24.2 / 57.7 / 538 | 매진 0.5 / 0.5 / 0.9 / 6.6 / 39 | 429 —
  평상시 주문: 성공 17,480 · 거절 0 · 실패 0 | 응답 ms 1.9 / 1.4 / 4.9 / 15.2 / 524
  서버: 예약 100,000 · 확정 100,000 · 거절 sold_out 132,490 · 반납 0 · 번호 제약 위반 0 · 비동기 워커 실패 0 · 429(비동기 0 / 동기 0)
  비동기 제출 → 커밋 (성공, 회차 전체 117,480건): 평균 259ms | 할인 구간 101,486건 (평상시 주문 약 1,473건 포함): 평균 299ms, p50 / p95 / p99 ≈ 311 / 805 / 961ms (구간 보간)
  사용자 기준 요청 → 확정 (성공, 비동기): 평균 ≈ 202 응답 10.0ms + 제출 → 커밋 299ms = 309ms
  1초 폴링 389회: 매진 첫 응답 정각 + 36.8초 | 초당 확정 최대 3,125건 (정각 + 14초) | 큐 최대 1,776건 (정각 + 35초), 소진 정각 + 37초 | 커넥션 대기 최대 0 · Tomcat 바쁜 스레드 최대 5
  확정(DB 참여 행) 100,000건 (번호표 100,000개): 첫 확정 14:03:51.762 → 마지막 확정 14:04:28.286 (첫 확정 기준 +36.5초, 정각 기준 +36.5초 ± 0.3)
  DB 주문 수 117,480건 (할인 + 평상시)
  초당 확정(DB): 최대 3,125건 · 50% +20초 · 90% +33초 · 100% +37초 (첫 확정 초 기준, 1초 단위)
  정합성 (MEMORY): 재고 100,000, 참여 100,000, 남은 재고 0, 매진 예 | 초과 판매 없음 (참여 ≤ 재고) ✓, 남은 재고 + 참여 = 재고 ✓, 결과 모름 0 ✓, 번호표 중복 없음 ✓
  MySQL: 명령 804,905개, 커밋 117,482 · 롤백 0(매진·실패한 시도) → 트랜잭션당 명령 6.85, 커밋당 redo fsync 0.68, 행 잠금 대기 0회 / 0.0초, 교착 0
  노트북 CPU (시도 구간) 34.7% (mysqld 15.1 / java 15.6), 클럭 113%, TCP 재전송 3/s
  GC 멈춤 49회(워밍업 포함), 최대 65ms
  데스크톱 CPU 평균 10.8% / 최대 32.4%, k6 연결 실패·5xx 0건 → 유효
[14:11:00] 회차 완료 19/21 (async memory)
[14:11:00] [20/21 sync-ff db-single] 전 휴식 893초 (끝 14:25:53)
[14:25:54] 전원 상태 [20회차 기동 전] = 2 98 (첫 값 2 = 충전기)
서버 기동 요청 P=20 --omp.executor.insert.queue=70000 --omp.promotion.stock-mode=db-single --omp.promotion.admin-api=true --omp.order.sync.max-in-flight=130 rc=0 pid=9756
[14:26:05] 서버 준비 완료 (풀 20.0, 3회 확인)
서버 커넥션 풀 = 20.0 (기대 20), 저장 워커 = 20.0 (기대 20), 비동기 대기 자리 = 70000.0 (기대 70000), 동기 처리 상한 = 130.0, 재고 방식 = DB_SINGLE (기대 DB_SINGLE)
[1/1 14:26:23] 부하 전 노트북 CPU 평균 = 0.019 (기준 0.15 미만) / 데스크톱 = 1.5% (기준 30% 미만)
워밍업 종료 14:27:28 exit=0 (연습용 이벤트 2, 초당 1000건)
워밍업 k6 연결 실패 0건
큐 소진 (queued=0.0 active=0.0, 2초 이내)
reviews	orders	order_menus	stats_not_zero
0	0	0	0
[14:27:30] 본측정 이벤트 초기화: {"promotionId":1,"stockMode":"DB_SINGLE","totalStock":100000,"participations":0,"remainingSingle":100000,"remainingBuckets":100000,"remainingMemory":-1,"pendingUnknown":0,"distinctTickets":0}
[14:27:30] 전원 상태 [20회차 측정 전] = 2 98 (첫 값 2 = 충전기)
서버 커넥션 풀 = 20.0 (기대 20), 저장 워커 = 20.0 (기대 20), 비동기 대기 자리 = 70000.0 (기대 70000), 동기 처리 상한 = 130.0, 재고 방식 = DB_SINGLE (기대 DB_SINGLE)
[1/8 14:27:47] 부하 전 노트북 CPU 평균 = 0.092 (기준 0.15 미만) / 데스크톱 = 3% (기준 30% 미만)
clock_offset_s=-1.269 error_s=0.293
본측정 시작 14:27:48 (이벤트 1, sync-ff, db-single, 약 437초)
본측정 종료 14:35:06 exit=0
측정 k6 연결 실패 0건 → 통과
큐 소진 (queued=0.0 active=0.0, 2초 이내)
결과 모름 확인 대기 = 0.0 (0이어야 함)
정합성 확인: {"promotionId":1,"stockMode":"DB_SINGLE","totalStock":100000,"participations":100000,"remainingSingle":0,"remainingBuckets":100000,"remainingMemory":-1,"pendingUnknown":0,"distinctTickets":0}
측정 중 데스크톱 CPU 평균 7.4% / 최대 29.8% / 80% 이상 최장 연속 0표본 → 통과
[14:35:21] DB: participations 100000 0 14:28:17.674806 14:29:46.163367|orders 115429|
[14:35:22] 전원 상태 [20회차 측정 후] = 2 98 (첫 값 2 = 충전기)
서버 종료 pid=18876
서버 종료 pid=4688
== 20-sync-ff-db-single  (sync-ff, db-single)
  시도 232,490건: 성공(200) 100,000 · 매진 13,240 · 429 119,250 · 이미 참여 0 · 시간 밖 0 · 그 밖 0 | 보내지 못함(dropped, 두 시나리오 합) 0 | VU 최대 2,050
  응답 ms (평균 / 중앙값 / p95 / p99 / 최대): 성공 111.5 / 111.5 / 208.1 / 294.4 / 695 | 매진 1.1 / 0.5 / 1.4 / 3.6 / 118 | 429 1.1 / 0.5 / 2.6 / 8.4 / 34
  평상시 주문: 성공 15,429 · 거절 2,052 · 실패 0 | 응답 ms 11.6 / 4.3 / 95.2 / 109.6 / 378
  서버: 예약 0 · 확정 100,000 · 거절 sold_out 13,240 · 반납 0 · 번호 제약 위반 0 · 비동기 워커 실패 0 · 429(비동기 0 / 동기 121,302)
  사용자 기준 요청 → 확정 (성공, 동기 = 응답 시간): 평균 111.5ms, p50 111.5, p95 208.1, p99 294.4ms
  1초 폴링 392회: 매진 첫 응답 정각 + 89.3초 | 초당 확정 최대 1,208건 (정각 + 8초) | 큐 쌓이지 않음 | 커넥션 대기 최대 110 · Tomcat 바쁜 스레드 최대 134
  확정(DB 참여 행) 100,000건 (번호표 0개): 첫 확정 14:28:17.674 → 마지막 확정 14:29:46.163 (첫 확정 기준 +88.5초, 정각 기준 +88.4초 ± 0.3)
  DB 주문 수 115,429건 (할인 + 평상시)
  초당 확정(DB): 최대 1,204건 · 50% +45초 · 90% +80초 · 100% +89초 (첫 확정 초 기준, 1초 단위)
  정합성 (DB_SINGLE): 재고 100,000, 참여 100,000, 남은 재고 0, 매진 예 | 초과 판매 없음 (참여 ≤ 재고) ✓, 남은 재고 + 참여 = 재고 ✓, 결과 모름 0 ✓, 동기 성공 응답 = 참여 행 ✓
  MySQL: 명령 1,045,653개, 커밋 115,431 · 롤백 13,240(매진·실패한 시도) → 트랜잭션당 명령 8.13, 커밋당 redo fsync 3.98, 행 잠금 대기 99,157회 / 1,413.8초, 교착 0
  노트북 CPU (시도 구간) 80.1% (mysqld 50.3 / java 22.3), 클럭 112%, TCP 재전송 0/s
  GC 멈춤 49회(워밍업 포함), 최대 51ms
  데스크톱 CPU 평균 7.4% / 최대 29.8%, k6 연결 실패·5xx 0건 → 유효
[14:35:26] 회차 완료 20/21 (sync-ff db-single)
[14:35:26] [21/21 sync-ff db-bucket] 전 휴식 893초 (끝 14:50:19)
[14:50:20] 전원 상태 [21회차 기동 전] = 2 98 (첫 값 2 = 충전기)
서버 기동 요청 P=20 --omp.executor.insert.queue=70000 --omp.promotion.stock-mode=db-bucket --omp.promotion.admin-api=true --omp.order.sync.max-in-flight=130 rc=0 pid=15044
[14:50:31] 서버 준비 완료 (풀 20.0, 3회 확인)
서버 커넥션 풀 = 20.0 (기대 20), 저장 워커 = 20.0 (기대 20), 비동기 대기 자리 = 70000.0 (기대 70000), 동기 처리 상한 = 130.0, 재고 방식 = DB_BUCKET (기대 DB_BUCKET)
[1/1 14:50:49] 부하 전 노트북 CPU 평균 = 0.019 (기준 0.15 미만) / 데스크톱 = 5.2% (기준 30% 미만)
워밍업 종료 14:51:55 exit=0 (연습용 이벤트 2, 초당 1000건)
워밍업 k6 연결 실패 0건
큐 소진 (queued=0.0 active=0.0, 2초 이내)
reviews	orders	order_menus	stats_not_zero
0	0	0	0
[14:51:56] 본측정 이벤트 초기화: {"promotionId":1,"stockMode":"DB_BUCKET","totalStock":100000,"participations":0,"remainingSingle":100000,"remainingBuckets":100000,"remainingMemory":-1,"pendingUnknown":0,"distinctTickets":0}
[14:51:57] 전원 상태 [21회차 측정 전] = 2 98 (첫 값 2 = 충전기)
서버 커넥션 풀 = 20.0 (기대 20), 저장 워커 = 20.0 (기대 20), 비동기 대기 자리 = 70000.0 (기대 70000), 동기 처리 상한 = 130.0, 재고 방식 = DB_BUCKET (기대 DB_BUCKET)
[1/8 14:52:14] 부하 전 노트북 CPU 평균 = 0.092 (기준 0.15 미만) / 데스크톱 = 4.7% (기준 30% 미만)
clock_offset_s=-1.250 error_s=0.306
본측정 시작 14:52:15 (이벤트 1, sync-ff, db-bucket, 약 437초)
본측정 종료 14:59:32 exit=0
측정 k6 연결 실패 0건 → 통과
큐 소진 (queued=0.0 active=0.0, 2초 이내)
결과 모름 확인 대기 = 0.0 (0이어야 함)
정합성 확인: {"promotionId":1,"stockMode":"DB_BUCKET","totalStock":100000,"participations":100000,"remainingSingle":100000,"remainingBuckets":0,"remainingMemory":-1,"pendingUnknown":0,"distinctTickets":0}
측정 중 데스크톱 CPU 평균 10.4% / 최대 34.2% / 80% 이상 최장 연속 0표본 → 통과
[14:59:48] DB: participations 100000 0 14:52:44.116879 14:53:39.512110|orders 116694|
[14:59:49] 전원 상태 [21회차 측정 후] = 2 98 (첫 값 2 = 충전기)
서버 종료 pid=1404
서버 종료 pid=17164
== 21-sync-ff-db-bucket  (sync-ff, db-bucket)
  시도 232,490건: 성공(200) 100,000 · 매진 75,373 · 429 57,117 · 이미 참여 0 · 시간 밖 0 · 그 밖 0 | 보내지 못함(dropped, 두 시나리오 합) 0 | VU 최대 2,050
  응답 ms (평균 / 중앙값 / p95 / p99 / 최대): 성공 82.4 / 45.8 / 268.1 / 418.7 / 1,137 | 매진 1.4 / 1.0 / 1.5 / 6.1 / 648 | 429 17.9 / 9.6 / 34.3 / 267.2 / 1,148
  평상시 주문: 성공 16,694 · 거절 787 · 실패 0 | 응답 ms 9.9 / 4.3 / 26.8 / 177.6 / 736
  서버: 예약 0 · 확정 100,000 · 거절 sold_out 75,373 · 반납 0 · 번호 제약 위반 0 · 비동기 워커 실패 0 · 429(비동기 0 / 동기 57,904)
  사용자 기준 요청 → 확정 (성공, 동기 = 응답 시간): 평균 82.4ms, p50 45.8, p95 268.1, p99 418.7ms
  1초 폴링 385회: 매진 첫 응답 정각 + 56.1초 | 초당 확정 최대 2,021건 (정각 + 13초) | 큐 쌓이지 않음 | 커넥션 대기 최대 110 · Tomcat 바쁜 스레드 최대 138
  확정(DB 참여 행) 100,000건 (번호표 0개): 첫 확정 14:52:44.116 → 마지막 확정 14:53:39.512 (첫 확정 기준 +55.4초, 정각 기준 +55.8초 ± 0.3)
  DB 주문 수 116,694건 (할인 + 평상시)
  초당 확정(DB): 최대 2,039건 · 50% +28초 · 90% +50초 · 100% +55초 (첫 확정 초 기준, 1초 단위)
  정합성 (DB_BUCKET): 재고 100,000, 참여 100,000, 남은 재고 0, 매진 예 | 초과 판매 없음 (참여 ≤ 재고) ✓, 남은 재고 + 참여 = 재고 ✓, 결과 모름 0 ✓, 동기 성공 응답 = 참여 행 ✓
  MySQL: 명령 1,827,982개, 커밋 116,696 · 롤백 75,373(매진·실패한 시도) → 트랜잭션당 명령 9.52, 커밋당 redo fsync 0.82, 행 잠금 대기 28,631회 / 87.7초, 교착 0
  노트북 CPU (시도 구간) 53.2% (mysqld 27.6 / java 21.3), 클럭 116%, TCP 재전송 9/s
  GC 멈춤 57회(워밍업 포함), 최대 97ms
  데스크톱 CPU 평균 10.4% / 최대 34.2%, k6 연결 실패·5xx 0건 → 유효
[14:59:52] 회차 완료 21/21 (sync-ff db-bucket)
노트북 CPU 기록 종료 pid=18860
[14:59:53] 노트북 CPU 기록 → benchmark/results/2026-09-30-FLASH/laptop-cpu-flash2.csv
[14:59:54] === 선착순 flash2 끝 ===
