[09:39:07] === 선착순 flash4 시작: 회차 2개 (sync-ff:memory sync-ff:memory, 폴더 27번부터), 휴식 900초, 본측정 이벤트 1, 연습용 2, 동기 처리 상한 130 ===
노트북 CPU 기록 시작 pid=18688 rc=0
[09:39:11] [27/28 sync-ff memory] 전 휴식 896초 (끝 09:54:07)
[09:54:08] 전원 상태 [27회차 기동 전] = 2 98 (첫 값 2 = 충전기)
서버 기동 요청 P=20 --omp.executor.insert.queue=70000 --omp.promotion.stock-mode=memory --omp.promotion.admin-api=true --omp.order.sync.max-in-flight=130 rc=0 pid=3564
[09:54:19] 서버 준비 완료 (풀 20.0, 3회 확인)
서버 커넥션 풀 = 20.0 (기대 20), 저장 워커 = 20.0 (기대 20), 비동기 대기 자리 = 70000.0 (기대 70000), 동기 처리 상한 = 130.0, 재고 방식 = MEMORY (기대 MEMORY)
[1/1 09:54:37] 부하 전 노트북 CPU 평균 = 0.020 (기준 0.15 미만) / 데스크톱 = 2.8% (기준 30% 미만)
워밍업 종료 09:55:42 exit=0 (연습용 이벤트 2, 초당 1000건)
워밍업 k6 연결 실패 0건
큐 소진 (queued=0.0 active=0.0, 2초 이내)
reviews	orders	order_menus	stats_not_zero
0	0	0	0
[09:55:43] 본측정 이벤트 초기화: {"promotionId":1,"stockMode":"MEMORY","totalStock":100000,"participations":0,"remainingSingle":100000,"remainingBuckets":100000,"remainingMemory":-1,"pendingUnknown":0,"distinctTickets":0}
[09:55:44] 전원 상태 [27회차 측정 전] = 2 98 (첫 값 2 = 충전기)
서버 커넥션 풀 = 20.0 (기대 20), 저장 워커 = 20.0 (기대 20), 비동기 대기 자리 = 70000.0 (기대 70000), 동기 처리 상한 = 130.0, 재고 방식 = MEMORY (기대 MEMORY)
[1/8 09:56:01] 부하 전 노트북 CPU 평균 = 0.081 (기준 0.15 미만) / 데스크톱 = 1.9% (기준 30% 미만)
clock_offset_s=-1.404 error_s=0.298
본측정 시작 09:56:02 (이벤트 1, sync-ff, memory, 약 437초)
본측정 종료 10:03:20 exit=0
측정 k6 연결 실패 0건 → 통과
큐 소진 (queued=0.0 active=0.0, 2초 이내)
결과 모름 확인 대기 = 0.0 (0이어야 함)
정합성 확인: {"promotionId":1,"stockMode":"MEMORY","totalStock":100000,"participations":100000,"remainingSingle":100000,"remainingBuckets":100000,"remainingMemory":0,"pendingUnknown":0,"distinctTickets":100000}
측정 중 데스크톱 CPU 평균 7.5% / 최대 30.2% / 80% 이상 최장 연속 0표본 → 통과
[10:03:35] DB: participations 100000 100000 09:56:31.148894 09:57:10.070824|orders 117361|
[10:03:36] 전원 상태 [27회차 측정 후] = 2 98 (첫 값 2 = 충전기)
서버 종료 pid=3300
서버 종료 pid=18320
== 27-sync-ff-memory  (sync-ff, memory)
  시도 232,490건: 성공(200) 100,000 · 매진 123,211 · 429 9,279 · 이미 참여 0 · 시간 밖 0 · 그 밖 0 | 보내지 못함(dropped, 두 시나리오 합) 0 | VU 최대 2,050
  응답 ms (평균 / 중앙값 / p95 / p99 / 최대): 성공 56.2 / 43.4 / 153.9 / 290.0 / 1,056 | 매진 0.3 / 0.0 / 0.7 / 1.8 / 21 | 429 20.6 / 9.4 / 60.1 / 278.1 / 560
  평상시 주문: 성공 17,361 · 거절 120 · 실패 0 | 응답 ms 7.7 / 4.2 / 27.0 / 101.7 / 585
  서버: 예약 100,000 · 확정 100,000 · 거절 sold_out 123,211 · 반납 0 · 번호 제약 위반 0 · 비동기 워커 실패 0 · 429(비동기 0 / 동기 9,399)
  사용자 기준 요청 → 확정 (성공, 동기 = 응답 시간): 평균 56.2ms, p50 43.4, p95 153.9, p99 290.0ms
  1초 폴링 387회: 매진 첫 응답 정각 + 40.8초 | 초당 확정 최대 2,902건 (정각 + 14초) | 큐 쌓이지 않음 | 커넥션 대기 최대 110 · Tomcat 바쁜 스레드 최대 131
  확정(DB 참여 행) 100,000건 (번호표 100,000개): 첫 확정 09:56:31.148 → 마지막 확정 09:57:10.070 (첫 확정 기준 +38.9초, 정각 기준 +39.5초 ± 0.3)
  DB 주문 수 117,361건 (할인 + 평상시)
  초당 확정(DB): 최대 2,940건 · 50% +21초 · 90% +35초 · 100% +39초 (첫 확정 초 기준, 1초 단위)
  정합성 (MEMORY): 재고 100,000, 참여 100,000, 남은 재고 0, 매진 예 | 초과 판매 없음 (참여 ≤ 재고) ✓, 남은 재고 + 참여 = 재고 ✓, 결과 모름 0 ✓, 번호표 중복 없음 ✓, 동기 성공 응답 = 참여 행 ✓
  MySQL: 명령 804,191개, 커밋 117,363 · 롤백 0(매진·실패한 시도) → 트랜잭션당 명령 6.85, 커밋당 redo fsync 0.77, 행 잠금 대기 0회 / 0.0초, 교착 0
  노트북 CPU (시도 구간) 56.9% (mysqld 32.4 / java 18.5), 클럭 109%, TCP 재전송 5/s
  GC 멈춤 48회(워밍업 포함), 최대 52ms
  데스크톱 CPU 평균 7.5% / 최대 30.2%, k6 연결 실패·5xx 0건 → 유효
[10:03:40] 회차 완료 27/28 (sync-ff memory)
[10:03:40] [28/28 sync-ff memory] 전 휴식 893초 (끝 10:18:33)
[10:18:34] 전원 상태 [28회차 기동 전] = 2 98 (첫 값 2 = 충전기)
서버 기동 요청 P=20 --omp.executor.insert.queue=70000 --omp.promotion.stock-mode=memory --omp.promotion.admin-api=true --omp.order.sync.max-in-flight=130 rc=0 pid=9368
[10:18:45] 서버 준비 완료 (풀 20.0, 3회 확인)
서버 커넥션 풀 = 20.0 (기대 20), 저장 워커 = 20.0 (기대 20), 비동기 대기 자리 = 70000.0 (기대 70000), 동기 처리 상한 = 130.0, 재고 방식 = MEMORY (기대 MEMORY)
[1/1 10:19:03] 부하 전 노트북 CPU 평균 = 0.021 (기준 0.15 미만) / 데스크톱 = 1.8% (기준 30% 미만)
워밍업 종료 10:20:08 exit=0 (연습용 이벤트 2, 초당 1000건)
워밍업 k6 연결 실패 0건
큐 소진 (queued=0.0 active=0.0, 2초 이내)
reviews	orders	order_menus	stats_not_zero
0	0	0	0
[10:20:09] 본측정 이벤트 초기화: {"promotionId":1,"stockMode":"MEMORY","totalStock":100000,"participations":0,"remainingSingle":100000,"remainingBuckets":100000,"remainingMemory":-1,"pendingUnknown":0,"distinctTickets":0}
[10:20:10] 전원 상태 [28회차 측정 전] = 2 98 (첫 값 2 = 충전기)
서버 커넥션 풀 = 20.0 (기대 20), 저장 워커 = 20.0 (기대 20), 비동기 대기 자리 = 70000.0 (기대 70000), 동기 처리 상한 = 130.0, 재고 방식 = MEMORY (기대 MEMORY)
[1/8 10:20:27] 부하 전 노트북 CPU 평균 = 0.104 (기준 0.15 미만) / 데스크톱 = 1.7% (기준 30% 미만)
clock_offset_s=-1.397 error_s=0.314
본측정 시작 10:20:28 (이벤트 1, sync-ff, memory, 약 437초)
본측정 종료 10:27:46 exit=0
측정 k6 연결 실패 0건 → 통과
큐 소진 (queued=0.0 active=0.0, 2초 이내)
결과 모름 확인 대기 = 0.0 (0이어야 함)
정합성 확인: {"promotionId":1,"stockMode":"MEMORY","totalStock":100000,"participations":100000,"remainingSingle":100000,"remainingBuckets":100000,"remainingMemory":0,"pendingUnknown":0,"distinctTickets":100000}
측정 중 데스크톱 CPU 평균 6.9% / 최대 28.0% / 80% 이상 최장 연속 0표본 → 통과
[10:28:01] DB: participations 100000 100000 10:20:57.146436 10:21:37.792472|orders 117279|
[10:28:02] 전원 상태 [28회차 측정 후] = 2 98 (첫 값 2 = 충전기)
서버 종료 pid=11984
서버 종료 pid=11052
== 28-sync-ff-memory  (sync-ff, memory)
  시도 232,491건: 성공(200) 100,000 · 매진 118,014 · 429 14,477 · 이미 참여 0 · 시간 밖 0 · 그 밖 0 | 보내지 못함(dropped, 두 시나리오 합) 0 | VU 최대 2,050
  응답 ms (평균 / 중앙값 / p95 / p99 / 최대): 성공 66.1 / 36.9 / 231.5 / 387.0 / 1,342 | 매진 0.3 / 0.0 / 0.6 / 1.6 / 21 | 429 44.9 / 12.8 / 267.8 / 389.6 / 1,133
  평상시 주문: 성공 17,279 · 거절 202 · 실패 0 | 응답 ms 8.5 / 4.2 / 26.3 / 134.5 / 1,013
  서버: 예약 100,000 · 확정 100,000 · 거절 sold_out 118,014 · 반납 0 · 번호 제약 위반 0 · 비동기 워커 실패 0 · 429(비동기 0 / 동기 14,679)
  사용자 기준 요청 → 확정 (성공, 동기 = 응답 시간): 평균 66.1ms, p50 36.9, p95 231.5, p99 387.0ms
  1초 폴링 385회: 매진 첫 응답 정각 + 41.5초 | 초당 확정 최대 4,390건 (정각 + 10초) | 큐 쌓이지 않음 | 커넥션 대기 최대 110 · Tomcat 바쁜 스레드 최대 146
  확정(DB 참여 행) 100,000건 (번호표 100,000개): 첫 확정 10:20:57.146 → 마지막 확정 10:21:37.792 (첫 확정 기준 +40.6초, 정각 기준 +41.2초 ± 0.3)
  DB 주문 수 117,279건 (할인 + 평상시)
  초당 확정(DB): 최대 2,925건 · 50% +22초 · 90% +36초 · 100% +40초 (첫 확정 초 기준, 1초 단위)
  정합성 (MEMORY): 재고 100,000, 참여 100,000, 남은 재고 0, 매진 예 | 초과 판매 없음 (참여 ≤ 재고) ✓, 남은 재고 + 참여 = 재고 ✓, 결과 모름 0 ✓, 번호표 중복 없음 ✓, 동기 성공 응답 = 참여 행 ✓
  MySQL: 명령 803,699개, 커밋 117,281 · 롤백 0(매진·실패한 시도) → 트랜잭션당 명령 6.85, 커밋당 redo fsync 0.88, 행 잠금 대기 0회 / 0.0초, 교착 0
  노트북 CPU (시도 구간) 44.3% (mysqld 20.2 / java 17.0), 클럭 111%, TCP 재전송 41/s
  GC 멈춤 50회(워밍업 포함), 최대 81ms
  데스크톱 CPU 평균 6.9% / 최대 28.0%, k6 연결 실패·5xx 0건 → 유효
[10:28:06] 회차 완료 28/28 (sync-ff memory)
노트북 CPU 기록 종료 pid=18688
[10:28:07] 노트북 CPU 기록 → benchmark/results/2026-09-30-FLASH/laptop-cpu-flash4.csv
[10:28:07] === 선착순 flash4 끝 ===
