time="2026-09-26T20:04:56+09:00" level=info msg="[run] 시작 20:04:56 MODE=sync SCENARIO=saturate TAG=P1-p15-warmup" source=console
time="2026-09-26T20:05:56+09:00" level=info msg="[run] 종료 20:05:56 TAG=P1-p15-warmup" source=console
[32m     ✓ status is 200[0m
[32m     ✓ has order id[0m

     checks[2m.........................:[0m [36m100.00%[0m [36;2m✓ 241636[0m      [36;2m✗ 0[0m     
     data_received[2m..................:[0m [36m16 MB[0m   [36;2m262 kB/s[0m
     data_sent[2m......................:[0m [36m32 MB[0m   [36;2m528 kB/s[0m
     http_req_blocked[2m...............:[0m avg=[36m80.71µs[0m  min=[36m0s[0m     med=[36m0s[0m      max=[36m268.69ms[0m p(90)=[36m0s[0m       p(95)=[36m0s[0m      p(99)=[36m1.05ms[0m  
     http_req_connecting[2m............:[0m avg=[36m77.42µs[0m  min=[36m0s[0m     med=[36m0s[0m      max=[36m268.69ms[0m p(90)=[36m0s[0m       p(95)=[36m0s[0m      p(99)=[36m806.48µs[0m
     http_req_duration[2m..............:[0m avg=[36m31.61ms[0m  min=[36m2.42ms[0m med=[36m23.1ms[0m  max=[36m1.61s[0m    p(90)=[36m48.66ms[0m  p(95)=[36m70.73ms[0m p(99)=[36m220.42ms[0m
       { expected_response:true }[2m...:[0m avg=[36m31.61ms[0m  min=[36m2.42ms[0m med=[36m23.1ms[0m  max=[36m1.61s[0m    p(90)=[36m48.66ms[0m  p(95)=[36m70.73ms[0m p(99)=[36m220.42ms[0m
     http_req_failed[2m................:[0m [36m0.00%[0m   [36;2m✓ 0[0m           [36;2m✗ 120818[0m
     http_req_receiving[2m.............:[0m avg=[36m126.92µs[0m min=[36m0s[0m     med=[36m0s[0m      max=[36m160.89ms[0m p(90)=[36m504.29µs[0m p(95)=[36m702.7µs[0m p(99)=[36m1.5ms[0m   
     http_req_sending[2m...............:[0m avg=[36m11.06µs[0m  min=[36m0s[0m     med=[36m0s[0m      max=[36m19.6ms[0m   p(90)=[36m0s[0m       p(95)=[36m0s[0m      p(99)=[36m506.7µs[0m 
     http_req_tls_handshaking[2m.......:[0m avg=[36m0s[0m       min=[36m0s[0m     med=[36m0s[0m      max=[36m0s[0m       p(90)=[36m0s[0m       p(95)=[36m0s[0m      p(99)=[36m0s[0m      
     http_req_waiting[2m...............:[0m avg=[36m31.47ms[0m  min=[36m2.42ms[0m med=[36m22.99ms[0m max=[36m1.61s[0m    p(90)=[36m48.47ms[0m  p(95)=[36m70.34ms[0m p(99)=[36m220.01ms[0m
     http_reqs[2m......................:[0m [36m120818[0m  [36;2m2011.999546/s[0m
     iteration_duration[2m.............:[0m avg=[36m31.78ms[0m  min=[36m2.72ms[0m med=[36m23.25ms[0m max=[36m1.61s[0m    p(90)=[36m48.91ms[0m  p(95)=[36m71ms[0m    p(99)=[36m220.96ms[0m
     iterations[2m.....................:[0m [36m120818[0m  [36;2m2011.999546/s[0m
     order_accepted_duration[2m........:[0m avg=[36m31.61ms[0m  min=[36m2.42ms[0m med=[36m23.1ms[0m  max=[36m1.61s[0m    p(90)=[36m48.66ms[0m  p(95)=[36m70.73ms[0m p(99)=[36m220.42ms[0m
     orders_accepted[2m................:[0m [36m120818[0m  [36;2m2011.999546/s[0m
     vus[2m............................:[0m [36m64[0m      [36;2mmin=64[0m        [36;2mmax=64[0m  
     vus_max[2m........................:[0m [36m64[0m      [36;2mmin=64[0m        [36;2mmax=64[0m  