time="2026-09-30T07:03:18+09:00" level=info msg="[run] 시작 07:03:18 MODE=async TAG=FLASH-warmup PROMOTION_ID=2" source=console
time="2026-09-30T07:03:18+09:00" level=info msg="[flash] 시도 07:03:23 ~ 07:04:18 (최고 초당 1000건), 관찰 끝 07:04:23" source=console
time="2026-09-30T07:04:23+09:00" level=info msg="[run] 종료 07:04:23 TAG=FLASH-warmup" source=console
     base_accepted[2m..................:[0m [36m2600[0m   [36;2m39.98987/s[0m
     base_accepted_duration[2m.........:[0m avg=[36m3.22ms[0m  min=[36m0s[0m med=[36m525.85µs[0m max=[36m192.42ms[0m p(90)=[36m8.81ms[0m p(95)=[36m14.93ms[0m p(99)=[36m44.76ms[0m 
     data_received[2m..................:[0m [36m7.7 MB[0m [36;2m118 kB/s[0m
     data_sent[2m......................:[0m [36m16 MB[0m  [36;2m240 kB/s[0m
     http_req_blocked[2m...............:[0m avg=[36m18.57µs[0m min=[36m0s[0m med=[36m0s[0m       max=[36m37.52ms[0m  p(90)=[36m0s[0m     p(95)=[36m0s[0m      p(99)=[36m523.21µs[0m
     http_req_connecting[2m............:[0m avg=[36m17.79µs[0m min=[36m0s[0m med=[36m0s[0m       max=[36m37.52ms[0m  p(90)=[36m0s[0m     p(95)=[36m0s[0m      p(99)=[36m522.62µs[0m
     http_req_duration[2m..............:[0m avg=[36m3.04ms[0m  min=[36m0s[0m med=[36m517µs[0m    max=[36m329.64ms[0m p(90)=[36m8.4ms[0m  p(95)=[36m15.28ms[0m p(99)=[36m43.47ms[0m 
       { expected_response:true }[2m...:[0m avg=[36m3.04ms[0m  min=[36m0s[0m med=[36m517µs[0m    max=[36m329.64ms[0m p(90)=[36m8.4ms[0m  p(95)=[36m15.28ms[0m p(99)=[36m43.47ms[0m 
     http_req_failed[2m................:[0m [36m0.00%[0m  [36;2m✓ 0[0m          [36;2m✗ 55089[0m
     http_req_receiving[2m.............:[0m avg=[36m53.3µs[0m  min=[36m0s[0m med=[36m0s[0m       max=[36m9.65ms[0m   p(90)=[36m0s[0m     p(95)=[36m515.1µs[0m p(99)=[36m638.21µs[0m
     http_req_sending[2m...............:[0m avg=[36m1.41µs[0m  min=[36m0s[0m med=[36m0s[0m       max=[36m6.47ms[0m   p(90)=[36m0s[0m     p(95)=[36m0s[0m      p(99)=[36m0s[0m      
     http_req_tls_handshaking[2m.......:[0m avg=[36m0s[0m      min=[36m0s[0m med=[36m0s[0m       max=[36m0s[0m       p(90)=[36m0s[0m     p(95)=[36m0s[0m      p(99)=[36m0s[0m      
     http_req_waiting[2m...............:[0m avg=[36m2.99ms[0m  min=[36m0s[0m med=[36m515.59µs[0m max=[36m329.64ms[0m p(90)=[36m8.38ms[0m p(95)=[36m15.25ms[0m p(99)=[36m43.41ms[0m 
     http_reqs[2m......................:[0m [36m55089[0m  [36;2m847.308448/s[0m
     iteration_duration[2m.............:[0m avg=[36m3.12ms[0m  min=[36m0s[0m med=[36m518.2µs[0m  max=[36m329.64ms[0m p(90)=[36m8.46ms[0m p(95)=[36m15.35ms[0m p(99)=[36m43.72ms[0m 
     iterations[2m.....................:[0m [36m55089[0m  [36;2m847.308448/s[0m
     promo_success[2m..................:[0m [36m52489[0m  [36;2m807.318578/s[0m
     promo_success_duration[2m.........:[0m avg=[36m3.04ms[0m  min=[36m0s[0m med=[36m516.7µs[0m  max=[36m329.64ms[0m p(90)=[36m8.38ms[0m p(95)=[36m15.28ms[0m p(99)=[36m43.41ms[0m 
     vus[2m............................:[0m [36m0[0m      [36;2mmin=0[0m        [36;2mmax=46[0m 
     vus_max[2m........................:[0m [36m550[0m    [36;2mmin=550[0m      [36;2mmax=550[0m