time="2026-09-30T06:38:51+09:00" level=info msg="[run] 시작 06:38:51 MODE=sync TAG=FLASH-warmup PROMOTION_ID=2" source=console
time="2026-09-30T06:38:51+09:00" level=info msg="[flash] 시도 06:38:56 ~ 06:39:51 (최고 초당 1000건), 관찰 끝 06:39:56" source=console
time="2026-09-30T06:39:56+09:00" level=info msg="[run] 종료 06:39:56 TAG=FLASH-warmup" source=console
     base_accepted[2m..................:[0m [36m2598[0m   [36;2m39.947855/s[0m
     base_accepted_duration[2m.........:[0m avg=[36m22.7ms[0m   min=[36m642.7µs[0m  med=[36m2.75ms[0m   max=[36m1.13s[0m    p(90)=[36m11.53ms[0m  p(95)=[36m108.77ms[0m p(99)=[36m516.12ms[0m
     base_rejected[2m..................:[0m [36m2[0m      [36;2m0.030753/s[0m
     data_received[2m..................:[0m [36m7.6 MB[0m [36;2m117 kB/s[0m
     data_sent[2m......................:[0m [36m15 MB[0m  [36;2m235 kB/s[0m
     http_req_blocked[2m...............:[0m avg=[36m14.41µs[0m  min=[36m0s[0m       med=[36m0s[0m       max=[36m36.95ms[0m  p(90)=[36m0s[0m       p(95)=[36m0s[0m       p(99)=[36m518.11µs[0m
     http_req_connecting[2m............:[0m avg=[36m13.8µs[0m   min=[36m0s[0m       med=[36m0s[0m       max=[36m36.95ms[0m  p(90)=[36m0s[0m       p(95)=[36m0s[0m       p(99)=[36m517.29µs[0m
     http_req_duration[2m..............:[0m avg=[36m14.25ms[0m  min=[36m0s[0m       med=[36m521.8µs[0m  max=[36m1.41s[0m    p(90)=[36m10.5ms[0m   p(95)=[36m94.49ms[0m  p(99)=[36m263.75ms[0m
       { expected_response:true }[2m...:[0m avg=[36m33.58ms[0m  min=[36m503.2µs[0m  med=[36m3.93ms[0m   max=[36m1.41s[0m    p(90)=[36m109.92ms[0m p(95)=[36m167.84ms[0m p(99)=[36m439.78ms[0m
     http_req_failed[2m................:[0m [36m58.97%[0m [36;2m✓ 32491[0m      [36;2m✗ 22598[0m
     http_req_receiving[2m.............:[0m avg=[36m78.72µs[0m  min=[36m0s[0m       med=[36m0s[0m       max=[36m90.29ms[0m  p(90)=[36m507.1µs[0m  p(95)=[36m515.35µs[0m p(99)=[36m698.72µs[0m
     http_req_sending[2m...............:[0m avg=[36m1.54µs[0m   min=[36m0s[0m       med=[36m0s[0m       max=[36m9.22ms[0m   p(90)=[36m0s[0m       p(95)=[36m0s[0m       p(99)=[36m0s[0m      
     http_req_tls_handshaking[2m.......:[0m avg=[36m0s[0m       min=[36m0s[0m       med=[36m0s[0m       max=[36m0s[0m       p(90)=[36m0s[0m       p(95)=[36m0s[0m       p(99)=[36m0s[0m      
     http_req_waiting[2m...............:[0m avg=[36m14.17ms[0m  min=[36m0s[0m       med=[36m520.29µs[0m max=[36m1.41s[0m    p(90)=[36m10.24ms[0m  p(95)=[36m94.48ms[0m  p(99)=[36m263.75ms[0m
     http_reqs[2m......................:[0m [36m55089[0m  [36;2m847.069827/s[0m
     iteration_duration[2m.............:[0m avg=[36m14.31ms[0m  min=[36m0s[0m       med=[36m523.8µs[0m  max=[36m1.41s[0m    p(90)=[36m10.59ms[0m  p(95)=[36m94.54ms[0m  p(99)=[36m263.75ms[0m
     iterations[2m.....................:[0m [36m55089[0m  [36;2m847.069827/s[0m
     promo_queue_full[2m...............:[0m [36m30[0m     [36;2m0.461292/s[0m
     promo_queue_full_duration[2m......:[0m avg=[36m308.41ms[0m min=[36m156.81ms[0m med=[36m253.26ms[0m max=[36m659.78ms[0m p(90)=[36m650.12ms[0m p(95)=[36m656.34ms[0m p(99)=[36m659.66ms[0m
     promo_sold_out[2m.................:[0m [36m32459[0m  [36;2m499.102171/s[0m
     promo_sold_out_duration[2m........:[0m avg=[36m507.91µs[0m min=[36m0s[0m       med=[36m511.8µs[0m  max=[36m32.66ms[0m  p(90)=[36m530.59µs[0m p(95)=[36m609.29µs[0m p(99)=[36m1.04ms[0m  
     promo_success[2m..................:[0m [36m20000[0m  [36;2m307.527756/s[0m
     promo_success_duration[2m.........:[0m avg=[36m34.99ms[0m  min=[36m503.2µs[0m  med=[36m4.29ms[0m   max=[36m1.41s[0m    p(90)=[36m115.14ms[0m p(95)=[36m171.94ms[0m p(99)=[36m438.2ms[0m 
     vus[2m............................:[0m [36m0[0m      [36;2mmin=0[0m        [36;2mmax=201[0m
     vus_max[2m........................:[0m [36m550[0m    [36;2mmin=550[0m      [36;2mmax=550[0m