time="2026-09-30T09:06:58+09:00" level=info msg="[run] 시작 09:06:58 MODE=sync TAG=FLASH-sync-memory PROMOTION_ID=1" source=console
time="2026-09-30T09:06:58+09:00" level=info msg="[flash] 시도 09:07:28 ~ 09:09:15 (최고 초당 3000건), 관찰 끝 09:14:15" source=console
time="2026-09-30T09:08:02+09:00" level=warning msg="Insufficient VUs, reached 4000 active VUs and cannot initialize more" executor=ramping-arrival-rate scenario=attempts
time="2026-09-30T09:14:15+09:00" level=info msg="[run] 종료 09:14:15 TAG=FLASH-sync-memory" source=console
     base_accepted[2m..................:[0m [36m17468[0m  [36;2m39.97086/s[0m
     base_accepted_duration[2m.........:[0m avg=[36m75.04ms[0m  min=[36m0s[0m      med=[36m4.27ms[0m   max=[36m6.02s[0m    p(90)=[36m5.12ms[0m   p(95)=[36m660.63ms[0m p(99)=[36m1.38s[0m 
     data_received[2m..................:[0m [36m34 MB[0m  [36;2m77 kB/s[0m
     data_sent[2m......................:[0m [36m69 MB[0m  [36;2m157 kB/s[0m
     dropped_iterations[2m.............:[0m [36m4731[0m   [36;2m10.825632/s[0m
     http_req_blocked[2m...............:[0m avg=[36m1.06ms[0m   min=[36m0s[0m      med=[36m0s[0m       max=[36m3.03s[0m    p(90)=[36m0s[0m       p(95)=[36m0s[0m       p(99)=[36m1.06ms[0m
     http_req_connecting[2m............:[0m avg=[36m1.06ms[0m   min=[36m0s[0m      med=[36m0s[0m       max=[36m3.03s[0m    p(90)=[36m0s[0m       p(95)=[36m0s[0m       p(99)=[36m1.04ms[0m
     http_req_duration[2m..............:[0m avg=[36m371.39ms[0m min=[36m0s[0m      med=[36m1.67ms[0m   max=[36m6.97s[0m    p(90)=[36m1.27s[0m    p(95)=[36m1.38s[0m    p(99)=[36m1.82s[0m 
       { expected_response:true }[2m...:[0m avg=[36m747.3ms[0m  min=[36m0s[0m      med=[36m709.89ms[0m max=[36m6.97s[0m    p(90)=[36m1.38s[0m    p(95)=[36m1.41s[0m    p(99)=[36m2.33s[0m 
     http_req_failed[2m................:[0m [36m52.10%[0m [36;2m✓ 127771[0m     [36;2m✗ 117468[0m
     http_req_receiving[2m.............:[0m avg=[36m121.18µs[0m min=[36m0s[0m      med=[36m0s[0m       max=[36m108.01ms[0m p(90)=[36m507.72µs[0m p(95)=[36m536.9µs[0m  p(99)=[36m3.15ms[0m
     http_req_sending[2m...............:[0m avg=[36m1.21µs[0m   min=[36m0s[0m      med=[36m0s[0m       max=[36m11.48ms[0m  p(90)=[36m0s[0m       p(95)=[36m0s[0m       p(99)=[36m0s[0m    
     http_req_tls_handshaking[2m.......:[0m avg=[36m0s[0m       min=[36m0s[0m      med=[36m0s[0m       max=[36m0s[0m       p(90)=[36m0s[0m       p(95)=[36m0s[0m       p(99)=[36m0s[0m    
     http_req_waiting[2m...............:[0m avg=[36m371.27ms[0m min=[36m0s[0m      med=[36m829.5µs[0m  max=[36m6.97s[0m    p(90)=[36m1.27s[0m    p(95)=[36m1.38s[0m    p(99)=[36m1.82s[0m 
     http_reqs[2m......................:[0m [36m245239[0m [36;2m561.164054/s[0m
     iteration_duration[2m.............:[0m avg=[36m372.51ms[0m min=[36m0s[0m      med=[36m1.84ms[0m   max=[36m6.97s[0m    p(90)=[36m1.27s[0m    p(95)=[36m1.38s[0m    p(99)=[36m1.86s[0m 
     iterations[2m.....................:[0m [36m245239[0m [36;2m561.164054/s[0m
     promo_sold_out[2m.................:[0m [36m127771[0m [36;2m292.369861/s[0m
     promo_sold_out_duration[2m........:[0m avg=[36m25.8ms[0m   min=[36m0s[0m      med=[36m507.4µs[0m  max=[36m1.46s[0m    p(90)=[36m629.6µs[0m  p(95)=[36m1.31ms[0m   p(99)=[36m1.02s[0m 
     promo_success[2m..................:[0m [36m100000[0m [36;2m228.823333/s[0m
     promo_success_duration[2m.........:[0m avg=[36m864.72ms[0m min=[36m502.6µs[0m med=[36m803.08ms[0m max=[36m6.97s[0m    p(90)=[36m1.39s[0m    p(95)=[36m1.45s[0m    p(99)=[36m2.43s[0m 
     vus[2m............................:[0m [36m0[0m      [36;2mmin=0[0m        [36;2mmax=4060[0m
     vus_max[2m........................:[0m [36m4062[0m   [36;2mmin=2050[0m     [36;2mmax=4062[0m