time="2026-09-30T09:05:32+09:00" level=info msg="[run] 시작 09:05:32 MODE=sync TAG=FLASH-warmup PROMOTION_ID=2" source=console
time="2026-09-30T09:05:32+09:00" level=info msg="[flash] 시도 09:05:37 ~ 09:06:32 (최고 초당 1000건), 관찰 끝 09:06:37" source=console
time="2026-09-30T09:06:37+09:00" level=info msg="[run] 종료 09:06:37 TAG=FLASH-warmup" source=console
     base_accepted[2m..................:[0m [36m2600[0m   [36;2m39.987962/s[0m
     base_accepted_duration[2m.........:[0m avg=[36m16.19ms[0m  min=[36m717.5µs[0m med=[36m2.75ms[0m   max=[36m1.15s[0m    p(90)=[36m8.74ms[0m   p(95)=[36m28.87ms[0m p(99)=[36m516.6ms[0m 
     data_received[2m..................:[0m [36m7.6 MB[0m [36;2m117 kB/s[0m
     data_sent[2m......................:[0m [36m15 MB[0m  [36;2m235 kB/s[0m
     http_req_blocked[2m...............:[0m avg=[36m21.42µs[0m  min=[36m0s[0m      med=[36m0s[0m       max=[36m59.09ms[0m  p(90)=[36m0s[0m       p(95)=[36m0s[0m      p(99)=[36m520.7µs[0m 
     http_req_connecting[2m............:[0m avg=[36m20.6µs[0m   min=[36m0s[0m      med=[36m0s[0m       max=[36m59.09ms[0m  p(90)=[36m0s[0m       p(95)=[36m0s[0m      p(99)=[36m519.5µs[0m 
     http_req_duration[2m..............:[0m avg=[36m4.94ms[0m   min=[36m0s[0m      med=[36m520.9µs[0m  max=[36m1.15s[0m    p(90)=[36m6.51ms[0m   p(95)=[36m18.89ms[0m p(99)=[36m74.93ms[0m 
       { expected_response:true }[2m...:[0m avg=[36m11.34ms[0m  min=[36m717.5µs[0m med=[36m3.13ms[0m   max=[36m1.15s[0m    p(90)=[36m27.81ms[0m  p(95)=[36m53.75ms[0m p(99)=[36m100.18ms[0m
     http_req_failed[2m................:[0m [36m58.97%[0m [36;2m✓ 32490[0m      [36;2m✗ 22600[0m
     http_req_receiving[2m.............:[0m avg=[36m68.27µs[0m  min=[36m0s[0m      med=[36m0s[0m       max=[36m25.84ms[0m  p(90)=[36m506.7µs[0m  p(95)=[36m514.4µs[0m p(99)=[36m700.25µs[0m
     http_req_sending[2m...............:[0m avg=[36m1.6µs[0m    min=[36m0s[0m      med=[36m0s[0m       max=[36m2.14ms[0m   p(90)=[36m0s[0m       p(95)=[36m0s[0m      p(99)=[36m0s[0m      
     http_req_tls_handshaking[2m.......:[0m avg=[36m0s[0m       min=[36m0s[0m      med=[36m0s[0m       max=[36m0s[0m       p(90)=[36m0s[0m       p(95)=[36m0s[0m      p(99)=[36m0s[0m      
     http_req_waiting[2m...............:[0m avg=[36m4.87ms[0m   min=[36m0s[0m      med=[36m519.29µs[0m max=[36m1.15s[0m    p(90)=[36m6.35ms[0m   p(95)=[36m18.83ms[0m p(99)=[36m74.83ms[0m 
     http_reqs[2m......................:[0m [36m55090[0m  [36;2m847.283385/s[0m
     iteration_duration[2m.............:[0m avg=[36m5ms[0m      min=[36m0s[0m      med=[36m523.25µs[0m max=[36m1.15s[0m    p(90)=[36m6.7ms[0m    p(95)=[36m19ms[0m    p(99)=[36m74.94ms[0m 
     iterations[2m.....................:[0m [36m55090[0m  [36;2m847.283385/s[0m
     promo_sold_out[2m.................:[0m [36m32490[0m  [36;2m499.695719/s[0m
     promo_sold_out_duration[2m........:[0m avg=[36m490.81µs[0m min=[36m0s[0m      med=[36m511.1µs[0m  max=[36m27.95ms[0m  p(90)=[36m538.01µs[0m p(95)=[36m644.4µs[0m p(99)=[36m1.14ms[0m  
     promo_success[2m..................:[0m [36m20000[0m  [36;2m307.599704/s[0m
     promo_success_duration[2m.........:[0m avg=[36m10.71ms[0m  min=[36m1.05ms[0m  med=[36m3.36ms[0m   max=[36m540.79ms[0m p(90)=[36m30.42ms[0m  p(95)=[36m54.68ms[0m p(99)=[36m96.76ms[0m 
     vus[2m............................:[0m [36m0[0m      [36;2mmin=0[0m        [36;2mmax=74[0m 
     vus_max[2m........................:[0m [36m550[0m    [36;2mmin=550[0m      [36;2mmax=550[0m