time="2026-09-30T11:32:12+09:00" level=info msg="[run] 시작 11:32:12 MODE=async TAG=FLASH-warmup PROMOTION_ID=2" source=console
time="2026-09-30T11:32:12+09:00" level=info msg="[flash] 시도 11:32:17 ~ 11:33:12 (최고 초당 1000건), 관찰 끝 11:33:17" source=console
time="2026-09-30T11:33:17+09:00" level=info msg="[run] 종료 11:33:17 TAG=FLASH-warmup" source=console
     base_accepted[2m..................:[0m [36m2601[0m   [36;2m40.00655/s[0m
     base_accepted_duration[2m.........:[0m avg=[36m6.09ms[0m   min=[36m0s[0m med=[36m521.4µs[0m  max=[36m1.24s[0m   p(90)=[36m4.29ms[0m  p(95)=[36m23.39ms[0m  p(99)=[36m123.23ms[0m
     data_received[2m..................:[0m [36m7.8 MB[0m [36;2m120 kB/s[0m
     data_sent[2m......................:[0m [36m16 MB[0m  [36;2m240 kB/s[0m
     http_req_blocked[2m...............:[0m avg=[36m18.38µs[0m  min=[36m0s[0m med=[36m0s[0m       max=[36m75.44ms[0m p(90)=[36m0s[0m      p(95)=[36m0s[0m       p(99)=[36m518.61µs[0m
     http_req_connecting[2m............:[0m avg=[36m17.4µs[0m   min=[36m0s[0m med=[36m0s[0m       max=[36m73.07ms[0m p(90)=[36m0s[0m      p(95)=[36m0s[0m       p(99)=[36m516.4µs[0m 
     http_req_duration[2m..............:[0m avg=[36m6.62ms[0m   min=[36m0s[0m med=[36m513.2µs[0m  max=[36m1.34s[0m   p(90)=[36m4.18ms[0m  p(95)=[36m30.99ms[0m  p(99)=[36m137.69ms[0m
       { expected_response:true }[2m...:[0m avg=[36m15.37ms[0m  min=[36m0s[0m med=[36m630.4µs[0m  max=[36m1.34s[0m   p(90)=[36m43.66ms[0m p(95)=[36m97.21ms[0m  p(99)=[36m212.23ms[0m
     http_req_failed[2m................:[0m [36m58.97%[0m [36;2m✓ 32484[0m      [36;2m✗ 22601[0m
     http_req_receiving[2m.............:[0m avg=[36m46.63µs[0m  min=[36m0s[0m med=[36m0s[0m       max=[36m11.82ms[0m p(90)=[36m0s[0m      p(95)=[36m511.9µs[0m  p(99)=[36m614.51µs[0m
     http_req_sending[2m...............:[0m avg=[36m1.54µs[0m   min=[36m0s[0m med=[36m0s[0m       max=[36m6.22ms[0m  p(90)=[36m0s[0m      p(95)=[36m0s[0m       p(99)=[36m0s[0m      
     http_req_tls_handshaking[2m.......:[0m avg=[36m0s[0m       min=[36m0s[0m med=[36m0s[0m       max=[36m0s[0m      p(90)=[36m0s[0m      p(95)=[36m0s[0m       p(99)=[36m0s[0m      
     http_req_waiting[2m...............:[0m avg=[36m6.57ms[0m   min=[36m0s[0m med=[36m512.5µs[0m  max=[36m1.34s[0m   p(90)=[36m4.13ms[0m  p(95)=[36m30.93ms[0m  p(99)=[36m137.69ms[0m
     http_reqs[2m......................:[0m [36m55085[0m  [36;2m847.274438/s[0m
     iteration_duration[2m.............:[0m avg=[36m6.66ms[0m   min=[36m0s[0m med=[36m513.7µs[0m  max=[36m1.34s[0m   p(90)=[36m4.24ms[0m  p(95)=[36m31.14ms[0m  p(99)=[36m137.69ms[0m
     iterations[2m.....................:[0m [36m55085[0m  [36;2m847.274438/s[0m
     promo_sold_out[2m.................:[0m [36m32484[0m  [36;2m499.643512/s[0m
     promo_sold_out_duration[2m........:[0m avg=[36m525.46µs[0m min=[36m0s[0m med=[36m511.29µs[0m max=[36m30.2ms[0m  p(90)=[36m539.1µs[0m p(95)=[36m623.98µs[0m p(99)=[36m1.24ms[0m  
     promo_success[2m..................:[0m [36m20000[0m  [36;2m307.624376/s[0m
     promo_success_duration[2m.........:[0m avg=[36m16.58ms[0m  min=[36m0s[0m med=[36m688.15µs[0m max=[36m1.34s[0m   p(90)=[36m49.12ms[0m p(95)=[36m102.11ms[0m p(99)=[36m224.58ms[0m
     vus[2m............................:[0m [36m0[0m      [36;2mmin=0[0m        [36;2mmax=235[0m
     vus_max[2m........................:[0m [36m550[0m    [36;2mmin=550[0m      [36;2mmax=550[0m