[15:00:13] === 용량 재측정 cap930 시작: 회차 6개 (sync-ff async sync sync async sync-ff, 폴더 1번부터), 휴식 900초, 워밍업 2000/s, 동기 VU 400, 빠른 거절 상한 190 ===
노트북 CPU 기록 시작 pid=1668 rc=0
[15:00:17] [1/6 sync-ff] 전 휴식 896초 (끝 15:15:13)
[15:15:14] 전원 상태 [1회차 기동 전] = 2 98 (첫 값 2 = 충전기)
서버 기동 요청 P=20 --omp.executor.insert.queue=100 --omp.order.sync.max-in-flight=190 rc=0 pid=16124
[15:15:25] 서버 준비 완료 (풀 20.0, 3회 확인)
서버 커넥션 풀 = 20.0 (기대 20), insert 워커 = 20.0 (기대 20), 비동기 대기 자리 = 100.0 (기대 100), 동기 처리 상한 = 190.0 (기대 190)
[1/1 15:15:42] 부하 전 노트북 CPU 평균 = 0.017 (기준 0.15 미만) / 데스크톱 = 4.7% (기준 30% 미만)
워밍업 종료 15:16:42 exit=0 (워밍업: 모든 종류 초당 2000건 open model)
워밍업 k6 연결 실패 0건
큐 소진 (queued=0.0 active=0.0, 2초 이내)
reviews	orders	order_menus	stats_not_zero
0	0	0	0
[15:16:44] 전원 상태 [1회차 측정 전] = 2 98 (첫 값 2 = 충전기)
서버 커넥션 풀 = 20.0 (기대 20), insert 워커 = 20.0 (기대 20), 비동기 대기 자리 = 100.0 (기대 100), 동기 처리 상한 = 190.0 (기대 190)
[1/8 15:17:01] 부하 전 노트북 CPU 평균 = 0.188 (기준 0.15 미만) / 데스크톱 = 4.4% (기준 30% 미만)
[2/8 15:17:17] 부하 전 노트북 CPU 평균 = 0.021 (기준 0.15 미만) / 데스크톱 = 15.9% (기준 30% 미만)
측정 종료 15:20:18 exit=0
측정 k6 연결 실패 0건 → 통과
큐 소진 (queued=0.0 active=0.0, 2초 이내)
측정 중 데스크톱 CPU 평균 27.6% / 최대 42.6% / 80% 이상 최장 연속 0표본 → 통과
[15:20:54] DB 주문 수(측정분) = 574422
[15:20:55] 전원 상태 [1회차 측정 후] = 2 98 (첫 값 2 = 충전기)
서버 종료 pid=3368
서버 종료 pid=16808
== 01-sync-ff  W = 3,191.2건/s (DB 574,422, 응답 성공 574,422) | 거절 144,479 (20.1%) 실패 0 dropped 1,101 | 성공 p95 163.0 p99 312.2ms | 거절 p95 21.4ms
  주문당 MySQL: Questions 6.00, Com_select 1.00, Com_set_option 2.00, Com_commit 1.00, Innodb_os_log_fsyncs 0.37, Innodb_row_lock_waits 0.00
  부하 중 평균: 커넥션 사용 18.6 / 대기 163.9 | Tomcat 바쁜 스레드 183.6 | insert 큐 0.0 / 워커 0.0 | 폴링 32회
  누적 타이머(측정 3분): 커넥션 점유 평균 15.5개, 커넥션 획득 대기 평균 47.7ms, 성공 주문의 서버 처리 평균 53.2ms · 평균 동시 처리 170건
  노트북 CPU 98.8% (mysqld 49.4 / java 43.3), 클럭 106%, 주문당 CPU mysqld 15.48 / java 13.56 (%p per 1000건/s), TCP 재전송 3/s
  GC 멈춤 114회, 최대 98ms
  데스크톱 CPU 평균 27.6% / 최대 42.6%
[15:20:59] 회차 완료 1/6 (sync-ff)
[15:20:59] [2/6 async] 전 휴식 894초 (끝 15:35:53)
[15:35:54] 전원 상태 [2회차 기동 전] = 2 98 (첫 값 2 = 충전기)
서버 기동 요청 P=20 --omp.executor.insert.queue=100 rc=0 pid=11560
[15:36:05] 서버 준비 완료 (풀 20.0, 3회 확인)
서버 커넥션 풀 = 20.0 (기대 20), insert 워커 = 20.0 (기대 20), 비동기 대기 자리 = 100.0 (기대 100), 동기 처리 상한 = 없음 (기대 없음)
[1/1 15:36:22] 부하 전 노트북 CPU 평균 = 0.016 (기준 0.15 미만) / 데스크톱 = 4.6% (기준 30% 미만)
워밍업 종료 15:37:22 exit=0 (워밍업: 모든 종류 초당 2000건 open model)
워밍업 k6 연결 실패 0건
큐 소진 (queued=0.0 active=0.0, 2초 이내)
reviews	orders	order_menus	stats_not_zero
0	0	0	0
[15:37:24] 전원 상태 [2회차 측정 전] = 2 98 (첫 값 2 = 충전기)
서버 커넥션 풀 = 20.0 (기대 20), insert 워커 = 20.0 (기대 20), 비동기 대기 자리 = 100.0 (기대 100), 동기 처리 상한 = 없음 (기대 없음)
[1/8 15:37:41] 부하 전 노트북 CPU 평균 = 0.186 (기준 0.15 미만) / 데스크톱 = 2% (기준 30% 미만)
[2/8 15:37:57] 부하 전 노트북 CPU 평균 = 0.021 (기준 0.15 미만) / 데스크톱 = 1.4% (기준 30% 미만)
측정 종료 15:40:58 exit=0
측정 k6 연결 실패 0건 → 통과
큐 소진 (queued=0.0 active=0.0, 2초 이내)
측정 중 데스크톱 CPU 평균 25.8% / 최대 34.2% / 80% 이상 최장 연속 0표본 → 통과
[15:41:34] DB 주문 수(측정분) = 594410
[15:41:35] 전원 상태 [2회차 측정 후] = 2 98 (첫 값 2 = 충전기)
서버 종료 pid=2176
서버 종료 pid=11272
== 02-async  W = 3,302.3건/s (DB 594,410, 응답 성공 594,410) | 거절 125,196 (17.4%) 실패 0 dropped 392 | 성공 p95 30.4 p99 78.1ms | 거절 p95 26.9ms
  주문당 MySQL: Questions 6.00, Com_select 1.00, Com_set_option 2.00, Com_commit 1.00, Innodb_os_log_fsyncs 0.30, Innodb_row_lock_waits 0.00
  부하 중 평균: 커넥션 사용 20.0 / 대기 0.0 | Tomcat 바쁜 스레드 5.7 | insert 큐 96.3 / 워커 20.0 | 폴링 32회
  누적 타이머(측정 3분): 커넥션 점유 평균 18.2개, 커넥션 획득 대기 평균 0.0ms, 성공 주문의 서버 처리 평균 0.5ms · 평균 동시 처리 2건
  노트북 CPU 98.9% (mysqld 49.2 / java 44.3), 클럭 100%, 주문당 CPU mysqld 14.89 / java 13.41 (%p per 1000건/s), TCP 재전송 7/s
  GC 멈춤 120회, 최대 100ms
  데스크톱 CPU 평균 25.8% / 최대 34.2%
[15:41:38] 회차 완료 2/6 (async)
[15:41:38] [3/6 sync] 전 휴식 894초 (끝 15:56:32)
[15:56:33] 전원 상태 [3회차 기동 전] = 2 98 (첫 값 2 = 충전기)
서버 기동 요청 P=20 --omp.executor.insert.queue=100 rc=0 pid=13676
[15:56:45] 서버 준비 완료 (풀 20.0, 3회 확인)
서버 커넥션 풀 = 20.0 (기대 20), insert 워커 = 20.0 (기대 20), 비동기 대기 자리 = 100.0 (기대 100), 동기 처리 상한 = 없음 (기대 없음)
[1/1 15:57:01] 부하 전 노트북 CPU 평균 = 0.019 (기준 0.15 미만) / 데스크톱 = 2.3% (기준 30% 미만)
워밍업 종료 15:58:02 exit=0 (워밍업: 모든 종류 초당 2000건 open model)
워밍업 k6 연결 실패 0건
큐 소진 (queued=0.0 active=0.0, 2초 이내)
reviews	orders	order_menus	stats_not_zero
0	0	0	0
[15:58:04] 전원 상태 [3회차 측정 전] = 2 98 (첫 값 2 = 충전기)
서버 커넥션 풀 = 20.0 (기대 20), insert 워커 = 20.0 (기대 20), 비동기 대기 자리 = 100.0 (기대 100), 동기 처리 상한 = 없음 (기대 없음)
[1/8 15:58:21] 부하 전 노트북 CPU 평균 = 0.186 (기준 0.15 미만) / 데스크톱 = 1.8% (기준 30% 미만)
[2/8 15:58:37] 부하 전 노트북 CPU 평균 = 0.022 (기준 0.15 미만) / 데스크톱 = 1.5% (기준 30% 미만)
측정 종료 16:01:38 exit=0
측정 k6 연결 실패 0건 → 통과
큐 소진 (queued=0.0 active=0.0, 2초 이내)
측정 중 데스크톱 CPU 평균 24.1% / 최대 33.3% / 80% 이상 최장 연속 0표본 → 통과
[16:02:13] DB 주문 수(측정분) = 590928
[16:02:14] 전원 상태 [3회차 측정 후] = 2 98 (첫 값 2 = 충전기)
서버 종료 pid=5060
서버 종료 pid=12276
== 03-sync  W = 3,282.9건/s (DB 590,928, 응답 성공 590,928) | 거절 0 (0.0%) 실패 0 dropped 0 | 성공 p95 454.2 p99 1246.0ms
  주문당 MySQL: Questions 6.00, Com_select 1.00, Com_set_option 2.00, Com_commit 1.00, Innodb_os_log_fsyncs 0.37, Innodb_row_lock_waits 0.00
  부하 중 평균: 커넥션 사용 17.2 / 대기 179.4 | Tomcat 바쁜 스레드 200.0 | insert 큐 0.0 / 워커 0.0 | 폴링 31회
  누적 타이머(측정 3분): 커넥션 점유 평균 17.5개, 커넥션 획득 대기 평균 54.6ms, 성공 주문의 서버 처리 평균 60.7ms · 평균 동시 처리 199건
  노트북 CPU 97.4% (mysqld 50.1 / java 41.4), 클럭 106%, 주문당 CPU mysqld 15.28 / java 12.62 (%p per 1000건/s), TCP 재전송 5/s
  GC 멈춤 115회, 최대 103ms
  데스크톱 CPU 평균 24.1% / 최대 33.3%
[16:02:18] 회차 완료 3/6 (sync)
[16:02:18] [4/6 sync] 전 휴식 894초 (끝 16:17:12)
[16:17:13] 전원 상태 [4회차 기동 전] = 2 98 (첫 값 2 = 충전기)
서버 기동 요청 P=20 --omp.executor.insert.queue=100 rc=0 pid=8372
[16:17:24] 서버 준비 완료 (풀 20.0, 3회 확인)
서버 커넥션 풀 = 20.0 (기대 20), insert 워커 = 20.0 (기대 20), 비동기 대기 자리 = 100.0 (기대 100), 동기 처리 상한 = 없음 (기대 없음)
[1/1 16:17:41] 부하 전 노트북 CPU 평균 = 0.017 (기준 0.15 미만) / 데스크톱 = 4.7% (기준 30% 미만)
워밍업 종료 16:18:41 exit=0 (워밍업: 모든 종류 초당 2000건 open model)
워밍업 k6 연결 실패 0건
큐 소진 (queued=0.0 active=0.0, 2초 이내)
reviews	orders	order_menus	stats_not_zero
0	0	0	0
[16:18:44] 전원 상태 [4회차 측정 전] = 2 98 (첫 값 2 = 충전기)
서버 커넥션 풀 = 20.0 (기대 20), insert 워커 = 20.0 (기대 20), 비동기 대기 자리 = 100.0 (기대 100), 동기 처리 상한 = 없음 (기대 없음)
[1/8 16:19:00] 부하 전 노트북 CPU 평균 = 0.184 (기준 0.15 미만) / 데스크톱 = 5.6% (기준 30% 미만)
[2/8 16:19:16] 부하 전 노트북 CPU 평균 = 0.021 (기준 0.15 미만) / 데스크톱 = 4.8% (기준 30% 미만)
측정 종료 16:22:17 exit=0
측정 k6 연결 실패 0건 → 통과
큐 소진 (queued=0.0 active=0.0, 2초 이내)
측정 중 데스크톱 CPU 평균 28.9% / 최대 37.7% / 80% 이상 최장 연속 0표본 → 통과
[16:22:53] DB 주문 수(측정분) = 597574
[16:22:54] 전원 상태 [4회차 측정 후] = 2 98 (첫 값 2 = 충전기)
서버 종료 pid=17892
서버 종료 pid=10100
== 04-sync  W = 3,319.9건/s (DB 597,574, 응답 성공 597,574) | 거절 0 (0.0%) 실패 0 dropped 0 | 성공 p95 443.2 p99 1187.4ms
  주문당 MySQL: Questions 6.00, Com_select 1.00, Com_set_option 2.00, Com_commit 1.00, Innodb_os_log_fsyncs 0.42, Innodb_row_lock_waits 0.00
  부하 중 평균: 커넥션 사용 17.4 / 대기 167.6 | Tomcat 바쁜 스레드 199.9 | insert 큐 0.0 / 워커 0.0 | 폴링 30회
  누적 타이머(측정 3분): 커넥션 점유 평균 17.2개, 커넥션 획득 대기 평균 51.8ms, 성공 주문의 서버 처리 평균 57.8ms · 평균 동시 처리 192건
  노트북 CPU 97.9% (mysqld 51.1 / java 41.3), 클럭 108%, 주문당 CPU mysqld 15.38 / java 12.45 (%p per 1000건/s), TCP 재전송 37/s
  GC 멈춤 116회, 최대 101ms
  데스크톱 CPU 평균 28.9% / 최대 37.7%
[16:22:58] 회차 완료 4/6 (sync)
[16:22:58] [5/6 async] 전 휴식 894초 (끝 16:37:52)
[16:37:53] 전원 상태 [5회차 기동 전] = 2 98 (첫 값 2 = 충전기)
서버 기동 요청 P=20 --omp.executor.insert.queue=100 rc=0 pid=14416
[16:38:04] 서버 준비 완료 (풀 20.0, 3회 확인)
서버 커넥션 풀 = 20.0 (기대 20), insert 워커 = 20.0 (기대 20), 비동기 대기 자리 = 100.0 (기대 100), 동기 처리 상한 = 없음 (기대 없음)
[1/1 16:38:20] 부하 전 노트북 CPU 평균 = 0.020 (기준 0.15 미만) / 데스크톱 = 4.6% (기준 30% 미만)
워밍업 종료 16:39:21 exit=0 (워밍업: 모든 종류 초당 2000건 open model)
워밍업 k6 연결 실패 0건
큐 소진 (queued=0.0 active=0.0, 2초 이내)
reviews	orders	order_menus	stats_not_zero
0	0	0	0
[16:39:23] 전원 상태 [5회차 측정 전] = 2 98 (첫 값 2 = 충전기)
서버 커넥션 풀 = 20.0 (기대 20), insert 워커 = 20.0 (기대 20), 비동기 대기 자리 = 100.0 (기대 100), 동기 처리 상한 = 없음 (기대 없음)
[1/8 16:39:40] 부하 전 노트북 CPU 평균 = 0.183 (기준 0.15 미만) / 데스크톱 = 5% (기준 30% 미만)
[2/8 16:39:56] 부하 전 노트북 CPU 평균 = 0.022 (기준 0.15 미만) / 데스크톱 = 4.3% (기준 30% 미만)
측정 종료 16:42:57 exit=0
측정 k6 연결 실패 0건 → 통과
큐 소진 (queued=0.0 active=0.0, 2초 이내)
측정 중 데스크톱 CPU 평균 29.6% / 최대 39.0% / 80% 이상 최장 연속 0표본 → 통과
[16:43:33] DB 주문 수(측정분) = 609798
[16:43:34] 전원 상태 [5회차 측정 후] = 2 98 (첫 값 2 = 충전기)
서버 종료 pid=7036
서버 종료 pid=17768
== 05-async  W = 3,387.8건/s (DB 609,798, 응답 성공 609,798) | 거절 109,631 (15.2%) 실패 0 dropped 571 | 성공 p95 29.6 p99 61.2ms | 거절 p95 27.7ms
  주문당 MySQL: Questions 6.00, Com_select 1.00, Com_set_option 2.00, Com_commit 1.00, Innodb_os_log_fsyncs 0.32, Innodb_row_lock_waits 0.00
  부하 중 평균: 커넥션 사용 19.8 / 대기 0.0 | Tomcat 바쁜 스레드 5.6 | insert 큐 91.2 / 워커 20.0 | 폴링 32회
  누적 타이머(측정 3분): 커넥션 점유 평균 18.2개, 커넥션 획득 대기 평균 0.0ms, 성공 주문의 서버 처리 평균 0.4ms · 평균 동시 처리 1건
  노트북 CPU 99.0% (mysqld 49.0 / java 44.2), 클럭 103%, 주문당 CPU mysqld 14.47 / java 13.04 (%p per 1000건/s), TCP 재전송 6/s
  GC 멈춤 123회, 최대 69ms
  데스크톱 CPU 평균 29.6% / 최대 39.0%
[16:43:37] 회차 완료 5/6 (async)
[16:43:37] [6/6 sync-ff] 전 휴식 894초 (끝 16:58:31)
[16:58:33] 전원 상태 [6회차 기동 전] = 2 98 (첫 값 2 = 충전기)
서버 기동 요청 P=20 --omp.executor.insert.queue=100 --omp.order.sync.max-in-flight=190 rc=0 pid=6864
[16:58:44] 서버 준비 완료 (풀 20.0, 3회 확인)
서버 커넥션 풀 = 20.0 (기대 20), insert 워커 = 20.0 (기대 20), 비동기 대기 자리 = 100.0 (기대 100), 동기 처리 상한 = 190.0 (기대 190)
[1/1 16:59:00] 부하 전 노트북 CPU 평균 = 0.020 (기준 0.15 미만) / 데스크톱 = 5.8% (기준 30% 미만)
워밍업 종료 17:00:01 exit=0 (워밍업: 모든 종류 초당 2000건 open model)
워밍업 k6 연결 실패 0건
큐 소진 (queued=0.0 active=0.0, 2초 이내)
reviews	orders	order_menus	stats_not_zero
0	0	0	0
[17:00:03] 전원 상태 [6회차 측정 전] = 2 98 (첫 값 2 = 충전기)
서버 커넥션 풀 = 20.0 (기대 20), insert 워커 = 20.0 (기대 20), 비동기 대기 자리 = 100.0 (기대 100), 동기 처리 상한 = 190.0 (기대 190)
[1/8 17:00:20] 부하 전 노트북 CPU 평균 = 0.187 (기준 0.15 미만) / 데스크톱 = 5% (기준 30% 미만)
[2/8 17:00:36] 부하 전 노트북 CPU 평균 = 0.021 (기준 0.15 미만) / 데스크톱 = 5.3% (기준 30% 미만)
측정 종료 17:03:55 exit=0
측정 k6 연결 실패 11824건 → 무효(요청이 서버에 닿지 못함)
큐 소진 (queued=0.0 active=0.0, 2초 이내)
측정 중 데스크톱 CPU 평균 30.3% / 최대 39.8% / 80% 이상 최장 연속 0표본 → 통과
[17:04:13] DB 주문 수(측정분) = 488685
[17:04:14] 전원 상태 [6회차 측정 후] = 2 98 (첫 값 2 = 충전기)
서버 종료 pid=14132
서버 종료 pid=9244
== 06-sync-ff  W = 2,714.9건/s (DB 488,685, 응답 성공 488,685) | 거절 106,693 (17.9%) 실패 11,824 dropped 112,796 | 성공 p95 2568.0 p99 9694.9ms | 거절 p95 2471.7ms
  주문당 MySQL: Questions 6.00, Com_select 1.00, Com_set_option 2.00, Com_commit 1.00, Innodb_os_log_fsyncs 1.04, Innodb_row_lock_waits 0.00
  부하 중 평균: 커넥션 사용 6.2 / 대기 18.4 | Tomcat 바쁜 스레드 123.8 | insert 큐 0.0 / 워커 0.0 | 폴링 13회
  누적 타이머(측정 3분): 커넥션 점유 평균 13.5개, 커넥션 획득 대기 평균 22.4ms, 성공 주문의 서버 처리 평균 28.6ms · 평균 동시 처리 78건
  노트북 CPU 99.8% (mysqld 58.2 / java 36.5), 클럭 109%, 주문당 CPU mysqld 21.45 / java 13.45 (%p per 1000건/s), TCP 재전송 973/s
  GC 멈춤 139회, 최대 88ms
  데스크톱 CPU 평균 30.3% / 최대 39.8%
[17:04:17] 회차 완료 6/6 (sync-ff)
노트북 CPU 기록 종료 pid=1668
[17:04:19] 노트북 CPU 기록 → benchmark/results/2026-09-30-CAP2/laptop-cpu-cap930.csv
[17:04:19] === 용량 재측정 cap930 끝 ===
