[10:28:07] === 용량 재측정 cap930b 시작: 회차 1개 (sync-ff, 폴더 7번부터), 휴식 900초, 워밍업 2000/s, 동기 VU 400, 빠른 거절 상한 190 ===
노트북 CPU 기록 시작 pid=8172 rc=0
[10:28:11] [7/7 sync-ff] 전 휴식 896초 (끝 10:43:07)
[10:43:08] 전원 상태 [7회차 기동 전] = 2 98 (첫 값 2 = 충전기)
서버 기동 요청 P=20 --omp.executor.insert.queue=100 --omp.order.sync.max-in-flight=190 rc=0 pid=18300
[10:43:19] 서버 준비 완료 (풀 20.0, 3회 확인)
서버 커넥션 풀 = 20.0 (기대 20), insert 워커 = 20.0 (기대 20), 비동기 대기 자리 = 100.0 (기대 100), 동기 처리 상한 = 190.0 (기대 190)
[1/1 10:43:36] 부하 전 노트북 CPU 평균 = 0.018 (기준 0.15 미만) / 데스크톱 = 2.7% (기준 30% 미만)
워밍업 종료 10:44:37 exit=0 (워밍업: 모든 종류 초당 2000건 open model)
워밍업 k6 연결 실패 0건
큐 소진 (queued=0.0 active=0.0, 2초 이내)
reviews	orders	order_menus	stats_not_zero
0	0	0	0
[10:44:39] 전원 상태 [7회차 측정 전] = 2 98 (첫 값 2 = 충전기)
서버 커넥션 풀 = 20.0 (기대 20), insert 워커 = 20.0 (기대 20), 비동기 대기 자리 = 100.0 (기대 100), 동기 처리 상한 = 190.0 (기대 190)
[1/8 10:44:55] 부하 전 노트북 CPU 평균 = 0.189 (기준 0.15 미만) / 데스크톱 = 2.3% (기준 30% 미만)
[2/8 10:45:11] 부하 전 노트북 CPU 평균 = 0.028 (기준 0.15 미만) / 데스크톱 = 2.4% (기준 30% 미만)
측정 종료 10:48:12 exit=0
측정 k6 연결 실패 0건 → 통과
큐 소진 (queued=0.0 active=0.0, 2초 이내)
측정 중 데스크톱 CPU 평균 26.4% / 최대 34.8% / 80% 이상 최장 연속 0표본 → 통과
[10:48:48] DB 주문 수(측정분) = 555431
[10:48:49] 전원 상태 [7회차 측정 후] = 2 98 (첫 값 2 = 충전기)
서버 종료 pid=13736
서버 종료 pid=17908
== 07-sync-ff  W = 3,085.7건/s (DB 555,431, 응답 성공 555,431) | 거절 163,546 (22.7%) 실패 0 dropped 1,025 | 성공 p95 315.4 p99 530.4ms | 거절 p95 288.6ms
  주문당 MySQL: Questions 6.00, Com_select 1.00, Com_set_option 2.00, Com_commit 1.00, Innodb_os_log_fsyncs 0.50, Innodb_row_lock_waits 0.00
  부하 중 평균: 커넥션 사용 18.0 / 대기 153.1 | Tomcat 바쁜 스레드 174.9 | insert 큐 0.0 / 워커 0.0 | 폴링 28회
  누적 타이머(측정 3분): 커넥션 점유 평균 15.9개, 커넥션 획득 대기 평균 43.5ms, 성공 주문의 서버 처리 평균 49.5ms · 평균 동시 처리 153건
  노트북 CPU 99.5% (mysqld 51.6 / java 42.5), 클럭 105%, 주문당 CPU mysqld 16.73 / java 13.77 (%p per 1000건/s), TCP 재전송 25/s
  GC 멈춤 115회, 최대 86ms
  데스크톱 CPU 평균 26.4% / 최대 34.8%
[10:48:53] 회차 완료 7/7 (sync-ff)
노트북 CPU 기록 종료 pid=8172
[10:48:54] 노트북 CPU 기록 → benchmark/results/2026-09-30-CAP2/laptop-cpu-cap930b.csv
[10:48:54] === 용량 재측정 cap930b 끝 ===
