time="2026-09-29T17:29:57+09:00" level=info msg="[run] 시작 17:29:57 MODE=sync SCENARIO=saturate TAG=CAP-sync" source=console
time="2026-09-29T17:32:58+09:00" level=info msg="[run] 종료 17:32:58 TAG=CAP-sync" source=console
[32m     ✓ status is 200[0m
[32m     ✓ has order id[0m

     checks[2m.........................:[0m [36m100.00%[0m [36;2m✓ 955270[0m      [36;2m✗ 0[0m     
     data_received[2m..................:[0m [36m62 MB[0m   [36;2m344 kB/s[0m
     data_sent[2m......................:[0m [36m125 MB[0m  [36;2m694 kB/s[0m
     http_req_blocked[2m...............:[0m avg=[36m1.37ms[0m   min=[36m0s[0m med=[36m0s[0m      max=[36m7.09s[0m   p(90)=[36m0s[0m       p(95)=[36m0s[0m       p(99)=[36m2.91ms[0m  
     http_req_connecting[2m............:[0m avg=[36m1.36ms[0m   min=[36m0s[0m med=[36m0s[0m      max=[36m7.09s[0m   p(90)=[36m0s[0m       p(95)=[36m0s[0m       p(99)=[36m2.61ms[0m  
     http_req_duration[2m..............:[0m avg=[36m73.94ms[0m  min=[36m0s[0m med=[36m49.43ms[0m max=[36m2.47s[0m   p(90)=[36m99.27ms[0m  p(95)=[36m319.78ms[0m p(99)=[36m369.95ms[0m
       { expected_response:true }[2m...:[0m avg=[36m73.94ms[0m  min=[36m0s[0m med=[36m49.43ms[0m max=[36m2.47s[0m   p(90)=[36m99.27ms[0m  p(95)=[36m319.78ms[0m p(99)=[36m369.95ms[0m
     http_req_failed[2m................:[0m [36m0.00%[0m   [36;2m✓ 0[0m           [36;2m✗ 477635[0m
     http_req_receiving[2m.............:[0m avg=[36m131.33µs[0m min=[36m0s[0m med=[36m0s[0m      max=[36m61.12ms[0m p(90)=[36m0s[0m       p(95)=[36m505.49µs[0m p(99)=[36m3.79ms[0m  
     http_req_sending[2m...............:[0m avg=[36m9.87µs[0m   min=[36m0s[0m med=[36m0s[0m      max=[36m20.92ms[0m p(90)=[36m0s[0m       p(95)=[36m0s[0m       p(99)=[36m504.7µs[0m 
     http_req_tls_handshaking[2m.......:[0m avg=[36m0s[0m       min=[36m0s[0m med=[36m0s[0m      max=[36m0s[0m      p(90)=[36m0s[0m       p(95)=[36m0s[0m       p(99)=[36m0s[0m      
     http_req_waiting[2m...............:[0m avg=[36m73.8ms[0m   min=[36m0s[0m med=[36m49.31ms[0m max=[36m2.47s[0m   p(90)=[36m99.19ms[0m  p(95)=[36m319.68ms[0m p(99)=[36m369.78ms[0m
     http_reqs[2m......................:[0m [36m477635[0m  [36;2m2643.155498/s[0m
     iteration_duration[2m.............:[0m avg=[36m75.4ms[0m   min=[36m0s[0m med=[36m49.74ms[0m max=[36m7.11s[0m   p(90)=[36m101.13ms[0m p(95)=[36m320.78ms[0m p(99)=[36m375.92ms[0m
     iterations[2m.....................:[0m [36m477635[0m  [36;2m2643.155498/s[0m
     order_accepted_duration[2m........:[0m avg=[36m73.94ms[0m  min=[36m0s[0m med=[36m49.43ms[0m max=[36m2.47s[0m   p(90)=[36m99.27ms[0m  p(95)=[36m319.78ms[0m p(99)=[36m369.95ms[0m
     orders_accepted[2m................:[0m [36m477635[0m  [36;2m2643.155498/s[0m
     vus[2m............................:[0m [36m200[0m     [36;2mmin=200[0m       [36;2mmax=200[0m 
     vus_max[2m........................:[0m [36m200[0m     [36;2mmin=200[0m       [36;2mmax=200[0m 