time="2026-09-29T16:48:36+09:00" level=info msg="[run] 시작 16:48:36 MODE=async SCENARIO=fixed TAG=CAP-async" source=console
time="2026-09-29T16:51:36+09:00" level=info msg="[run] 종료 16:51:36 TAG=CAP-async" source=console
[31m     ✗ status is 202
      ↳  81% — ✓ 584560 / ✗ 133973[0m
[31m     ✗ has sse location
      ↳  81% — ✓ 584560 / ✗ 133973[0m

     checks[2m.........................:[0m [36m81.35%[0m [36;2m✓ 1169120[0m     [36;2m✗ 267946[0m
     data_received[2m..................:[0m [36m103 MB[0m [36;2m570 kB/s[0m
     data_sent[2m......................:[0m [36m193 MB[0m [36;2m1.1 MB/s[0m
     dropped_iterations[2m.............:[0m [36m1469[0m   [36;2m8.154353/s[0m
     http_req_blocked[2m...............:[0m avg=[36m1.71ms[0m  min=[36m0s[0m med=[36m0s[0m      max=[36m7.05s[0m   p(90)=[36m0s[0m      p(95)=[36m0s[0m       p(99)=[36m3.36ms[0m  
     http_req_connecting[2m............:[0m avg=[36m1.71ms[0m  min=[36m0s[0m med=[36m0s[0m      max=[36m7.05s[0m   p(90)=[36m0s[0m      p(95)=[36m0s[0m       p(99)=[36m3.33ms[0m  
     http_req_duration[2m..............:[0m avg=[36m39.97ms[0m min=[36m0s[0m med=[36m15.76ms[0m max=[36m4.83s[0m   p(90)=[36m50.47ms[0m p(95)=[36m247.12ms[0m p(99)=[36m558.58ms[0m
       { expected_response:true }[2m...:[0m avg=[36m39.7ms[0m  min=[36m0s[0m med=[36m17.15ms[0m max=[36m4.83s[0m   p(90)=[36m50.81ms[0m p(95)=[36m239.05ms[0m p(99)=[36m366.92ms[0m
     http_req_failed[2m................:[0m [36m18.64%[0m [36;2m✓ 133973[0m      [36;2m✗ 584560[0m
     http_req_receiving[2m.............:[0m avg=[36m16.51µs[0m min=[36m0s[0m med=[36m0s[0m      max=[36m17.15ms[0m p(90)=[36m0s[0m      p(95)=[36m0s[0m       p(99)=[36m539.5µs[0m 
     http_req_sending[2m...............:[0m avg=[36m796ns[0m   min=[36m0s[0m med=[36m0s[0m      max=[36m11.29ms[0m p(90)=[36m0s[0m      p(95)=[36m0s[0m       p(99)=[36m0s[0m      
     http_req_tls_handshaking[2m.......:[0m avg=[36m0s[0m      min=[36m0s[0m med=[36m0s[0m      max=[36m0s[0m      p(90)=[36m0s[0m      p(95)=[36m0s[0m       p(99)=[36m0s[0m      
     http_req_waiting[2m...............:[0m avg=[36m39.96ms[0m min=[36m0s[0m med=[36m15.74ms[0m max=[36m4.83s[0m   p(90)=[36m50.45ms[0m p(95)=[36m247.1ms[0m  p(99)=[36m558.56ms[0m
     http_reqs[2m......................:[0m [36m718533[0m [36;2m3988.544399/s[0m
     iteration_duration[2m.............:[0m avg=[36m41.74ms[0m min=[36m0s[0m med=[36m15.94ms[0m max=[36m7.11s[0m   p(90)=[36m51.43ms[0m p(95)=[36m248.66ms[0m p(99)=[36m569.1ms[0m 
     iterations[2m.....................:[0m [36m718533[0m [36;2m3988.544399/s[0m
     order_accepted_duration[2m........:[0m avg=[36m39.7ms[0m  min=[36m0s[0m med=[36m17.15ms[0m max=[36m4.83s[0m   p(90)=[36m50.81ms[0m p(95)=[36m239.05ms[0m p(99)=[36m366.92ms[0m
     order_rejected_duration[2m........:[0m avg=[36m41.16ms[0m min=[36m0s[0m med=[36m9.63ms[0m  max=[36m4.77s[0m   p(90)=[36m46.38ms[0m p(95)=[36m258.55ms[0m p(99)=[36m572.88ms[0m
     orders_accepted[2m................:[0m [36m584560[0m [36;2m3244.866295/s[0m
     orders_rejected[2m................:[0m [36m133973[0m [36;2m743.678103/s[0m
     vus[2m............................:[0m [36m110[0m    [36;2mmin=7[0m         [36;2mmax=1208[0m
     vus_max[2m........................:[0m [36m1389[0m   [36;2mmin=300[0m       [36;2mmax=1389[0m