time="2026-09-26T18:44:46+09:00" level=info msg="[run] 시작 18:44:46 MODE=sync SCENARIO=saturate TAG=P1-p10" source=console
time="2026-09-26T18:47:46+09:00" level=info msg="[run] 종료 18:47:46 TAG=P1-p10" source=console
[32m     ✓ status is 200[0m
[32m     ✓ has order id[0m

     checks[2m.........................:[0m [36m100.00%[0m [36;2m✓ 745436[0m      [36;2m✗ 0[0m     
     data_received[2m..................:[0m [36m48 MB[0m   [36;2m269 kB/s[0m
     data_sent[2m......................:[0m [36m98 MB[0m   [36;2m544 kB/s[0m
     http_req_blocked[2m...............:[0m avg=[36m209.4µs[0m  min=[36m0s[0m     med=[36m0s[0m      max=[36m129.04ms[0m p(90)=[36m0s[0m      p(95)=[36m0s[0m       p(99)=[36m2.04ms[0m  
     http_req_connecting[2m............:[0m avg=[36m206.16µs[0m min=[36m0s[0m     med=[36m0s[0m      max=[36m129.04ms[0m p(90)=[36m0s[0m      p(95)=[36m0s[0m       p(99)=[36m1.88ms[0m  
     http_req_duration[2m..............:[0m avg=[36m30.57ms[0m  min=[36m2.62ms[0m med=[36m28.24ms[0m max=[36m217.51ms[0m p(90)=[36m44.43ms[0m p(95)=[36m52.5ms[0m   p(99)=[36m74.04ms[0m 
       { expected_response:true }[2m...:[0m avg=[36m30.57ms[0m  min=[36m2.62ms[0m med=[36m28.24ms[0m max=[36m217.51ms[0m p(90)=[36m44.43ms[0m p(95)=[36m52.5ms[0m   p(99)=[36m74.04ms[0m 
     http_req_failed[2m................:[0m [36m0.00%[0m   [36;2m✓ 0[0m           [36;2m✗ 372718[0m
     http_req_receiving[2m.............:[0m avg=[36m88.16µs[0m  min=[36m0s[0m     med=[36m0s[0m      max=[36m98.01ms[0m  p(90)=[36m0s[0m      p(95)=[36m519.41µs[0m p(99)=[36m1.06ms[0m  
     http_req_sending[2m...............:[0m avg=[36m13.16µs[0m  min=[36m0s[0m     med=[36m0s[0m      max=[36m20.92ms[0m  p(90)=[36m0s[0m      p(95)=[36m0s[0m       p(99)=[36m524.59µs[0m
     http_req_tls_handshaking[2m.......:[0m avg=[36m0s[0m       min=[36m0s[0m     med=[36m0s[0m      max=[36m0s[0m       p(90)=[36m0s[0m      p(95)=[36m0s[0m       p(99)=[36m0s[0m      
     http_req_waiting[2m...............:[0m avg=[36m30.47ms[0m  min=[36m2.62ms[0m med=[36m28.16ms[0m max=[36m217.51ms[0m p(90)=[36m44.26ms[0m p(95)=[36m52.28ms[0m  p(99)=[36m73.97ms[0m 
     http_reqs[2m......................:[0m [36m372718[0m  [36;2m2069.889818/s[0m
     iteration_duration[2m.............:[0m avg=[36m30.9ms[0m   min=[36m2.62ms[0m med=[36m28.44ms[0m max=[36m235.07ms[0m p(90)=[36m45.25ms[0m p(95)=[36m53.36ms[0m  p(99)=[36m74.93ms[0m 
     iterations[2m.....................:[0m [36m372718[0m  [36;2m2069.889818/s[0m
     order_accepted_duration[2m........:[0m avg=[36m30.57ms[0m  min=[36m2.62ms[0m med=[36m28.24ms[0m max=[36m217.51ms[0m p(90)=[36m44.43ms[0m p(95)=[36m52.5ms[0m   p(99)=[36m74.04ms[0m 
     orders_accepted[2m................:[0m [36m372718[0m  [36;2m2069.889818/s[0m
     vus[2m............................:[0m [36m64[0m      [36;2mmin=64[0m        [36;2mmax=64[0m  
     vus_max[2m........................:[0m [36m64[0m      [36;2mmin=64[0m        [36;2mmax=64[0m  