time="2026-09-26T18:39:32+09:00" level=info msg="[run] 시작 18:39:32 MODE=sync SCENARIO=saturate TAG=P1-p10-warmup" source=console
time="2026-09-26T18:40:32+09:00" level=info msg="[run] 종료 18:40:32 TAG=P1-p10-warmup" source=console
[32m     ✓ status is 200[0m
[32m     ✓ has order id[0m

     checks[2m.........................:[0m [36m100.00%[0m [36;2m✓ 225080[0m      [36;2m✗ 0[0m     
     data_received[2m..................:[0m [36m15 MB[0m   [36;2m242 kB/s[0m
     data_sent[2m......................:[0m [36m30 MB[0m   [36;2m492 kB/s[0m
     http_req_blocked[2m...............:[0m avg=[36m162.68µs[0m min=[36m0s[0m     med=[36m0s[0m      max=[36m49.95ms[0m  p(90)=[36m0s[0m      p(95)=[36m0s[0m      p(99)=[36m1.77ms[0m  
     http_req_connecting[2m............:[0m avg=[36m159.85µs[0m min=[36m0s[0m     med=[36m0s[0m      max=[36m49.95ms[0m  p(90)=[36m0s[0m      p(95)=[36m0s[0m      p(99)=[36m1.68ms[0m  
     http_req_duration[2m..............:[0m avg=[36m33.86ms[0m  min=[36m3.56ms[0m med=[36m28.5ms[0m  max=[36m1.59s[0m    p(90)=[36m49.8ms[0m  p(95)=[36m62.19ms[0m p(99)=[36m123.46ms[0m
       { expected_response:true }[2m...:[0m avg=[36m33.86ms[0m  min=[36m3.56ms[0m med=[36m28.5ms[0m  max=[36m1.59s[0m    p(90)=[36m49.8ms[0m  p(95)=[36m62.19ms[0m p(99)=[36m123.46ms[0m
     http_req_failed[2m................:[0m [36m0.00%[0m   [36;2m✓ 0[0m           [36;2m✗ 112540[0m
     http_req_receiving[2m.............:[0m avg=[36m69.99µs[0m  min=[36m0s[0m     med=[36m0s[0m      max=[36m101.17ms[0m p(90)=[36m0s[0m      p(95)=[36m519.6µs[0m p(99)=[36m955.18µs[0m
     http_req_sending[2m...............:[0m avg=[36m10.24µs[0m  min=[36m0s[0m     med=[36m0s[0m      max=[36m3.6ms[0m    p(90)=[36m0s[0m      p(95)=[36m0s[0m      p(99)=[36m515.1µs[0m 
     http_req_tls_handshaking[2m.......:[0m avg=[36m0s[0m       min=[36m0s[0m     med=[36m0s[0m      max=[36m0s[0m       p(90)=[36m0s[0m      p(95)=[36m0s[0m      p(99)=[36m0s[0m      
     http_req_waiting[2m...............:[0m avg=[36m33.78ms[0m  min=[36m3.56ms[0m med=[36m28.4ms[0m  max=[36m1.59s[0m    p(90)=[36m49.71ms[0m p(95)=[36m62.04ms[0m p(99)=[36m123.42ms[0m
     http_reqs[2m......................:[0m [36m112540[0m  [36;2m1874.221692/s[0m
     iteration_duration[2m.............:[0m avg=[36m34.12ms[0m  min=[36m3.56ms[0m med=[36m28.69ms[0m max=[36m1.6s[0m     p(90)=[36m50.24ms[0m p(95)=[36m62.79ms[0m p(99)=[36m123.51ms[0m
     iterations[2m.....................:[0m [36m112540[0m  [36;2m1874.221692/s[0m
     order_accepted_duration[2m........:[0m avg=[36m33.86ms[0m  min=[36m3.56ms[0m med=[36m28.5ms[0m  max=[36m1.59s[0m    p(90)=[36m49.8ms[0m  p(95)=[36m62.19ms[0m p(99)=[36m123.46ms[0m
     orders_accepted[2m................:[0m [36m112540[0m  [36;2m1874.221692/s[0m
     vus[2m............................:[0m [36m64[0m      [36;2mmin=64[0m        [36;2mmax=64[0m  
     vus_max[2m........................:[0m [36m64[0m      [36;2mmin=64[0m        [36;2mmax=64[0m  