time="2026-10-01T10:20:28+09:00" level=info msg="[run] 시작 10:20:28 MODE=sync TAG=FLASH-sync-ff-memory PROMOTION_ID=1" source=console
time="2026-10-01T10:20:28+09:00" level=info msg="[flash] 시도 10:20:58 ~ 10:22:45 (최고 초당 3000건), 관찰 끝 10:27:45" source=console
time="2026-10-01T10:27:45+09:00" level=info msg="[run] 종료 10:27:45 TAG=FLASH-sync-ff-memory" source=console
     base_accepted[2m..................:[0m [36m17279[0m  [36;2m39.538506/s[0m
     base_accepted_duration[2m.........:[0m avg=[36m8.51ms[0m   min=[36m0s[0m      med=[36m4.24ms[0m  max=[36m1.01s[0m   p(90)=[36m4.88ms[0m   p(95)=[36m26.27ms[0m  p(99)=[36m134.51ms[0m
     base_rejected[2m..................:[0m [36m202[0m    [36;2m0.462225/s[0m
     data_received[2m..................:[0m [36m35 MB[0m  [36;2m79 kB/s[0m
     data_sent[2m......................:[0m [36m70 MB[0m  [36;2m160 kB/s[0m
     http_req_blocked[2m...............:[0m avg=[36m9.79µs[0m   min=[36m0s[0m      med=[36m0s[0m      max=[36m8.02ms[0m  p(90)=[36m0s[0m       p(95)=[36m0s[0m       p(99)=[36m511.49µs[0m
     http_req_connecting[2m............:[0m avg=[36m9.28µs[0m   min=[36m0s[0m      med=[36m0s[0m      max=[36m8.02ms[0m  p(90)=[36m0s[0m       p(95)=[36m0s[0m       p(99)=[36m510.8µs[0m 
     http_req_duration[2m..............:[0m avg=[36m29.81ms[0m  min=[36m0s[0m      med=[36m2.84ms[0m  max=[36m1.34s[0m   p(90)=[36m81.73ms[0m  p(95)=[36m148.92ms[0m p(99)=[36m305.76ms[0m
       { expected_response:true }[2m...:[0m avg=[36m57.62ms[0m  min=[36m0s[0m      med=[36m30.21ms[0m max=[36m1.34s[0m   p(90)=[36m144.39ms[0m p(95)=[36m211.09ms[0m p(99)=[36m371.62ms[0m
     http_req_failed[2m................:[0m [36m53.08%[0m [36;2m✓ 132693[0m     [36;2m✗ 117279[0m
     http_req_receiving[2m.............:[0m avg=[36m166.91µs[0m min=[36m0s[0m      med=[36m0s[0m      max=[36m24.48ms[0m p(90)=[36m509µs[0m    p(95)=[36m595µs[0m    p(99)=[36m3.76ms[0m  
     http_req_sending[2m...............:[0m avg=[36m1.03µs[0m   min=[36m0s[0m      med=[36m0s[0m      max=[36m11.64ms[0m p(90)=[36m0s[0m       p(95)=[36m0s[0m       p(99)=[36m0s[0m      
     http_req_tls_handshaking[2m.......:[0m avg=[36m0s[0m       min=[36m0s[0m      med=[36m0s[0m      max=[36m0s[0m      p(90)=[36m0s[0m       p(95)=[36m0s[0m       p(99)=[36m0s[0m      
     http_req_waiting[2m...............:[0m avg=[36m29.64ms[0m  min=[36m0s[0m      med=[36m846.5µs[0m max=[36m1.34s[0m   p(90)=[36m81.68ms[0m  p(95)=[36m148.86ms[0m p(99)=[36m305.76ms[0m
     http_reqs[2m......................:[0m [36m249972[0m [36;2m571.996029/s[0m
     iteration_duration[2m.............:[0m avg=[36m29.86ms[0m  min=[36m0s[0m      med=[36m3.15ms[0m  max=[36m1.34s[0m   p(90)=[36m81.76ms[0m  p(95)=[36m148.93ms[0m p(99)=[36m305.76ms[0m
     iterations[2m.....................:[0m [36m249972[0m [36;2m571.996029/s[0m
     promo_queue_full[2m...............:[0m [36m14477[0m  [36;2m33.126856/s[0m
     promo_queue_full_duration[2m......:[0m avg=[36m44.94ms[0m  min=[36m0s[0m      med=[36m12.84ms[0m max=[36m1.13s[0m   p(90)=[36m151.49ms[0m p(95)=[36m267.83ms[0m p(99)=[36m389.59ms[0m
     promo_sold_out[2m.................:[0m [36m118014[0m [36;2m270.044402/s[0m
     promo_sold_out_duration[2m........:[0m avg=[36m305.55µs[0m min=[36m0s[0m      med=[36m0s[0m      max=[36m21.19ms[0m p(90)=[36m599.79µs[0m p(95)=[36m647.73µs[0m p(99)=[36m1.64ms[0m  
     promo_success[2m..................:[0m [36m100000[0m [36;2m228.82404/s[0m
     promo_success_duration[2m.........:[0m avg=[36m66.11ms[0m  min=[36m504.2µs[0m med=[36m36.91ms[0m max=[36m1.34s[0m   p(90)=[36m155.01ms[0m p(95)=[36m231.46ms[0m p(99)=[36m387.02ms[0m
     vus[2m............................:[0m [36m0[0m      [36;2mmin=0[0m        [36;2mmax=582[0m 
     vus_max[2m........................:[0m [36m2050[0m   [36;2mmin=2050[0m     [36;2mmax=2050[0m