time="2026-10-01T10:19:03+09:00" level=info msg="[run] 시작 10:19:03 MODE=sync TAG=FLASH-warmup PROMOTION_ID=2" source=console
time="2026-10-01T10:19:03+09:00" level=info msg="[flash] 시도 10:19:08 ~ 10:20:03 (최고 초당 1000건), 관찰 끝 10:20:08" source=console
time="2026-10-01T10:20:08+09:00" level=info msg="[run] 종료 10:20:08 TAG=FLASH-warmup" source=console
     base_accepted[2m..................:[0m [36m2592[0m   [36;2m39.869418/s[0m
     base_accepted_duration[2m.........:[0m avg=[36m25.21ms[0m  min=[36m503.8µs[0m  med=[36m3.05ms[0m   max=[36m1.6s[0m    p(90)=[36m9.2ms[0m   p(95)=[36m20.05ms[0m  p(99)=[36m1s[0m      
     data_received[2m..................:[0m [36m7.6 MB[0m [36;2m117 kB/s[0m
     data_sent[2m......................:[0m [36m15 MB[0m  [36;2m235 kB/s[0m
     dropped_iterations[2m.............:[0m [36m8[0m      [36;2m0.123054/s[0m
     http_req_blocked[2m...............:[0m avg=[36m18.23µs[0m  min=[36m0s[0m       med=[36m0s[0m       max=[36m83.13ms[0m p(90)=[36m0s[0m      p(95)=[36m0s[0m       p(99)=[36m511.49µs[0m
     http_req_connecting[2m............:[0m avg=[36m17.48µs[0m  min=[36m0s[0m       med=[36m0s[0m       max=[36m83.13ms[0m p(90)=[36m0s[0m      p(95)=[36m0s[0m       p(99)=[36m510.49µs[0m
     http_req_duration[2m..............:[0m avg=[36m4.07ms[0m   min=[36m0s[0m       med=[36m521.2µs[0m  max=[36m1.6s[0m    p(90)=[36m6.47ms[0m  p(95)=[36m14.82ms[0m  p(99)=[36m34.09ms[0m 
       { expected_response:true }[2m...:[0m avg=[36m9.25ms[0m   min=[36m503.8µs[0m  med=[36m3.19ms[0m   max=[36m1.6s[0m    p(90)=[36m17.33ms[0m p(95)=[36m25.87ms[0m  p(99)=[36m45.49ms[0m 
     http_req_failed[2m................:[0m [36m58.98%[0m [36;2m✓ 32493[0m      [36;2m✗ 22592[0m
     http_req_receiving[2m.............:[0m avg=[36m80.28µs[0m  min=[36m0s[0m       med=[36m0s[0m       max=[36m28.28ms[0m p(90)=[36m505.9µs[0m p(95)=[36m513.59µs[0m p(99)=[36m743.65µs[0m
     http_req_sending[2m...............:[0m avg=[36m1.7µs[0m    min=[36m0s[0m       med=[36m0s[0m       max=[36m12.19ms[0m p(90)=[36m0s[0m      p(95)=[36m0s[0m       p(99)=[36m0s[0m      
     http_req_tls_handshaking[2m.......:[0m avg=[36m0s[0m       min=[36m0s[0m       med=[36m0s[0m       max=[36m0s[0m      p(90)=[36m0s[0m      p(95)=[36m0s[0m       p(99)=[36m0s[0m      
     http_req_waiting[2m...............:[0m avg=[36m3.99ms[0m   min=[36m0s[0m       med=[36m519.59µs[0m max=[36m1.6s[0m    p(90)=[36m6.3ms[0m   p(95)=[36m14.74ms[0m  p(99)=[36m33.86ms[0m 
     http_reqs[2m......................:[0m [36m55085[0m  [36;2m847.302036/s[0m
     iteration_duration[2m.............:[0m avg=[36m4.13ms[0m   min=[36m0s[0m       med=[36m523µs[0m    max=[36m1.61s[0m   p(90)=[36m6.63ms[0m  p(95)=[36m14.85ms[0m  p(99)=[36m34.14ms[0m 
     iterations[2m.....................:[0m [36m55085[0m  [36;2m847.302036/s[0m
     promo_sold_out[2m.................:[0m [36m32493[0m  [36;2m499.798222/s[0m
     promo_sold_out_duration[2m........:[0m avg=[36m476.11µs[0m min=[36m0s[0m       med=[36m511.1µs[0m  max=[36m15.2ms[0m  p(90)=[36m531.9µs[0m p(95)=[36m603.87µs[0m p(99)=[36m1.03ms[0m  
     promo_success[2m..................:[0m [36m20000[0m  [36;2m307.634396/s[0m
     promo_success_duration[2m.........:[0m avg=[36m7.18ms[0m   min=[36m505.49µs[0m med=[36m3.28ms[0m   max=[36m86.13ms[0m p(90)=[36m18.03ms[0m p(95)=[36m26.17ms[0m  p(99)=[36m43.17ms[0m 
     vus[2m............................:[0m [36m0[0m      [36;2mmin=0[0m        [36;2mmax=38[0m 
     vus_max[2m........................:[0m [36m558[0m    [36;2mmin=550[0m      [36;2mmax=558[0m