time="2026-10-01T10:55:42+09:00" level=info msg="[run] 시작 10:55:42 MODE=sync SCENARIO=fixed TAG=B-sync" source=console
time="2026-10-01T11:10:42+09:00" level=info msg="[run] 종료 11:10:42 TAG=B-sync" source=console
[32m     ✓ status is 200[0m
[32m     ✓ has order id[0m

   [32m✓[0m checks[2m.........................:[0m [36m100.00%[0m [36;2m✓ 72002[0m     [36;2m✗ 0[0m    
     data_received[2m..................:[0m [36m4.6 MB[0m  [36;2m5.2 kB/s[0m
     data_sent[2m......................:[0m [36m9.5 MB[0m  [36;2m11 kB/s[0m
     http_req_blocked[2m...............:[0m avg=[36m21.06µs[0m min=[36m0s[0m      med=[36m0s[0m     max=[36m2.33ms[0m  p(90)=[36m0s[0m     p(95)=[36m0s[0m     p(99)=[36m1.27ms[0m
     http_req_connecting[2m............:[0m avg=[36m19.52µs[0m min=[36m0s[0m      med=[36m0s[0m     max=[36m2.33ms[0m  p(90)=[36m0s[0m     p(95)=[36m0s[0m     p(99)=[36m1.16ms[0m
   [32m✓[0m http_req_duration[2m..............:[0m avg=[36m4.12ms[0m  min=[36m307.2µs[0m med=[36m4.36ms[0m max=[36m21.01ms[0m p(90)=[36m4.68ms[0m p(95)=[36m4.82ms[0m p(99)=[36m6.41ms[0m
       { expected_response:true }[2m...:[0m avg=[36m4.12ms[0m  min=[36m307.2µs[0m med=[36m4.36ms[0m max=[36m21.01ms[0m p(90)=[36m4.68ms[0m p(95)=[36m4.82ms[0m p(99)=[36m6.41ms[0m
   [32m✓[0m http_req_failed[2m................:[0m [36m0.00%[0m   [36;2m✓ 0[0m         [36;2m✗ 36001[0m
     http_req_receiving[2m.............:[0m avg=[36m1.7ms[0m   min=[36m0s[0m      med=[36m1.64ms[0m max=[36m7.89ms[0m  p(90)=[36m3.67ms[0m p(95)=[36m3.82ms[0m p(99)=[36m4.11ms[0m
     http_req_sending[2m...............:[0m avg=[36m2.65µs[0m  min=[36m0s[0m      med=[36m0s[0m     max=[36m1.31ms[0m  p(90)=[36m0s[0m     p(95)=[36m0s[0m     p(99)=[36m0s[0m    
     http_req_tls_handshaking[2m.......:[0m avg=[36m0s[0m      min=[36m0s[0m      med=[36m0s[0m     max=[36m0s[0m      p(90)=[36m0s[0m     p(95)=[36m0s[0m     p(99)=[36m0s[0m    
     http_req_waiting[2m...............:[0m avg=[36m2.41ms[0m  min=[36m0s[0m      med=[36m2.43ms[0m max=[36m21.01ms[0m p(90)=[36m4.26ms[0m p(95)=[36m4.47ms[0m p(99)=[36m5.32ms[0m
     http_reqs[2m......................:[0m [36m36001[0m   [36;2m40.000338/s[0m
     iteration_duration[2m.............:[0m avg=[36m4.22ms[0m  min=[36m307.2µs[0m med=[36m4.39ms[0m max=[36m21.5ms[0m  p(90)=[36m4.74ms[0m p(95)=[36m4.98ms[0m p(99)=[36m6.75ms[0m
     iterations[2m.....................:[0m [36m36001[0m   [36;2m40.000338/s[0m
     order_accepted_duration[2m........:[0m avg=[36m4.12ms[0m  min=[36m307.2µs[0m med=[36m4.36ms[0m max=[36m21.01ms[0m p(90)=[36m4.68ms[0m p(95)=[36m4.82ms[0m p(99)=[36m6.41ms[0m
     orders_accepted[2m................:[0m [36m36001[0m   [36;2m40.000338/s[0m
     vus[2m............................:[0m [36m0[0m       [36;2mmin=0[0m       [36;2mmax=1[0m  
     vus_max[2m........................:[0m [36m300[0m     [36;2mmin=300[0m     [36;2mmax=300[0m