time="2026-10-01T10:54:23+09:00" level=info msg="[run] 시작 10:54:23 MODE=sync SCENARIO=fixed TAG=B-warmup" source=console
time="2026-10-01T10:55:23+09:00" level=info msg="[run] 종료 10:55:23 TAG=B-warmup" source=console
[32m     ✓ status is 200[0m
[32m     ✓ has order id[0m

     checks[2m.........................:[0m [36m100.00%[0m [36;2m✓ 59438[0m      [36;2m✗ 0[0m    
     data_received[2m..................:[0m [36m3.9 MB[0m  [36;2m64 kB/s[0m
     data_sent[2m......................:[0m [36m7.8 MB[0m  [36;2m130 kB/s[0m
     dropped_iterations[2m.............:[0m [36m281[0m     [36;2m4.682446/s[0m
     http_req_blocked[2m...............:[0m avg=[36m301.04µs[0m min=[36m0s[0m med=[36m0s[0m     max=[36m78.78ms[0m p(90)=[36m0s[0m      p(95)=[36m0s[0m       p(99)=[36m9.44ms[0m
     http_req_connecting[2m............:[0m avg=[36m300.39µs[0m min=[36m0s[0m med=[36m0s[0m     max=[36m78.78ms[0m p(90)=[36m0s[0m      p(95)=[36m0s[0m       p(99)=[36m9.44ms[0m
     http_req_duration[2m..............:[0m avg=[36m53.73ms[0m  min=[36m0s[0m med=[36m2.01ms[0m max=[36m3.79s[0m   p(90)=[36m4.05ms[0m  p(95)=[36m141.77ms[0m p(99)=[36m1.59s[0m 
       { expected_response:true }[2m...:[0m avg=[36m53.73ms[0m  min=[36m0s[0m med=[36m2.01ms[0m max=[36m3.79s[0m   p(90)=[36m4.05ms[0m  p(95)=[36m141.77ms[0m p(99)=[36m1.59s[0m 
     http_req_failed[2m................:[0m [36m0.00%[0m   [36;2m✓ 0[0m          [36;2m✗ 29719[0m
     http_req_receiving[2m.............:[0m avg=[36m107.84µs[0m min=[36m0s[0m med=[36m0s[0m     max=[36m43.33ms[0m p(90)=[36m429.5µs[0m p(95)=[36m702.23µs[0m p(99)=[36m1.51ms[0m
     http_req_sending[2m...............:[0m avg=[36m1.16µs[0m   min=[36m0s[0m med=[36m0s[0m     max=[36m1.23ms[0m  p(90)=[36m0s[0m      p(95)=[36m0s[0m       p(99)=[36m0s[0m    
     http_req_tls_handshaking[2m.......:[0m avg=[36m0s[0m       min=[36m0s[0m med=[36m0s[0m     max=[36m0s[0m      p(90)=[36m0s[0m      p(95)=[36m0s[0m       p(99)=[36m0s[0m    
     http_req_waiting[2m...............:[0m avg=[36m53.62ms[0m  min=[36m0s[0m med=[36m1.86ms[0m max=[36m3.79s[0m   p(90)=[36m3.96ms[0m  p(95)=[36m141.77ms[0m p(99)=[36m1.59s[0m 
     http_reqs[2m......................:[0m [36m29719[0m   [36;2m495.222834/s[0m
     iteration_duration[2m.............:[0m avg=[36m54.15ms[0m  min=[36m0s[0m med=[36m2.03ms[0m max=[36m3.79s[0m   p(90)=[36m4.12ms[0m  p(95)=[36m141.77ms[0m p(99)=[36m1.61s[0m 
     iterations[2m.....................:[0m [36m29719[0m   [36;2m495.222834/s[0m
     order_accepted_duration[2m........:[0m avg=[36m53.73ms[0m  min=[36m0s[0m med=[36m2.01ms[0m max=[36m3.79s[0m   p(90)=[36m4.05ms[0m  p(95)=[36m141.77ms[0m p(99)=[36m1.59s[0m 
     orders_accepted[2m................:[0m [36m29719[0m   [36;2m495.222834/s[0m
     vus[2m............................:[0m [36m0[0m       [36;2mmin=0[0m        [36;2mmax=562[0m
     vus_max[2m........................:[0m [36m577[0m     [36;2mmin=388[0m      [36;2mmax=577[0m