[16:37:42] === 용량 재측정 cap 시작: 회차 4개 (async sync sync async), 휴식 900초 ===
노트북 CPU 기록 시작 pid=15672 rc=0
[16:37:46] [1/4 async] 전 휴식 524초 (끝 16:46:30)
[16:46:31] 전원 상태 [1회차 기동 전] = 2 100 (첫 값 2 = 충전기)
서버 기동 요청 P=20 --omp.executor.insert.queue=100 rc=0 pid=18380
[16:46:42] 서버 준비 완료 (풀 20.0, 3회 확인)
서버 커넥션 풀 = 20.0 (기대 20), insert 워커 = 20.0 (기대 20), 비동기 대기 자리 = 100.0 (기대 100), 동기 처리 상한 = 없음 (없어야 함)
[1/1 16:46:59] 부하 전 노트북 CPU 평균 = 0.017 (기준 0.15 미만) / 데스크톱 = 1.3% (기준 30% 미만)
워밍업 종료 16:48:00 exit=0
워밍업 k6 연결 실패 0건
큐 소진 (queued=0.0 active=0.0, 2초 이내)
reviews	orders	order_menus	stats_not_zero
0	0	0	0
[16:48:02] 전원 상태 [1회차 측정 전] = 2 100 (첫 값 2 = 충전기)
서버 커넥션 풀 = 20.0 (기대 20), insert 워커 = 20.0 (기대 20), 비동기 대기 자리 = 100.0 (기대 100), 동기 처리 상한 = 없음 (없어야 함)
[1/8 16:48:19] 부하 전 노트북 CPU 평균 = 0.182 (기준 0.15 미만) / 데스크톱 = 3.7% (기준 30% 미만)
[2/8 16:48:35] 부하 전 노트북 CPU 평균 = 0.021 (기준 0.15 미만) / 데스크톱 = 2.7% (기준 30% 미만)
측정 종료 16:51:37 exit=0
측정 k6 연결 실패 0건 → 통과
큐 소진 (queued=0.0 active=0.0, 2초 이내)
측정 중 데스크톱 CPU 평균 26.8% / 최대 34.8% / 80% 이상 최장 연속 0표본 → 통과
[16:52:12] DB 주문 수(측정분) = 584560
[16:52:13] 전원 상태 [1회차 측정 후] = 2 100 (첫 값 2 = 충전기)
서버 종료 pid=15912
서버 종료 pid=14028
== 01-async  W = 3,247.6건/s (DB 584,560, 응답 성공 584,560) | 거절 133,973 (18.6%) 실패 0 dropped 1,469 | 성공 p95 239.1 p99 366.9ms | 거절 p95 258.6ms
  주문당 MySQL: Questions 6.00, Com_select 1.00, Com_set_option 2.00, Com_commit 1.00, Innodb_os_log_fsyncs 0.38, Innodb_row_lock_waits 0.00
  부하 중 평균: 커넥션 사용 20.0 / 대기 0.0 | Tomcat 바쁜 스레드 5.4 | insert 큐 82.6 / 워커 20.0 | 폴링 28회
  노트북 CPU 99.2% (mysqld 49.8 / java 43.8), 클럭 104%, 주문당 CPU mysqld 15.34 / java 13.49 (%p per 1000건/s), TCP 재전송 88/s
  GC 멈춤 129회, 최대 106ms
  데스크톱 CPU 평균 26.8% / 최대 34.8%
[16:52:17] 회차 완료 1/4 (async)
[16:52:17] [2/4 sync] 전 휴식 894초 (끝 17:07:11)
[17:07:12] 전원 상태 [2회차 기동 전] = 2 100 (첫 값 2 = 충전기)
서버 기동 요청 P=20 --omp.executor.insert.queue=100 rc=0 pid=16056
[17:07:23] 서버 준비 완료 (풀 20.0, 3회 확인)
서버 커넥션 풀 = 20.0 (기대 20), insert 워커 = 20.0 (기대 20), 비동기 대기 자리 = 100.0 (기대 100), 동기 처리 상한 = 없음 (없어야 함)
[1/1 17:07:40] 부하 전 노트북 CPU 평균 = 0.017 (기준 0.15 미만) / 데스크톱 = 1% (기준 30% 미만)
워밍업 종료 17:08:41 exit=0
워밍업 k6 연결 실패 0건
큐 소진 (queued=0.0 active=0.0, 2초 이내)
reviews	orders	order_menus	stats_not_zero
0	0	0	0
[17:08:43] 전원 상태 [2회차 측정 전] = 2 100 (첫 값 2 = 충전기)
서버 커넥션 풀 = 20.0 (기대 20), insert 워커 = 20.0 (기대 20), 비동기 대기 자리 = 100.0 (기대 100), 동기 처리 상한 = 없음 (없어야 함)
[1/8 17:09:00] 부하 전 노트북 CPU 평균 = 0.194 (기준 0.15 미만) / 데스크톱 = 1.5% (기준 30% 미만)
[2/8 17:09:16] 부하 전 노트북 CPU 평균 = 0.142 (기준 0.15 미만) / 데스크톱 = 2.2% (기준 30% 미만)
측정 종료 17:12:17 exit=0
측정 k6 연결 실패 0건 → 통과
큐 소진 (queued=0.0 active=0.0, 2초 이내)
측정 중 데스크톱 CPU 평균 21.9% / 최대 28.2% / 80% 이상 최장 연속 0표본 → 통과
[17:12:53] DB 주문 수(측정분) = 487139
[17:12:54] 전원 상태 [2회차 측정 후] = 2 100 (첫 값 2 = 충전기)
서버 종료 pid=16304
서버 종료 pid=9480
== 02-sync  W = 2,706.3건/s (DB 487,139, 응답 성공 487,139) | 거절 0 (0.0%) 실패 0 dropped 0 | 성공 p95 311.3 p99 369.6ms
  주문당 MySQL: Questions 6.00, Com_select 1.00, Com_set_option 2.00, Com_commit 1.00, Innodb_os_log_fsyncs 1.07, Innodb_row_lock_waits 0.00
  부하 중 평균: 커넥션 사용 16.7 / 대기 61.9 | Tomcat 바쁜 스레드 86.1 | insert 큐 0.0 / 워커 0.0 | 폴링 27회
  노트북 CPU 99.4% (mysqld 58.0 / java 35.5), 클럭 106%, 주문당 CPU mysqld 21.45 / java 13.13 (%p per 1000건/s), TCP 재전송 122/s
  GC 멈춤 105회, 최대 80ms
  데스크톱 CPU 평균 21.9% / 최대 28.2%
[17:12:57] 회차 완료 2/4 (sync)
[17:12:57] [3/4 sync] 전 휴식 894초 (끝 17:27:51)
[17:27:53] 전원 상태 [3회차 기동 전] = 2 100 (첫 값 2 = 충전기)
서버 기동 요청 P=20 --omp.executor.insert.queue=100 rc=0 pid=18460
[17:28:04] 서버 준비 완료 (풀 20.0, 3회 확인)
서버 커넥션 풀 = 20.0 (기대 20), insert 워커 = 20.0 (기대 20), 비동기 대기 자리 = 100.0 (기대 100), 동기 처리 상한 = 없음 (없어야 함)
[1/1 17:28:20] 부하 전 노트북 CPU 평균 = 0.018 (기준 0.15 미만) / 데스크톱 = 2.8% (기준 30% 미만)
워밍업 종료 17:29:22 exit=0
워밍업 k6 연결 실패 0건
큐 소진 (queued=0.0 active=0.0, 2초 이내)
reviews	orders	order_menus	stats_not_zero
0	0	0	0
[17:29:24] 전원 상태 [3회차 측정 전] = 2 100 (첫 값 2 = 충전기)
서버 커넥션 풀 = 20.0 (기대 20), insert 워커 = 20.0 (기대 20), 비동기 대기 자리 = 100.0 (기대 100), 동기 처리 상한 = 없음 (없어야 함)
[1/8 17:29:41] 부하 전 노트북 CPU 평균 = 0.185 (기준 0.15 미만) / 데스크톱 = 2.8% (기준 30% 미만)
[2/8 17:29:57] 부하 전 노트북 CPU 평균 = 0.024 (기준 0.15 미만) / 데스크톱 = 1.8% (기준 30% 미만)
측정 종료 17:32:58 exit=0
측정 k6 연결 실패 0건 → 통과
큐 소진 (queued=0.0 active=0.0, 2초 이내)
측정 중 데스크톱 CPU 평균 21.1% / 최대 27.2% / 80% 이상 최장 연속 0표본 → 통과
[17:33:34] DB 주문 수(측정분) = 477635
[17:33:35] 전원 상태 [3회차 측정 후] = 2 100 (첫 값 2 = 충전기)
서버 종료 pid=11900
서버 종료 pid=9140
== 03-sync  W = 2,653.5건/s (DB 477,635, 응답 성공 477,635) | 거절 0 (0.0%) 실패 0 dropped 0 | 성공 p95 319.8 p99 370.0ms
  주문당 MySQL: Questions 6.00, Com_select 1.00, Com_set_option 2.00, Com_commit 1.00, Innodb_os_log_fsyncs 1.16, Innodb_row_lock_waits 0.00
  부하 중 평균: 커넥션 사용 13.3 / 대기 31.3 | Tomcat 바쁜 스레드 67.7 | insert 큐 0.0 / 워커 0.0 | 폴링 27회
  노트북 CPU 99.5% (mysqld 59.5 / java 34.3), 클럭 106%, 주문당 CPU mysqld 22.41 / java 12.92 (%p per 1000건/s), TCP 재전송 163/s
  GC 멈춤 101회, 최대 104ms
  데스크톱 CPU 평균 21.1% / 최대 27.2%
[17:33:38] 회차 완료 3/4 (sync)
[17:33:38] [4/4 async] 전 휴식 894초 (끝 17:48:32)
[17:48:34] 전원 상태 [4회차 기동 전] = 2 100 (첫 값 2 = 충전기)
서버 기동 요청 P=20 --omp.executor.insert.queue=100 rc=0 pid=11348
[17:48:45] 서버 준비 완료 (풀 20.0, 3회 확인)
서버 커넥션 풀 = 20.0 (기대 20), insert 워커 = 20.0 (기대 20), 비동기 대기 자리 = 100.0 (기대 100), 동기 처리 상한 = 없음 (없어야 함)
[1/1 17:49:02] 부하 전 노트북 CPU 평균 = 0.046 (기준 0.15 미만) / 데스크톱 = 2% (기준 30% 미만)
워밍업 종료 17:50:14 exit=0
워밍업 k6 연결 실패 3499건
큐 소진 (queued=0.0 active=0.0, 2초 이내)
reviews	orders	order_menus	stats_not_zero
0	0	0	0
[17:50:16] 전원 상태 [4회차 측정 전] = 2 100 (첫 값 2 = 충전기)
서버 커넥션 풀 = 20.0 (기대 20), insert 워커 = 20.0 (기대 20), 비동기 대기 자리 = 100.0 (기대 100), 동기 처리 상한 = 없음 (없어야 함)
[1/8 17:50:33] 부하 전 노트북 CPU 평균 = 0.170 (기준 0.15 미만) / 데스크톱 = 1.9% (기준 30% 미만)
[2/8 17:50:49] 부하 전 노트북 CPU 평균 = 0.044 (기준 0.15 미만) / 데스크톱 = 2.4% (기준 30% 미만)
측정 종료 17:54:00 exit=0
측정 k6 연결 실패 13162건 → 무효(요청이 서버에 닿지 못함)
큐 소진 (queued=0.0 active=0.0, 2초 이내)
측정 중 데스크톱 CPU 평균 24.5% / 최대 32.6% / 80% 이상 최장 연속 0표본 → 통과
[17:54:26] DB 주문 수(측정분) = 483090
[17:54:27] 전원 상태 [4회차 측정 후] = 2 100 (첫 값 2 = 충전기)
서버 종료 pid=10572
서버 종료 pid=7576
== 04-async  W = 2,683.8건/s (DB 483,090, 응답 성공 483,090) | 거절 86,325 (15.2%) 실패 13,162 dropped 137,424 | 성공 p95 2542.6 p99 9688.8ms | 거절 p95 2475.2ms
  주문당 MySQL: Questions 6.00, Com_select 1.00, Com_set_option 2.00, Com_commit 1.00, Innodb_os_log_fsyncs 1.05, Innodb_row_lock_waits 0.00
  부하 중 평균: 커넥션 사용 18.3 / 대기 0.0 | Tomcat 바쁜 스레드 17.3 | insert 큐 51.0 / 워커 2.7 | 폴링 12회
  노트북 CPU 99.7% (mysqld 58.1 / java 35.5), 클럭 105%, 주문당 CPU mysqld 21.65 / java 13.25 (%p per 1000건/s), TCP 재전송 1881/s
  GC 멈춤 112회, 최대 94ms
  데스크톱 CPU 평균 24.5% / 최대 32.6%
[17:54:31] 회차 완료 4/4 (async)
노트북 CPU 기록 종료 pid=15672
[17:54:32] 노트북 CPU 기록 → benchmark/results/2026-09-29-CAP/laptop-cpu-cap.csv
[17:54:32] === 용량 재측정 cap 끝 ===
