[18:55:44] === 용량 재측정 cap2 시작: 회차 2개 (async async, 폴더 5번부터), 휴식 900초, 비동기 워밍업 2000/s ===
노트북 CPU 기록 시작 pid=13372 rc=0
[18:55:49] 전원 상태 [5회차 기동 전] = 2 100 (첫 값 2 = 충전기)
서버 기동 요청 P=20 --omp.executor.insert.queue=100 rc=0 pid=8120
[18:56:00] 서버 준비 완료 (풀 20.0, 3회 확인)
서버 커넥션 풀 = 20.0 (기대 20), insert 워커 = 20.0 (기대 20), 비동기 대기 자리 = 100.0 (기대 100), 동기 처리 상한 = 없음 (없어야 함)
[1/1 18:56:18] 부하 전 노트북 CPU 평균 = 0.016 (기준 0.15 미만) / 데스크톱 = 67.4% (기준 30% 미만)
  기준 초과 — 워밍업은 결과를 버리므로 경고만 하고 진행
워밍업 종료 18:57:19 exit=0 (비동기 워밍업 속도 2000/s, 동기는 가상 사용자 200명)
워밍업 k6 연결 실패 0건
큐 소진 (queued=0.0 active=0.0, 2초 이내)
reviews	orders	order_menus	stats_not_zero
0	0	0	0
[18:57:22] 전원 상태 [5회차 측정 전] = 2 100 (첫 값 2 = 충전기)
서버 커넥션 풀 = 20.0 (기대 20), insert 워커 = 20.0 (기대 20), 비동기 대기 자리 = 100.0 (기대 100), 동기 처리 상한 = 없음 (없어야 함)
[1/8 18:57:39] 부하 전 노트북 CPU 평균 = 0.179 (기준 0.15 미만) / 데스크톱 = 43.4% (기준 30% 미만)
[2/8 18:57:55] 부하 전 노트북 CPU 평균 = 0.015 (기준 0.15 미만) / 데스크톱 = 45.6% (기준 30% 미만)
[3/8 18:58:12] 부하 전 노트북 CPU 평균 = 0.017 (기준 0.15 미만) / 데스크톱 = 60.2% (기준 30% 미만)
[4/8 18:58:28] 부하 전 노트북 CPU 평균 = 0.022 (기준 0.15 미만) / 데스크톱 = 59.5% (기준 30% 미만)
[5/8 18:58:45] 부하 전 노트북 CPU 평균 = 0.020 (기준 0.15 미만) / 데스크톱 = 57.1% (기준 30% 미만)
[6/8 18:59:01] 부하 전 노트북 CPU 평균 = 0.023 (기준 0.15 미만) / 데스크톱 = 60.8% (기준 30% 미만)
[7/8 18:59:18] 부하 전 노트북 CPU 평균 = 0.020 (기준 0.15 미만) / 데스크톱 = 40.9% (기준 30% 미만)
[8/8 18:59:34] 부하 전 노트북 CPU 평균 = 0.018 (기준 0.15 미만) / 데스크톱 = 41.3% (기준 30% 미만)
2분 동안 두 장비가 동시에 한가하지 않았다
[18:59:34] 측정 전 확인 실패(rc=3), 60초 뒤 다시 (1/3)
[19:00:35] 전원 상태 [5회차 측정 전] = 2 100 (첫 값 2 = 충전기)
서버 커넥션 풀 = 20.0 (기대 20), insert 워커 = 20.0 (기대 20), 비동기 대기 자리 = 100.0 (기대 100), 동기 처리 상한 = 없음 (없어야 함)
[1/8 19:00:53] 부하 전 노트북 CPU 평균 = 0.021 (기준 0.15 미만) / 데스크톱 = 45.7% (기준 30% 미만)
[2/8 19:01:09] 부하 전 노트북 CPU 평균 = 0.018 (기준 0.15 미만) / 데스크톱 = 46.7% (기준 30% 미만)
[3/8 19:01:25] 부하 전 노트북 CPU 평균 = 0.021 (기준 0.15 미만) / 데스크톱 = 36.9% (기준 30% 미만)
[4/8 19:01:42] 부하 전 노트북 CPU 평균 = 0.037 (기준 0.15 미만) / 데스크톱 = 50.8% (기준 30% 미만)
[5/8 19:01:58] 부하 전 노트북 CPU 평균 = 0.019 (기준 0.15 미만) / 데스크톱 = 55.2% (기준 30% 미만)
[6/8 19:02:14] 부하 전 노트북 CPU 평균 = 0.018 (기준 0.15 미만) / 데스크톱 = 21.7% (기준 30% 미만)
측정 종료 19:05:19 exit=0
측정 k6 연결 실패 97건 → 무효(요청이 서버에 닿지 못함)
큐 소진 (queued=0.0 active=0.0, 2초 이내)
측정 중 데스크톱 CPU 평균 66.8% / 최대 88.9% / 80% 이상 최장 연속 2표본 → 무효
[19:05:51] DB 주문 수(측정분) = 588950
[19:05:52] 전원 상태 [5회차 측정 후] = 2 100 (첫 값 2 = 충전기)
서버 종료 pid=18528
서버 종료 pid=19052
== 05-async  W = 3,271.9건/s (DB 588,950, 응답 성공 588,950) | 거절 126,986 (17.7%) 실패 97 dropped 3,965 | 성공 p95 388.4 p99 1251.7ms | 거절 p95 601.4ms
  주문당 MySQL: Questions 6.00, Com_select 1.00, Com_set_option 2.00, Com_commit 1.00, Innodb_os_log_fsyncs 0.41, Innodb_row_lock_waits 0.00
  부하 중 평균: 커넥션 사용 20.0 / 대기 0.0 | Tomcat 바쁜 스레드 6.5 | insert 큐 65.9 / 워커 17.5 | 폴링 22회
  노트북 CPU 99.1% (mysqld 50.6 / java 43.0), 클럭 101%, 주문당 CPU mysqld 15.47 / java 13.14 (%p per 1000건/s), TCP 재전송 367/s
  GC 멈춤 122회, 최대 92ms
  데스크톱 CPU 평균 66.8% / 최대 88.9%
[19:05:56] 회차 완료 5/6 (async)
[19:05:56] [6/6 async] 전 휴식 894초 (끝 19:20:50)
[19:20:52] 전원 상태 [6회차 기동 전] = 2 100 (첫 값 2 = 충전기)
서버 기동 요청 P=20 --omp.executor.insert.queue=100 rc=0 pid=8572
[19:21:03] 서버 준비 완료 (풀 20.0, 3회 확인)
서버 커넥션 풀 = 20.0 (기대 20), insert 워커 = 20.0 (기대 20), 비동기 대기 자리 = 100.0 (기대 100), 동기 처리 상한 = 없음 (없어야 함)
[1/1 19:21:20] 부하 전 노트북 CPU 평균 = 0.017 (기준 0.15 미만) / 데스크톱 = 29.3% (기준 30% 미만)
워밍업 종료 19:22:21 exit=0 (비동기 워밍업 속도 2000/s, 동기는 가상 사용자 200명)
워밍업 k6 연결 실패 0건
큐 소진 (queued=0.0 active=0.0, 2초 이내)
reviews	orders	order_menus	stats_not_zero
0	0	0	0
[19:22:24] 전원 상태 [6회차 측정 전] = 2 100 (첫 값 2 = 충전기)
서버 커넥션 풀 = 20.0 (기대 20), insert 워커 = 20.0 (기대 20), 비동기 대기 자리 = 100.0 (기대 100), 동기 처리 상한 = 없음 (없어야 함)
[1/8 19:22:41] 부하 전 노트북 CPU 평균 = 0.185 (기준 0.15 미만) / 데스크톱 = 30.9% (기준 30% 미만)
[2/8 19:22:57] 부하 전 노트북 CPU 평균 = 0.027 (기준 0.15 미만) / 데스크톱 = 32.1% (기준 30% 미만)
[3/8 19:23:13] 부하 전 노트북 CPU 평균 = 0.021 (기준 0.15 미만) / 데스크톱 = 33.7% (기준 30% 미만)
[4/8 19:23:30] 부하 전 노트북 CPU 평균 = 0.022 (기준 0.15 미만) / 데스크톱 = 32% (기준 30% 미만)
[5/8 19:23:46] 부하 전 노트북 CPU 평균 = 0.023 (기준 0.15 미만) / 데스크톱 = 32.4% (기준 30% 미만)
[6/8 19:24:02] 부하 전 노트북 CPU 평균 = 0.017 (기준 0.15 미만) / 데스크톱 = 31% (기준 30% 미만)
[7/8 19:24:18] 부하 전 노트북 CPU 평균 = 0.029 (기준 0.15 미만) / 데스크톱 = 32.1% (기준 30% 미만)
[8/8 19:24:35] 부하 전 노트북 CPU 평균 = 0.020 (기준 0.15 미만) / 데스크톱 = 31.4% (기준 30% 미만)
2분 동안 두 장비가 동시에 한가하지 않았다
[19:24:35] 측정 전 확인 실패(rc=3), 60초 뒤 다시 (1/3)
[19:25:36] 전원 상태 [6회차 측정 전] = 2 100 (첫 값 2 = 충전기)
서버 커넥션 풀 = 20.0 (기대 20), insert 워커 = 20.0 (기대 20), 비동기 대기 자리 = 100.0 (기대 100), 동기 처리 상한 = 없음 (없어야 함)
[1/8 19:25:53] 부하 전 노트북 CPU 평균 = 0.020 (기준 0.15 미만) / 데스크톱 = 32.8% (기준 30% 미만)
[2/8 19:26:09] 부하 전 노트북 CPU 평균 = 0.025 (기준 0.15 미만) / 데스크톱 = 32.3% (기준 30% 미만)
[3/8 19:26:26] 부하 전 노트북 CPU 평균 = 0.020 (기준 0.15 미만) / 데스크톱 = 33.7% (기준 30% 미만)
[4/8 19:26:42] 부하 전 노트북 CPU 평균 = 0.020 (기준 0.15 미만) / 데스크톱 = 27.3% (기준 30% 미만)
측정 종료 19:29:44 exit=0
측정 k6 연결 실패 0건 → 통과
큐 소진 (queued=0.0 active=0.0, 2초 이내)
측정 중 데스크톱 CPU 평균 48.7% / 최대 65.5% / 80% 이상 최장 연속 0표본 → 통과
[19:30:19] DB 주문 수(측정분) = 568189
[19:30:20] 전원 상태 [6회차 측정 후] = 2 100 (첫 값 2 = 충전기)
서버 종료 pid=19060
서버 종료 pid=2568
== 06-async  W = 3,156.6건/s (DB 568,189, 응답 성공 568,189) | 거절 150,246 (20.9%) 실패 0 dropped 1,568 | 성공 p95 287.0 p99 605.4ms | 거절 p95 313.4ms
  주문당 MySQL: Questions 6.00, Com_select 1.00, Com_set_option 2.00, Com_commit 1.00, Innodb_os_log_fsyncs 0.39, Innodb_row_lock_waits 0.00
  부하 중 평균: 커넥션 사용 19.9 / 대기 0.0 | Tomcat 바쁜 스레드 7.4 | insert 큐 88.0 / 워커 20.0 | 폴링 26회
  노트북 CPU 99.5% (mysqld 49.1 / java 42.8), 클럭 105%, 주문당 CPU mysqld 15.57 / java 13.57 (%p per 1000건/s), TCP 재전송 139/s
  GC 멈춤 116회, 최대 101ms
  데스크톱 CPU 평균 48.7% / 최대 65.5%
[19:30:24] 회차 완료 6/6 (async)
노트북 CPU 기록 종료 pid=13372
[19:30:25] 노트북 CPU 기록 → benchmark/results/2026-09-29-CAP/laptop-cpu-cap2.csv
[19:30:25] === 용량 재측정 cap2 끝 ===
