time="2026-09-30T07:53:39+09:00" level=info msg="[run] 시작 07:53:39 MODE=async TAG=FLASH-async-db-single PROMOTION_ID=1" source=console
time="2026-09-30T07:53:39+09:00" level=info msg="[flash] 시도 07:54:09 ~ 07:55:56 (최고 초당 3000건), 관찰 끝 08:00:56" source=console
time="2026-09-30T08:00:56+09:00" level=info msg="[run] 종료 08:00:56 TAG=FLASH-async-db-single" source=console
     base_accepted[2m..................:[0m [36m16417[0m  [36;2m37.565605/s[0m
     base_accepted_duration[2m.........:[0m avg=[36m4.25ms[0m  min=[36m0s[0m med=[36m1.4ms[0m  max=[36m2.49s[0m    p(90)=[36m1.78ms[0m p(95)=[36m2.19ms[0m  p(99)=[36m81.88ms[0m 
     base_rejected[2m..................:[0m [36m1064[0m   [36;2m2.434659/s[0m
     data_received[2m..................:[0m [36m36 MB[0m  [36;2m82 kB/s[0m
     data_sent[2m......................:[0m [36m71 MB[0m  [36;2m163 kB/s[0m
     http_req_blocked[2m...............:[0m avg=[36m47.36µs[0m min=[36m0s[0m med=[36m0s[0m     max=[36m1.06s[0m    p(90)=[36m0s[0m     p(95)=[36m0s[0m      p(99)=[36m549.9µs[0m 
     http_req_connecting[2m............:[0m avg=[36m46.87µs[0m min=[36m0s[0m med=[36m0s[0m     max=[36m1.06s[0m    p(90)=[36m0s[0m     p(95)=[36m0s[0m      p(99)=[36m538.33µs[0m
     http_req_duration[2m..............:[0m avg=[36m6.23ms[0m  min=[36m0s[0m med=[36m1.04ms[0m max=[36m2.49s[0m    p(90)=[36m3.26ms[0m p(95)=[36m7.19ms[0m  p(99)=[36m150.49ms[0m
       { expected_response:true }[2m...:[0m avg=[36m7.23ms[0m  min=[36m0s[0m med=[36m1.04ms[0m max=[36m2.49s[0m    p(90)=[36m3.29ms[0m p(95)=[36m7.47ms[0m  p(99)=[36m193.26ms[0m
     http_req_failed[2m................:[0m [36m21.39%[0m [36;2m✓ 53489[0m      [36;2m✗ 196481[0m
     http_req_receiving[2m.............:[0m avg=[36m40µs[0m    min=[36m0s[0m med=[36m0s[0m     max=[36m8.64ms[0m   p(90)=[36m0s[0m     p(95)=[36m509.7µs[0m p(99)=[36m826.73µs[0m
     http_req_sending[2m...............:[0m avg=[36m1.23µs[0m  min=[36m0s[0m med=[36m0s[0m     max=[36m3.58ms[0m   p(90)=[36m0s[0m     p(95)=[36m0s[0m      p(99)=[36m0s[0m      
     http_req_tls_handshaking[2m.......:[0m avg=[36m0s[0m      min=[36m0s[0m med=[36m0s[0m     max=[36m0s[0m       p(90)=[36m0s[0m     p(95)=[36m0s[0m      p(99)=[36m0s[0m      
     http_req_waiting[2m...............:[0m avg=[36m6.19ms[0m  min=[36m0s[0m med=[36m1.02ms[0m max=[36m2.49s[0m    p(90)=[36m3.23ms[0m p(95)=[36m7.15ms[0m  p(99)=[36m150.49ms[0m
     http_reqs[2m......................:[0m [36m249970[0m [36;2m571.984794/s[0m
     iteration_duration[2m.............:[0m avg=[36m6.3ms[0m   min=[36m0s[0m med=[36m1.05ms[0m max=[36m2.49s[0m    p(90)=[36m3.37ms[0m p(95)=[36m7.33ms[0m  p(99)=[36m151.39ms[0m
     iterations[2m.....................:[0m [36m249970[0m [36;2m571.984794/s[0m
     promo_queue_full[2m...............:[0m [36m52425[0m  [36;2m119.959607/s[0m
     promo_queue_full_duration[2m......:[0m avg=[36m2.55ms[0m  min=[36m0s[0m med=[36m1.02ms[0m max=[36m218.41ms[0m p(90)=[36m3.18ms[0m p(95)=[36m6.61ms[0m  p(99)=[36m42.25ms[0m 
     promo_success[2m..................:[0m [36m180064[0m [36;2m412.024923/s[0m
     promo_success_duration[2m.........:[0m avg=[36m7.5ms[0m   min=[36m0s[0m med=[36m1.03ms[0m max=[36m2.44s[0m    p(90)=[36m3.53ms[0m p(95)=[36m8.7ms[0m   p(99)=[36m204.95ms[0m
     vus[2m............................:[0m [36m0[0m      [36;2mmin=0[0m        [36;2mmax=333[0m 
     vus_max[2m........................:[0m [36m2050[0m   [36;2mmin=2050[0m     [36;2mmax=2050[0m