time="2026-09-30T12:22:49+09:00" level=info msg="[run] 시작 12:22:49 MODE=sync TAG=FLASH-sync-memory PROMOTION_ID=1" source=console
time="2026-09-30T12:22:49+09:00" level=info msg="[flash] 시도 12:23:19 ~ 12:25:06 (최고 초당 3000건), 관찰 끝 12:30:06" source=console
time="2026-09-30T12:23:45+09:00" level=warning msg="Insufficient VUs, reached 4000 active VUs and cannot initialize more" executor=ramping-arrival-rate scenario=attempts
time="2026-09-30T12:30:06+09:00" level=info msg="[run] 종료 12:30:06 TAG=FLASH-sync-memory" source=console
     base_accepted[2m..................:[0m [36m17468[0m  [36;2m39.96957/s[0m
     base_accepted_duration[2m.........:[0m avg=[36m96.34ms[0m  min=[36m0s[0m med=[36m3.98ms[0m  max=[36m5.41s[0m   p(90)=[36m4.92ms[0m  p(95)=[36m1.04s[0m   p(99)=[36m1.44s[0m   
     data_received[2m..................:[0m [36m33 MB[0m  [36;2m76 kB/s[0m
     data_sent[2m......................:[0m [36m68 MB[0m  [36;2m155 kB/s[0m
     dropped_iterations[2m.............:[0m [36m7758[0m   [36;2m17.751541/s[0m
     http_req_blocked[2m...............:[0m avg=[36m1.17ms[0m   min=[36m0s[0m med=[36m0s[0m      max=[36m3.03s[0m   p(90)=[36m0s[0m      p(95)=[36m0s[0m      p(99)=[36m810.48µs[0m
     http_req_connecting[2m............:[0m avg=[36m1.17ms[0m   min=[36m0s[0m med=[36m0s[0m      max=[36m3.03s[0m   p(90)=[36m0s[0m      p(95)=[36m0s[0m      p(99)=[36m775.88µs[0m
     http_req_duration[2m..............:[0m avg=[36m477.88ms[0m min=[36m0s[0m med=[36m1.22ms[0m  max=[36m8.92s[0m   p(90)=[36m1.41s[0m   p(95)=[36m1.44s[0m   p(99)=[36m2.09s[0m   
       { expected_response:true }[2m...:[0m avg=[36m957.44ms[0m min=[36m0s[0m med=[36m1.06s[0m   max=[36m8.92s[0m   p(90)=[36m1.44s[0m   p(95)=[36m1.55s[0m   p(99)=[36m2.65s[0m   
     http_req_failed[2m................:[0m [36m51.50%[0m [36;2m✓ 124745[0m     [36;2m✗ 117468[0m
     http_req_receiving[2m.............:[0m avg=[36m171.26µs[0m min=[36m0s[0m med=[36m0s[0m      max=[36m77.88ms[0m p(90)=[36m510.7µs[0m p(95)=[36m562.5µs[0m p(99)=[36m3.7ms[0m   
     http_req_sending[2m...............:[0m avg=[36m1.11µs[0m   min=[36m0s[0m med=[36m0s[0m      max=[36m4.51ms[0m  p(90)=[36m0s[0m      p(95)=[36m0s[0m      p(99)=[36m0s[0m      
     http_req_tls_handshaking[2m.......:[0m avg=[36m0s[0m       min=[36m0s[0m med=[36m0s[0m      max=[36m0s[0m      p(90)=[36m0s[0m      p(95)=[36m0s[0m      p(99)=[36m0s[0m      
     http_req_waiting[2m...............:[0m avg=[36m477.71ms[0m min=[36m0s[0m med=[36m725µs[0m   max=[36m8.92s[0m   p(90)=[36m1.41s[0m   p(95)=[36m1.44s[0m   p(99)=[36m2.09s[0m   
     http_reqs[2m......................:[0m [36m242213[0m [36;2m554.221976/s[0m
     iteration_duration[2m.............:[0m avg=[36m479.11ms[0m min=[36m0s[0m med=[36m1.29ms[0m  max=[36m8.92s[0m   p(90)=[36m1.41s[0m   p(95)=[36m1.44s[0m   p(99)=[36m2.13s[0m   
     iterations[2m.....................:[0m [36m242213[0m [36;2m554.221976/s[0m
     promo_sold_out[2m.................:[0m [36m124745[0m [36;2m285.436456/s[0m
     promo_sold_out_duration[2m........:[0m avg=[36m26.3ms[0m   min=[36m0s[0m med=[36m507.7µs[0m max=[36m1.43s[0m   p(90)=[36m626µs[0m   p(95)=[36m1.29ms[0m  p(99)=[36m1.05s[0m   
     promo_success[2m..................:[0m [36m100000[0m [36;2m228.815949/s[0m
     promo_success_duration[2m.........:[0m avg=[36m1.1s[0m     min=[36m0s[0m med=[36m1.15s[0m   max=[36m8.92s[0m   p(90)=[36m1.45s[0m   p(95)=[36m1.64s[0m   p(99)=[36m2.76s[0m   
     vus[2m............................:[0m [36m0[0m      [36;2mmin=0[0m        [36;2mmax=4061[0m
     vus_max[2m........................:[0m [36m4063[0m   [36;2mmin=2050[0m     [36;2mmax=4063[0m