time="2026-09-30T12:21:23+09:00" level=info msg="[run] 시작 12:21:23 MODE=sync TAG=FLASH-warmup PROMOTION_ID=2" source=console
time="2026-09-30T12:21:23+09:00" level=info msg="[flash] 시도 12:21:28 ~ 12:22:23 (최고 초당 1000건), 관찰 끝 12:22:28" source=console
time="2026-09-30T12:22:28+09:00" level=info msg="[run] 종료 12:22:28 TAG=FLASH-warmup" source=console
     base_accepted[2m..................:[0m [36m2599[0m   [36;2m39.970195/s[0m
     base_accepted_duration[2m.........:[0m avg=[36m19.78ms[0m  min=[36m503.9µs[0m med=[36m2.72ms[0m   max=[36m1.29s[0m    p(90)=[36m9.1ms[0m    p(95)=[36m34.86ms[0m p(99)=[36m701.6ms[0m 
     data_received[2m..................:[0m [36m7.6 MB[0m [36;2m117 kB/s[0m
     data_sent[2m......................:[0m [36m15 MB[0m  [36;2m235 kB/s[0m
     dropped_iterations[2m.............:[0m [36m2[0m      [36;2m0.030758/s[0m
     http_req_blocked[2m...............:[0m avg=[36m15.91µs[0m  min=[36m0s[0m      med=[36m0s[0m       max=[36m48.08ms[0m  p(90)=[36m0s[0m       p(95)=[36m0s[0m      p(99)=[36m512.01µs[0m
     http_req_connecting[2m............:[0m avg=[36m15.36µs[0m  min=[36m0s[0m      med=[36m0s[0m       max=[36m48.08ms[0m  p(90)=[36m0s[0m       p(95)=[36m0s[0m      p(99)=[36m511.01µs[0m
     http_req_duration[2m..............:[0m avg=[36m5.4ms[0m    min=[36m0s[0m      med=[36m520.59µs[0m max=[36m1.29s[0m    p(90)=[36m6.57ms[0m   p(95)=[36m22.1ms[0m  p(99)=[36m85.91ms[0m 
       { expected_response:true }[2m...:[0m avg=[36m12.51ms[0m  min=[36m503.9µs[0m med=[36m3.12ms[0m   max=[36m1.29s[0m    p(90)=[36m30.75ms[0m  p(95)=[36m61.29ms[0m p(99)=[36m113.34ms[0m
     http_req_failed[2m................:[0m [36m58.97%[0m [36;2m✓ 32491[0m      [36;2m✗ 22599[0m
     http_req_receiving[2m.............:[0m avg=[36m80.62µs[0m  min=[36m0s[0m      med=[36m0s[0m       max=[36m30.39ms[0m  p(90)=[36m507.7µs[0m  p(95)=[36m516.8µs[0m p(99)=[36m722.06µs[0m
     http_req_sending[2m...............:[0m avg=[36m1.24µs[0m   min=[36m0s[0m      med=[36m0s[0m       max=[36m2.01ms[0m   p(90)=[36m0s[0m       p(95)=[36m0s[0m      p(99)=[36m0s[0m      
     http_req_tls_handshaking[2m.......:[0m avg=[36m0s[0m       min=[36m0s[0m      med=[36m0s[0m       max=[36m0s[0m       p(90)=[36m0s[0m       p(95)=[36m0s[0m      p(99)=[36m0s[0m      
     http_req_waiting[2m...............:[0m avg=[36m5.32ms[0m   min=[36m0s[0m      med=[36m519.4µs[0m  max=[36m1.29s[0m    p(90)=[36m6.42ms[0m   p(95)=[36m22.03ms[0m p(99)=[36m85.87ms[0m 
     http_reqs[2m......................:[0m [36m55090[0m  [36;2m847.232793/s[0m
     iteration_duration[2m.............:[0m avg=[36m5.46ms[0m   min=[36m0s[0m      med=[36m521.7µs[0m  max=[36m1.3s[0m     p(90)=[36m6.79ms[0m   p(95)=[36m22.11ms[0m p(99)=[36m85.91ms[0m 
     iterations[2m.....................:[0m [36m55090[0m  [36;2m847.232793/s[0m
     promo_sold_out[2m.................:[0m [36m32491[0m  [36;2m499.681261/s[0m
     promo_sold_out_duration[2m........:[0m avg=[36m460.49µs[0m min=[36m0s[0m      med=[36m511.6µs[0m  max=[36m14.36ms[0m  p(90)=[36m525.69µs[0m p(95)=[36m613.5µs[0m p(99)=[36m1.04ms[0m  
     promo_success[2m..................:[0m [36m20000[0m  [36;2m307.581337/s[0m
     promo_success_duration[2m.........:[0m avg=[36m11.57ms[0m  min=[36m503.9µs[0m med=[36m3.5ms[0m    max=[36m172.82ms[0m p(90)=[36m33.71ms[0m  p(95)=[36m62.62ms[0m p(99)=[36m109.79ms[0m
     vus[2m............................:[0m [36m1[0m      [36;2mmin=0[0m        [36;2mmax=133[0m
     vus_max[2m........................:[0m [36m552[0m    [36;2mmin=550[0m      [36;2mmax=552[0m