time="2026-09-30T09:55:51+09:00" level=info msg="[run] 시작 09:55:51 MODE=async TAG=FLASH-async-db-single PROMOTION_ID=1" source=console
time="2026-09-30T09:55:51+09:00" level=info msg="[flash] 시도 09:56:21 ~ 09:58:08 (최고 초당 3000건), 관찰 끝 10:03:08" source=console
time="2026-09-30T10:03:08+09:00" level=info msg="[run] 종료 10:03:08 TAG=FLASH-async-db-single" source=console
     base_accepted[2m..................:[0m [36m16438[0m  [36;2m37.613656/s[0m
     base_accepted_duration[2m.........:[0m avg=[36m10.14ms[0m min=[36m0s[0m med=[36m1.41ms[0m  max=[36m9.55s[0m    p(90)=[36m1.78ms[0m p(95)=[36m2.16ms[0m   p(99)=[36m210.46ms[0m
     base_rejected[2m..................:[0m [36m1043[0m   [36;2m2.386607/s[0m
     data_received[2m..................:[0m [36m36 MB[0m  [36;2m82 kB/s[0m
     data_sent[2m......................:[0m [36m71 MB[0m  [36;2m163 kB/s[0m
     http_req_blocked[2m...............:[0m avg=[36m92.15µs[0m min=[36m0s[0m med=[36m0s[0m      max=[36m3s[0m       p(90)=[36m0s[0m     p(95)=[36m0s[0m       p(99)=[36m567.43µs[0m
     http_req_connecting[2m............:[0m avg=[36m91.65µs[0m min=[36m0s[0m med=[36m0s[0m      max=[36m3s[0m       p(90)=[36m0s[0m     p(95)=[36m0s[0m       p(99)=[36m545.1µs[0m 
     http_req_duration[2m..............:[0m avg=[36m16.39ms[0m min=[36m0s[0m med=[36m1.03ms[0m  max=[36m9.56s[0m    p(90)=[36m2.96ms[0m p(95)=[36m7.18ms[0m   p(99)=[36m430.61ms[0m
       { expected_response:true }[2m...:[0m avg=[36m20.05ms[0m min=[36m0s[0m med=[36m1.03ms[0m  max=[36m9.56s[0m    p(90)=[36m2.95ms[0m p(95)=[36m8.64ms[0m   p(99)=[36m559.41ms[0m
     http_req_failed[2m................:[0m [36m20.92%[0m [36;2m✓ 52311[0m      [36;2m✗ 197660[0m
     http_req_receiving[2m.............:[0m avg=[36m39.98µs[0m min=[36m0s[0m med=[36m0s[0m      max=[36m3.09ms[0m   p(90)=[36m0s[0m     p(95)=[36m508.49µs[0m p(99)=[36m831.72µs[0m
     http_req_sending[2m...............:[0m avg=[36m1.08µs[0m  min=[36m0s[0m med=[36m0s[0m      max=[36m4.18ms[0m   p(90)=[36m0s[0m     p(95)=[36m0s[0m       p(99)=[36m0s[0m      
     http_req_tls_handshaking[2m.......:[0m avg=[36m0s[0m      min=[36m0s[0m med=[36m0s[0m      max=[36m0s[0m       p(90)=[36m0s[0m     p(95)=[36m0s[0m       p(99)=[36m0s[0m      
     http_req_waiting[2m...............:[0m avg=[36m16.35ms[0m min=[36m0s[0m med=[36m986.8µs[0m max=[36m9.56s[0m    p(90)=[36m2.92ms[0m p(95)=[36m7.17ms[0m   p(99)=[36m430.45ms[0m
     http_reqs[2m......................:[0m [36m249971[0m [36;2m571.987057/s[0m
     iteration_duration[2m.............:[0m avg=[36m16.51ms[0m min=[36m0s[0m med=[36m1.04ms[0m  max=[36m9.56s[0m    p(90)=[36m3.1ms[0m  p(95)=[36m7.33ms[0m   p(99)=[36m433.21ms[0m
     iterations[2m.....................:[0m [36m249971[0m [36;2m571.987057/s[0m
     promo_queue_full[2m...............:[0m [36m51268[0m  [36;2m117.312138/s[0m
     promo_queue_full_duration[2m......:[0m avg=[36m2.55ms[0m  min=[36m0s[0m med=[36m1.01ms[0m  max=[36m221.18ms[0m p(90)=[36m2.99ms[0m p(95)=[36m5.37ms[0m   p(99)=[36m43.71ms[0m 
     promo_success[2m..................:[0m [36m181222[0m [36;2m414.674656/s[0m
     promo_success_duration[2m.........:[0m avg=[36m20.95ms[0m min=[36m0s[0m med=[36m1.02ms[0m  max=[36m9.56s[0m    p(90)=[36m3.12ms[0m p(95)=[36m11.22ms[0m  p(99)=[36m577.42ms[0m
     vus[2m............................:[0m [36m0[0m      [36;2mmin=0[0m        [36;2mmax=891[0m 
     vus_max[2m........................:[0m [36m2050[0m   [36;2mmin=2050[0m     [36;2mmax=2050[0m