[2026-10-01T08:48:54.107+0900][0.006s] Using G1
[2026-10-01T08:48:55.016+0900][0.916s] GC(0) Pause Young (Normal) (G1 Evacuation Pause) 102M->6M(2048M) 4.617ms
[2026-10-01T08:48:55.411+0900][1.309s] GC(1) Pause Young (Concurrent Start) (Metadata GC Threshold) 103M->10M(2048M) 6.311ms
[2026-10-01T08:48:55.411+0900][1.309s] GC(2) Concurrent Mark Cycle
[2026-10-01T08:48:55.418+0900][1.316s] GC(2) Pause Remark 12M->12M(2048M) 1.857ms
[2026-10-01T08:48:55.418+0900][1.317s] GC(2) Pause Cleanup 12M->12M(2048M) 0.010ms
[2026-10-01T08:48:55.424+0900][1.322s] GC(2) Concurrent Mark Cycle 12.825ms
[2026-10-01T08:48:56.501+0900][2.399s] GC(3) Pause Young (Normal) (G1 Evacuation Pause) 131M->16M(2048M) 13.745ms
[2026-10-01T08:48:57.016+0900][2.913s] GC(4) Pause Young (Concurrent Start) (Metadata GC Threshold) 77M->19M(2048M) 7.171ms
[2026-10-01T08:48:57.016+0900][2.913s] GC(5) Concurrent Mark Cycle
[2026-10-01T08:48:57.030+0900][2.928s] GC(5) Pause Remark 21M->21M(2048M) 3.631ms
[2026-10-01T08:48:57.032+0900][2.930s] GC(5) Pause Cleanup 21M->21M(2048M) 0.182ms
[2026-10-01T08:48:57.033+0900][2.932s] GC(5) Concurrent Mark Cycle 19.443ms
[2026-10-01T08:48:58.648+0900][4.546s] GC(6) Pause Young (Concurrent Start) (Metadata GC Threshold) 192M->26M(2048M) 11.553ms
[2026-10-01T08:48:58.648+0900][4.546s] GC(7) Concurrent Mark Cycle
[2026-10-01T08:48:58.666+0900][4.567s] GC(7) Pause Remark 28M->28M(2048M) 4.806ms
[2026-10-01T08:48:58.672+0900][4.570s] GC(7) Pause Cleanup 28M->28M(2048M) 0.273ms
[2026-10-01T08:48:58.676+0900][4.573s] GC(7) Concurrent Mark Cycle 27.030ms
[2026-10-01T08:49:22.383+0900][28.280s] GC(8) Pause Young (Concurrent Start) (Metadata GC Threshold) 630M->53M(2048M) 24.336ms
[2026-10-01T08:49:22.383+0900][28.280s] GC(9) Concurrent Mark Cycle
[2026-10-01T08:49:22.410+0900][28.310s] GC(9) Pause Remark 56M->56M(2048M) 6.555ms
[2026-10-01T08:49:22.415+0900][28.314s] GC(9) Pause Cleanup 57M->57M(2048M) 0.167ms
[2026-10-01T08:49:22.420+0900][28.320s] GC(9) Concurrent Mark Cycle 39.510ms
[2026-10-01T08:49:48.132+0900][54.032s] GC(10) Pause Young (Prepare Mixed) (G1 Evacuation Pause) 583M->52M(2048M) 18.522ms
[2026-10-01T08:50:57.427+0900][123.330s] GC(11) Pause Young (Mixed) (G1 Evacuation Pause) 727M->53M(2048M) 18.212ms
[2026-10-01T08:51:03.725+0900][129.622s] GC(12) Pause Young (Normal) (G1 Evacuation Pause) 1243M->53M(2048M) 18.138ms
[2026-10-01T08:51:08.949+0900][134.847s] GC(13) Pause Young (Normal) (G1 Evacuation Pause) 1243M->54M(2048M) 17.367ms
[2026-10-01T08:51:14.358+0900][140.257s] GC(14) Pause Young (Normal) (G1 Evacuation Pause) 1244M->53M(2048M) 16.834ms
[2026-10-01T08:51:19.750+0900][145.648s] GC(15) Pause Young (Normal) (G1 Evacuation Pause) 1243M->53M(2048M) 16.316ms
[2026-10-01T08:51:25.106+0900][151.005s] GC(16) Pause Young (Normal) (G1 Evacuation Pause) 1244M->54M(2048M) 17.573ms
[2026-10-01T08:51:30.459+0900][156.356s] GC(17) Pause Young (Normal) (G1 Evacuation Pause) 1244M->54M(2048M) 17.175ms
[2026-10-01T08:51:35.738+0900][161.636s] GC(18) Pause Young (Normal) (G1 Evacuation Pause) 1244M->53M(2048M) 17.142ms
[2026-10-01T08:51:41.180+0900][167.078s] GC(19) Pause Young (Normal) (G1 Evacuation Pause) 1243M->53M(2048M) 16.903ms
[2026-10-01T08:51:46.509+0900][172.408s] GC(20) Pause Young (Normal) (G1 Evacuation Pause) 1243M->54M(2048M) 18.059ms
[2026-10-01T08:51:51.843+0900][177.744s] GC(21) Pause Young (Normal) (G1 Evacuation Pause) 1244M->52M(2048M) 19.763ms
[2026-10-01T08:51:57.127+0900][183.025s] GC(22) Pause Young (Normal) (G1 Evacuation Pause) 1243M->53M(2048M) 17.394ms
[2026-10-01T08:52:02.522+0900][188.421s] GC(23) Pause Young (Normal) (G1 Evacuation Pause) 1244M->53M(2048M) 17.876ms
[2026-10-01T08:52:08.007+0900][193.904s] GC(24) Pause Young (Normal) (G1 Evacuation Pause) 1250M->56M(2048M) 15.580ms
[2026-10-01T08:52:13.476+0900][199.375s] GC(25) Pause Young (Normal) (G1 Evacuation Pause) 1280M->57M(2048M) 3.486ms
[2026-10-01T08:52:19.029+0900][204.929s] GC(26) Pause Young (Normal) (G1 Evacuation Pause) 1283M->57M(2048M) 2.847ms
[2026-10-01T08:52:24.530+0900][210.428s] GC(27) Pause Young (Normal) (G1 Evacuation Pause) 1284M->57M(2048M) 2.512ms
[2026-10-01T08:52:30.061+0900][215.960s] GC(28) Pause Young (Normal) (G1 Evacuation Pause) 1284M->57M(2048M) 2.585ms
[2026-10-01T08:52:35.607+0900][221.506s] GC(29) Pause Young (Normal) (G1 Evacuation Pause) 1284M->57M(2048M) 2.512ms
[2026-10-01T08:52:41.257+0900][227.157s] GC(30) Pause Young (Normal) (G1 Evacuation Pause) 1284M->57M(2048M) 2.583ms
[2026-10-01T08:52:46.866+0900][232.766s] GC(31) Pause Young (Normal) (G1 Evacuation Pause) 1284M->57M(2048M) 2.576ms
[2026-10-01T08:52:52.483+0900][238.385s] GC(32) Pause Young (Normal) (G1 Evacuation Pause) 1284M->57M(2048M) 2.501ms
[2026-10-01T08:52:58.051+0900][243.949s] GC(33) Pause Young (Normal) (G1 Evacuation Pause) 1284M->58M(2048M) 2.411ms
[2026-10-01T08:53:03.719+0900][249.617s] GC(34) Pause Young (Normal) (G1 Evacuation Pause) 1285M->58M(2048M) 2.423ms
[2026-10-01T08:53:09.325+0900][255.223s] GC(35) Pause Young (Normal) (G1 Evacuation Pause) 1285M->58M(2048M) 2.480ms
[2026-10-01T08:53:14.930+0900][260.829s] GC(36) Pause Young (Normal) (G1 Evacuation Pause) 1285M->58M(2048M) 2.426ms
[2026-10-01T08:53:20.502+0900][266.401s] GC(37) Pause Young (Normal) (G1 Evacuation Pause) 1285M->57M(2048M) 2.567ms
[2026-10-01T08:53:26.037+0900][271.937s] GC(38) Pause Young (Normal) (G1 Evacuation Pause) 1284M->57M(2048M) 2.552ms
[2026-10-01T08:53:31.616+0900][277.515s] GC(39) Pause Young (Normal) (G1 Evacuation Pause) 1284M->58M(2048M) 2.571ms
[2026-10-01T08:53:37.266+0900][283.166s] GC(40) Pause Young (Normal) (G1 Evacuation Pause) 1285M->58M(2048M) 2.200ms
[2026-10-01T08:53:42.832+0900][288.733s] GC(41) Pause Young (Normal) (G1 Evacuation Pause) 1285M->58M(2048M) 2.443ms
[2026-10-01T08:53:48.443+0900][294.341s] GC(42) Pause Young (Normal) (G1 Evacuation Pause) 1285M->58M(2048M) 2.712ms
[2026-10-01T08:53:54.016+0900][299.915s] GC(43) Pause Young (Normal) (G1 Evacuation Pause) 1285M->58M(2048M) 2.455ms
[2026-10-01T08:53:59.606+0900][305.505s] GC(44) Pause Young (Normal) (G1 Evacuation Pause) 1285M->58M(2048M) 2.539ms
[2026-10-01T08:54:05.226+0900][311.125s] GC(45) Pause Young (Normal) (G1 Evacuation Pause) 1285M->58M(2048M) 2.694ms
[2026-10-01T08:54:11.057+0900][316.956s] GC(46) Pause Young (Normal) (G1 Evacuation Pause) 1285M->58M(2048M) 2.552ms
[2026-10-01T08:54:16.826+0900][322.724s] GC(47) Pause Young (Normal) (G1 Evacuation Pause) 1285M->58M(2048M) 2.467ms
[2026-10-01T08:54:22.652+0900][328.551s] GC(48) Pause Young (Normal) (G1 Evacuation Pause) 1285M->58M(2048M) 2.559ms
[2026-10-01T08:54:28.428+0900][334.327s] GC(49) Pause Young (Normal) (G1 Evacuation Pause) 1285M->58M(2048M) 2.484ms
[2026-10-01T08:54:34.152+0900][340.051s] GC(50) Pause Young (Normal) (G1 Evacuation Pause) 1285M->58M(2048M) 2.532ms
[2026-10-01T08:54:39.736+0900][345.635s] GC(51) Pause Young (Normal) (G1 Evacuation Pause) 1285M->58M(2048M) 2.606ms
[2026-10-01T08:54:45.281+0900][351.180s] GC(52) Pause Young (Normal) (G1 Evacuation Pause) 1285M->58M(2048M) 2.589ms
[2026-10-01T08:54:51.028+0900][356.927s] GC(53) Pause Young (Normal) (G1 Evacuation Pause) 1285M->58M(2048M) 2.618ms
[2026-10-01T08:54:51.758+0900][357.656s] GC(54) Pause Young (Concurrent Start) (CodeCache GC Threshold) 225M->58M(2048M) 2.508ms
[2026-10-01T08:54:51.758+0900][357.656s] GC(55) Concurrent Mark Cycle
[2026-10-01T08:54:51.842+0900][357.740s] GC(55) Pause Remark 81M->81M(2048M) 21.178ms
[2026-10-01T08:54:51.876+0900][357.773s] GC(55) Pause Cleanup 84M->84M(2048M) 0.301ms
[2026-10-01T08:54:51.881+0900][357.779s] GC(55) Concurrent Mark Cycle 122.948ms
[2026-10-01T08:54:57.470+0900][363.370s] GC(56) Pause Young (Prepare Mixed) (G1 Evacuation Pause) 1285M->58M(2048M) 2.716ms
[2026-10-01T08:55:03.150+0900][369.048s] GC(57) Pause Young (Mixed) (G1 Evacuation Pause) 1285M->56M(2048M) 2.804ms
[2026-10-01T08:55:08.820+0900][374.719s] GC(58) Pause Young (Normal) (G1 Evacuation Pause) 1283M->56M(2048M) 2.423ms
[2026-10-01T08:55:14.515+0900][380.414s] GC(59) Pause Young (Normal) (G1 Evacuation Pause) 1283M->56M(2048M) 2.632ms
[2026-10-01T08:55:20.116+0900][386.017s] GC(60) Pause Young (Normal) (G1 Evacuation Pause) 1283M->56M(2048M) 2.566ms
[2026-10-01T08:55:25.713+0900][391.612s] GC(61) Pause Young (Normal) (G1 Evacuation Pause) 1283M->56M(2048M) 2.662ms
[2026-10-01T08:55:31.315+0900][397.214s] GC(62) Pause Young (Normal) (G1 Evacuation Pause) 1283M->56M(2048M) 2.775ms
[2026-10-01T08:55:37.056+0900][402.954s] GC(63) Pause Young (Normal) (G1 Evacuation Pause) 1283M->56M(2048M) 2.632ms
[2026-10-01T08:55:42.644+0900][408.542s] GC(64) Pause Young (Normal) (G1 Evacuation Pause) 1283M->56M(2048M) 2.413ms
[2026-10-01T08:55:48.260+0900][414.159s] GC(65) Pause Young (Normal) (G1 Evacuation Pause) 1283M->56M(2048M) 2.738ms
[2026-10-01T08:55:53.869+0900][419.768s] GC(66) Pause Young (Normal) (G1 Evacuation Pause) 1283M->56M(2048M) 2.567ms
[2026-10-01T08:55:59.449+0900][425.348s] GC(67) Pause Young (Normal) (G1 Evacuation Pause) 1283M->56M(2048M) 2.679ms
[2026-10-01T08:56:05.145+0900][431.043s] GC(68) Pause Young (Normal) (G1 Evacuation Pause) 1283M->56M(2048M) 2.439ms
[2026-10-01T08:56:10.818+0900][436.716s] GC(69) Pause Young (Normal) (G1 Evacuation Pause) 1283M->56M(2048M) 2.536ms
[2026-10-01T08:56:16.428+0900][442.327s] GC(70) Pause Young (Normal) (G1 Evacuation Pause) 1283M->56M(2048M) 2.498ms
[2026-10-01T08:56:22.043+0900][447.941s] GC(71) Pause Young (Normal) (G1 Evacuation Pause) 1283M->56M(2048M) 2.556ms
[2026-10-01T08:56:27.636+0900][453.535s] GC(72) Pause Young (Normal) (G1 Evacuation Pause) 1283M->56M(2048M) 2.544ms
[2026-10-01T08:56:33.399+0900][459.299s] GC(73) Pause Young (Normal) (G1 Evacuation Pause) 1283M->56M(2048M) 2.642ms
[2026-10-01T08:56:39.051+0900][464.949s] GC(74) Pause Young (Normal) (G1 Evacuation Pause) 1283M->56M(2048M) 2.510ms
[2026-10-01T08:56:44.893+0900][470.792s] GC(75) Pause Young (Normal) (G1 Evacuation Pause) 1283M->56M(2048M) 2.486ms
[2026-10-01T08:56:50.623+0900][476.522s] GC(76) Pause Young (Normal) (G1 Evacuation Pause) 1283M->56M(2048M) 2.721ms
[2026-10-01T08:56:56.276+0900][482.174s] GC(77) Pause Young (Normal) (G1 Evacuation Pause) 1283M->56M(2048M) 2.451ms
[2026-10-01T08:57:01.952+0900][487.850s] GC(78) Pause Young (Normal) (G1 Evacuation Pause) 1283M->56M(2048M) 2.477ms
[2026-10-01T08:57:07.553+0900][493.452s] GC(79) Pause Young (Normal) (G1 Evacuation Pause) 1283M->56M(2048M) 2.565ms
[2026-10-01T08:57:13.138+0900][499.038s] GC(80) Pause Young (Normal) (G1 Evacuation Pause) 1283M->56M(2048M) 2.480ms
[2026-10-01T08:57:18.699+0900][504.598s] GC(81) Pause Young (Normal) (G1 Evacuation Pause) 1283M->56M(2048M) 2.531ms
[2026-10-01T08:57:24.407+0900][510.305s] GC(82) Pause Young (Normal) (G1 Evacuation Pause) 1283M->56M(2048M) 2.593ms
[2026-10-01T08:57:30.005+0900][515.904s] GC(83) Pause Young (Normal) (G1 Evacuation Pause) 1283M->56M(2048M) 2.528ms
[2026-10-01T08:57:35.679+0900][521.580s] GC(84) Pause Young (Normal) (G1 Evacuation Pause) 1283M->56M(2048M) 2.486ms
[2026-10-01T08:57:41.284+0900][527.181s] GC(85) Pause Young (Normal) (G1 Evacuation Pause) 1283M->56M(2048M) 2.501ms
[2026-10-01T08:57:46.847+0900][532.745s] GC(86) Pause Young (Normal) (G1 Evacuation Pause) 1283M->56M(2048M) 2.461ms
[2026-10-01T08:57:52.473+0900][538.371s] GC(87) Pause Young (Normal) (G1 Evacuation Pause) 1283M->56M(2048M) 2.638ms
[2026-10-01T08:57:57.963+0900][543.863s] GC(88) Pause Young (Normal) (G1 Evacuation Pause) 1283M->56M(2048M) 2.593ms
[2026-10-01T08:58:03.596+0900][549.494s] GC(89) Pause Young (Normal) (G1 Evacuation Pause) 1283M->56M(2048M) 2.497ms
[2026-10-01T08:58:09.156+0900][555.055s] GC(90) Pause Young (Normal) (G1 Evacuation Pause) 1283M->56M(2048M) 2.693ms
[2026-10-01T08:58:14.684+0900][560.584s] GC(91) Pause Young (Normal) (G1 Evacuation Pause) 1283M->56M(2048M) 2.527ms
[2026-10-01T08:58:20.197+0900][566.096s] GC(92) Pause Young (Normal) (G1 Evacuation Pause) 1283M->56M(2048M) 2.604ms
[2026-10-01T08:58:25.739+0900][571.641s] GC(93) Pause Young (Normal) (G1 Evacuation Pause) 1283M->56M(2048M) 2.615ms
[2026-10-01T08:58:31.350+0900][577.249s] GC(94) Pause Young (Normal) (G1 Evacuation Pause) 1283M->56M(2048M) 2.553ms
[2026-10-01T08:58:36.892+0900][582.791s] GC(95) Pause Young (Normal) (G1 Evacuation Pause) 1283M->56M(2048M) 2.516ms
[2026-10-01T08:58:42.451+0900][588.350s] GC(96) Pause Young (Normal) (G1 Evacuation Pause) 1283M->56M(2048M) 2.515ms
[2026-10-01T08:58:48.011+0900][593.909s] GC(97) Pause Young (Normal) (G1 Evacuation Pause) 1283M->56M(2048M) 2.444ms
[2026-10-01T08:58:53.543+0900][599.442s] GC(98) Pause Young (Normal) (G1 Evacuation Pause) 1283M->56M(2048M) 2.493ms
[2026-10-01T08:58:59.180+0900][605.080s] GC(99) Pause Young (Normal) (G1 Evacuation Pause) 1283M->56M(2048M) 2.590ms
[2026-10-01T08:59:04.854+0900][610.751s] GC(100) Pause Young (Normal) (G1 Evacuation Pause) 1283M->56M(2048M) 2.543ms
[2026-10-01T08:59:10.429+0900][616.331s] GC(101) Pause Young (Normal) (G1 Evacuation Pause) 1283M->56M(2048M) 2.550ms
[2026-10-01T08:59:15.992+0900][621.891s] GC(102) Pause Young (Normal) (G1 Evacuation Pause) 1283M->56M(2048M) 2.413ms
[2026-10-01T08:59:21.530+0900][627.428s] GC(103) Pause Young (Normal) (G1 Evacuation Pause) 1283M->56M(2048M) 2.540ms
[2026-10-01T08:59:27.085+0900][632.984s] GC(104) Pause Young (Normal) (G1 Evacuation Pause) 1283M->56M(2048M) 2.645ms
[2026-10-01T08:59:32.624+0900][638.523s] GC(105) Pause Young (Normal) (G1 Evacuation Pause) 1283M->56M(2048M) 2.522ms
[2026-10-01T08:59:38.229+0900][644.127s] GC(106) Pause Young (Normal) (G1 Evacuation Pause) 1283M->56M(2048M) 2.559ms
[2026-10-01T08:59:43.846+0900][649.745s] GC(107) Pause Young (Normal) (G1 Evacuation Pause) 1283M->56M(2048M) 2.610ms
[2026-10-01T08:59:49.397+0900][655.295s] GC(108) Pause Young (Normal) (G1 Evacuation Pause) 1283M->56M(2048M) 2.498ms
[2026-10-01T08:59:54.936+0900][660.837s] GC(109) Pause Young (Normal) (G1 Evacuation Pause) 1283M->56M(2048M) 2.545ms
[2026-10-01T09:00:00.483+0900][666.382s] GC(110) Pause Young (Normal) (G1 Evacuation Pause) 1283M->56M(2048M) 2.534ms
[2026-10-01T09:00:06.030+0900][671.928s] GC(111) Pause Young (Normal) (G1 Evacuation Pause) 1283M->56M(2048M) 2.311ms
[2026-10-01T09:00:11.619+0900][677.519s] GC(112) Pause Young (Normal) (G1 Evacuation Pause) 1283M->56M(2048M) 2.540ms
[2026-10-01T09:00:17.193+0900][683.091s] GC(113) Pause Young (Normal) (G1 Evacuation Pause) 1283M->56M(2048M) 2.372ms
[2026-10-01T09:00:22.845+0900][688.743s] GC(114) Pause Young (Normal) (G1 Evacuation Pause) 1283M->56M(2048M) 2.497ms
[2026-10-01T09:00:28.381+0900][694.281s] GC(115) Pause Young (Normal) (G1 Evacuation Pause) 1283M->56M(2048M) 2.546ms
[2026-10-01T09:00:33.951+0900][699.853s] GC(116) Pause Young (Normal) (G1 Evacuation Pause) 1283M->56M(2048M) 2.623ms
[2026-10-01T09:00:39.507+0900][705.405s] GC(117) Pause Young (Normal) (G1 Evacuation Pause) 1283M->56M(2048M) 2.490ms
[2026-10-01T09:00:45.097+0900][710.995s] GC(118) Pause Young (Normal) (G1 Evacuation Pause) 1283M->56M(2048M) 2.636ms
[2026-10-01T09:00:50.808+0900][716.708s] GC(119) Pause Young (Normal) (G1 Evacuation Pause) 1283M->56M(2048M) 2.524ms
[2026-10-01T09:00:56.413+0900][722.311s] GC(120) Pause Young (Normal) (G1 Evacuation Pause) 1283M->56M(2048M) 2.490ms
[2026-10-01T09:01:02.006+0900][727.905s] GC(121) Pause Young (Normal) (G1 Evacuation Pause) 1283M->56M(2048M) 2.455ms
[2026-10-01T09:01:07.593+0900][733.492s] GC(122) Pause Young (Normal) (G1 Evacuation Pause) 1283M->56M(2048M) 2.743ms
[2026-10-01T09:01:13.232+0900][739.132s] GC(123) Pause Young (Normal) (G1 Evacuation Pause) 1283M->56M(2048M) 2.491ms
[2026-10-01T09:01:18.775+0900][744.675s] GC(124) Pause Young (Normal) (G1 Evacuation Pause) 1283M->56M(2048M) 2.300ms
[2026-10-01T09:01:24.313+0900][750.215s] GC(125) Pause Young (Normal) (G1 Evacuation Pause) 1283M->56M(2048M) 2.435ms
[2026-10-01T09:01:29.856+0900][755.756s] GC(126) Pause Young (Normal) (G1 Evacuation Pause) 1283M->56M(2048M) 2.621ms
[2026-10-01T09:01:35.468+0900][761.366s] GC(127) Pause Young (Normal) (G1 Evacuation Pause) 1283M->56M(2048M) 2.608ms
[2026-10-01T09:01:41.045+0900][766.943s] GC(128) Pause Young (Normal) (G1 Evacuation Pause) 1283M->56M(2048M) 2.376ms
[2026-10-01T09:01:46.704+0900][772.603s] GC(129) Pause Young (Normal) (G1 Evacuation Pause) 1283M->56M(2048M) 2.589ms
[2026-10-01T09:01:52.327+0900][778.227s] GC(130) Pause Young (Normal) (G1 Evacuation Pause) 1283M->56M(2048M) 2.654ms
[2026-10-01T09:01:57.881+0900][783.781s] GC(131) Pause Young (Normal) (G1 Evacuation Pause) 1283M->56M(2048M) 2.668ms
[2026-10-01T09:02:03.491+0900][789.391s] GC(132) Pause Young (Normal) (G1 Evacuation Pause) 1283M->56M(2048M) 2.546ms
[2026-10-01T09:02:09.043+0900][794.942s] GC(133) Pause Young (Normal) (G1 Evacuation Pause) 1283M->56M(2048M) 2.444ms
[2026-10-01T09:02:14.587+0900][800.485s] GC(134) Pause Young (Normal) (G1 Evacuation Pause) 1283M->56M(2048M) 2.519ms
[2026-10-01T09:02:20.252+0900][806.150s] GC(135) Pause Young (Normal) (G1 Evacuation Pause) 1283M->56M(2048M) 2.465ms
[2026-10-01T09:02:25.724+0900][811.622s] GC(136) Pause Young (Normal) (G1 Evacuation Pause) 1283M->56M(2048M) 2.657ms
[2026-10-01T09:02:31.253+0900][817.152s] GC(137) Pause Young (Normal) (G1 Evacuation Pause) 1283M->56M(2048M) 2.437ms
[2026-10-01T09:02:36.840+0900][822.741s] GC(138) Pause Young (Normal) (G1 Evacuation Pause) 1283M->56M(2048M) 2.580ms
[2026-10-01T09:02:42.402+0900][828.300s] GC(139) Pause Young (Normal) (G1 Evacuation Pause) 1283M->56M(2048M) 2.464ms
[2026-10-01T09:02:47.965+0900][833.864s] GC(140) Pause Young (Normal) (G1 Evacuation Pause) 1283M->56M(2048M) 2.371ms
[2026-10-01T09:02:53.523+0900][839.423s] GC(141) Pause Young (Normal) (G1 Evacuation Pause) 1283M->56M(2048M) 2.484ms
[2026-10-01T09:02:59.205+0900][845.105s] GC(142) Pause Young (Normal) (G1 Evacuation Pause) 1283M->56M(2048M) 2.393ms
[2026-10-01T09:03:04.779+0900][850.677s] GC(143) Pause Young (Normal) (G1 Evacuation Pause) 1283M->56M(2048M) 2.455ms
[2026-10-01T09:03:10.381+0900][856.281s] GC(144) Pause Young (Normal) (G1 Evacuation Pause) 1283M->56M(2048M) 2.436ms
[2026-10-01T09:03:15.925+0900][861.824s] GC(145) Pause Young (Normal) (G1 Evacuation Pause) 1283M->56M(2048M) 2.592ms
[2026-10-01T09:03:21.503+0900][867.403s] GC(146) Pause Young (Normal) (G1 Evacuation Pause) 1283M->56M(2048M) 2.689ms
[2026-10-01T09:03:27.066+0900][872.964s] GC(147) Pause Young (Normal) (G1 Evacuation Pause) 1283M->56M(2048M) 2.643ms
[2026-10-01T09:03:32.708+0900][878.608s] GC(148) Pause Young (Normal) (G1 Evacuation Pause) 1283M->56M(2048M) 2.583ms
[2026-10-01T09:03:38.292+0900][884.192s] GC(149) Pause Young (Normal) (G1 Evacuation Pause) 1283M->56M(2048M) 2.439ms
[2026-10-01T09:03:43.977+0900][889.876s] GC(150) Pause Young (Normal) (G1 Evacuation Pause) 1283M->56M(2048M) 2.588ms
[2026-10-01T09:03:49.601+0900][895.499s] GC(151) Pause Young (Normal) (G1 Evacuation Pause) 1283M->56M(2048M) 2.740ms
[2026-10-01T09:03:55.187+0900][901.085s] GC(152) Pause Young (Normal) (G1 Evacuation Pause) 1283M->56M(2048M) 2.510ms
[2026-10-01T09:04:00.912+0900][906.811s] GC(153) Pause Young (Normal) (G1 Evacuation Pause) 1283M->56M(2048M) 2.402ms
[2026-10-01T09:04:06.480+0900][912.380s] GC(154) Pause Young (Normal) (G1 Evacuation Pause) 1283M->56M(2048M) 2.521ms
[2026-10-01T09:04:12.091+0900][917.989s] GC(155) Pause Young (Normal) (G1 Evacuation Pause) 1283M->56M(2048M) 2.484ms
[2026-10-01T09:04:17.660+0900][923.557s] GC(156) Pause Young (Normal) (G1 Evacuation Pause) 1283M->56M(2048M) 2.420ms
[2026-10-01T09:04:23.235+0900][929.135s] GC(157) Pause Young (Normal) (G1 Evacuation Pause) 1283M->56M(2048M) 2.475ms
[2026-10-01T09:04:28.789+0900][934.688s] GC(158) Pause Young (Normal) (G1 Evacuation Pause) 1283M->56M(2048M) 2.461ms
[2026-10-01T09:04:34.452+0900][940.351s] GC(159) Pause Young (Normal) (G1 Evacuation Pause) 1283M->56M(2048M) 2.512ms
[2026-10-01T09:04:40.109+0900][946.010s] GC(160) Pause Young (Normal) (G1 Evacuation Pause) 1283M->56M(2048M) 2.376ms
[2026-10-01T09:04:45.681+0900][951.579s] GC(161) Pause Young (Normal) (G1 Evacuation Pause) 1283M->56M(2048M) 2.581ms
[2026-10-01T09:04:51.292+0900][957.190s] GC(162) Pause Young (Normal) (G1 Evacuation Pause) 1283M->56M(2048M) 2.560ms
[2026-10-01T09:04:56.831+0900][962.729s] GC(163) Pause Young (Normal) (G1 Evacuation Pause) 1283M->56M(2048M) 2.526ms
[2026-10-01T09:05:02.444+0900][968.344s] GC(164) Pause Young (Normal) (G1 Evacuation Pause) 1283M->56M(2048M) 2.477ms
[2026-10-01T09:05:08.039+0900][973.938s] GC(165) Pause Young (Normal) (G1 Evacuation Pause) 1283M->56M(2048M) 2.478ms
[2026-10-01T09:05:13.628+0900][979.526s] GC(166) Pause Young (Normal) (G1 Evacuation Pause) 1283M->56M(2048M) 2.601ms
[2026-10-01T09:05:19.211+0900][985.110s] GC(167) Pause Young (Normal) (G1 Evacuation Pause) 1283M->56M(2048M) 2.517ms
[2026-10-01T09:05:24.751+0900][990.649s] GC(168) Pause Young (Normal) (G1 Evacuation Pause) 1283M->56M(2048M) 2.420ms
[2026-10-01T09:05:30.408+0900][996.307s] GC(169) Pause Young (Normal) (G1 Evacuation Pause) 1283M->56M(2048M) 2.594ms
[2026-10-01T09:05:36.111+0900][1002.008s] GC(170) Pause Young (Normal) (G1 Evacuation Pause) 1283M->56M(2048M) 2.517ms
[2026-10-01T09:05:41.819+0900][1007.717s] GC(171) Pause Young (Normal) (G1 Evacuation Pause) 1283M->56M(2048M) 2.522ms
[2026-10-01T09:05:47.441+0900][1013.340s] GC(172) Pause Young (Normal) (G1 Evacuation Pause) 1283M->56M(2048M) 2.660ms
[2026-10-01T09:05:53.137+0900][1019.037s] GC(173) Pause Young (Normal) (G1 Evacuation Pause) 1283M->56M(2048M) 2.559ms
