[32m     ✓ status is 2xx[0m

     checks[2m.........................:[0m [36m100.00%[0m [36;2m✓ 2047391[0m     [36;2m✗ 0[0m      
     data_received[2m..................:[0m [36m268 MB[0m  [36;2m297 kB/s[0m
     data_sent[2m......................:[0m [36m479 MB[0m  [36;2m532 kB/s[0m
     http_req_blocked[2m...............:[0m avg=[36m22.2µs[0m   min=[36m0s[0m med=[36m0s[0m      max=[36m21.81ms[0m  p(90)=[36m0s[0m      p(95)=[36m0s[0m      p(99)=[36m517.59µs[0m
     http_req_connecting[2m............:[0m avg=[36m21.21µs[0m  min=[36m0s[0m med=[36m0s[0m      max=[36m21.81ms[0m  p(90)=[36m0s[0m      p(95)=[36m0s[0m      p(99)=[36m0s[0m      
     http_req_duration[2m..............:[0m avg=[36m21.92ms[0m  min=[36m0s[0m med=[36m20.74ms[0m max=[36m187.16ms[0m p(90)=[36m31.35ms[0m p(95)=[36m35.54ms[0m p(99)=[36m46.16ms[0m 
       { expected_response:true }[2m...:[0m avg=[36m21.92ms[0m  min=[36m0s[0m med=[36m20.74ms[0m max=[36m187.16ms[0m p(90)=[36m31.35ms[0m p(95)=[36m35.54ms[0m p(99)=[36m46.16ms[0m 
     http_req_failed[2m................:[0m [36m0.00%[0m   [36;2m✓ 0[0m           [36;2m✗ 2047391[0m
     http_req_receiving[2m.............:[0m avg=[36m194.95µs[0m min=[36m0s[0m med=[36m0s[0m      max=[36m21.78ms[0m  p(90)=[36m750.4µs[0m p(95)=[36m1.12ms[0m  p(99)=[36m2.1ms[0m   
     http_req_sending[2m...............:[0m avg=[36m3.74µs[0m   min=[36m0s[0m med=[36m0s[0m      max=[36m5.17ms[0m   p(90)=[36m0s[0m      p(95)=[36m0s[0m      p(99)=[36m0s[0m      
     http_req_tls_handshaking[2m.......:[0m avg=[36m0s[0m       min=[36m0s[0m med=[36m0s[0m      max=[36m0s[0m       p(90)=[36m0s[0m      p(95)=[36m0s[0m      p(99)=[36m0s[0m      
     http_req_waiting[2m...............:[0m avg=[36m21.72ms[0m  min=[36m0s[0m med=[36m20.53ms[0m max=[36m187.16ms[0m p(90)=[36m31.14ms[0m p(95)=[36m35.32ms[0m p(99)=[36m45.93ms[0m 
     http_reqs[2m......................:[0m [36m2047391[0m [36;2m2274.823125/s[0m
     iteration_duration[2m.............:[0m avg=[36m21.97ms[0m  min=[36m0s[0m med=[36m20.8ms[0m  max=[36m187.16ms[0m p(90)=[36m31.41ms[0m p(95)=[36m35.61ms[0m p(99)=[36m46.22ms[0m 
     iterations[2m.....................:[0m [36m2047391[0m [36;2m2274.823125/s[0m
     reviews_created[2m................:[0m [36m2047391[0m [36;2m2274.823125/s[0m
     reviews_success_duration[2m.......:[0m avg=[36m21.92ms[0m  min=[36m0s[0m med=[36m20.74ms[0m max=[36m187.16ms[0m p(90)=[36m31.35ms[0m p(95)=[36m35.54ms[0m p(99)=[36m46.16ms[0m 
     vus[2m............................:[0m [36m50[0m      [36;2mmin=50[0m        [36;2mmax=50[0m   
     vus_max[2m........................:[0m [36m50[0m      [36;2mmin=50[0m        [36;2mmax=50[0m   