[32m     ✓ status is 2xx[0m

     checks[2m.........................:[0m [36m100.00%[0m [36;2m✓ 12001[0m      [36;2m✗ 0[0m    
     data_received[2m..................:[0m [36m1.6 MB[0m  [36;2m26 kB/s[0m
     data_sent[2m......................:[0m [36m2.8 MB[0m  [36;2m47 kB/s[0m
     http_req_blocked[2m...............:[0m avg=[36m82.47µs[0m min=[36m0s[0m      med=[36m0s[0m     max=[36m76.1ms[0m   p(90)=[36m0s[0m     p(95)=[36m0s[0m     p(99)=[36m682µs[0m  
     http_req_connecting[2m............:[0m avg=[36m82.03µs[0m min=[36m0s[0m      med=[36m0s[0m     max=[36m76.1ms[0m   p(90)=[36m0s[0m     p(95)=[36m0s[0m     p(99)=[36m677µs[0m  
     http_req_duration[2m..............:[0m avg=[36m5.39ms[0m  min=[36m302.2µs[0m med=[36m3.12ms[0m max=[36m473.84ms[0m p(90)=[36m4.16ms[0m p(95)=[36m5.17ms[0m p(99)=[36m48.89ms[0m
       { expected_response:true }[2m...:[0m avg=[36m5.39ms[0m  min=[36m302.2µs[0m med=[36m3.12ms[0m max=[36m473.84ms[0m p(90)=[36m4.16ms[0m p(95)=[36m5.17ms[0m p(99)=[36m48.89ms[0m
     http_req_failed[2m................:[0m [36m0.00%[0m   [36;2m✓ 0[0m          [36;2m✗ 12001[0m
     http_req_receiving[2m.............:[0m avg=[36m1.22ms[0m  min=[36m0s[0m      med=[36m1.1ms[0m  max=[36m50.64ms[0m  p(90)=[36m2.7ms[0m  p(95)=[36m3.01ms[0m p(99)=[36m3.43ms[0m 
     http_req_sending[2m...............:[0m avg=[36m1.16µs[0m  min=[36m0s[0m      med=[36m0s[0m     max=[36m2.64ms[0m   p(90)=[36m0s[0m     p(95)=[36m0s[0m     p(99)=[36m0s[0m     
     http_req_tls_handshaking[2m.......:[0m avg=[36m0s[0m      min=[36m0s[0m      med=[36m0s[0m     max=[36m0s[0m       p(90)=[36m0s[0m     p(95)=[36m0s[0m     p(99)=[36m0s[0m     
     http_req_waiting[2m...............:[0m avg=[36m4.17ms[0m  min=[36m0s[0m      med=[36m1.7ms[0m  max=[36m473.37ms[0m p(90)=[36m3.75ms[0m p(95)=[36m5.01ms[0m p(99)=[36m45.61ms[0m
     http_reqs[2m......................:[0m [36m12001[0m   [36;2m200.005398/s[0m
     iteration_duration[2m.............:[0m avg=[36m5.58ms[0m  min=[36m302.2µs[0m med=[36m3.18ms[0m max=[36m476.19ms[0m p(90)=[36m4.21ms[0m p(95)=[36m5.22ms[0m p(99)=[36m49.96ms[0m
     iterations[2m.....................:[0m [36m12001[0m   [36;2m200.005398/s[0m
     reviews_created[2m................:[0m [36m12001[0m   [36;2m200.005398/s[0m
     reviews_success_duration[2m.......:[0m avg=[36m5.39ms[0m  min=[36m302.2µs[0m med=[36m3.12ms[0m max=[36m473.84ms[0m p(90)=[36m4.16ms[0m p(95)=[36m5.17ms[0m p(99)=[36m48.89ms[0m
     vus[2m............................:[0m [36m0[0m       [36;2mmin=0[0m        [36;2mmax=3[0m  
     vus_max[2m........................:[0m [36m100[0m     [36;2mmin=100[0m      [36;2mmax=100[0m