time="2026-09-26T19:20:39+09:00" level=info msg="[run] 시작 19:20:39 MODE=sync SCENARIO=saturate TAG=P1-p15" source=console
time="2026-09-26T19:23:39+09:00" level=info msg="[run] 종료 19:23:39 TAG=P1-p15" source=console
[32m     ✓ status is 200[0m
[32m     ✓ has order id[0m

     checks[2m.........................:[0m [36m100.00%[0m [36;2m✓ 737042[0m      [36;2m✗ 0[0m     
     data_received[2m..................:[0m [36m48 MB[0m   [36;2m266 kB/s[0m
     data_sent[2m......................:[0m [36m97 MB[0m   [36;2m537 kB/s[0m
     http_req_blocked[2m...............:[0m avg=[36m186.97µs[0m min=[36m0s[0m     med=[36m0s[0m      max=[36m279.31ms[0m p(90)=[36m0s[0m      p(95)=[36m0s[0m      p(99)=[36m2.11ms[0m  
     http_req_connecting[2m............:[0m avg=[36m183.78µs[0m min=[36m0s[0m     med=[36m0s[0m      max=[36m279.31ms[0m p(90)=[36m0s[0m      p(95)=[36m0s[0m      p(99)=[36m1.95ms[0m  
     http_req_duration[2m..............:[0m avg=[36m30.95ms[0m  min=[36m2.93ms[0m med=[36m27.58ms[0m max=[36m352.89ms[0m p(90)=[36m43.03ms[0m p(95)=[36m52.39ms[0m p(99)=[36m123.52ms[0m
       { expected_response:true }[2m...:[0m avg=[36m30.95ms[0m  min=[36m2.93ms[0m med=[36m27.58ms[0m max=[36m352.89ms[0m p(90)=[36m43.03ms[0m p(95)=[36m52.39ms[0m p(99)=[36m123.52ms[0m
     http_req_failed[2m................:[0m [36m0.00%[0m   [36;2m✓ 0[0m           [36;2m✗ 368521[0m
     http_req_receiving[2m.............:[0m avg=[36m89.03µs[0m  min=[36m0s[0m     med=[36m0s[0m      max=[36m70.62ms[0m  p(90)=[36m0s[0m      p(95)=[36m528.9µs[0m p(99)=[36m1.02ms[0m  
     http_req_sending[2m...............:[0m avg=[36m12.17µs[0m  min=[36m0s[0m     med=[36m0s[0m      max=[36m42.79ms[0m  p(90)=[36m0s[0m      p(95)=[36m0s[0m      p(99)=[36m519.1µs[0m 
     http_req_tls_handshaking[2m.......:[0m avg=[36m0s[0m       min=[36m0s[0m     med=[36m0s[0m      max=[36m0s[0m       p(90)=[36m0s[0m      p(95)=[36m0s[0m      p(99)=[36m0s[0m      
     http_req_waiting[2m...............:[0m avg=[36m30.85ms[0m  min=[36m2.51ms[0m med=[36m27.5ms[0m  max=[36m351.88ms[0m p(90)=[36m42.88ms[0m p(95)=[36m52.14ms[0m p(99)=[36m123.25ms[0m
     http_reqs[2m......................:[0m [36m368521[0m  [36;2m2046.592563/s[0m
     iteration_duration[2m.............:[0m avg=[36m31.25ms[0m  min=[36m2.93ms[0m med=[36m27.79ms[0m max=[36m372.94ms[0m p(90)=[36m43.56ms[0m p(95)=[36m53.32ms[0m p(99)=[36m125.38ms[0m
     iterations[2m.....................:[0m [36m368521[0m  [36;2m2046.592563/s[0m
     order_accepted_duration[2m........:[0m avg=[36m30.95ms[0m  min=[36m2.93ms[0m med=[36m27.58ms[0m max=[36m352.89ms[0m p(90)=[36m43.03ms[0m p(95)=[36m52.39ms[0m p(99)=[36m123.52ms[0m
     orders_accepted[2m................:[0m [36m368521[0m  [36;2m2046.592563/s[0m
     vus[2m............................:[0m [36m64[0m      [36;2mmin=64[0m        [36;2mmax=64[0m  
     vus_max[2m........................:[0m [36m64[0m      [36;2mmin=64[0m        [36;2mmax=64[0m  