time="2026-09-26T19:18:44+09:00" level=info msg="[run] 시작 19:18:44 MODE=sync SCENARIO=saturate TAG=P1-p15-warmup" source=console
time="2026-09-26T19:19:44+09:00" level=info msg="[run] 종료 19:19:44 TAG=P1-p15-warmup" source=console
[32m     ✓ status is 200[0m
[32m     ✓ has order id[0m

     checks[2m.........................:[0m [36m100.00%[0m [36;2m✓ 231978[0m      [36;2m✗ 0[0m     
     data_received[2m..................:[0m [36m15 MB[0m   [36;2m252 kB/s[0m
     data_sent[2m......................:[0m [36m31 MB[0m   [36;2m507 kB/s[0m
     http_req_blocked[2m...............:[0m avg=[36m163.03µs[0m min=[36m0s[0m     med=[36m0s[0m      max=[36m264.42ms[0m p(90)=[36m0s[0m      p(95)=[36m0s[0m       p(99)=[36m2.94ms[0m  
     http_req_connecting[2m............:[0m avg=[36m159.5µs[0m  min=[36m0s[0m     med=[36m0s[0m      max=[36m264.42ms[0m p(90)=[36m0s[0m      p(95)=[36m0s[0m       p(99)=[36m2.69ms[0m  
     http_req_duration[2m..............:[0m avg=[36m32.81ms[0m  min=[36m3.06ms[0m med=[36m26.88ms[0m max=[36m1.64s[0m    p(90)=[36m47.92ms[0m p(95)=[36m62.99ms[0m  p(99)=[36m155.77ms[0m
       { expected_response:true }[2m...:[0m avg=[36m32.81ms[0m  min=[36m3.06ms[0m med=[36m26.88ms[0m max=[36m1.64s[0m    p(90)=[36m47.92ms[0m p(95)=[36m62.99ms[0m  p(99)=[36m155.77ms[0m
     http_req_failed[2m................:[0m [36m0.00%[0m   [36;2m✓ 0[0m           [36;2m✗ 115989[0m
     http_req_receiving[2m.............:[0m avg=[36m104.82µs[0m min=[36m0s[0m     med=[36m0s[0m      max=[36m51.31ms[0m  p(90)=[36m0s[0m      p(95)=[36m550.05µs[0m p(99)=[36m1.23ms[0m  
     http_req_sending[2m...............:[0m avg=[36m15.81µs[0m  min=[36m0s[0m     med=[36m0s[0m      max=[36m29.44ms[0m  p(90)=[36m0s[0m      p(95)=[36m0s[0m       p(99)=[36m540.1µs[0m 
     http_req_tls_handshaking[2m.......:[0m avg=[36m0s[0m       min=[36m0s[0m     med=[36m0s[0m      max=[36m0s[0m       p(90)=[36m0s[0m      p(95)=[36m0s[0m       p(99)=[36m0s[0m      
     http_req_waiting[2m...............:[0m avg=[36m32.69ms[0m  min=[36m2.79ms[0m med=[36m26.78ms[0m max=[36m1.64s[0m    p(90)=[36m47.67ms[0m p(95)=[36m62.83ms[0m  p(99)=[36m155.77ms[0m
     http_reqs[2m......................:[0m [36m115989[0m  [36;2m1931.645911/s[0m
     iteration_duration[2m.............:[0m avg=[36m33.1ms[0m   min=[36m3.2ms[0m  med=[36m27.11ms[0m max=[36m1.65s[0m    p(90)=[36m48.43ms[0m p(95)=[36m63.97ms[0m  p(99)=[36m156.37ms[0m
     iterations[2m.....................:[0m [36m115989[0m  [36;2m1931.645911/s[0m
     order_accepted_duration[2m........:[0m avg=[36m32.81ms[0m  min=[36m3.06ms[0m med=[36m26.88ms[0m max=[36m1.64s[0m    p(90)=[36m47.92ms[0m p(95)=[36m62.99ms[0m  p(99)=[36m155.77ms[0m
     orders_accepted[2m................:[0m [36m115989[0m  [36;2m1931.645911/s[0m
     vus[2m............................:[0m [36m64[0m      [36;2mmin=64[0m        [36;2mmax=64[0m  
     vus_max[2m........................:[0m [36m64[0m      [36;2mmin=64[0m        [36;2mmax=64[0m  