time="2026-09-30T11:56:55+09:00" level=info msg="[run] 시작 11:56:55 MODE=async TAG=FLASH-warmup PROMOTION_ID=2" source=console
time="2026-09-30T11:56:55+09:00" level=info msg="[flash] 시도 11:57:00 ~ 11:57:55 (최고 초당 1000건), 관찰 끝 11:58:00" source=console
time="2026-09-30T11:58:00+09:00" level=info msg="[run] 종료 11:58:00 TAG=FLASH-warmup" source=console
     base_accepted[2m..................:[0m [36m2601[0m   [36;2m40.002217/s[0m
     base_accepted_duration[2m.........:[0m avg=[36m27.03ms[0m min=[36m0s[0m med=[36m539.5µs[0m max=[36m2.5s[0m    p(90)=[36m64.18ms[0m p(95)=[36m150.48ms[0m p(99)=[36m441.36ms[0m
     data_received[2m..................:[0m [36m7.7 MB[0m [36;2m118 kB/s[0m
     data_sent[2m......................:[0m [36m16 MB[0m  [36;2m240 kB/s[0m
     http_req_blocked[2m...............:[0m avg=[36m21.77µs[0m min=[36m0s[0m med=[36m0s[0m      max=[36m68.01ms[0m p(90)=[36m0s[0m      p(95)=[36m0s[0m       p(99)=[36m526.59µs[0m
     http_req_connecting[2m............:[0m avg=[36m21.47µs[0m min=[36m0s[0m med=[36m0s[0m      max=[36m68.01ms[0m p(90)=[36m0s[0m      p(95)=[36m0s[0m       p(99)=[36m525.21µs[0m
     http_req_duration[2m..............:[0m avg=[36m35.52ms[0m min=[36m0s[0m med=[36m516.8µs[0m max=[36m9.6s[0m    p(90)=[36m91.92ms[0m p(95)=[36m179.65ms[0m p(99)=[36m668.67ms[0m
       { expected_response:true }[2m...:[0m avg=[36m35.52ms[0m min=[36m0s[0m med=[36m516.8µs[0m max=[36m9.6s[0m    p(90)=[36m91.92ms[0m p(95)=[36m179.65ms[0m p(99)=[36m668.67ms[0m
     http_req_failed[2m................:[0m [36m0.00%[0m  [36;2m✓ 0[0m          [36;2m✗ 55091[0m
     http_req_receiving[2m.............:[0m avg=[36m63.35µs[0m min=[36m0s[0m med=[36m0s[0m      max=[36m10.3ms[0m  p(90)=[36m508µs[0m   p(95)=[36m515.7µs[0m  p(99)=[36m653.83µs[0m
     http_req_sending[2m...............:[0m avg=[36m1.47µs[0m  min=[36m0s[0m med=[36m0s[0m      max=[36m15.24ms[0m p(90)=[36m0s[0m      p(95)=[36m0s[0m       p(99)=[36m0s[0m      
     http_req_tls_handshaking[2m.......:[0m avg=[36m0s[0m      min=[36m0s[0m med=[36m0s[0m      max=[36m0s[0m      p(90)=[36m0s[0m      p(95)=[36m0s[0m       p(99)=[36m0s[0m      
     http_req_waiting[2m...............:[0m avg=[36m35.45ms[0m min=[36m0s[0m med=[36m514.1µs[0m max=[36m9.6s[0m    p(90)=[36m91.88ms[0m p(95)=[36m179.47ms[0m p(99)=[36m668.67ms[0m
     http_reqs[2m......................:[0m [36m55091[0m  [36;2m847.274953/s[0m
     iteration_duration[2m.............:[0m avg=[36m35.59ms[0m min=[36m0s[0m med=[36m518.5µs[0m max=[36m9.6s[0m    p(90)=[36m92.05ms[0m p(95)=[36m179.65ms[0m p(99)=[36m668.67ms[0m
     iterations[2m.....................:[0m [36m55091[0m  [36;2m847.274953/s[0m
     promo_success[2m..................:[0m [36m52490[0m  [36;2m807.272736/s[0m
     promo_success_duration[2m.........:[0m avg=[36m35.94ms[0m min=[36m0s[0m med=[36m516.4µs[0m max=[36m9.6s[0m    p(90)=[36m93.38ms[0m p(95)=[36m181.93ms[0m p(99)=[36m673.71ms[0m
     vus[2m............................:[0m [36m0[0m      [36;2mmin=0[0m        [36;2mmax=326[0m
     vus_max[2m........................:[0m [36m550[0m    [36;2mmin=550[0m      [36;2mmax=550[0m