time="2026-09-27T20:04:47+09:00" level=info msg="[run] 시작 20:04:47 MODE=async SCENARIO=fixed TAG=P2-p20-k20" source=console
time="2026-09-27T20:07:47+09:00" level=info msg="[run] 종료 20:07:47 TAG=P2-p20-k20" source=console
[31m     ✗ status is 202
      ↳  97% — ✓ 528987 / ✗ 10956[0m
[31m     ✗ has sse location
      ↳  97% — ✓ 528987 / ✗ 10956[0m

     checks[2m.........................:[0m [36m97.97%[0m [36;2m✓ 1057974[0m     [36;2m✗ 21912[0m 
     data_received[2m..................:[0m [36m76 MB[0m  [36;2m419 kB/s[0m
     data_sent[2m......................:[0m [36m145 MB[0m [36;2m805 kB/s[0m
     dropped_iterations[2m.............:[0m [36m57[0m     [36;2m0.316549/s[0m
     http_req_blocked[2m...............:[0m avg=[36m374.16µs[0m min=[36m0s[0m med=[36m0s[0m      max=[36m81.97ms[0m  p(90)=[36m0s[0m      p(95)=[36m0s[0m      p(99)=[36m14.23ms[0m
     http_req_connecting[2m............:[0m avg=[36m373.35µs[0m min=[36m0s[0m med=[36m0s[0m      max=[36m81.26ms[0m  p(90)=[36m0s[0m      p(95)=[36m0s[0m      p(99)=[36m14.21ms[0m
     http_req_duration[2m..............:[0m avg=[36m12.13ms[0m  min=[36m0s[0m med=[36m9.97ms[0m  max=[36m181.29ms[0m p(90)=[36m22.35ms[0m p(95)=[36m29.43ms[0m p(99)=[36m51ms[0m   
       { expected_response:true }[2m...:[0m avg=[36m12.07ms[0m  min=[36m0s[0m med=[36m9.97ms[0m  max=[36m181.29ms[0m p(90)=[36m22.08ms[0m p(95)=[36m28.94ms[0m p(99)=[36m50.01ms[0m
     http_req_failed[2m................:[0m [36m2.02%[0m  [36;2m✓ 10956[0m       [36;2m✗ 528987[0m
     http_req_receiving[2m.............:[0m avg=[36m21.96µs[0m  min=[36m0s[0m med=[36m0s[0m      max=[36m16.51ms[0m  p(90)=[36m0s[0m      p(95)=[36m0s[0m      p(99)=[36m559.6µs[0m
     http_req_sending[2m...............:[0m avg=[36m2.24µs[0m   min=[36m0s[0m med=[36m0s[0m      max=[36m8.56ms[0m   p(90)=[36m0s[0m      p(95)=[36m0s[0m      p(99)=[36m0s[0m     
     http_req_tls_handshaking[2m.......:[0m avg=[36m0s[0m       min=[36m0s[0m med=[36m0s[0m      max=[36m0s[0m       p(90)=[36m0s[0m      p(95)=[36m0s[0m      p(99)=[36m0s[0m     
     http_req_waiting[2m...............:[0m avg=[36m12.11ms[0m  min=[36m0s[0m med=[36m9.95ms[0m  max=[36m181.29ms[0m p(90)=[36m22.33ms[0m p(95)=[36m29.41ms[0m p(99)=[36m50.95ms[0m
     http_reqs[2m......................:[0m [36m539943[0m [36;2m2998.569551/s[0m
     iteration_duration[2m.............:[0m avg=[36m12.56ms[0m  min=[36m0s[0m med=[36m10.09ms[0m max=[36m231.58ms[0m p(90)=[36m23.28ms[0m p(95)=[36m31.28ms[0m p(99)=[36m56.25ms[0m
     iterations[2m.....................:[0m [36m539943[0m [36;2m2998.569551/s[0m
     order_accepted_duration[2m........:[0m avg=[36m12.07ms[0m  min=[36m0s[0m med=[36m9.97ms[0m  max=[36m181.29ms[0m p(90)=[36m22.08ms[0m p(95)=[36m28.94ms[0m p(99)=[36m50.01ms[0m
     order_rejected_duration[2m........:[0m avg=[36m15.07ms[0m  min=[36m0s[0m med=[36m10.08ms[0m max=[36m120.56ms[0m p(90)=[36m37.58ms[0m p(95)=[36m49.13ms[0m p(99)=[36m73.71ms[0m
     orders_accepted[2m................:[0m [36m528987[0m [36;2m2937.725484/s[0m
     orders_rejected[2m................:[0m [36m10956[0m  [36;2m60.844067/s[0m
     vus[2m............................:[0m [36m57[0m     [36;2mmin=3[0m         [36;2mmax=169[0m 
     vus_max[2m........................:[0m [36m339[0m    [36;2mmin=339[0m       [36;2mmax=339[0m 