time="2026-09-26T17:47:59+09:00" level=info msg="[run] 시작 17:47:59 MODE=sync SCENARIO=saturate TAG=P1-p15" source=console
time="2026-09-26T17:50:59+09:00" level=info msg="[run] 종료 17:50:59 TAG=P1-p15" source=console
[32m     ✓ status is 200[0m
[32m     ✓ has order id[0m

     checks[2m.........................:[0m [36m100.00%[0m [36;2m✓ 936686[0m      [36;2m✗ 0[0m     
     data_received[2m..................:[0m [36m61 MB[0m   [36;2m338 kB/s[0m
     data_sent[2m......................:[0m [36m123 MB[0m  [36;2m683 kB/s[0m
     http_req_blocked[2m...............:[0m avg=[36m99.32µs[0m  min=[36m0s[0m     med=[36m0s[0m      max=[36m191.25ms[0m p(90)=[36m0s[0m       p(95)=[36m0s[0m      p(99)=[36m1.51ms[0m  
     http_req_connecting[2m............:[0m avg=[36m93.42µs[0m  min=[36m0s[0m     med=[36m0s[0m      max=[36m191.25ms[0m p(90)=[36m0s[0m       p(95)=[36m0s[0m      p(99)=[36m969.72µs[0m
     http_req_duration[2m..............:[0m avg=[36m24.27ms[0m  min=[36m2ms[0m    med=[36m21.66ms[0m max=[36m204.39ms[0m p(90)=[36m32.88ms[0m  p(95)=[36m40.81ms[0m p(99)=[36m92.74ms[0m 
       { expected_response:true }[2m...:[0m avg=[36m24.27ms[0m  min=[36m2ms[0m    med=[36m21.66ms[0m max=[36m204.39ms[0m p(90)=[36m32.88ms[0m  p(95)=[36m40.81ms[0m p(99)=[36m92.74ms[0m 
     http_req_failed[2m................:[0m [36m0.00%[0m   [36;2m✓ 0[0m           [36;2m✗ 468343[0m
     http_req_receiving[2m.............:[0m avg=[36m155.41µs[0m min=[36m0s[0m     med=[36m0s[0m      max=[36m119.87ms[0m p(90)=[36m505.29µs[0m p(95)=[36m719µs[0m   p(99)=[36m1.83ms[0m  
     http_req_sending[2m...............:[0m avg=[36m22.57µs[0m  min=[36m0s[0m     med=[36m0s[0m      max=[36m112.95ms[0m p(90)=[36m0s[0m       p(95)=[36m0s[0m      p(99)=[36m577.3µs[0m 
     http_req_tls_handshaking[2m.......:[0m avg=[36m0s[0m       min=[36m0s[0m     med=[36m0s[0m      max=[36m0s[0m       p(90)=[36m0s[0m       p(95)=[36m0s[0m      p(99)=[36m0s[0m      
     http_req_waiting[2m...............:[0m avg=[36m24.09ms[0m  min=[36m2ms[0m    med=[36m21.53ms[0m max=[36m203.99ms[0m p(90)=[36m32.64ms[0m  p(95)=[36m40.36ms[0m p(99)=[36m92.38ms[0m 
     http_reqs[2m......................:[0m [36m468343[0m  [36;2m2600.886592/s[0m
     iteration_duration[2m.............:[0m avg=[36m24.58ms[0m  min=[36m2.99ms[0m med=[36m21.85ms[0m max=[36m322.06ms[0m p(90)=[36m33.33ms[0m  p(95)=[36m41.47ms[0m p(99)=[36m94.53ms[0m 
     iterations[2m.....................:[0m [36m468343[0m  [36;2m2600.886592/s[0m
     order_accepted_duration[2m........:[0m avg=[36m24.27ms[0m  min=[36m2ms[0m    med=[36m21.66ms[0m max=[36m204.39ms[0m p(90)=[36m32.88ms[0m  p(95)=[36m40.81ms[0m p(99)=[36m92.74ms[0m 
     orders_accepted[2m................:[0m [36m468343[0m  [36;2m2600.886592/s[0m
     vus[2m............................:[0m [36m64[0m      [36;2mmin=64[0m        [36;2mmax=64[0m  
     vus_max[2m........................:[0m [36m64[0m      [36;2mmin=64[0m        [36;2mmax=64[0m  