[06:07:35] === 리뷰 revpilot 시작: 회차 3개 (before sync async, 폴더 1번부터), 휴식 180초, closed VUS 50, SHOP_POOL 3, 1m ===
lock_deadlocks	enabled
innodb_print_all_deadlocks	0
노트북 CPU 기록 시작 pid=9220 rc=0
[06:07:40] 전원 상태 [1회차 기동 전] = 2 98 (첫 값 2 = 충전기)
서버 기동 요청 P=20  rc=0 pid=10720
[06:07:51] 서버 준비 완료 (풀 20.0, 3회 확인)
서버 커넥션 풀 = 20.0 (기대 20), 리뷰 통계 워커 = 10.0 (기대 10), 설계 = before
[1/1 06:08:08] 부하 전 노트북 CPU 평균 = 0.015 (기준 0.15 미만) / 데스크톱 = 4.1% (기준 30% 미만)
워밍업 종료 06:09:09 exit=0 (open 초당 200건, SHOP_POOL 1000)
워밍업 k6 연결 실패 0건
통계 작업 소진 (queued=0.0 active=0.0, 2초 이내)
reviews	orders	order_menus	stats_not_zero
0	0	0	0
shops_stats_not_zero	0
innodb_print_all_deadlocks	1
[06:09:12] 전원 상태 [1회차 측정 전] = 2 98 (첫 값 2 = 충전기)
서버 커넥션 풀 = 20.0 (기대 20), 리뷰 통계 워커 = 10.0 (기대 10), 설계 = before
[1/8 06:09:29] 부하 전 노트북 CPU 평균 = 0.045 (기준 0.15 미만) / 데스크톱 = 12.9% (기준 30% 미만)
본측정 시작 06:09:29 (설계 before, closed VUS 50, SHOP_POOL 3, 1m)
본측정 종료 06:10:30 exit=0
측정 k6 연결 실패 0건
통계 작업 소진 (queued=0.0 active=0.0, 2초 이내)
측정 중 데스크톱 CPU 평균 24.8% / 최대 32.1% / 80% 이상 최장 연속 0표본 → 통과
innodb_print_all_deadlocks	0
[06:11:07] 정합성: reviews 2117|v4a_rows_deficit_excess 3 873 0|v4c_avg_rows 0|
[06:11:08] 전원 상태 [1회차 측정 후] = 2 98 (첫 값 2 = 충전기)
서버 종료 pid=11544
서버 종료 pid=14956
== 01-before  (설계 before)
  요청 9,228건 (60초): 성공(2xx) 2,117 · 5xx 7,111 · 그 밖 0 | 처리량 35건/s
  성공 응답 ms (평균 / 중앙값 / p95 / p99 / 최대): 310.6 / 319.2 / 465.2 / 525.0 / 637  → p95 ≤ 500ms ✓
  MySQL: 교착 7,111건, 행 잠금 대기 16,379회 / 813.7초, 커밋 2,117 · 롤백 7,111, 요청당 명령 6.00
  원본 리뷰 2,117건 vs 성공 응답 2,117건 → 일치 ✓
  ① 정합성(shops 통계 vs 리뷰): 불일치 가게 3곳, 통계 부족 873건 · 초과 0건, 평균 불일치 0곳
  최근 교착의 잠금 대상: shops.PRIMARY (잠금 종류 S·X)
  통계 갱신 거절 0건 · 실패 0건
  커넥션 점유 평균 19.9개, 커넥션 획득 대기 평균 192.7ms
  노트북 CPU 21.3% (mysqld 14.8 / java 4.5), 클럭 130%, TCP 재전송 0/s
  데스크톱 CPU 평균 24.8% / 최대 32.1% → 유효
  GC 멈춤 20회(워밍업 포함), 최대 22ms
[06:11:12] 회차 완료 1/3 (before)
[06:11:12] [2/3 sync] 전 휴식 173초 (끝 06:14:05)
[06:14:06] 전원 상태 [2회차 기동 전] = 2 98 (첫 값 2 = 충전기)
서버 기동 요청 P=20 --omp.review.stats.mode=sync rc=0 pid=15064
[06:14:17] 서버 준비 완료 (풀 20.0, 3회 확인)
서버 커넥션 풀 = 20.0 (기대 20), 리뷰 통계 워커 = 10.0 (기대 10), 설계 = sync
[1/1 06:14:34] 부하 전 노트북 CPU 평균 = 0.020 (기준 0.15 미만) / 데스크톱 = 13.8% (기준 30% 미만)
워밍업 종료 06:15:35 exit=0 (open 초당 200건, SHOP_POOL 1000)
워밍업 k6 연결 실패 0건
통계 작업 소진 (queued=0.0 active=0.0, 2초 이내)
reviews	orders	order_menus	stats_not_zero
0	0	0	0
[06:15:37] 전원 상태 [2회차 측정 전] = 2 98 (첫 값 2 = 충전기)
서버 커넥션 풀 = 20.0 (기대 20), 리뷰 통계 워커 = 10.0 (기대 10), 설계 = sync
[1/8 06:15:54] 부하 전 노트북 CPU 평균 = 0.044 (기준 0.15 미만) / 데스크톱 = 5.4% (기준 30% 미만)
본측정 시작 06:15:54 (설계 sync, closed VUS 50, SHOP_POOL 3, 1m)
본측정 종료 06:16:55 exit=0
측정 k6 연결 실패 0건
통계 작업 소진 (queued=0.0 active=0.0, 2초 이내)
측정 중 데스크톱 CPU 평균 29.4% / 최대 39.2% / 80% 이상 최장 연속 0표본 → 통과
[06:17:31] 정합성: reviews 135358|v2_rows_deficit_excess 0 0 0|v2b_rows_reviews 0 0|v2c_avg_rows 0|
[06:17:32] 전원 상태 [2회차 측정 후] = 2 98 (첫 값 2 = 충전기)
서버 종료 pid=5788
서버 종료 pid=3316
== 02-sync  (설계 sync)
  요청 135,358건 (60초): 성공(2xx) 135,358 · 5xx 0 · 그 밖 0 | 처리량 2,255건/s
  성공 응답 ms (평균 / 중앙값 / p95 / p99 / 최대): 22.1 / 20.7 / 37.4 / 50.0 / 185  → p95 ≤ 500ms ✓
  MySQL: 교착 0건, 행 잠금 대기 124,338회 / 826.6초, 커밋 135,358 · 롤백 0, 요청당 명령 6.00
  원본 리뷰 135,358건 vs 성공 응답 135,358건 → 일치 ✓
  통계 정합성(verify 2·2-b·2-c): 불일치 가게 0곳(부족 0건 · 초과 0건), 통계 행 없는 가게 0곳(0건), 평균 불일치 0곳 → 일치 ✓
  통계 갱신 거절 0건 · 실패 0건
  커넥션 점유 평균 18.7개, 커넥션 획득 대기 평균 11.2ms
  노트북 CPU 80.4% (mysqld 51.7 / java 22.0), 클럭 101%, TCP 재전송 0/s
  데스크톱 CPU 평균 29.4% / 최대 39.2% → 유효
  GC 멈춤 30회(워밍업 포함), 최대 23ms
[06:17:35] 회차 완료 2/3 (sync)
[06:17:35] [3/3 async] 전 휴식 174초 (끝 06:20:29)
[06:20:30] 전원 상태 [3회차 기동 전] = 2 98 (첫 값 2 = 충전기)
서버 기동 요청 P=20 --omp.review.stats.mode=async rc=0 pid=5012
[06:20:41] 서버 준비 완료 (풀 20.0, 3회 확인)
서버 커넥션 풀 = 20.0 (기대 20), 리뷰 통계 워커 = 10.0 (기대 10), 설계 = async
[1/1 06:20:58] 부하 전 노트북 CPU 평균 = 0.016 (기준 0.15 미만) / 데스크톱 = 5.4% (기준 30% 미만)
워밍업 종료 06:21:59 exit=0 (open 초당 200건, SHOP_POOL 1000)
워밍업 k6 연결 실패 0건
통계 작업 소진 (queued=0.0 active=0.0, 2초 이내)
reviews	orders	order_menus	stats_not_zero
0	0	0	0
[06:22:01] 전원 상태 [3회차 측정 전] = 2 98 (첫 값 2 = 충전기)
서버 커넥션 풀 = 20.0 (기대 20), 리뷰 통계 워커 = 10.0 (기대 10), 설계 = async
[1/8 06:22:18] 부하 전 노트북 CPU 평균 = 0.048 (기준 0.15 미만) / 데스크톱 = 4.6% (기준 30% 미만)
본측정 시작 06:22:18 (설계 async, closed VUS 50, SHOP_POOL 3, 1m)
본측정 종료 06:23:18 exit=0
측정 k6 연결 실패 0건
통계 작업 소진 (queued=0.0 active=0.0, 4초 이내)
측정 중 데스크톱 CPU 평균 29.4% / 최대 38.9% / 80% 이상 최장 연속 0표본 → 통과
[06:23:55] 정합성: reviews 168950|v2_rows_deficit_excess 3 101127 0|v2b_rows_reviews 0 0|v2c_avg_rows 0|
[06:23:56] 전원 상태 [3회차 측정 후] = 2 98 (첫 값 2 = 충전기)
서버 종료 pid=10976
서버 종료 pid=4452
== 03-async  (설계 async)
  요청 168,950건 (60초): 성공(2xx) 168,950 · 5xx 0 · 그 밖 0 | 처리량 2,815건/s
  성공 응답 ms (평균 / 중앙값 / p95 / p99 / 최대): 17.7 / 15.6 / 34.1 / 50.4 / 174  → p95 ≤ 500ms ✓
  MySQL: 교착 0건, 행 잠금 대기 55,242회 / 299.5초, 커밋 236,773 · 롤백 0, 요청당 명령 6.61
  원본 리뷰 168,950건 vs 성공 응답 168,950건 → 일치 ✓
  통계 정합성(verify 2·2-b·2-c): 불일치 가게 3곳(부족 101,127건 · 초과 0건), 통계 행 없는 가게 0곳(0건), 평균 불일치 0곳 → 불일치 ✗
  통계 갱신 거절 101,127건 · 실패 0건 | 통계 반영 지연(커밋 → 통계 커밋, 67,823건): 평균 1,768.4ms, p95 ≈ 2,423ms, p99 ≈ 2,485ms
  커넥션 점유 평균 17.0개, 커넥션 획득 대기 평균 5.9ms
  노트북 CPU 80.0% (mysqld 49.0 / java 25.3), 클럭 102%, TCP 재전송 0/s
  데스크톱 CPU 평균 29.4% / 최대 38.9% → 유효
  GC 멈춤 30회(워밍업 포함), 최대 19ms
[06:23:59] 회차 완료 3/3 (async)
노트북 CPU 기록 종료 pid=9220
[06:24:00] 노트북 CPU 기록 → benchmark/results/2026-10-01-REVIEW-pilot/laptop-cpu-revpilot.csv
[06:24:00] === 리뷰 revpilot 끝 ===
