time="2026-10-01T11:18:06+09:00" level=info msg="[run] 시작 11:18:06 MODE=async SCENARIO=fixed TAG=B-async" source=console
time="2026-10-01T11:33:06+09:00" level=info msg="[run] 종료 11:33:06 TAG=B-async" source=console
[32m     ✓ status is 202[0m
[32m     ✓ has sse location[0m

   [32m✓[0m checks[2m.........................:[0m [36m100.00%[0m [36;2m✓ 72002[0m     [36;2m✗ 0[0m    
     data_received[2m..................:[0m [36m5.0 MB[0m  [36;2m5.6 kB/s[0m
     data_sent[2m......................:[0m [36m9.7 MB[0m  [36;2m11 kB/s[0m
     http_req_blocked[2m...............:[0m avg=[36m19.95µs[0m  min=[36m0s[0m med=[36m0s[0m      max=[36m5.08ms[0m  p(90)=[36m0s[0m      p(95)=[36m0s[0m     p(99)=[36m1.18ms[0m
     http_req_connecting[2m............:[0m avg=[36m18.42µs[0m  min=[36m0s[0m med=[36m0s[0m      max=[36m3.61ms[0m  p(90)=[36m0s[0m      p(95)=[36m0s[0m     p(99)=[36m1.09ms[0m
   [32m✓[0m http_req_duration[2m..............:[0m avg=[36m1.35ms[0m   min=[36m0s[0m med=[36m1.42ms[0m  max=[36m15.79ms[0m p(90)=[36m1.67ms[0m  p(95)=[36m1.8ms[0m  p(99)=[36m2.16ms[0m
       { expected_response:true }[2m...:[0m avg=[36m1.35ms[0m   min=[36m0s[0m med=[36m1.42ms[0m  max=[36m15.79ms[0m p(90)=[36m1.67ms[0m  p(95)=[36m1.8ms[0m  p(99)=[36m2.16ms[0m
   [32m✓[0m http_req_failed[2m................:[0m [36m0.00%[0m   [36;2m✓ 0[0m         [36;2m✗ 36001[0m
     http_req_receiving[2m.............:[0m avg=[36m442.05µs[0m min=[36m0s[0m med=[36m553.3µs[0m max=[36m3.67ms[0m  p(90)=[36m904.9µs[0m p(95)=[36m1ms[0m    p(99)=[36m1.23ms[0m
     http_req_sending[2m...............:[0m avg=[36m3.4µs[0m    min=[36m0s[0m med=[36m0s[0m      max=[36m1.21ms[0m  p(90)=[36m0s[0m      p(95)=[36m0s[0m     p(99)=[36m0s[0m    
     http_req_tls_handshaking[2m.......:[0m avg=[36m0s[0m       min=[36m0s[0m med=[36m0s[0m      max=[36m0s[0m      p(90)=[36m0s[0m      p(95)=[36m0s[0m     p(99)=[36m0s[0m    
     http_req_waiting[2m...............:[0m avg=[36m908.44µs[0m min=[36m0s[0m med=[36m735.5µs[0m max=[36m15.79ms[0m p(90)=[36m1.46ms[0m  p(95)=[36m1.55ms[0m p(99)=[36m1.77ms[0m
     http_reqs[2m......................:[0m [36m36001[0m   [36;2m40.000372/s[0m
     iteration_duration[2m.............:[0m avg=[36m1.42ms[0m   min=[36m0s[0m med=[36m1.45ms[0m  max=[36m15.79ms[0m p(90)=[36m1.74ms[0m  p(95)=[36m1.94ms[0m p(99)=[36m2.6ms[0m 
     iterations[2m.....................:[0m [36m36001[0m   [36;2m40.000372/s[0m
     order_accepted_duration[2m........:[0m avg=[36m1.35ms[0m   min=[36m0s[0m med=[36m1.42ms[0m  max=[36m15.79ms[0m p(90)=[36m1.67ms[0m  p(95)=[36m1.8ms[0m  p(99)=[36m2.16ms[0m
     orders_accepted[2m................:[0m [36m36001[0m   [36;2m40.000372/s[0m
     vus[2m............................:[0m [36m0[0m       [36;2mmin=0[0m       [36;2mmax=0[0m  
     vus_max[2m........................:[0m [36m300[0m     [36;2mmin=300[0m     [36;2mmax=300[0m