time="2026-10-01T11:16:46+09:00" level=info msg="[run] 시작 11:16:46 MODE=async SCENARIO=fixed TAG=B-warmup" source=console
time="2026-10-01T11:17:46+09:00" level=info msg="[run] 종료 11:17:46 TAG=B-warmup" source=console
[32m     ✓ status is 202[0m
[32m     ✓ has sse location[0m

     checks[2m.........................:[0m [36m100.00%[0m [36;2m✓ 60002[0m      [36;2m✗ 0[0m    
     data_received[2m..................:[0m [36m4.2 MB[0m  [36;2m70 kB/s[0m
     data_sent[2m......................:[0m [36m8.1 MB[0m  [36;2m134 kB/s[0m
     http_req_blocked[2m...............:[0m avg=[36m66.9µs[0m  min=[36m0s[0m med=[36m0s[0m       max=[36m21.49ms[0m p(90)=[36m0s[0m      p(95)=[36m0s[0m      p(99)=[36m512.8µs[0m 
     http_req_connecting[2m............:[0m avg=[36m66.38µs[0m min=[36m0s[0m med=[36m0s[0m       max=[36m21.49ms[0m p(90)=[36m0s[0m      p(95)=[36m0s[0m      p(99)=[36m509.7µs[0m 
     http_req_duration[2m..............:[0m avg=[36m6.31ms[0m  min=[36m0s[0m med=[36m592.19µs[0m max=[36m1.56s[0m   p(90)=[36m1.33ms[0m  p(95)=[36m21.96ms[0m p(99)=[36m133.17ms[0m
       { expected_response:true }[2m...:[0m avg=[36m6.31ms[0m  min=[36m0s[0m med=[36m592.19µs[0m max=[36m1.56s[0m   p(90)=[36m1.33ms[0m  p(95)=[36m21.96ms[0m p(99)=[36m133.17ms[0m
     http_req_failed[2m................:[0m [36m0.00%[0m   [36;2m✓ 0[0m          [36;2m✗ 30001[0m
     http_req_receiving[2m.............:[0m avg=[36m82.59µs[0m min=[36m0s[0m med=[36m0s[0m       max=[36m2.76ms[0m  p(90)=[36m571.1µs[0m p(95)=[36m603.4µs[0m p(99)=[36m710.7µs[0m 
     http_req_sending[2m...............:[0m avg=[36m1.22µs[0m  min=[36m0s[0m med=[36m0s[0m       max=[36m1.51ms[0m  p(90)=[36m0s[0m      p(95)=[36m0s[0m      p(99)=[36m0s[0m      
     http_req_tls_handshaking[2m.......:[0m avg=[36m0s[0m      min=[36m0s[0m med=[36m0s[0m       max=[36m0s[0m      p(90)=[36m0s[0m      p(95)=[36m0s[0m      p(99)=[36m0s[0m      
     http_req_waiting[2m...............:[0m avg=[36m6.23ms[0m  min=[36m0s[0m med=[36m577.09µs[0m max=[36m1.56s[0m   p(90)=[36m1.17ms[0m  p(95)=[36m21.96ms[0m p(99)=[36m133.17ms[0m
     http_reqs[2m......................:[0m [36m30001[0m   [36;2m499.911963/s[0m
     iteration_duration[2m.............:[0m avg=[36m6.47ms[0m  min=[36m0s[0m med=[36m599.6µs[0m  max=[36m1.56s[0m   p(90)=[36m1.44ms[0m  p(95)=[36m24.76ms[0m p(99)=[36m133.17ms[0m
     iterations[2m.....................:[0m [36m30001[0m   [36;2m499.911963/s[0m
     order_accepted_duration[2m........:[0m avg=[36m6.31ms[0m  min=[36m0s[0m med=[36m592.19µs[0m max=[36m1.56s[0m   p(90)=[36m1.33ms[0m  p(95)=[36m21.96ms[0m p(99)=[36m133.17ms[0m
     orders_accepted[2m................:[0m [36m30001[0m   [36;2m499.911963/s[0m
     vus[2m............................:[0m [36m1[0m       [36;2mmin=0[0m        [36;2mmax=84[0m 
     vus_max[2m........................:[0m [36m300[0m     [36;2mmin=300[0m      [36;2mmax=300[0m