time="2026-09-30T17:20:00+09:00" level=info msg="[run] 시작 17:20:00 MODE=async TAG=FLASH-warmup PROMOTION_ID=2" source=console
time="2026-09-30T17:20:00+09:00" level=info msg="[flash] 시도 17:20:05 ~ 17:21:00 (최고 초당 1000건), 관찰 끝 17:21:05" source=console
time="2026-09-30T17:21:05+09:00" level=info msg="[run] 종료 17:21:05 TAG=FLASH-warmup" source=console
     base_accepted[2m..................:[0m [36m2600[0m   [36;2m39.986865/s[0m
     base_accepted_duration[2m.........:[0m avg=[36m25.62ms[0m min=[36m0s[0m med=[36m545.9µs[0m  max=[36m3.45s[0m   p(90)=[36m58ms[0m    p(95)=[36m148.77ms[0m p(99)=[36m401.24ms[0m
     data_received[2m..................:[0m [36m7.7 MB[0m [36;2m118 kB/s[0m
     data_sent[2m......................:[0m [36m16 MB[0m  [36;2m240 kB/s[0m
     http_req_blocked[2m...............:[0m avg=[36m20.07µs[0m min=[36m0s[0m med=[36m0s[0m       max=[36m54.9ms[0m  p(90)=[36m0s[0m      p(95)=[36m0s[0m       p(99)=[36m525.46µs[0m
     http_req_connecting[2m............:[0m avg=[36m19.38µs[0m min=[36m0s[0m med=[36m0s[0m       max=[36m54.9ms[0m  p(90)=[36m0s[0m      p(95)=[36m0s[0m       p(99)=[36m524.31µs[0m
     http_req_duration[2m..............:[0m avg=[36m30.73ms[0m min=[36m0s[0m med=[36m516.29µs[0m max=[36m3.45s[0m   p(90)=[36m79.35ms[0m p(95)=[36m196.01ms[0m p(99)=[36m498.37ms[0m
       { expected_response:true }[2m...:[0m avg=[36m30.73ms[0m min=[36m0s[0m med=[36m516.29µs[0m max=[36m3.45s[0m   p(90)=[36m79.35ms[0m p(95)=[36m196.01ms[0m p(99)=[36m498.37ms[0m
     http_req_failed[2m................:[0m [36m0.00%[0m  [36;2m✓ 0[0m          [36;2m✗ 55089[0m
     http_req_receiving[2m.............:[0m avg=[36m61.8µs[0m  min=[36m0s[0m med=[36m0s[0m       max=[36m15.49ms[0m p(90)=[36m506.7µs[0m p(95)=[36m515.59µs[0m p(99)=[36m660.97µs[0m
     http_req_sending[2m...............:[0m avg=[36m1.51µs[0m  min=[36m0s[0m med=[36m0s[0m       max=[36m12.17ms[0m p(90)=[36m0s[0m      p(95)=[36m0s[0m       p(99)=[36m0s[0m      
     http_req_tls_handshaking[2m.......:[0m avg=[36m0s[0m      min=[36m0s[0m med=[36m0s[0m       max=[36m0s[0m      p(90)=[36m0s[0m      p(95)=[36m0s[0m       p(99)=[36m0s[0m      
     http_req_waiting[2m...............:[0m avg=[36m30.66ms[0m min=[36m0s[0m med=[36m513.8µs[0m  max=[36m3.45s[0m   p(90)=[36m79.3ms[0m  p(95)=[36m195.95ms[0m p(99)=[36m498.37ms[0m
     http_reqs[2m......................:[0m [36m55089[0m  [36;2m847.244765/s[0m
     iteration_duration[2m.............:[0m avg=[36m30.8ms[0m  min=[36m0s[0m med=[36m518.4µs[0m  max=[36m3.45s[0m   p(90)=[36m79.38ms[0m p(95)=[36m196.05ms[0m p(99)=[36m498.37ms[0m
     iterations[2m.....................:[0m [36m55089[0m  [36;2m847.244765/s[0m
     promo_success[2m..................:[0m [36m52489[0m  [36;2m807.2579/s[0m
     promo_success_duration[2m.........:[0m avg=[36m30.98ms[0m min=[36m0s[0m med=[36m516µs[0m    max=[36m3.14s[0m   p(90)=[36m80.43ms[0m p(95)=[36m198.61ms[0m p(99)=[36m504.05ms[0m
     vus[2m............................:[0m [36m0[0m      [36;2mmin=0[0m        [36;2mmax=341[0m
     vus_max[2m........................:[0m [36m550[0m    [36;2mmin=550[0m      [36;2mmax=550[0m