[2026-10-01T08:16:28.769+0900][0.007s] Using G1
[2026-10-01T08:16:29.682+0900][0.921s] GC(0) Pause Young (Normal) (G1 Evacuation Pause) 102M->5M(2048M) 4.821ms
[2026-10-01T08:16:30.115+0900][1.352s] GC(1) Pause Young (Concurrent Start) (Metadata GC Threshold) 103M->10M(2048M) 7.244ms
[2026-10-01T08:16:30.115+0900][1.352s] GC(2) Concurrent Mark Cycle
[2026-10-01T08:16:30.121+0900][1.358s] GC(2) Pause Remark 11M->11M(2048M) 1.449ms
[2026-10-01T08:16:30.121+0900][1.358s] GC(2) Pause Cleanup 11M->11M(2048M) 0.005ms
[2026-10-01T08:16:30.126+0900][1.364s] GC(2) Concurrent Mark Cycle 11.491ms
[2026-10-01T08:16:31.213+0900][2.451s] GC(3) Pause Young (Normal) (G1 Evacuation Pause) 131M->16M(2048M) 10.663ms
[2026-10-01T08:16:31.704+0900][2.943s] GC(4) Pause Young (Concurrent Start) (Metadata GC Threshold) 75M->18M(2048M) 6.004ms
[2026-10-01T08:16:31.704+0900][2.943s] GC(5) Concurrent Mark Cycle
[2026-10-01T08:16:31.720+0900][2.956s] GC(5) Pause Remark 19M->19M(2048M) 2.882ms
[2026-10-01T08:16:31.721+0900][2.958s] GC(5) Pause Cleanup 20M->20M(2048M) 0.116ms
[2026-10-01T08:16:31.723+0900][2.959s] GC(5) Concurrent Mark Cycle 16.643ms
[2026-10-01T08:16:33.380+0900][4.619s] GC(6) Pause Young (Concurrent Start) (Metadata GC Threshold) 190M->26M(2048M) 11.978ms
[2026-10-01T08:16:33.380+0900][4.619s] GC(7) Concurrent Mark Cycle
[2026-10-01T08:16:33.398+0900][4.636s] GC(7) Pause Remark 27M->27M(2048M) 3.314ms
[2026-10-01T08:16:33.402+0900][4.639s] GC(7) Pause Cleanup 27M->27M(2048M) 0.208ms
[2026-10-01T08:16:33.404+0900][4.641s] GC(7) Concurrent Mark Cycle 21.642ms
[2026-10-01T08:16:58.354+0900][29.592s] GC(8) Pause Young (Concurrent Start) (Metadata GC Threshold) 635M->52M(2048M) 23.451ms
[2026-10-01T08:16:58.354+0900][29.593s] GC(9) Concurrent Mark Cycle
[2026-10-01T08:16:58.382+0900][29.624s] GC(9) Pause Remark 55M->55M(2048M) 6.573ms
[2026-10-01T08:16:58.393+0900][29.631s] GC(9) Pause Cleanup 56M->56M(2048M) 0.348ms
[2026-10-01T08:16:58.399+0900][29.636s] GC(9) Concurrent Mark Cycle 42.997ms
[2026-10-01T08:17:23.085+0900][54.323s] GC(10) Pause Young (Normal) (G1 Evacuation Pause) 619M->51M(2048M) 15.720ms
[2026-10-01T08:17:55.239+0900][86.475s] GC(11) Pause Young (Normal) (G1 Evacuation Pause) 744M->51M(2048M) 13.089ms
[2026-10-01T08:18:22.388+0900][113.623s] GC(12) Pause Young (Normal) (G1 Evacuation Pause) 1241M->52M(2048M) 21.663ms
[2026-10-01T08:18:26.896+0900][118.133s] GC(13) Pause Young (Normal) (G1 Evacuation Pause) 1241M->52M(2048M) 19.242ms
[2026-10-01T08:18:31.432+0900][122.667s] GC(14) Pause Young (Normal) (G1 Evacuation Pause) 1241M->52M(2048M) 19.268ms
[2026-10-01T08:18:36.054+0900][127.291s] GC(15) Pause Young (Normal) (G1 Evacuation Pause) 1241M->52M(2048M) 18.733ms
[2026-10-01T08:18:40.615+0900][131.853s] GC(16) Pause Young (Normal) (G1 Evacuation Pause) 1241M->52M(2048M) 18.946ms
[2026-10-01T08:18:45.236+0900][136.474s] GC(17) Pause Young (Normal) (G1 Evacuation Pause) 1241M->52M(2048M) 19.147ms
[2026-10-01T08:18:49.776+0900][141.012s] GC(18) Pause Young (Normal) (G1 Evacuation Pause) 1241M->51M(2048M) 19.172ms
[2026-10-01T08:18:54.331+0900][145.568s] GC(19) Pause Young (Normal) (G1 Evacuation Pause) 1241M->52M(2048M) 18.668ms
[2026-10-01T08:18:58.922+0900][150.157s] GC(20) Pause Young (Normal) (G1 Evacuation Pause) 1241M->51M(2048M) 18.515ms
[2026-10-01T08:19:03.519+0900][154.755s] GC(21) Pause Young (Normal) (G1 Evacuation Pause) 1241M->52M(2048M) 17.936ms
[2026-10-01T08:19:08.039+0900][159.275s] GC(22) Pause Young (Normal) (G1 Evacuation Pause) 1241M->52M(2048M) 19.051ms
[2026-10-01T08:19:12.439+0900][163.676s] GC(23) Pause Young (Normal) (G1 Evacuation Pause) 1243M->52M(2048M) 18.848ms
[2026-10-01T08:19:17.108+0900][168.345s] GC(24) Pause Young (Normal) (G1 Evacuation Pause) 1250M->55M(2048M) 15.846ms
[2026-10-01T08:19:21.746+0900][172.983s] GC(25) Pause Young (Normal) (G1 Evacuation Pause) 1279M->56M(2048M) 3.846ms
[2026-10-01T08:19:26.376+0900][177.614s] GC(26) Pause Young (Normal) (G1 Evacuation Pause) 1282M->56M(2048M) 3.538ms
[2026-10-01T08:19:31.096+0900][182.333s] GC(27) Pause Young (Normal) (G1 Evacuation Pause) 1282M->56M(2048M) 3.257ms
[2026-10-01T08:19:35.733+0900][186.969s] GC(28) Pause Young (Normal) (G1 Evacuation Pause) 1283M->56M(2048M) 3.202ms
[2026-10-01T08:19:40.496+0900][191.732s] GC(29) Pause Young (Normal) (G1 Evacuation Pause) 1283M->56M(2048M) 3.246ms
[2026-10-01T08:19:45.281+0900][196.517s] GC(30) Pause Young (Normal) (G1 Evacuation Pause) 1283M->56M(2048M) 3.154ms
[2026-10-01T08:19:50.218+0900][201.454s] GC(31) Pause Young (Normal) (G1 Evacuation Pause) 1283M->56M(2048M) 3.082ms
[2026-10-01T08:19:55.041+0900][206.277s] GC(32) Pause Young (Normal) (G1 Evacuation Pause) 1283M->56M(2048M) 3.221ms
[2026-10-01T08:19:59.808+0900][211.045s] GC(33) Pause Young (Normal) (G1 Evacuation Pause) 1283M->56M(2048M) 3.374ms
[2026-10-01T08:20:04.621+0900][215.857s] GC(34) Pause Young (Normal) (G1 Evacuation Pause) 1283M->56M(2048M) 3.010ms
[2026-10-01T08:20:09.436+0900][220.672s] GC(35) Pause Young (Normal) (G1 Evacuation Pause) 1283M->56M(2048M) 3.089ms
[2026-10-01T08:20:14.274+0900][225.511s] GC(36) Pause Young (Normal) (G1 Evacuation Pause) 1283M->56M(2048M) 3.220ms
[2026-10-01T08:20:18.903+0900][230.139s] GC(37) Pause Young (Normal) (G1 Evacuation Pause) 1283M->56M(2048M) 3.321ms
[2026-10-01T08:20:23.587+0900][234.824s] GC(38) Pause Young (Normal) (G1 Evacuation Pause) 1283M->56M(2048M) 3.252ms
[2026-10-01T08:20:28.151+0900][239.388s] GC(39) Pause Young (Normal) (G1 Evacuation Pause) 1283M->56M(2048M) 3.205ms
[2026-10-01T08:20:32.829+0900][244.067s] GC(40) Pause Young (Normal) (G1 Evacuation Pause) 1283M->56M(2048M) 3.351ms
[2026-10-01T08:20:37.532+0900][248.769s] GC(41) Pause Young (Normal) (G1 Evacuation Pause) 1283M->56M(2048M) 3.368ms
[2026-10-01T08:20:42.203+0900][253.441s] GC(42) Pause Young (Normal) (G1 Evacuation Pause) 1283M->56M(2048M) 3.266ms
[2026-10-01T08:20:46.870+0900][258.106s] GC(43) Pause Young (Normal) (G1 Evacuation Pause) 1283M->56M(2048M) 3.142ms
[2026-10-01T08:20:51.520+0900][262.756s] GC(44) Pause Young (Normal) (G1 Evacuation Pause) 1283M->56M(2048M) 2.869ms
[2026-10-01T08:20:56.215+0900][267.452s] GC(45) Pause Young (Normal) (G1 Evacuation Pause) 1283M->56M(2048M) 3.148ms
[2026-10-01T08:21:00.851+0900][272.088s] GC(46) Pause Young (Normal) (G1 Evacuation Pause) 1283M->56M(2048M) 3.281ms
[2026-10-01T08:21:05.504+0900][276.742s] GC(47) Pause Young (Normal) (G1 Evacuation Pause) 1283M->56M(2048M) 3.209ms
[2026-10-01T08:21:10.207+0900][281.444s] GC(48) Pause Young (Normal) (G1 Evacuation Pause) 1283M->56M(2048M) 3.135ms
[2026-10-01T08:21:14.890+0900][286.127s] GC(49) Pause Young (Normal) (G1 Evacuation Pause) 1283M->56M(2048M) 3.173ms
[2026-10-01T08:21:19.566+0900][290.802s] GC(50) Pause Young (Normal) (G1 Evacuation Pause) 1283M->56M(2048M) 2.929ms
[2026-10-01T08:21:24.256+0900][295.494s] GC(51) Pause Young (Normal) (G1 Evacuation Pause) 1283M->56M(2048M) 3.307ms
[2026-10-01T08:21:28.921+0900][300.158s] GC(52) Pause Young (Normal) (G1 Evacuation Pause) 1283M->56M(2048M) 3.095ms
[2026-10-01T08:21:33.580+0900][304.816s] GC(53) Pause Young (Normal) (G1 Evacuation Pause) 1283M->56M(2048M) 3.113ms
[2026-10-01T08:21:38.242+0900][309.479s] GC(54) Pause Young (Normal) (G1 Evacuation Pause) 1283M->56M(2048M) 3.322ms
[2026-10-01T08:21:42.880+0900][314.116s] GC(55) Pause Young (Normal) (G1 Evacuation Pause) 1283M->56M(2048M) 3.103ms
[2026-10-01T08:21:47.570+0900][318.806s] GC(56) Pause Young (Normal) (G1 Evacuation Pause) 1283M->56M(2048M) 2.950ms
[2026-10-01T08:21:52.253+0900][323.491s] GC(57) Pause Young (Normal) (G1 Evacuation Pause) 1283M->56M(2048M) 3.171ms
[2026-10-01T08:21:56.930+0900][328.167s] GC(58) Pause Young (Normal) (G1 Evacuation Pause) 1283M->56M(2048M) 3.131ms
[2026-10-01T08:22:01.750+0900][332.985s] GC(59) Pause Young (Normal) (G1 Evacuation Pause) 1283M->56M(2048M) 3.326ms
[2026-10-01T08:22:06.412+0900][337.651s] GC(60) Pause Young (Normal) (G1 Evacuation Pause) 1283M->56M(2048M) 3.319ms
[2026-10-01T08:22:11.131+0900][342.367s] GC(61) Pause Young (Normal) (G1 Evacuation Pause) 1283M->56M(2048M) 3.313ms
[2026-10-01T08:22:15.862+0900][347.098s] GC(62) Pause Young (Normal) (G1 Evacuation Pause) 1283M->56M(2048M) 3.207ms
[2026-10-01T08:22:20.521+0900][351.759s] GC(63) Pause Young (Normal) (G1 Evacuation Pause) 1283M->56M(2048M) 3.272ms
[2026-10-01T08:22:25.224+0900][356.461s] GC(64) Pause Young (Normal) (G1 Evacuation Pause) 1283M->56M(2048M) 3.013ms
[2026-10-01T08:22:29.936+0900][361.173s] GC(65) Pause Young (Normal) (G1 Evacuation Pause) 1283M->56M(2048M) 3.266ms
[2026-10-01T08:22:34.563+0900][365.800s] GC(66) Pause Young (Normal) (G1 Evacuation Pause) 1283M->56M(2048M) 3.130ms
[2026-10-01T08:22:39.184+0900][370.421s] GC(67) Pause Young (Normal) (G1 Evacuation Pause) 1283M->56M(2048M) 3.206ms
[2026-10-01T08:22:41.983+0900][373.220s] GC(68) Pause Young (Concurrent Start) (CodeCache GC Threshold) 773M->56M(2048M) 3.200ms
[2026-10-01T08:22:41.983+0900][373.220s] GC(69) Concurrent Mark Cycle
[2026-10-01T08:22:42.068+0900][373.306s] GC(69) Pause Remark 80M->80M(2048M) 22.061ms
[2026-10-01T08:22:42.106+0900][373.343s] GC(69) Pause Cleanup 85M->85M(2048M) 0.319ms
[2026-10-01T08:22:42.122+0900][373.358s] GC(69) Concurrent Mark Cycle 137.807ms
[2026-10-01T08:22:46.688+0900][377.925s] GC(70) Pause Young (Prepare Mixed) (G1 Evacuation Pause) 1283M->56M(2048M) 3.349ms
[2026-10-01T08:22:51.415+0900][382.652s] GC(71) Pause Young (Mixed) (G1 Evacuation Pause) 1283M->54M(2048M) 3.607ms
[2026-10-01T08:22:56.071+0900][387.307s] GC(72) Pause Young (Normal) (G1 Evacuation Pause) 1281M->54M(2048M) 3.078ms
[2026-10-01T08:23:00.658+0900][391.895s] GC(73) Pause Young (Normal) (G1 Evacuation Pause) 1281M->54M(2048M) 3.050ms
[2026-10-01T08:23:05.379+0900][396.616s] GC(74) Pause Young (Normal) (G1 Evacuation Pause) 1281M->55M(2048M) 3.074ms
[2026-10-01T08:23:10.104+0900][401.341s] GC(75) Pause Young (Normal) (G1 Evacuation Pause) 1282M->54M(2048M) 3.026ms
[2026-10-01T08:23:14.775+0900][406.012s] GC(76) Pause Young (Normal) (G1 Evacuation Pause) 1281M->54M(2048M) 2.803ms
[2026-10-01T08:23:19.480+0900][410.717s] GC(77) Pause Young (Normal) (G1 Evacuation Pause) 1281M->54M(2048M) 3.342ms
[2026-10-01T08:23:24.204+0900][415.441s] GC(78) Pause Young (Normal) (G1 Evacuation Pause) 1281M->54M(2048M) 3.030ms
[2026-10-01T08:23:28.978+0900][420.216s] GC(79) Pause Young (Normal) (G1 Evacuation Pause) 1281M->54M(2048M) 3.205ms
[2026-10-01T08:23:33.528+0900][424.765s] GC(80) Pause Young (Normal) (G1 Evacuation Pause) 1281M->54M(2048M) 3.041ms
[2026-10-01T08:23:38.227+0900][429.464s] GC(81) Pause Young (Normal) (G1 Evacuation Pause) 1281M->54M(2048M) 3.248ms
[2026-10-01T08:23:42.985+0900][434.221s] GC(82) Pause Young (Normal) (G1 Evacuation Pause) 1281M->54M(2048M) 3.238ms
[2026-10-01T08:23:47.756+0900][438.993s] GC(83) Pause Young (Normal) (G1 Evacuation Pause) 1281M->55M(2048M) 3.129ms
[2026-10-01T08:23:52.365+0900][443.602s] GC(84) Pause Young (Normal) (G1 Evacuation Pause) 1282M->55M(2048M) 3.525ms
[2026-10-01T08:23:57.013+0900][448.250s] GC(85) Pause Young (Normal) (G1 Evacuation Pause) 1282M->54M(2048M) 3.464ms
[2026-10-01T08:24:01.766+0900][453.003s] GC(86) Pause Young (Normal) (G1 Evacuation Pause) 1281M->55M(2048M) 3.273ms
[2026-10-01T08:24:06.496+0900][457.733s] GC(87) Pause Young (Normal) (G1 Evacuation Pause) 1282M->55M(2048M) 3.046ms
[2026-10-01T08:24:11.180+0900][462.417s] GC(88) Pause Young (Normal) (G1 Evacuation Pause) 1282M->54M(2048M) 3.134ms
[2026-10-01T08:24:15.983+0900][467.220s] GC(89) Pause Young (Normal) (G1 Evacuation Pause) 1281M->54M(2048M) 3.142ms
[2026-10-01T08:24:20.727+0900][471.964s] GC(90) Pause Young (Normal) (G1 Evacuation Pause) 1281M->55M(2048M) 3.410ms
[2026-10-01T08:24:25.525+0900][476.761s] GC(91) Pause Young (Normal) (G1 Evacuation Pause) 1282M->54M(2048M) 3.284ms
[2026-10-01T08:24:30.216+0900][481.452s] GC(92) Pause Young (Normal) (G1 Evacuation Pause) 1281M->54M(2048M) 3.060ms
[2026-10-01T08:24:34.964+0900][486.201s] GC(93) Pause Young (Normal) (G1 Evacuation Pause) 1281M->55M(2048M) 3.506ms
[2026-10-01T08:24:39.720+0900][490.956s] GC(94) Pause Young (Normal) (G1 Evacuation Pause) 1282M->55M(2048M) 3.101ms
[2026-10-01T08:24:44.375+0900][495.612s] GC(95) Pause Young (Normal) (G1 Evacuation Pause) 1282M->54M(2048M) 3.430ms
[2026-10-01T08:24:49.214+0900][500.453s] GC(96) Pause Young (Normal) (G1 Evacuation Pause) 1281M->54M(2048M) 3.044ms
[2026-10-01T08:24:54.055+0900][505.293s] GC(97) Pause Young (Normal) (G1 Evacuation Pause) 1281M->54M(2048M) 3.053ms
[2026-10-01T08:24:58.779+0900][510.016s] GC(98) Pause Young (Normal) (G1 Evacuation Pause) 1281M->54M(2048M) 3.281ms
[2026-10-01T08:25:03.524+0900][514.761s] GC(99) Pause Young (Normal) (G1 Evacuation Pause) 1281M->54M(2048M) 3.158ms
[2026-10-01T08:25:08.241+0900][519.477s] GC(100) Pause Young (Normal) (G1 Evacuation Pause) 1281M->54M(2048M) 3.105ms
[2026-10-01T08:25:12.886+0900][524.123s] GC(101) Pause Young (Normal) (G1 Evacuation Pause) 1281M->54M(2048M) 3.201ms
[2026-10-01T08:25:17.607+0900][528.844s] GC(102) Pause Young (Normal) (G1 Evacuation Pause) 1281M->54M(2048M) 3.116ms
[2026-10-01T08:25:22.329+0900][533.566s] GC(103) Pause Young (Normal) (G1 Evacuation Pause) 1281M->54M(2048M) 3.242ms
[2026-10-01T08:25:27.069+0900][538.307s] GC(104) Pause Young (Normal) (G1 Evacuation Pause) 1281M->54M(2048M) 3.188ms
[2026-10-01T08:25:31.817+0900][543.055s] GC(105) Pause Young (Normal) (G1 Evacuation Pause) 1281M->54M(2048M) 3.141ms
[2026-10-01T08:25:36.652+0900][547.890s] GC(106) Pause Young (Normal) (G1 Evacuation Pause) 1281M->55M(2048M) 3.255ms
[2026-10-01T08:25:41.335+0900][552.572s] GC(107) Pause Young (Normal) (G1 Evacuation Pause) 1282M->55M(2048M) 3.254ms
[2026-10-01T08:25:46.053+0900][557.290s] GC(108) Pause Young (Normal) (G1 Evacuation Pause) 1282M->55M(2048M) 3.334ms
[2026-10-01T08:25:50.796+0900][562.034s] GC(109) Pause Young (Normal) (G1 Evacuation Pause) 1282M->54M(2048M) 3.319ms
[2026-10-01T08:25:55.599+0900][566.836s] GC(110) Pause Young (Normal) (G1 Evacuation Pause) 1281M->54M(2048M) 2.948ms
[2026-10-01T08:26:00.367+0900][571.603s] GC(111) Pause Young (Normal) (G1 Evacuation Pause) 1281M->55M(2048M) 3.052ms
[2026-10-01T08:26:05.214+0900][576.452s] GC(112) Pause Young (Normal) (G1 Evacuation Pause) 1282M->55M(2048M) 3.062ms
[2026-10-01T08:26:09.975+0900][581.213s] GC(113) Pause Young (Normal) (G1 Evacuation Pause) 1282M->54M(2048M) 2.916ms
[2026-10-01T08:26:14.760+0900][585.998s] GC(114) Pause Young (Normal) (G1 Evacuation Pause) 1281M->54M(2048M) 3.206ms
[2026-10-01T08:26:19.490+0900][590.727s] GC(115) Pause Young (Normal) (G1 Evacuation Pause) 1281M->55M(2048M) 3.337ms
[2026-10-01T08:26:24.135+0900][595.372s] GC(116) Pause Young (Normal) (G1 Evacuation Pause) 1282M->55M(2048M) 3.230ms
[2026-10-01T08:26:28.904+0900][600.140s] GC(117) Pause Young (Normal) (G1 Evacuation Pause) 1282M->54M(2048M) 3.187ms
[2026-10-01T08:26:33.605+0900][604.843s] GC(118) Pause Young (Normal) (G1 Evacuation Pause) 1281M->55M(2048M) 3.331ms
[2026-10-01T08:26:38.268+0900][609.506s] GC(119) Pause Young (Normal) (G1 Evacuation Pause) 1282M->55M(2048M) 3.298ms
[2026-10-01T08:26:43.015+0900][614.251s] GC(120) Pause Young (Normal) (G1 Evacuation Pause) 1282M->55M(2048M) 3.198ms
[2026-10-01T08:26:47.770+0900][619.010s] GC(121) Pause Young (Normal) (G1 Evacuation Pause) 1282M->55M(2048M) 3.106ms
[2026-10-01T08:26:52.540+0900][623.777s] GC(122) Pause Young (Normal) (G1 Evacuation Pause) 1282M->55M(2048M) 3.194ms
[2026-10-01T08:26:57.281+0900][628.519s] GC(123) Pause Young (Normal) (G1 Evacuation Pause) 1282M->55M(2048M) 3.493ms
[2026-10-01T08:27:02.009+0900][633.244s] GC(124) Pause Young (Normal) (G1 Evacuation Pause) 1282M->54M(2048M) 3.151ms
[2026-10-01T08:27:06.627+0900][637.864s] GC(125) Pause Young (Normal) (G1 Evacuation Pause) 1281M->55M(2048M) 3.311ms
[2026-10-01T08:27:11.355+0900][642.593s] GC(126) Pause Young (Normal) (G1 Evacuation Pause) 1282M->55M(2048M) 3.260ms
[2026-10-01T08:27:16.015+0900][647.252s] GC(127) Pause Young (Normal) (G1 Evacuation Pause) 1282M->55M(2048M) 3.181ms
[2026-10-01T08:27:20.826+0900][652.064s] GC(128) Pause Young (Normal) (G1 Evacuation Pause) 1282M->55M(2048M) 3.161ms
[2026-10-01T08:27:25.533+0900][656.769s] GC(129) Pause Young (Normal) (G1 Evacuation Pause) 1282M->55M(2048M) 3.142ms
[2026-10-01T08:27:30.219+0900][661.456s] GC(130) Pause Young (Normal) (G1 Evacuation Pause) 1282M->55M(2048M) 3.390ms
[2026-10-01T08:27:34.869+0900][666.105s] GC(131) Pause Young (Normal) (G1 Evacuation Pause) 1282M->55M(2048M) 3.244ms
[2026-10-01T08:27:39.607+0900][670.842s] GC(132) Pause Young (Normal) (G1 Evacuation Pause) 1282M->54M(2048M) 3.362ms
[2026-10-01T08:27:44.316+0900][675.552s] GC(133) Pause Young (Normal) (G1 Evacuation Pause) 1281M->55M(2048M) 3.107ms
[2026-10-01T08:27:49.069+0900][680.305s] GC(134) Pause Young (Normal) (G1 Evacuation Pause) 1282M->55M(2048M) 3.164ms
[2026-10-01T08:27:53.850+0900][685.087s] GC(135) Pause Young (Normal) (G1 Evacuation Pause) 1282M->55M(2048M) 3.069ms
[2026-10-01T08:27:58.486+0900][689.722s] GC(136) Pause Young (Normal) (G1 Evacuation Pause) 1282M->54M(2048M) 3.198ms
[2026-10-01T08:28:03.192+0900][694.430s] GC(137) Pause Young (Normal) (G1 Evacuation Pause) 1281M->55M(2048M) 3.524ms
[2026-10-01T08:28:08.021+0900][699.258s] GC(138) Pause Young (Normal) (G1 Evacuation Pause) 1282M->55M(2048M) 3.073ms
[2026-10-01T08:28:12.754+0900][703.991s] GC(139) Pause Young (Normal) (G1 Evacuation Pause) 1282M->55M(2048M) 3.178ms
[2026-10-01T08:28:17.489+0900][708.725s] GC(140) Pause Young (Normal) (G1 Evacuation Pause) 1282M->55M(2048M) 3.285ms
[2026-10-01T08:28:22.203+0900][713.439s] GC(141) Pause Young (Normal) (G1 Evacuation Pause) 1282M->54M(2048M) 3.214ms
[2026-10-01T08:28:26.925+0900][718.161s] GC(142) Pause Young (Normal) (G1 Evacuation Pause) 1281M->55M(2048M) 3.192ms
[2026-10-01T08:28:31.618+0900][722.856s] GC(143) Pause Young (Normal) (G1 Evacuation Pause) 1282M->55M(2048M) 3.270ms
[2026-10-01T08:28:36.334+0900][727.571s] GC(144) Pause Young (Normal) (G1 Evacuation Pause) 1282M->55M(2048M) 3.302ms
[2026-10-01T08:28:40.945+0900][732.183s] GC(145) Pause Young (Normal) (G1 Evacuation Pause) 1282M->55M(2048M) 3.209ms
[2026-10-01T08:28:45.668+0900][736.906s] GC(146) Pause Young (Normal) (G1 Evacuation Pause) 1282M->55M(2048M) 3.070ms
[2026-10-01T08:28:50.480+0900][741.716s] GC(147) Pause Young (Normal) (G1 Evacuation Pause) 1282M->55M(2048M) 3.112ms
[2026-10-01T08:28:55.341+0900][746.578s] GC(148) Pause Young (Normal) (G1 Evacuation Pause) 1282M->55M(2048M) 3.152ms
[2026-10-01T08:29:00.100+0900][751.335s] GC(149) Pause Young (Normal) (G1 Evacuation Pause) 1282M->55M(2048M) 3.297ms
[2026-10-01T08:29:04.803+0900][756.040s] GC(150) Pause Young (Normal) (G1 Evacuation Pause) 1282M->55M(2048M) 3.126ms
[2026-10-01T08:29:09.536+0900][760.774s] GC(151) Pause Young (Normal) (G1 Evacuation Pause) 1282M->54M(2048M) 3.218ms
[2026-10-01T08:29:14.433+0900][765.669s] GC(152) Pause Young (Normal) (G1 Evacuation Pause) 1281M->55M(2048M) 3.228ms
[2026-10-01T08:29:19.132+0900][770.368s] GC(153) Pause Young (Normal) (G1 Evacuation Pause) 1282M->55M(2048M) 3.556ms
[2026-10-01T08:29:23.863+0900][775.101s] GC(154) Pause Young (Normal) (G1 Evacuation Pause) 1282M->55M(2048M) 3.117ms
[2026-10-01T08:29:28.589+0900][779.827s] GC(155) Pause Young (Normal) (G1 Evacuation Pause) 1282M->55M(2048M) 3.025ms
[2026-10-01T08:29:33.298+0900][784.534s] GC(156) Pause Young (Normal) (G1 Evacuation Pause) 1282M->55M(2048M) 3.165ms
[2026-10-01T08:29:38.013+0900][789.250s] GC(157) Pause Young (Normal) (G1 Evacuation Pause) 1282M->54M(2048M) 2.873ms
[2026-10-01T08:29:42.781+0900][794.018s] GC(158) Pause Young (Normal) (G1 Evacuation Pause) 1281M->55M(2048M) 3.093ms
[2026-10-01T08:29:47.567+0900][798.802s] GC(159) Pause Young (Normal) (G1 Evacuation Pause) 1282M->54M(2048M) 3.452ms
[2026-10-01T08:29:52.327+0900][803.564s] GC(160) Pause Young (Normal) (G1 Evacuation Pause) 1281M->54M(2048M) 3.145ms
[2026-10-01T08:29:57.048+0900][808.284s] GC(161) Pause Young (Normal) (G1 Evacuation Pause) 1281M->55M(2048M) 3.274ms
[2026-10-01T08:30:01.793+0900][813.030s] GC(162) Pause Young (Normal) (G1 Evacuation Pause) 1282M->55M(2048M) 3.219ms
[2026-10-01T08:30:06.439+0900][817.676s] GC(163) Pause Young (Normal) (G1 Evacuation Pause) 1282M->55M(2048M) 2.773ms
[2026-10-01T08:30:11.040+0900][822.277s] GC(164) Pause Young (Normal) (G1 Evacuation Pause) 1282M->55M(2048M) 3.402ms
[2026-10-01T08:30:15.708+0900][826.945s] GC(165) Pause Young (Normal) (G1 Evacuation Pause) 1282M->55M(2048M) 3.185ms
[2026-10-01T08:30:20.456+0900][831.694s] GC(166) Pause Young (Normal) (G1 Evacuation Pause) 1282M->55M(2048M) 2.875ms
[2026-10-01T08:30:25.157+0900][836.393s] GC(167) Pause Young (Normal) (G1 Evacuation Pause) 1282M->55M(2048M) 3.144ms
[2026-10-01T08:30:29.913+0900][841.150s] GC(168) Pause Young (Normal) (G1 Evacuation Pause) 1282M->55M(2048M) 2.964ms
[2026-10-01T08:30:34.661+0900][845.898s] GC(169) Pause Young (Normal) (G1 Evacuation Pause) 1282M->55M(2048M) 2.981ms
[2026-10-01T08:30:39.342+0900][850.581s] GC(170) Pause Young (Normal) (G1 Evacuation Pause) 1282M->55M(2048M) 3.107ms
[2026-10-01T08:30:44.081+0900][855.318s] GC(171) Pause Young (Normal) (G1 Evacuation Pause) 1282M->55M(2048M) 3.230ms
[2026-10-01T08:30:48.808+0900][860.045s] GC(172) Pause Young (Normal) (G1 Evacuation Pause) 1282M->55M(2048M) 3.174ms
[2026-10-01T08:30:53.510+0900][864.746s] GC(173) Pause Young (Normal) (G1 Evacuation Pause) 1282M->55M(2048M) 3.187ms
[2026-10-01T08:30:58.100+0900][869.336s] GC(174) Pause Young (Normal) (G1 Evacuation Pause) 1282M->55M(2048M) 3.359ms
[2026-10-01T08:31:02.745+0900][873.982s] GC(175) Pause Young (Normal) (G1 Evacuation Pause) 1282M->55M(2048M) 3.096ms
[2026-10-01T08:31:07.367+0900][878.604s] GC(176) Pause Young (Normal) (G1 Evacuation Pause) 1282M->55M(2048M) 3.138ms
[2026-10-01T08:31:12.088+0900][883.324s] GC(177) Pause Young (Normal) (G1 Evacuation Pause) 1282M->55M(2048M) 3.141ms
[2026-10-01T08:31:16.914+0900][888.151s] GC(178) Pause Young (Normal) (G1 Evacuation Pause) 1282M->55M(2048M) 3.394ms
[2026-10-01T08:31:21.638+0900][892.876s] GC(179) Pause Young (Normal) (G1 Evacuation Pause) 1282M->55M(2048M) 3.171ms
[2026-10-01T08:31:26.463+0900][897.700s] GC(180) Pause Young (Normal) (G1 Evacuation Pause) 1282M->55M(2048M) 2.894ms
[2026-10-01T08:31:31.169+0900][902.406s] GC(181) Pause Young (Normal) (G1 Evacuation Pause) 1282M->55M(2048M) 3.264ms
[2026-10-01T08:31:35.909+0900][907.147s] GC(182) Pause Young (Normal) (G1 Evacuation Pause) 1282M->54M(2048M) 3.114ms
[2026-10-01T08:31:40.646+0900][911.883s] GC(183) Pause Young (Normal) (G1 Evacuation Pause) 1281M->55M(2048M) 3.247ms
[2026-10-01T08:31:45.359+0900][916.595s] GC(184) Pause Young (Normal) (G1 Evacuation Pause) 1282M->55M(2048M) 3.171ms
[2026-10-01T08:31:50.099+0900][921.336s] GC(185) Pause Young (Normal) (G1 Evacuation Pause) 1282M->55M(2048M) 3.128ms
[2026-10-01T08:31:54.717+0900][925.955s] GC(186) Pause Young (Normal) (G1 Evacuation Pause) 1282M->55M(2048M) 3.413ms
[2026-10-01T08:31:59.316+0900][930.553s] GC(187) Pause Young (Normal) (G1 Evacuation Pause) 1282M->55M(2048M) 3.246ms
[2026-10-01T08:32:04.089+0900][935.328s] GC(188) Pause Young (Normal) (G1 Evacuation Pause) 1282M->55M(2048M) 3.115ms
[2026-10-01T08:32:08.804+0900][940.040s] GC(189) Pause Young (Normal) (G1 Evacuation Pause) 1282M->55M(2048M) 3.160ms
[2026-10-01T08:32:13.596+0900][944.833s] GC(190) Pause Young (Normal) (G1 Evacuation Pause) 1282M->55M(2048M) 3.230ms
[2026-10-01T08:32:18.201+0900][949.438s] GC(191) Pause Young (Normal) (G1 Evacuation Pause) 1282M->55M(2048M) 3.370ms
[2026-10-01T08:32:22.906+0900][954.144s] GC(192) Pause Young (Normal) (G1 Evacuation Pause) 1282M->55M(2048M) 3.145ms
[2026-10-01T08:32:27.541+0900][958.778s] GC(193) Pause Young (Normal) (G1 Evacuation Pause) 1282M->55M(2048M) 3.380ms
[2026-10-01T08:32:32.240+0900][963.476s] GC(194) Pause Young (Normal) (G1 Evacuation Pause) 1282M->55M(2048M) 3.204ms
[2026-10-01T08:32:36.956+0900][968.193s] GC(195) Pause Young (Normal) (G1 Evacuation Pause) 1282M->55M(2048M) 3.354ms
[2026-10-01T08:32:41.604+0900][972.841s] GC(196) Pause Young (Normal) (G1 Evacuation Pause) 1282M->55M(2048M) 3.009ms
[2026-10-01T08:32:46.386+0900][977.623s] GC(197) Pause Young (Normal) (G1 Evacuation Pause) 1282M->55M(2048M) 3.260ms
[2026-10-01T08:32:51.105+0900][982.342s] GC(198) Pause Young (Normal) (G1 Evacuation Pause) 1282M->55M(2048M) 3.169ms
[2026-10-01T08:32:55.767+0900][987.004s] GC(199) Pause Young (Normal) (G1 Evacuation Pause) 1282M->55M(2048M) 3.263ms
[2026-10-01T08:33:00.524+0900][991.761s] GC(200) Pause Young (Normal) (G1 Evacuation Pause) 1282M->54M(2048M) 2.928ms
[2026-10-01T08:33:05.273+0900][996.509s] GC(201) Pause Young (Normal) (G1 Evacuation Pause) 1281M->55M(2048M) 2.995ms
[2026-10-01T08:33:10.005+0900][1001.241s] GC(202) Pause Young (Normal) (G1 Evacuation Pause) 1282M->55M(2048M) 3.504ms
[2026-10-01T08:33:14.755+0900][1005.991s] GC(203) Pause Young (Normal) (G1 Evacuation Pause) 1282M->55M(2048M) 3.392ms
