[32m     ✓ status is 2xx[0m

     checks[2m.........................:[0m [36m100.00%[0m [36;2m✓ 2509897[0m     [36;2m✗ 0[0m      
     data_received[2m..................:[0m [36m328 MB[0m  [36;2m365 kB/s[0m
     data_sent[2m......................:[0m [36m587 MB[0m  [36;2m652 kB/s[0m
     http_req_blocked[2m...............:[0m avg=[36m58.66µs[0m  min=[36m0s[0m med=[36m0s[0m      max=[36m42.88ms[0m  p(90)=[36m0s[0m      p(95)=[36m0s[0m      p(99)=[36m884.01µs[0m
     http_req_connecting[2m............:[0m avg=[36m56.94µs[0m  min=[36m0s[0m med=[36m0s[0m      max=[36m42.88ms[0m  p(90)=[36m0s[0m      p(95)=[36m0s[0m      p(99)=[36m0s[0m      
     http_req_duration[2m..............:[0m avg=[36m17.81ms[0m  min=[36m0s[0m med=[36m15.82ms[0m max=[36m259.1ms[0m  p(90)=[36m28.01ms[0m p(95)=[36m33.93ms[0m p(99)=[36m50ms[0m    
       { expected_response:true }[2m...:[0m avg=[36m17.81ms[0m  min=[36m0s[0m med=[36m15.82ms[0m max=[36m259.1ms[0m  p(90)=[36m28.01ms[0m p(95)=[36m33.93ms[0m p(99)=[36m50ms[0m    
     http_req_failed[2m................:[0m [36m0.00%[0m   [36;2m✓ 0[0m           [36;2m✗ 2509897[0m
     http_req_receiving[2m.............:[0m avg=[36m163.99µs[0m min=[36m0s[0m med=[36m0s[0m      max=[36m103.17ms[0m p(90)=[36m419µs[0m   p(95)=[36m1.31ms[0m  p(99)=[36m3.04ms[0m  
     http_req_sending[2m...............:[0m avg=[36m6.58µs[0m   min=[36m0s[0m med=[36m0s[0m      max=[36m14.65ms[0m  p(90)=[36m0s[0m      p(95)=[36m0s[0m      p(99)=[36m375.2µs[0m 
     http_req_tls_handshaking[2m.......:[0m avg=[36m0s[0m       min=[36m0s[0m med=[36m0s[0m      max=[36m0s[0m       p(90)=[36m0s[0m      p(95)=[36m0s[0m      p(99)=[36m0s[0m      
     http_req_waiting[2m...............:[0m avg=[36m17.64ms[0m  min=[36m0s[0m med=[36m15.66ms[0m max=[36m259.1ms[0m  p(90)=[36m27.84ms[0m p(95)=[36m33.75ms[0m p(99)=[36m49.82ms[0m 
     http_reqs[2m......................:[0m [36m2509897[0m [36;2m2788.742261/s[0m
     iteration_duration[2m.............:[0m avg=[36m17.92ms[0m  min=[36m0s[0m med=[36m15.91ms[0m max=[36m259.1ms[0m  p(90)=[36m28.18ms[0m p(95)=[36m34.11ms[0m p(99)=[36m50.15ms[0m 
     iterations[2m.....................:[0m [36m2509897[0m [36;2m2788.742261/s[0m
     reviews_created[2m................:[0m [36m2509897[0m [36;2m2788.742261/s[0m
     reviews_success_duration[2m.......:[0m avg=[36m17.81ms[0m  min=[36m0s[0m med=[36m15.82ms[0m max=[36m259.1ms[0m  p(90)=[36m28.01ms[0m p(95)=[36m33.93ms[0m p(99)=[36m50ms[0m    
     vus[2m............................:[0m [36m50[0m      [36;2mmin=50[0m        [36;2mmax=50[0m   
     vus_max[2m........................:[0m [36m50[0m      [36;2mmin=50[0m        [36;2mmax=50[0m   