[32m     ✓ status is 2xx[0m

     checks[2m.........................:[0m [36m100.00%[0m [36;2m✓ 12000[0m      [36;2m✗ 0[0m    
     data_received[2m..................:[0m [36m1.6 MB[0m  [36;2m26 kB/s[0m
     data_sent[2m......................:[0m [36m2.8 MB[0m  [36;2m47 kB/s[0m
     http_req_blocked[2m...............:[0m avg=[36m19.3µs[0m  min=[36m0s[0m       med=[36m0s[0m       max=[36m14.19ms[0m  p(90)=[36m0s[0m     p(95)=[36m0s[0m     p(99)=[36m646.21µs[0m
     http_req_connecting[2m............:[0m avg=[36m18.85µs[0m min=[36m0s[0m       med=[36m0s[0m       max=[36m14.19ms[0m  p(90)=[36m0s[0m     p(95)=[36m0s[0m     p(99)=[36m643.9µs[0m 
     http_req_duration[2m..............:[0m avg=[36m3.64ms[0m  min=[36m302.09µs[0m med=[36m2.32ms[0m   max=[36m352.08ms[0m p(90)=[36m3.4ms[0m  p(95)=[36m3.99ms[0m p(99)=[36m15.11ms[0m 
       { expected_response:true }[2m...:[0m avg=[36m3.64ms[0m  min=[36m302.09µs[0m med=[36m2.32ms[0m   max=[36m352.08ms[0m p(90)=[36m3.4ms[0m  p(95)=[36m3.99ms[0m p(99)=[36m15.11ms[0m 
     http_req_failed[2m................:[0m [36m0.00%[0m   [36;2m✓ 0[0m          [36;2m✗ 12000[0m
     http_req_receiving[2m.............:[0m avg=[36m1.03ms[0m  min=[36m0s[0m       med=[36m1.16ms[0m   max=[36m5.18ms[0m   p(90)=[36m2.12ms[0m p(95)=[36m2.39ms[0m p(99)=[36m3.01ms[0m  
     http_req_sending[2m...............:[0m avg=[36m871ns[0m   min=[36m0s[0m       med=[36m0s[0m       max=[36m1.6ms[0m    p(90)=[36m0s[0m     p(95)=[36m0s[0m     p(99)=[36m0s[0m      
     http_req_tls_handshaking[2m.......:[0m avg=[36m0s[0m      min=[36m0s[0m       med=[36m0s[0m       max=[36m0s[0m       p(90)=[36m0s[0m     p(95)=[36m0s[0m     p(99)=[36m0s[0m      
     http_req_waiting[2m...............:[0m avg=[36m2.6ms[0m   min=[36m300.7µs[0m  med=[36m979.65µs[0m max=[36m352.08ms[0m p(90)=[36m2.62ms[0m p(95)=[36m3.45ms[0m p(99)=[36m14.92ms[0m 
     http_reqs[2m......................:[0m [36m12000[0m   [36;2m199.999786/s[0m
     iteration_duration[2m.............:[0m avg=[36m3.78ms[0m  min=[36m302.09µs[0m med=[36m2.38ms[0m   max=[36m352.62ms[0m p(90)=[36m3.45ms[0m p(95)=[36m4.03ms[0m p(99)=[36m15.97ms[0m 
     iterations[2m.....................:[0m [36m12000[0m   [36;2m199.999786/s[0m
     reviews_created[2m................:[0m [36m12000[0m   [36;2m199.999786/s[0m
     reviews_success_duration[2m.......:[0m avg=[36m3.64ms[0m  min=[36m302.09µs[0m med=[36m2.32ms[0m   max=[36m352.08ms[0m p(90)=[36m3.4ms[0m  p(95)=[36m3.99ms[0m p(99)=[36m15.11ms[0m 
     vus[2m............................:[0m [36m1[0m       [36;2mmin=0[0m        [36;2mmax=2[0m  
     vus_max[2m........................:[0m [36m100[0m     [36;2mmin=100[0m      [36;2mmax=100[0m