time="2026-09-29T11:44:23+09:00" level=info msg="[run] 시작 11:44:23 MODE=async SCENARIO=fixed TAG=ISO-2000" source=console
time="2026-09-29T11:47:23+09:00" level=info msg="[run] 종료 11:47:23 TAG=ISO-2000" source=console
[32m     ✓ status is 202[0m
[32m     ✓ has sse location[0m

     checks[2m.........................:[0m [36m100.00%[0m [36;2m✓ 720002[0m      [36;2m✗ 0[0m     
     data_received[2m..................:[0m [36m50 MB[0m   [36;2m278 kB/s[0m
     data_sent[2m......................:[0m [36m97 MB[0m   [36;2m537 kB/s[0m
     http_req_blocked[2m...............:[0m avg=[36m20.07µs[0m min=[36m0s[0m med=[36m0s[0m     max=[36m21.52ms[0m p(90)=[36m0s[0m     p(95)=[36m0s[0m     p(99)=[36m0s[0m     
     http_req_connecting[2m............:[0m avg=[36m19.78µs[0m min=[36m0s[0m med=[36m0s[0m     max=[36m21.52ms[0m p(90)=[36m0s[0m     p(95)=[36m0s[0m     p(99)=[36m0s[0m     
     http_req_duration[2m..............:[0m avg=[36m1.31ms[0m  min=[36m0s[0m med=[36m1.01ms[0m max=[36m44.51ms[0m p(90)=[36m2.12ms[0m p(95)=[36m3.62ms[0m p(99)=[36m11.57ms[0m
       { expected_response:true }[2m...:[0m avg=[36m1.31ms[0m  min=[36m0s[0m med=[36m1.01ms[0m max=[36m44.51ms[0m p(90)=[36m2.12ms[0m p(95)=[36m3.62ms[0m p(99)=[36m11.57ms[0m
     http_req_failed[2m................:[0m [36m0.00%[0m   [36;2m✓ 0[0m           [36;2m✗ 360001[0m
     http_req_receiving[2m.............:[0m avg=[36m16.31µs[0m min=[36m0s[0m med=[36m0s[0m     max=[36m7.03ms[0m  p(90)=[36m0s[0m     p(95)=[36m0s[0m     p(99)=[36m529.5µs[0m
     http_req_sending[2m...............:[0m avg=[36m843ns[0m   min=[36m0s[0m med=[36m0s[0m     max=[36m11.69ms[0m p(90)=[36m0s[0m     p(95)=[36m0s[0m     p(99)=[36m0s[0m     
     http_req_tls_handshaking[2m.......:[0m avg=[36m0s[0m      min=[36m0s[0m med=[36m0s[0m     max=[36m0s[0m      p(90)=[36m0s[0m     p(95)=[36m0s[0m     p(99)=[36m0s[0m     
     http_req_waiting[2m...............:[0m avg=[36m1.29ms[0m  min=[36m0s[0m med=[36m1.01ms[0m max=[36m44.51ms[0m p(90)=[36m2.11ms[0m p(95)=[36m3.61ms[0m p(99)=[36m11.54ms[0m
     http_reqs[2m......................:[0m [36m360001[0m  [36;2m1999.768453/s[0m
     iteration_duration[2m.............:[0m avg=[36m1.37ms[0m  min=[36m0s[0m med=[36m1.02ms[0m max=[36m54.08ms[0m p(90)=[36m2.17ms[0m p(95)=[36m3.71ms[0m p(99)=[36m12.03ms[0m
     iterations[2m.....................:[0m [36m360001[0m  [36;2m1999.768453/s[0m
     order_accepted_duration[2m........:[0m avg=[36m1.31ms[0m  min=[36m0s[0m med=[36m1.01ms[0m max=[36m44.51ms[0m p(90)=[36m2.12ms[0m p(95)=[36m3.62ms[0m p(99)=[36m11.57ms[0m
     orders_accepted[2m................:[0m [36m360001[0m  [36;2m1999.768453/s[0m
     vus[2m............................:[0m [36m3[0m       [36;2mmin=0[0m         [36;2mmax=24[0m  
     vus_max[2m........................:[0m [36m300[0m     [36;2mmin=300[0m       [36;2mmax=300[0m 