time="2026-09-29T11:42:47+09:00" level=info msg="[run] 시작 11:42:47 MODE=async SCENARIO=fixed TAG=S-warmup" source=console
time="2026-09-29T11:43:47+09:00" level=info msg="[run] 종료 11:43:47 TAG=S-warmup" source=console
[32m     ✓ status is 202[0m
[32m     ✓ has sse location[0m

     checks[2m.........................:[0m [36m100.00%[0m [36;2m✓ 179906[0m      [36;2m✗ 0[0m    
     data_received[2m..................:[0m [36m13 MB[0m   [36;2m209 kB/s[0m
     data_sent[2m......................:[0m [36m24 MB[0m   [36;2m403 kB/s[0m
     dropped_iterations[2m.............:[0m [36m48[0m      [36;2m0.799767/s[0m
     http_req_blocked[2m...............:[0m avg=[36m7.07µs[0m min=[36m0s[0m med=[36m0s[0m       max=[36m7.73ms[0m   p(90)=[36m0s[0m     p(95)=[36m0s[0m      p(99)=[36m508.54µs[0m
     http_req_connecting[2m............:[0m avg=[36m6.72µs[0m min=[36m0s[0m med=[36m0s[0m       max=[36m7.73ms[0m   p(90)=[36m0s[0m     p(95)=[36m0s[0m      p(99)=[36m508.1µs[0m 
     http_req_duration[2m..............:[0m avg=[36m4.47ms[0m min=[36m0s[0m med=[36m515µs[0m    max=[36m328.34ms[0m p(90)=[36m7.63ms[0m p(95)=[36m14.81ms[0m p(99)=[36m80.43ms[0m 
       { expected_response:true }[2m...:[0m avg=[36m4.47ms[0m min=[36m0s[0m med=[36m515µs[0m    max=[36m328.34ms[0m p(90)=[36m7.63ms[0m p(95)=[36m14.81ms[0m p(99)=[36m80.43ms[0m 
     http_req_failed[2m................:[0m [36m0.00%[0m   [36;2m✓ 0[0m           [36;2m✗ 89953[0m
     http_req_receiving[2m.............:[0m avg=[36m9.97µs[0m min=[36m0s[0m med=[36m0s[0m       max=[36m10.53ms[0m  p(90)=[36m0s[0m     p(95)=[36m0s[0m      p(99)=[36m511.9µs[0m 
     http_req_sending[2m...............:[0m avg=[36m741ns[0m  min=[36m0s[0m med=[36m0s[0m       max=[36m2ms[0m      p(90)=[36m0s[0m     p(95)=[36m0s[0m      p(99)=[36m0s[0m      
     http_req_tls_handshaking[2m.......:[0m avg=[36m0s[0m     min=[36m0s[0m med=[36m0s[0m       max=[36m0s[0m       p(90)=[36m0s[0m     p(95)=[36m0s[0m      p(99)=[36m0s[0m      
     http_req_waiting[2m...............:[0m avg=[36m4.46ms[0m min=[36m0s[0m med=[36m514.59µs[0m max=[36m328.34ms[0m p(90)=[36m7.57ms[0m p(95)=[36m14.79ms[0m p(99)=[36m80.43ms[0m 
     http_reqs[2m......................:[0m [36m89953[0m   [36;2m1498.779365/s[0m
     iteration_duration[2m.............:[0m avg=[36m4.5ms[0m  min=[36m0s[0m med=[36m515.8µs[0m  max=[36m328.34ms[0m p(90)=[36m7.66ms[0m p(95)=[36m14.85ms[0m p(99)=[36m80.43ms[0m 
     iterations[2m.....................:[0m [36m89953[0m   [36;2m1498.779365/s[0m
     order_accepted_duration[2m........:[0m avg=[36m4.47ms[0m min=[36m0s[0m med=[36m515µs[0m    max=[36m328.34ms[0m p(90)=[36m7.63ms[0m p(95)=[36m14.81ms[0m p(99)=[36m80.43ms[0m 
     orders_accepted[2m................:[0m [36m89953[0m   [36;2m1498.779365/s[0m
     vus[2m............................:[0m [36m1[0m       [36;2mmin=0[0m         [36;2mmax=77[0m 
     vus_max[2m........................:[0m [36m347[0m     [36;2mmin=347[0m       [36;2mmax=347[0m