[2026-10-01T07:43:49.565+0900][0.006s] Using G1
[2026-10-01T07:43:50.474+0900][0.916s] GC(0) Pause Young (Normal) (G1 Evacuation Pause) 102M->5M(2048M) 4.788ms
[2026-10-01T07:43:50.875+0900][1.317s] GC(1) Pause Young (Concurrent Start) (Metadata GC Threshold) 103M->10M(2048M) 6.048ms
[2026-10-01T07:43:50.875+0900][1.317s] GC(2) Concurrent Mark Cycle
[2026-10-01T07:43:50.883+0900][1.324s] GC(2) Pause Remark 12M->12M(2048M) 1.595ms
[2026-10-01T07:43:50.883+0900][1.324s] GC(2) Pause Cleanup 12M->12M(2048M) 0.009ms
[2026-10-01T07:43:50.888+0900][1.329s] GC(2) Concurrent Mark Cycle 11.544ms
[2026-10-01T07:43:51.944+0900][2.385s] GC(3) Pause Young (Normal) (G1 Evacuation Pause) 130M->16M(2048M) 9.118ms
[2026-10-01T07:43:52.419+0900][2.861s] GC(4) Pause Young (Concurrent Start) (Metadata GC Threshold) 77M->19M(2048M) 5.078ms
[2026-10-01T07:43:52.419+0900][2.861s] GC(5) Concurrent Mark Cycle
[2026-10-01T07:43:52.433+0900][2.874s] GC(5) Pause Remark 20M->20M(2048M) 3.021ms
[2026-10-01T07:43:52.435+0900][2.876s] GC(5) Pause Cleanup 21M->21M(2048M) 0.129ms
[2026-10-01T07:43:52.439+0900][2.879s] GC(5) Concurrent Mark Cycle 18.413ms
[2026-10-01T07:43:53.957+0900][4.398s] GC(6) Pause Young (Concurrent Start) (Metadata GC Threshold) 189M->25M(2048M) 10.850ms
[2026-10-01T07:43:53.958+0900][4.398s] GC(7) Concurrent Mark Cycle
[2026-10-01T07:43:53.975+0900][4.418s] GC(7) Pause Remark 27M->27M(2048M) 4.158ms
[2026-10-01T07:43:53.979+0900][4.420s] GC(7) Pause Cleanup 27M->27M(2048M) 0.243ms
[2026-10-01T07:43:53.982+0900][4.423s] GC(7) Concurrent Mark Cycle 24.698ms
[2026-10-01T07:43:56.675+0900][7.117s] GC(8) Pause Young (Normal) (G1 Evacuation Pause) 469M->41M(2048M) 18.905ms
[2026-10-01T07:44:17.942+0900][28.383s] GC(9) Pause Young (Concurrent Start) (Metadata GC Threshold) 205M->50M(2048M) 17.766ms
[2026-10-01T07:44:17.942+0900][28.383s] GC(10) Concurrent Mark Cycle
[2026-10-01T07:44:17.969+0900][28.410s] GC(10) Pause Remark 57M->57M(2048M) 6.369ms
[2026-10-01T07:44:17.973+0900][28.414s] GC(10) Pause Cleanup 57M->57M(2048M) 0.198ms
[2026-10-01T07:44:17.977+0900][28.419s] GC(10) Concurrent Mark Cycle 36.069ms
[2026-10-01T07:44:45.558+0900][55.998s] GC(11) Pause Young (Prepare Mixed) (G1 Evacuation Pause) 710M->49M(2048M) 16.294ms
[2026-10-01T07:45:54.756+0900][125.200s] GC(12) Pause Young (Mixed) (G1 Evacuation Pause) 1233M->49M(2048M) 26.835ms
[2026-10-01T07:45:59.581+0900][130.022s] GC(13) Pause Young (Normal) (G1 Evacuation Pause) 1232M->49M(2048M) 22.428ms
[2026-10-01T07:46:03.859+0900][134.299s] GC(14) Pause Young (Normal) (G1 Evacuation Pause) 1232M->49M(2048M) 22.890ms
[2026-10-01T07:46:08.273+0900][138.713s] GC(15) Pause Young (Normal) (G1 Evacuation Pause) 1232M->49M(2048M) 22.149ms
[2026-10-01T07:46:12.660+0900][143.100s] GC(16) Pause Young (Normal) (G1 Evacuation Pause) 1232M->50M(2048M) 23.745ms
[2026-10-01T07:46:17.088+0900][147.531s] GC(17) Pause Young (Normal) (G1 Evacuation Pause) 1232M->50M(2048M) 22.861ms
[2026-10-01T07:46:21.464+0900][151.907s] GC(18) Pause Young (Normal) (G1 Evacuation Pause) 1233M->50M(2048M) 23.723ms
[2026-10-01T07:46:25.799+0900][156.242s] GC(19) Pause Young (Normal) (G1 Evacuation Pause) 1233M->49M(2048M) 23.546ms
[2026-10-01T07:46:30.207+0900][160.648s] GC(20) Pause Young (Normal) (G1 Evacuation Pause) 1233M->50M(2048M) 23.974ms
[2026-10-01T07:46:34.556+0900][164.997s] GC(21) Pause Young (Normal) (G1 Evacuation Pause) 1235M->51M(2048M) 22.337ms
[2026-10-01T07:46:38.898+0900][169.341s] GC(22) Pause Young (Normal) (G1 Evacuation Pause) 1241M->51M(2048M) 18.908ms
[2026-10-01T07:46:43.109+0900][173.549s] GC(23) Pause Young (Normal) (G1 Evacuation Pause) 1243M->51M(2048M) 18.315ms
[2026-10-01T07:46:47.464+0900][177.905s] GC(24) Pause Young (Normal) (G1 Evacuation Pause) 1250M->52M(2048M) 14.561ms
[2026-10-01T07:46:51.893+0900][182.335s] GC(25) Pause Young (Normal) (G1 Evacuation Pause) 1265M->53M(2048M) 8.087ms
[2026-10-01T07:46:56.319+0900][186.760s] GC(26) Pause Young (Normal) (G1 Evacuation Pause) 1278M->53M(2048M) 4.307ms
[2026-10-01T07:47:00.751+0900][191.192s] GC(27) Pause Young (Normal) (G1 Evacuation Pause) 1279M->53M(2048M) 3.208ms
[2026-10-01T07:47:05.212+0900][195.654s] GC(28) Pause Young (Normal) (G1 Evacuation Pause) 1280M->53M(2048M) 3.116ms
[2026-10-01T07:47:09.619+0900][200.061s] GC(29) Pause Young (Normal) (G1 Evacuation Pause) 1280M->54M(2048M) 3.398ms
[2026-10-01T07:47:13.886+0900][204.328s] GC(30) Pause Young (Normal) (G1 Evacuation Pause) 1281M->54M(2048M) 3.272ms
[2026-10-01T07:47:18.431+0900][208.873s] GC(31) Pause Young (Normal) (G1 Evacuation Pause) 1281M->54M(2048M) 3.019ms
[2026-10-01T07:47:22.904+0900][213.345s] GC(32) Pause Young (Normal) (G1 Evacuation Pause) 1281M->53M(2048M) 3.350ms
[2026-10-01T07:47:27.371+0900][217.813s] GC(33) Pause Young (Normal) (G1 Evacuation Pause) 1280M->53M(2048M) 3.061ms
[2026-10-01T07:47:31.837+0900][222.279s] GC(34) Pause Young (Normal) (G1 Evacuation Pause) 1280M->53M(2048M) 3.079ms
[2026-10-01T07:47:36.328+0900][226.770s] GC(35) Pause Young (Normal) (G1 Evacuation Pause) 1280M->54M(2048M) 3.210ms
[2026-10-01T07:47:40.846+0900][231.287s] GC(36) Pause Young (Normal) (G1 Evacuation Pause) 1281M->54M(2048M) 3.232ms
[2026-10-01T07:47:45.311+0900][235.752s] GC(37) Pause Young (Normal) (G1 Evacuation Pause) 1281M->54M(2048M) 3.297ms
[2026-10-01T07:47:49.889+0900][240.331s] GC(38) Pause Young (Normal) (G1 Evacuation Pause) 1281M->54M(2048M) 2.977ms
[2026-10-01T07:47:54.467+0900][244.909s] GC(39) Pause Young (Normal) (G1 Evacuation Pause) 1281M->54M(2048M) 3.234ms
[2026-10-01T07:47:58.986+0900][249.428s] GC(40) Pause Young (Normal) (G1 Evacuation Pause) 1281M->54M(2048M) 3.160ms
[2026-10-01T07:48:03.487+0900][253.929s] GC(41) Pause Young (Normal) (G1 Evacuation Pause) 1281M->54M(2048M) 3.112ms
[2026-10-01T07:48:08.001+0900][258.442s] GC(42) Pause Young (Normal) (G1 Evacuation Pause) 1281M->54M(2048M) 3.213ms
[2026-10-01T07:48:12.474+0900][262.915s] GC(43) Pause Young (Normal) (G1 Evacuation Pause) 1281M->53M(2048M) 3.356ms
[2026-10-01T07:48:16.959+0900][267.400s] GC(44) Pause Young (Normal) (G1 Evacuation Pause) 1280M->54M(2048M) 3.245ms
[2026-10-01T07:48:21.454+0900][271.895s] GC(45) Pause Young (Normal) (G1 Evacuation Pause) 1281M->54M(2048M) 3.305ms
[2026-10-01T07:48:25.803+0900][276.245s] GC(46) Pause Young (Normal) (G1 Evacuation Pause) 1281M->54M(2048M) 3.259ms
[2026-10-01T07:48:30.399+0900][280.839s] GC(47) Pause Young (Normal) (G1 Evacuation Pause) 1281M->54M(2048M) 3.438ms
[2026-10-01T07:48:34.847+0900][285.288s] GC(48) Pause Young (Normal) (G1 Evacuation Pause) 1281M->54M(2048M) 3.300ms
[2026-10-01T07:48:39.289+0900][289.731s] GC(49) Pause Young (Normal) (G1 Evacuation Pause) 1281M->54M(2048M) 3.104ms
[2026-10-01T07:48:43.778+0900][294.219s] GC(50) Pause Young (Normal) (G1 Evacuation Pause) 1281M->54M(2048M) 3.038ms
[2026-10-01T07:48:48.458+0900][298.900s] GC(51) Pause Young (Normal) (G1 Evacuation Pause) 1281M->54M(2048M) 3.192ms
[2026-10-01T07:48:52.940+0900][303.382s] GC(52) Pause Young (Normal) (G1 Evacuation Pause) 1281M->54M(2048M) 3.203ms
[2026-10-01T07:48:57.469+0900][307.911s] GC(53) Pause Young (Normal) (G1 Evacuation Pause) 1281M->54M(2048M) 3.400ms
[2026-10-01T07:49:01.993+0900][312.434s] GC(54) Pause Young (Normal) (G1 Evacuation Pause) 1281M->54M(2048M) 3.328ms
[2026-10-01T07:49:06.537+0900][316.978s] GC(55) Pause Young (Normal) (G1 Evacuation Pause) 1281M->54M(2048M) 3.415ms
[2026-10-01T07:49:11.046+0900][321.486s] GC(56) Pause Young (Normal) (G1 Evacuation Pause) 1281M->54M(2048M) 3.225ms
[2026-10-01T07:49:15.554+0900][325.995s] GC(57) Pause Young (Normal) (G1 Evacuation Pause) 1281M->54M(2048M) 3.058ms
[2026-10-01T07:49:20.119+0900][330.560s] GC(58) Pause Young (Normal) (G1 Evacuation Pause) 1281M->54M(2048M) 3.366ms
[2026-10-01T07:49:24.664+0900][335.106s] GC(59) Pause Young (Normal) (G1 Evacuation Pause) 1281M->54M(2048M) 3.317ms
[2026-10-01T07:49:29.230+0900][339.671s] GC(60) Pause Young (Normal) (G1 Evacuation Pause) 1281M->54M(2048M) 4.173ms
[2026-10-01T07:49:33.876+0900][344.318s] GC(61) Pause Young (Normal) (G1 Evacuation Pause) 1281M->54M(2048M) 3.143ms
[2026-10-01T07:49:38.416+0900][348.857s] GC(62) Pause Young (Normal) (G1 Evacuation Pause) 1281M->54M(2048M) 3.324ms
[2026-10-01T07:49:42.813+0900][353.256s] GC(63) Pause Young (Normal) (G1 Evacuation Pause) 1281M->54M(2048M) 3.269ms
[2026-10-01T07:49:47.410+0900][357.852s] GC(64) Pause Young (Normal) (G1 Evacuation Pause) 1281M->54M(2048M) 3.376ms
[2026-10-01T07:49:51.993+0900][362.433s] GC(65) Pause Young (Normal) (G1 Evacuation Pause) 1281M->54M(2048M) 3.402ms
[2026-10-01T07:49:56.527+0900][366.968s] GC(66) Pause Young (Normal) (G1 Evacuation Pause) 1281M->54M(2048M) 3.064ms
[2026-10-01T07:50:01.107+0900][371.548s] GC(67) Pause Young (Normal) (G1 Evacuation Pause) 1281M->54M(2048M) 3.272ms
[2026-10-01T07:50:05.663+0900][376.105s] GC(68) Pause Young (Normal) (G1 Evacuation Pause) 1281M->54M(2048M) 3.535ms
[2026-10-01T07:50:10.102+0900][380.543s] GC(69) Pause Young (Normal) (G1 Evacuation Pause) 1281M->54M(2048M) 3.000ms
[2026-10-01T07:50:14.675+0900][385.116s] GC(70) Pause Young (Normal) (G1 Evacuation Pause) 1281M->54M(2048M) 3.289ms
[2026-10-01T07:50:19.290+0900][389.732s] GC(71) Pause Young (Normal) (G1 Evacuation Pause) 1281M->54M(2048M) 3.138ms
[2026-10-01T07:50:23.847+0900][394.287s] GC(72) Pause Young (Normal) (G1 Evacuation Pause) 1281M->54M(2048M) 3.038ms
[2026-10-01T07:50:28.409+0900][398.850s] GC(73) Pause Young (Normal) (G1 Evacuation Pause) 1281M->54M(2048M) 3.082ms
[2026-10-01T07:50:32.986+0900][403.428s] GC(74) Pause Young (Normal) (G1 Evacuation Pause) 1281M->54M(2048M) 3.508ms
[2026-10-01T07:50:37.532+0900][407.974s] GC(75) Pause Young (Normal) (G1 Evacuation Pause) 1281M->54M(2048M) 3.384ms
[2026-10-01T07:50:42.068+0900][412.509s] GC(76) Pause Young (Normal) (G1 Evacuation Pause) 1281M->54M(2048M) 3.295ms
[2026-10-01T07:50:46.606+0900][417.046s] GC(77) Pause Young (Normal) (G1 Evacuation Pause) 1281M->54M(2048M) 3.324ms
[2026-10-01T07:50:51.231+0900][421.672s] GC(78) Pause Young (Normal) (G1 Evacuation Pause) 1281M->54M(2048M) 3.259ms
[2026-10-01T07:50:55.887+0900][426.329s] GC(79) Pause Young (Normal) (G1 Evacuation Pause) 1281M->54M(2048M) 3.259ms
[2026-10-01T07:51:00.454+0900][430.894s] GC(80) Pause Young (Normal) (G1 Evacuation Pause) 1281M->54M(2048M) 3.214ms
[2026-10-01T07:51:05.038+0900][435.480s] GC(81) Pause Young (Normal) (G1 Evacuation Pause) 1281M->54M(2048M) 3.279ms
[2026-10-01T07:51:05.439+0900][435.881s] GC(82) Pause Young (Concurrent Start) (CodeCache GC Threshold) 171M->54M(2048M) 2.806ms
[2026-10-01T07:51:05.439+0900][435.881s] GC(83) Concurrent Mark Cycle
[2026-10-01T07:51:05.524+0900][435.967s] GC(83) Pause Remark 78M->78M(2048M) 21.380ms
[2026-10-01T07:51:05.577+0900][436.018s] GC(83) Pause Cleanup 85M->85M(2048M) 0.474ms
[2026-10-01T07:51:05.587+0900][436.028s] GC(83) Concurrent Mark Cycle 146.682ms
[2026-10-01T07:51:10.172+0900][440.614s] GC(84) Pause Young (Prepare Mixed) (G1 Evacuation Pause) 1281M->54M(2048M) 3.037ms
[2026-10-01T07:51:14.710+0900][445.151s] GC(85) Pause Young (Mixed) (G1 Evacuation Pause) 1281M->52M(2048M) 3.472ms
[2026-10-01T07:51:19.238+0900][449.678s] GC(86) Pause Young (Normal) (G1 Evacuation Pause) 1279M->52M(2048M) 3.424ms
[2026-10-01T07:51:23.681+0900][454.123s] GC(87) Pause Young (Normal) (G1 Evacuation Pause) 1279M->52M(2048M) 3.179ms
[2026-10-01T07:51:28.320+0900][458.761s] GC(88) Pause Young (Normal) (G1 Evacuation Pause) 1279M->52M(2048M) 3.226ms
[2026-10-01T07:51:32.894+0900][463.334s] GC(89) Pause Young (Normal) (G1 Evacuation Pause) 1279M->52M(2048M) 3.160ms
[2026-10-01T07:51:37.433+0900][467.875s] GC(90) Pause Young (Normal) (G1 Evacuation Pause) 1279M->52M(2048M) 2.998ms
[2026-10-01T07:51:41.968+0900][472.411s] GC(91) Pause Young (Normal) (G1 Evacuation Pause) 1279M->52M(2048M) 3.054ms
[2026-10-01T07:51:46.639+0900][477.081s] GC(92) Pause Young (Normal) (G1 Evacuation Pause) 1279M->52M(2048M) 3.409ms
[2026-10-01T07:51:51.286+0900][481.727s] GC(93) Pause Young (Normal) (G1 Evacuation Pause) 1279M->52M(2048M) 3.360ms
[2026-10-01T07:51:55.920+0900][486.360s] GC(94) Pause Young (Normal) (G1 Evacuation Pause) 1279M->52M(2048M) 3.366ms
[2026-10-01T07:52:00.613+0900][491.054s] GC(95) Pause Young (Normal) (G1 Evacuation Pause) 1279M->52M(2048M) 3.689ms
[2026-10-01T07:52:05.166+0900][495.608s] GC(96) Pause Young (Normal) (G1 Evacuation Pause) 1279M->52M(2048M) 3.389ms
[2026-10-01T07:52:09.832+0900][500.274s] GC(97) Pause Young (Normal) (G1 Evacuation Pause) 1279M->52M(2048M) 3.113ms
[2026-10-01T07:52:14.448+0900][504.891s] GC(98) Pause Young (Normal) (G1 Evacuation Pause) 1279M->52M(2048M) 3.192ms
[2026-10-01T07:52:18.996+0900][509.437s] GC(99) Pause Young (Normal) (G1 Evacuation Pause) 1279M->52M(2048M) 3.157ms
[2026-10-01T07:52:23.549+0900][513.992s] GC(100) Pause Young (Normal) (G1 Evacuation Pause) 1279M->52M(2048M) 3.410ms
[2026-10-01T07:52:27.986+0900][518.428s] GC(101) Pause Young (Normal) (G1 Evacuation Pause) 1279M->52M(2048M) 3.305ms
[2026-10-01T07:52:32.631+0900][523.073s] GC(102) Pause Young (Normal) (G1 Evacuation Pause) 1279M->52M(2048M) 3.172ms
[2026-10-01T07:52:37.185+0900][527.625s] GC(103) Pause Young (Normal) (G1 Evacuation Pause) 1279M->52M(2048M) 3.169ms
[2026-10-01T07:52:41.712+0900][532.154s] GC(104) Pause Young (Normal) (G1 Evacuation Pause) 1279M->52M(2048M) 3.242ms
[2026-10-01T07:52:46.256+0900][536.698s] GC(105) Pause Young (Normal) (G1 Evacuation Pause) 1279M->52M(2048M) 3.152ms
[2026-10-01T07:52:50.745+0900][541.186s] GC(106) Pause Young (Normal) (G1 Evacuation Pause) 1279M->52M(2048M) 3.160ms
[2026-10-01T07:52:55.188+0900][545.628s] GC(107) Pause Young (Normal) (G1 Evacuation Pause) 1279M->52M(2048M) 3.383ms
[2026-10-01T07:52:59.738+0900][550.179s] GC(108) Pause Young (Normal) (G1 Evacuation Pause) 1279M->52M(2048M) 3.100ms
[2026-10-01T07:53:04.313+0900][554.755s] GC(109) Pause Young (Normal) (G1 Evacuation Pause) 1279M->52M(2048M) 3.083ms
[2026-10-01T07:53:08.953+0900][559.396s] GC(110) Pause Young (Normal) (G1 Evacuation Pause) 1279M->52M(2048M) 3.220ms
[2026-10-01T07:53:13.475+0900][563.916s] GC(111) Pause Young (Normal) (G1 Evacuation Pause) 1279M->52M(2048M) 3.251ms
[2026-10-01T07:53:18.048+0900][568.489s] GC(112) Pause Young (Normal) (G1 Evacuation Pause) 1279M->52M(2048M) 3.591ms
[2026-10-01T07:53:22.618+0900][573.060s] GC(113) Pause Young (Normal) (G1 Evacuation Pause) 1279M->52M(2048M) 3.076ms
[2026-10-01T07:53:27.142+0900][577.583s] GC(114) Pause Young (Normal) (G1 Evacuation Pause) 1279M->52M(2048M) 3.238ms
[2026-10-01T07:53:31.679+0900][582.122s] GC(115) Pause Young (Normal) (G1 Evacuation Pause) 1279M->52M(2048M) 3.364ms
[2026-10-01T07:53:36.227+0900][586.668s] GC(116) Pause Young (Normal) (G1 Evacuation Pause) 1279M->52M(2048M) 3.303ms
[2026-10-01T07:53:40.770+0900][591.212s] GC(117) Pause Young (Normal) (G1 Evacuation Pause) 1279M->52M(2048M) 3.015ms
[2026-10-01T07:53:45.246+0900][595.687s] GC(118) Pause Young (Normal) (G1 Evacuation Pause) 1279M->52M(2048M) 3.421ms
[2026-10-01T07:53:49.880+0900][600.321s] GC(119) Pause Young (Normal) (G1 Evacuation Pause) 1279M->52M(2048M) 3.155ms
[2026-10-01T07:53:54.437+0900][604.878s] GC(120) Pause Young (Normal) (G1 Evacuation Pause) 1279M->52M(2048M) 3.392ms
[2026-10-01T07:53:58.969+0900][609.411s] GC(121) Pause Young (Normal) (G1 Evacuation Pause) 1279M->52M(2048M) 3.486ms
[2026-10-01T07:54:03.535+0900][613.977s] GC(122) Pause Young (Normal) (G1 Evacuation Pause) 1279M->52M(2048M) 3.210ms
[2026-10-01T07:54:08.080+0900][618.522s] GC(123) Pause Young (Normal) (G1 Evacuation Pause) 1279M->52M(2048M) 3.497ms
[2026-10-01T07:54:12.623+0900][623.065s] GC(124) Pause Young (Normal) (G1 Evacuation Pause) 1279M->52M(2048M) 3.287ms
[2026-10-01T07:54:17.200+0900][627.641s] GC(125) Pause Young (Normal) (G1 Evacuation Pause) 1279M->52M(2048M) 3.199ms
[2026-10-01T07:54:21.806+0900][632.249s] GC(126) Pause Young (Normal) (G1 Evacuation Pause) 1279M->52M(2048M) 3.394ms
[2026-10-01T07:54:26.354+0900][636.795s] GC(127) Pause Young (Normal) (G1 Evacuation Pause) 1279M->52M(2048M) 3.259ms
[2026-10-01T07:54:30.903+0900][641.344s] GC(128) Pause Young (Normal) (G1 Evacuation Pause) 1279M->52M(2048M) 3.142ms
[2026-10-01T07:54:35.456+0900][645.897s] GC(129) Pause Young (Normal) (G1 Evacuation Pause) 1279M->52M(2048M) 3.032ms
[2026-10-01T07:54:39.926+0900][650.368s] GC(130) Pause Young (Normal) (G1 Evacuation Pause) 1279M->52M(2048M) 3.104ms
[2026-10-01T07:54:44.460+0900][654.902s] GC(131) Pause Young (Normal) (G1 Evacuation Pause) 1279M->52M(2048M) 3.250ms
[2026-10-01T07:54:49.113+0900][659.554s] GC(132) Pause Young (Normal) (G1 Evacuation Pause) 1279M->52M(2048M) 3.218ms
[2026-10-01T07:54:53.671+0900][664.112s] GC(133) Pause Young (Normal) (G1 Evacuation Pause) 1279M->52M(2048M) 3.334ms
[2026-10-01T07:54:58.202+0900][668.644s] GC(134) Pause Young (Normal) (G1 Evacuation Pause) 1279M->52M(2048M) 3.153ms
[2026-10-01T07:55:02.778+0900][673.221s] GC(135) Pause Young (Normal) (G1 Evacuation Pause) 1279M->52M(2048M) 3.004ms
[2026-10-01T07:55:07.380+0900][677.822s] GC(136) Pause Young (Normal) (G1 Evacuation Pause) 1279M->52M(2048M) 3.256ms
[2026-10-01T07:55:11.976+0900][682.418s] GC(137) Pause Young (Normal) (G1 Evacuation Pause) 1279M->52M(2048M) 3.193ms
[2026-10-01T07:55:16.504+0900][686.947s] GC(138) Pause Young (Normal) (G1 Evacuation Pause) 1279M->52M(2048M) 3.238ms
[2026-10-01T07:55:20.977+0900][691.418s] GC(139) Pause Young (Normal) (G1 Evacuation Pause) 1279M->52M(2048M) 3.078ms
[2026-10-01T07:55:25.547+0900][695.989s] GC(140) Pause Young (Normal) (G1 Evacuation Pause) 1279M->52M(2048M) 3.228ms
[2026-10-01T07:55:30.097+0900][700.538s] GC(141) Pause Young (Normal) (G1 Evacuation Pause) 1279M->52M(2048M) 3.191ms
[2026-10-01T07:55:34.688+0900][705.130s] GC(142) Pause Young (Normal) (G1 Evacuation Pause) 1279M->52M(2048M) 3.204ms
[2026-10-01T07:55:39.268+0900][709.709s] GC(143) Pause Young (Normal) (G1 Evacuation Pause) 1279M->52M(2048M) 3.342ms
[2026-10-01T07:55:43.922+0900][714.364s] GC(144) Pause Young (Normal) (G1 Evacuation Pause) 1279M->52M(2048M) 3.171ms
[2026-10-01T07:55:48.484+0900][718.926s] GC(145) Pause Young (Normal) (G1 Evacuation Pause) 1279M->52M(2048M) 3.046ms
[2026-10-01T07:55:53.063+0900][723.504s] GC(146) Pause Young (Normal) (G1 Evacuation Pause) 1279M->52M(2048M) 3.328ms
[2026-10-01T07:55:57.627+0900][728.068s] GC(147) Pause Young (Normal) (G1 Evacuation Pause) 1279M->52M(2048M) 3.024ms
[2026-10-01T07:56:02.182+0900][732.622s] GC(148) Pause Young (Normal) (G1 Evacuation Pause) 1279M->52M(2048M) 3.066ms
[2026-10-01T07:56:06.599+0900][737.041s] GC(149) Pause Young (Normal) (G1 Evacuation Pause) 1279M->52M(2048M) 3.087ms
[2026-10-01T07:56:11.067+0900][741.510s] GC(150) Pause Young (Normal) (G1 Evacuation Pause) 1279M->52M(2048M) 3.134ms
[2026-10-01T07:56:15.607+0900][746.049s] GC(151) Pause Young (Normal) (G1 Evacuation Pause) 1279M->52M(2048M) 3.242ms
[2026-10-01T07:56:20.155+0900][750.598s] GC(152) Pause Young (Normal) (G1 Evacuation Pause) 1279M->52M(2048M) 3.140ms
[2026-10-01T07:56:24.728+0900][755.169s] GC(153) Pause Young (Normal) (G1 Evacuation Pause) 1279M->52M(2048M) 3.083ms
[2026-10-01T07:56:29.386+0900][759.828s] GC(154) Pause Young (Normal) (G1 Evacuation Pause) 1279M->52M(2048M) 3.126ms
[2026-10-01T07:56:33.941+0900][764.382s] GC(155) Pause Young (Normal) (G1 Evacuation Pause) 1279M->52M(2048M) 3.190ms
[2026-10-01T07:56:38.494+0900][768.934s] GC(156) Pause Young (Normal) (G1 Evacuation Pause) 1279M->52M(2048M) 2.953ms
[2026-10-01T07:56:43.073+0900][773.515s] GC(157) Pause Young (Normal) (G1 Evacuation Pause) 1279M->52M(2048M) 3.329ms
[2026-10-01T07:56:47.670+0900][778.110s] GC(158) Pause Young (Normal) (G1 Evacuation Pause) 1279M->52M(2048M) 3.065ms
[2026-10-01T07:56:52.265+0900][782.707s] GC(159) Pause Young (Normal) (G1 Evacuation Pause) 1279M->52M(2048M) 3.063ms
[2026-10-01T07:56:57.001+0900][787.442s] GC(160) Pause Young (Normal) (G1 Evacuation Pause) 1279M->52M(2048M) 3.036ms
[2026-10-01T07:57:01.777+0900][792.217s] GC(161) Pause Young (Normal) (G1 Evacuation Pause) 1279M->52M(2048M) 3.422ms
[2026-10-01T07:57:06.607+0900][797.049s] GC(162) Pause Young (Normal) (G1 Evacuation Pause) 1279M->52M(2048M) 3.306ms
[2026-10-01T07:57:11.499+0900][801.940s] GC(163) Pause Young (Normal) (G1 Evacuation Pause) 1279M->52M(2048M) 3.066ms
[2026-10-01T07:57:16.232+0900][806.672s] GC(164) Pause Young (Normal) (G1 Evacuation Pause) 1279M->52M(2048M) 3.219ms
[2026-10-01T07:57:20.945+0900][811.387s] GC(165) Pause Young (Normal) (G1 Evacuation Pause) 1279M->52M(2048M) 3.089ms
[2026-10-01T07:57:25.456+0900][815.898s] GC(166) Pause Young (Normal) (G1 Evacuation Pause) 1279M->52M(2048M) 3.193ms
[2026-10-01T07:57:29.934+0900][820.375s] GC(167) Pause Young (Normal) (G1 Evacuation Pause) 1279M->52M(2048M) 3.398ms
[2026-10-01T07:57:34.491+0900][824.931s] GC(168) Pause Young (Normal) (G1 Evacuation Pause) 1279M->52M(2048M) 3.161ms
[2026-10-01T07:57:39.060+0900][829.502s] GC(169) Pause Young (Normal) (G1 Evacuation Pause) 1279M->52M(2048M) 3.502ms
[2026-10-01T07:57:43.560+0900][834.002s] GC(170) Pause Young (Normal) (G1 Evacuation Pause) 1279M->52M(2048M) 3.166ms
[2026-10-01T07:57:48.127+0900][838.568s] GC(171) Pause Young (Normal) (G1 Evacuation Pause) 1279M->52M(2048M) 3.276ms
[2026-10-01T07:57:52.643+0900][843.084s] GC(172) Pause Young (Normal) (G1 Evacuation Pause) 1279M->52M(2048M) 3.217ms
[2026-10-01T07:57:57.167+0900][847.608s] GC(173) Pause Young (Normal) (G1 Evacuation Pause) 1279M->52M(2048M) 3.260ms
[2026-10-01T07:58:01.810+0900][852.252s] GC(174) Pause Young (Normal) (G1 Evacuation Pause) 1279M->52M(2048M) 3.475ms
[2026-10-01T07:58:06.227+0900][856.668s] GC(175) Pause Young (Normal) (G1 Evacuation Pause) 1279M->52M(2048M) 3.189ms
[2026-10-01T07:58:10.814+0900][861.255s] GC(176) Pause Young (Normal) (G1 Evacuation Pause) 1279M->52M(2048M) 3.168ms
[2026-10-01T07:58:15.242+0900][865.683s] GC(177) Pause Young (Normal) (G1 Evacuation Pause) 1279M->52M(2048M) 3.154ms
[2026-10-01T07:58:19.793+0900][870.234s] GC(178) Pause Young (Normal) (G1 Evacuation Pause) 1279M->52M(2048M) 2.888ms
[2026-10-01T07:58:24.308+0900][874.750s] GC(179) Pause Young (Normal) (G1 Evacuation Pause) 1279M->52M(2048M) 3.217ms
[2026-10-01T07:58:28.763+0900][879.205s] GC(180) Pause Young (Normal) (G1 Evacuation Pause) 1279M->52M(2048M) 3.283ms
[2026-10-01T07:58:33.306+0900][883.747s] GC(181) Pause Young (Normal) (G1 Evacuation Pause) 1279M->52M(2048M) 3.121ms
[2026-10-01T07:58:37.903+0900][888.344s] GC(182) Pause Young (Normal) (G1 Evacuation Pause) 1279M->52M(2048M) 3.448ms
[2026-10-01T07:58:42.452+0900][892.894s] GC(183) Pause Young (Normal) (G1 Evacuation Pause) 1279M->52M(2048M) 3.359ms
[2026-10-01T07:58:46.904+0900][897.346s] GC(184) Pause Young (Normal) (G1 Evacuation Pause) 1279M->52M(2048M) 3.271ms
[2026-10-01T07:58:51.471+0900][901.912s] GC(185) Pause Young (Normal) (G1 Evacuation Pause) 1279M->52M(2048M) 3.337ms
[2026-10-01T07:58:56.052+0900][906.493s] GC(186) Pause Young (Normal) (G1 Evacuation Pause) 1279M->52M(2048M) 3.188ms
[2026-10-01T07:59:00.589+0900][911.032s] GC(187) Pause Young (Normal) (G1 Evacuation Pause) 1279M->52M(2048M) 3.172ms
[2026-10-01T07:59:05.173+0900][915.613s] GC(188) Pause Young (Normal) (G1 Evacuation Pause) 1279M->52M(2048M) 3.249ms
[2026-10-01T07:59:09.710+0900][920.152s] GC(189) Pause Young (Normal) (G1 Evacuation Pause) 1279M->52M(2048M) 3.262ms
[2026-10-01T07:59:14.372+0900][924.812s] GC(190) Pause Young (Normal) (G1 Evacuation Pause) 1279M->52M(2048M) 3.206ms
[2026-10-01T07:59:18.851+0900][929.293s] GC(191) Pause Young (Normal) (G1 Evacuation Pause) 1279M->52M(2048M) 3.296ms
[2026-10-01T07:59:23.377+0900][933.819s] GC(192) Pause Young (Normal) (G1 Evacuation Pause) 1279M->52M(2048M) 3.135ms
[2026-10-01T07:59:27.860+0900][938.301s] GC(193) Pause Young (Normal) (G1 Evacuation Pause) 1279M->52M(2048M) 3.413ms
[2026-10-01T07:59:32.415+0900][942.857s] GC(194) Pause Young (Normal) (G1 Evacuation Pause) 1279M->52M(2048M) 2.943ms
[2026-10-01T07:59:36.971+0900][947.412s] GC(195) Pause Young (Normal) (G1 Evacuation Pause) 1279M->52M(2048M) 3.013ms
[2026-10-01T07:59:41.503+0900][951.944s] GC(196) Pause Young (Normal) (G1 Evacuation Pause) 1279M->52M(2048M) 3.202ms
[2026-10-01T07:59:46.048+0900][956.490s] GC(197) Pause Young (Normal) (G1 Evacuation Pause) 1279M->52M(2048M) 3.378ms
[2026-10-01T07:59:50.719+0900][961.160s] GC(198) Pause Young (Normal) (G1 Evacuation Pause) 1279M->52M(2048M) 3.308ms
[2026-10-01T07:59:55.205+0900][965.646s] GC(199) Pause Young (Normal) (G1 Evacuation Pause) 1279M->52M(2048M) 3.319ms
[2026-10-01T07:59:59.724+0900][970.166s] GC(200) Pause Young (Normal) (G1 Evacuation Pause) 1279M->52M(2048M) 3.264ms
[2026-10-01T08:00:04.259+0900][974.700s] GC(201) Pause Young (Normal) (G1 Evacuation Pause) 1279M->52M(2048M) 3.245ms
[2026-10-01T08:00:08.823+0900][979.264s] GC(202) Pause Young (Normal) (G1 Evacuation Pause) 1279M->52M(2048M) 3.261ms
[2026-10-01T08:00:13.353+0900][983.798s] GC(203) Pause Young (Normal) (G1 Evacuation Pause) 1279M->52M(2048M) 3.199ms
[2026-10-01T08:00:17.808+0900][988.250s] GC(204) Pause Young (Normal) (G1 Evacuation Pause) 1279M->52M(2048M) 3.207ms
[2026-10-01T08:00:22.346+0900][992.788s] GC(205) Pause Young (Normal) (G1 Evacuation Pause) 1279M->52M(2048M) 3.235ms
[2026-10-01T08:00:26.951+0900][997.392s] GC(206) Pause Young (Normal) (G1 Evacuation Pause) 1279M->52M(2048M) 3.132ms
[2026-10-01T08:00:31.615+0900][1002.057s] GC(207) Pause Young (Normal) (G1 Evacuation Pause) 1279M->52M(2048M) 3.270ms
[2026-10-01T08:00:36.148+0900][1006.588s] GC(208) Pause Young (Normal) (G1 Evacuation Pause) 1279M->52M(2048M) 3.183ms
[2026-10-01T08:00:40.713+0900][1011.154s] GC(209) Pause Young (Normal) (G1 Evacuation Pause) 1279M->52M(2048M) 3.039ms
[2026-10-01T08:00:45.276+0900][1015.716s] GC(210) Pause Young (Normal) (G1 Evacuation Pause) 1279M->52M(2048M) 3.095ms
[2026-10-01T08:00:49.877+0900][1020.317s] GC(211) Pause Young (Normal) (G1 Evacuation Pause) 1279M->52M(2048M) 3.184ms
