[32m     ✓ status is 2xx[0m

     checks[2m.........................:[0m [36m100.00%[0m [36;2m✓ 2527605[0m     [36;2m✗ 0[0m      
     data_received[2m..................:[0m [36m331 MB[0m  [36;2m367 kB/s[0m
     data_sent[2m......................:[0m [36m591 MB[0m  [36;2m657 kB/s[0m
     http_req_blocked[2m...............:[0m avg=[36m57.8µs[0m   min=[36m0s[0m med=[36m0s[0m      max=[36m36.57ms[0m  p(90)=[36m0s[0m      p(95)=[36m0s[0m      p(99)=[36m924.08µs[0m
     http_req_connecting[2m............:[0m avg=[36m56.06µs[0m  min=[36m0s[0m med=[36m0s[0m      max=[36m36.57ms[0m  p(90)=[36m0s[0m      p(95)=[36m0s[0m      p(99)=[36m0s[0m      
     http_req_duration[2m..............:[0m avg=[36m17.69ms[0m  min=[36m0s[0m med=[36m15.84ms[0m max=[36m220.75ms[0m p(90)=[36m27.47ms[0m p(95)=[36m33ms[0m    p(99)=[36m47.48ms[0m 
       { expected_response:true }[2m...:[0m avg=[36m17.69ms[0m  min=[36m0s[0m med=[36m15.84ms[0m max=[36m220.75ms[0m p(90)=[36m27.47ms[0m p(95)=[36m33ms[0m    p(99)=[36m47.48ms[0m 
     http_req_failed[2m................:[0m [36m0.00%[0m   [36;2m✓ 0[0m           [36;2m✗ 2527605[0m
     http_req_receiving[2m.............:[0m avg=[36m162.13µs[0m min=[36m0s[0m med=[36m0s[0m      max=[36m39.05ms[0m  p(90)=[36m378.4µs[0m p(95)=[36m1.31ms[0m  p(99)=[36m3.06ms[0m  
     http_req_sending[2m...............:[0m avg=[36m6.46µs[0m   min=[36m0s[0m med=[36m0s[0m      max=[36m9.9ms[0m    p(90)=[36m0s[0m      p(95)=[36m0s[0m      p(99)=[36m371.99µs[0m
     http_req_tls_handshaking[2m.......:[0m avg=[36m0s[0m       min=[36m0s[0m med=[36m0s[0m      max=[36m0s[0m       p(90)=[36m0s[0m      p(95)=[36m0s[0m      p(99)=[36m0s[0m      
     http_req_waiting[2m...............:[0m avg=[36m17.52ms[0m  min=[36m0s[0m med=[36m15.67ms[0m max=[36m220.75ms[0m p(90)=[36m27.3ms[0m  p(95)=[36m32.82ms[0m p(99)=[36m47.31ms[0m 
     http_reqs[2m......................:[0m [36m2527605[0m [36;2m2808.408795/s[0m
     iteration_duration[2m.............:[0m avg=[36m17.79ms[0m  min=[36m0s[0m med=[36m15.92ms[0m max=[36m220.75ms[0m p(90)=[36m27.65ms[0m p(95)=[36m33.17ms[0m p(99)=[36m47.64ms[0m 
     iterations[2m.....................:[0m [36m2527605[0m [36;2m2808.408795/s[0m
     reviews_created[2m................:[0m [36m2527605[0m [36;2m2808.408795/s[0m
     reviews_success_duration[2m.......:[0m avg=[36m17.69ms[0m  min=[36m0s[0m med=[36m15.84ms[0m max=[36m220.75ms[0m p(90)=[36m27.47ms[0m p(95)=[36m33ms[0m    p(99)=[36m47.48ms[0m 
     vus[2m............................:[0m [36m50[0m      [36;2mmin=50[0m        [36;2mmax=50[0m   
     vus_max[2m........................:[0m [36m50[0m      [36;2mmin=50[0m        [36;2mmax=50[0m   