[32m     ✓ status is 2xx[0m

     checks[2m.........................:[0m [36m100.00%[0m [36;2m✓ 12001[0m      [36;2m✗ 0[0m    
     data_received[2m..................:[0m [36m1.6 MB[0m  [36;2m26 kB/s[0m
     data_sent[2m......................:[0m [36m2.8 MB[0m  [36;2m47 kB/s[0m
     http_req_blocked[2m...............:[0m avg=[36m18.94µs[0m min=[36m0s[0m      med=[36m0s[0m     max=[36m9.2ms[0m    p(90)=[36m0s[0m     p(95)=[36m0s[0m     p(99)=[36m681.4µs[0m
     http_req_connecting[2m............:[0m avg=[36m18.62µs[0m min=[36m0s[0m      med=[36m0s[0m     max=[36m9.2ms[0m    p(90)=[36m0s[0m     p(95)=[36m0s[0m     p(99)=[36m676.9µs[0m
     http_req_duration[2m..............:[0m avg=[36m3.41ms[0m  min=[36m308.7µs[0m med=[36m2.52ms[0m max=[36m304.96ms[0m p(90)=[36m3.35ms[0m p(95)=[36m3.93ms[0m p(99)=[36m8.87ms[0m 
       { expected_response:true }[2m...:[0m avg=[36m3.41ms[0m  min=[36m308.7µs[0m med=[36m2.52ms[0m max=[36m304.96ms[0m p(90)=[36m3.35ms[0m p(95)=[36m3.93ms[0m p(99)=[36m8.87ms[0m 
     http_req_failed[2m................:[0m [36m0.00%[0m   [36;2m✓ 0[0m          [36;2m✗ 12001[0m
     http_req_receiving[2m.............:[0m avg=[36m1.15ms[0m  min=[36m0s[0m      med=[36m1.34ms[0m max=[36m12.9ms[0m   p(90)=[36m2.21ms[0m p(95)=[36m2.44ms[0m p(99)=[36m2.99ms[0m 
     http_req_sending[2m...............:[0m avg=[36m797ns[0m   min=[36m0s[0m      med=[36m0s[0m     max=[36m1.11ms[0m   p(90)=[36m0s[0m     p(95)=[36m0s[0m     p(99)=[36m0s[0m     
     http_req_tls_handshaking[2m.......:[0m avg=[36m0s[0m      min=[36m0s[0m      med=[36m0s[0m     max=[36m0s[0m       p(90)=[36m0s[0m     p(95)=[36m0s[0m     p(99)=[36m0s[0m     
     http_req_waiting[2m...............:[0m avg=[36m2.25ms[0m  min=[36m300.3µs[0m med=[36m891µs[0m  max=[36m304.96ms[0m p(90)=[36m2.64ms[0m p(95)=[36m3.36ms[0m p(99)=[36m7.99ms[0m 
     http_reqs[2m......................:[0m [36m12001[0m   [36;2m200.007428/s[0m
     iteration_duration[2m.............:[0m avg=[36m3.55ms[0m  min=[36m316.9µs[0m med=[36m2.56ms[0m max=[36m306.01ms[0m p(90)=[36m3.4ms[0m  p(95)=[36m4ms[0m    p(99)=[36m9.85ms[0m 
     iterations[2m.....................:[0m [36m12001[0m   [36;2m200.007428/s[0m
     reviews_created[2m................:[0m [36m12001[0m   [36;2m200.007428/s[0m
     reviews_success_duration[2m.......:[0m avg=[36m3.41ms[0m  min=[36m308.7µs[0m med=[36m2.52ms[0m max=[36m304.96ms[0m p(90)=[36m3.35ms[0m p(95)=[36m3.93ms[0m p(99)=[36m8.87ms[0m 
     vus[2m............................:[0m [36m0[0m       [36;2mmin=0[0m        [36;2mmax=2[0m  
     vus_max[2m........................:[0m [36m100[0m     [36;2mmin=100[0m      [36;2mmax=100[0m