time="2026-09-29T19:26:43+09:00" level=info msg="[run] 시작 19:26:43 MODE=async SCENARIO=fixed TAG=CAP-async" source=console
time="2026-09-29T19:29:43+09:00" level=info msg="[run] 종료 19:29:43 TAG=CAP-async" source=console
[31m     ✗ status is 202
      ↳  79% — ✓ 568189 / ✗ 150246[0m
[31m     ✗ has sse location
      ↳  79% — ✓ 568189 / ✗ 150246[0m

     checks[2m.........................:[0m [36m79.08%[0m [36;2m✓ 1136378[0m     [36;2m✗ 300492[0m
     data_received[2m..................:[0m [36m103 MB[0m [36;2m570 kB/s[0m
     data_sent[2m......................:[0m [36m193 MB[0m [36;2m1.1 MB/s[0m
     dropped_iterations[2m.............:[0m [36m1568[0m   [36;2m8.674919/s[0m
     http_req_blocked[2m...............:[0m avg=[36m2.06ms[0m  min=[36m0s[0m med=[36m0s[0m      max=[36m7.06s[0m  p(90)=[36m0s[0m       p(95)=[36m0s[0m       p(99)=[36m6.82ms[0m  
     http_req_connecting[2m............:[0m avg=[36m2.06ms[0m  min=[36m0s[0m med=[36m0s[0m      max=[36m7.06s[0m  p(90)=[36m0s[0m       p(95)=[36m0s[0m       p(99)=[36m6.78ms[0m  
     http_req_duration[2m..............:[0m avg=[36m61.49ms[0m min=[36m0s[0m med=[36m27.15ms[0m max=[36m9.62s[0m  p(90)=[36m85.61ms[0m  p(95)=[36m293.14ms[0m p(99)=[36m617.28ms[0m
       { expected_response:true }[2m...:[0m avg=[36m58.88ms[0m min=[36m0s[0m med=[36m27.66ms[0m max=[36m9.62s[0m  p(90)=[36m80.46ms[0m  p(95)=[36m287.03ms[0m p(99)=[36m605.4ms[0m 
     http_req_failed[2m................:[0m [36m20.91%[0m [36;2m✓ 150246[0m      [36;2m✗ 568189[0m
     http_req_receiving[2m.............:[0m avg=[36m27.65µs[0m min=[36m0s[0m med=[36m0s[0m      max=[36m7.59ms[0m p(90)=[36m0s[0m       p(95)=[36m0s[0m       p(99)=[36m569.6µs[0m 
     http_req_sending[2m...............:[0m avg=[36m1.14µs[0m  min=[36m0s[0m med=[36m0s[0m      max=[36m7.14ms[0m p(90)=[36m0s[0m       p(95)=[36m0s[0m       p(99)=[36m0s[0m      
     http_req_tls_handshaking[2m.......:[0m avg=[36m0s[0m      min=[36m0s[0m med=[36m0s[0m      max=[36m0s[0m     p(90)=[36m0s[0m       p(95)=[36m0s[0m       p(99)=[36m0s[0m      
     http_req_waiting[2m...............:[0m avg=[36m61.47ms[0m min=[36m0s[0m med=[36m27.12ms[0m max=[36m9.62s[0m  p(90)=[36m85.57ms[0m  p(95)=[36m293.13ms[0m p(99)=[36m617.23ms[0m
     http_reqs[2m......................:[0m [36m718435[0m [36;2m3974.722864/s[0m
     iteration_duration[2m.............:[0m avg=[36m63.61ms[0m min=[36m0s[0m med=[36m27.37ms[0m max=[36m9.62s[0m  p(90)=[36m88ms[0m     p(95)=[36m295.12ms[0m p(99)=[36m629.54ms[0m
     iterations[2m.....................:[0m [36m718435[0m [36;2m3974.722864/s[0m
     order_accepted_duration[2m........:[0m avg=[36m58.88ms[0m min=[36m0s[0m med=[36m27.66ms[0m max=[36m9.62s[0m  p(90)=[36m80.46ms[0m  p(95)=[36m287.03ms[0m p(99)=[36m605.4ms[0m 
     order_rejected_duration[2m........:[0m avg=[36m71.37ms[0m min=[36m0s[0m med=[36m24.81ms[0m max=[36m4.87s[0m  p(90)=[36m247.59ms[0m p(95)=[36m313.44ms[0m p(99)=[36m674.85ms[0m
     orders_accepted[2m................:[0m [36m568189[0m [36;2m3143.490795/s[0m
     orders_rejected[2m................:[0m [36m150246[0m [36;2m831.232069/s[0m
     vus[2m............................:[0m [36m127[0m    [36;2mmin=10[0m        [36;2mmax=1148[0m
     vus_max[2m........................:[0m [36m1347[0m   [36;2mmin=362[0m       [36;2mmax=1347[0m