time="2026-09-26T21:36:26+09:00" level=info msg="[run] 시작 21:36:26 MODE=sync SCENARIO=saturate TAG=P1-p10" source=console
time="2026-09-26T21:39:26+09:00" level=info msg="[run] 종료 21:39:26 TAG=P1-p10" source=console
[32m     ✓ status is 200[0m
[32m     ✓ has order id[0m

     checks[2m.........................:[0m [36m100.00%[0m [36;2m✓ 815710[0m      [36;2m✗ 0[0m     
     data_received[2m..................:[0m [36m53 MB[0m   [36;2m294 kB/s[0m
     data_sent[2m......................:[0m [36m107 MB[0m  [36;2m595 kB/s[0m
     http_req_blocked[2m...............:[0m avg=[36m50.63µs[0m  min=[36m0s[0m     med=[36m0s[0m      max=[36m37.79ms[0m p(90)=[36m0s[0m      p(95)=[36m0s[0m      p(99)=[36m784.66µs[0m
     http_req_connecting[2m............:[0m avg=[36m49.2µs[0m   min=[36m0s[0m     med=[36m0s[0m      max=[36m37.79ms[0m p(90)=[36m0s[0m      p(95)=[36m0s[0m      p(99)=[36m517.39µs[0m
     http_req_duration[2m..............:[0m avg=[36m28.14ms[0m  min=[36m1.47ms[0m med=[36m25.63ms[0m max=[36m572.9ms[0m p(90)=[36m46.9ms[0m  p(95)=[36m63.81ms[0m p(99)=[36m131.2ms[0m 
       { expected_response:true }[2m...:[0m avg=[36m28.14ms[0m  min=[36m1.47ms[0m med=[36m25.63ms[0m max=[36m572.9ms[0m p(90)=[36m46.9ms[0m  p(95)=[36m63.81ms[0m p(99)=[36m131.2ms[0m 
     http_req_failed[2m................:[0m [36m0.00%[0m   [36;2m✓ 0[0m           [36;2m✗ 407855[0m
     http_req_receiving[2m.............:[0m avg=[36m159.13µs[0m min=[36m0s[0m     med=[36m0s[0m      max=[36m74.45ms[0m p(90)=[36m532.4µs[0m p(95)=[36m1.04ms[0m  p(99)=[36m2.39ms[0m  
     http_req_sending[2m...............:[0m avg=[36m5.36µs[0m   min=[36m0s[0m     med=[36m0s[0m      max=[36m3.31ms[0m  p(90)=[36m0s[0m      p(95)=[36m0s[0m      p(99)=[36m0s[0m      
     http_req_tls_handshaking[2m.......:[0m avg=[36m0s[0m       min=[36m0s[0m     med=[36m0s[0m      max=[36m0s[0m      p(90)=[36m0s[0m      p(95)=[36m0s[0m      p(99)=[36m0s[0m      
     http_req_waiting[2m...............:[0m avg=[36m27.98ms[0m  min=[36m1.45ms[0m med=[36m25.49ms[0m max=[36m572.9ms[0m p(90)=[36m46.75ms[0m p(95)=[36m63.65ms[0m p(99)=[36m131.03ms[0m
     http_reqs[2m......................:[0m [36m407855[0m  [36;2m2265.221538/s[0m
     iteration_duration[2m.............:[0m avg=[36m28.24ms[0m  min=[36m1.47ms[0m med=[36m25.7ms[0m  max=[36m572.9ms[0m p(90)=[36m47.03ms[0m p(95)=[36m63.98ms[0m p(99)=[36m131.27ms[0m
     iterations[2m.....................:[0m [36m407855[0m  [36;2m2265.221538/s[0m
     order_accepted_duration[2m........:[0m avg=[36m28.14ms[0m  min=[36m1.47ms[0m med=[36m25.63ms[0m max=[36m572.9ms[0m p(90)=[36m46.9ms[0m  p(95)=[36m63.81ms[0m p(99)=[36m131.2ms[0m 
     orders_accepted[2m................:[0m [36m407855[0m  [36;2m2265.221538/s[0m
     vus[2m............................:[0m [36m64[0m      [36;2mmin=64[0m        [36;2mmax=64[0m  
     vus_max[2m........................:[0m [36m64[0m      [36;2mmin=64[0m        [36;2mmax=64[0m  