time="2026-09-26T21:34:46+09:00" level=info msg="[run] 시작 21:34:46 MODE=sync SCENARIO=saturate TAG=P1-p10-warmup" source=console
time="2026-09-26T21:35:46+09:00" level=info msg="[run] 종료 21:35:46 TAG=P1-p10-warmup" source=console
[32m     ✓ status is 200[0m
[32m     ✓ has order id[0m

     checks[2m.........................:[0m [36m100.00%[0m [36;2m✓ 252390[0m     [36;2m✗ 0[0m     
     data_received[2m..................:[0m [36m16 MB[0m   [36;2m274 kB/s[0m
     data_sent[2m......................:[0m [36m33 MB[0m   [36;2m552 kB/s[0m
     http_req_blocked[2m...............:[0m avg=[36m52.97µs[0m  min=[36m0s[0m      med=[36m0s[0m      max=[36m41.78ms[0m p(90)=[36m0s[0m      p(95)=[36m0s[0m      p(99)=[36m795.36µs[0m
     http_req_connecting[2m............:[0m avg=[36m51.58µs[0m  min=[36m0s[0m      med=[36m0s[0m      max=[36m41.78ms[0m p(90)=[36m0s[0m      p(95)=[36m0s[0m      p(99)=[36m628.34µs[0m
     http_req_duration[2m..............:[0m avg=[36m30.33ms[0m  min=[36m1.28ms[0m  med=[36m25.22ms[0m max=[36m1.39s[0m   p(90)=[36m51.95ms[0m p(95)=[36m74.48ms[0m p(99)=[36m140.45ms[0m
       { expected_response:true }[2m...:[0m avg=[36m30.33ms[0m  min=[36m1.28ms[0m  med=[36m25.22ms[0m max=[36m1.39s[0m   p(90)=[36m51.95ms[0m p(95)=[36m74.48ms[0m p(99)=[36m140.45ms[0m
     http_req_failed[2m................:[0m [36m0.00%[0m   [36;2m✓ 0[0m          [36;2m✗ 126195[0m
     http_req_receiving[2m.............:[0m avg=[36m159.36µs[0m min=[36m0s[0m      med=[36m0s[0m      max=[36m55.98ms[0m p(90)=[36m524µs[0m   p(95)=[36m1.02ms[0m  p(99)=[36m2.39ms[0m  
     http_req_sending[2m...............:[0m avg=[36m5.32µs[0m   min=[36m0s[0m      med=[36m0s[0m      max=[36m2.98ms[0m  p(90)=[36m0s[0m      p(95)=[36m0s[0m      p(99)=[36m0s[0m      
     http_req_tls_handshaking[2m.......:[0m avg=[36m0s[0m       min=[36m0s[0m      med=[36m0s[0m      max=[36m0s[0m      p(90)=[36m0s[0m      p(95)=[36m0s[0m      p(99)=[36m0s[0m      
     http_req_waiting[2m...............:[0m avg=[36m30.16ms[0m  min=[36m860.8µs[0m med=[36m25.06ms[0m max=[36m1.39s[0m   p(90)=[36m51.77ms[0m p(95)=[36m74.32ms[0m p(99)=[36m140.2ms[0m 
     http_reqs[2m......................:[0m [36m126195[0m  [36;2m2101.75527/s[0m
     iteration_duration[2m.............:[0m avg=[36m30.43ms[0m  min=[36m1.28ms[0m  med=[36m25.29ms[0m max=[36m1.4s[0m    p(90)=[36m52.1ms[0m  p(95)=[36m74.68ms[0m p(99)=[36m140.45ms[0m
     iterations[2m.....................:[0m [36m126195[0m  [36;2m2101.75527/s[0m
     order_accepted_duration[2m........:[0m avg=[36m30.33ms[0m  min=[36m1.28ms[0m  med=[36m25.22ms[0m max=[36m1.39s[0m   p(90)=[36m51.95ms[0m p(95)=[36m74.48ms[0m p(99)=[36m140.45ms[0m
     orders_accepted[2m................:[0m [36m126195[0m  [36;2m2101.75527/s[0m
     vus[2m............................:[0m [36m64[0m      [36;2mmin=64[0m       [36;2mmax=64[0m  
     vus_max[2m........................:[0m [36m64[0m      [36;2mmin=64[0m       [36;2mmax=64[0m  