[10:48:54] === 평상시 주문 B b 시작: 회차 2개 (sync async, 폴더 1번부터), 휴식 300초, 초당 40건 15m ===
노트북 CPU 기록 시작 pid=3956 rc=0
[10:48:58] [1/2 sync] 전 휴식 296초 (끝 10:53:54)
[10:53:55] 전원 상태 [1회차 기동 전] = 2 98 (첫 값 2 = 충전기)
서버 기동 요청 P=20  rc=0 pid=16536
[10:54:06] 서버 준비 완료 (풀 20.0, 3회 확인)
서버 커넥션 풀 = 20.0 (기대 20), insert 워커 = 20.0 (기대 20), 비동기 대기 자리 = 70000.0 (기대 70000), 동기 처리 상한 = 없음 (없어야 함)
[1/1 10:54:22] 부하 전 노트북 CPU 평균 = 0.019 (기준 0.15 미만) / 데스크톱 = 4.1% (기준 30% 미만)
워밍업 종료 10:55:23 exit=0 (초당 500건 1분)
워밍업 k6 연결 실패 0건
큐 소진 (queued=0.0 active=0.0, 2초 이내)
reviews	orders	order_menus	stats_not_zero
0	0	0	0
[10:55:25] 전원 상태 [1회차 측정 전] = 2 98 (첫 값 2 = 충전기)
서버 커넥션 풀 = 20.0 (기대 20), insert 워커 = 20.0 (기대 20), 비동기 대기 자리 = 70000.0 (기대 70000), 동기 처리 상한 = 없음 (없어야 함)
[1/8 10:55:42] 부하 전 노트북 CPU 평균 = 0.064 (기준 0.15 미만) / 데스크톱 = 5.3% (기준 30% 미만)
측정 종료 11:10:43 exit=0
측정 k6 연결 실패 0건 → 통과
큐 소진 (queued=0.0 active=0.0, 2초 이내)
측정 중 데스크톱 CPU 평균 11.0% / 최대 16.2% / 80% 이상 최장 연속 0표본 → 통과
[11:11:19] DB 주문 수(측정분) = 36001
[11:11:20] 전원 상태 [1회차 측정 후] = 2 98 (첫 값 2 = 충전기)
서버 종료 pid=3104
서버 종료 pid=9756
== 01-sync  W = 40.0건/s (DB 36,001, 응답 성공 36,001) | 거절 0 (0.0%) 실패 0 dropped 0 | 성공 p95 4.8 p99 6.4ms
  주문당 MySQL: Questions 6.00, Com_select 1.00, Com_set_option 2.00, Com_commit 1.00, Innodb_os_log_fsyncs 2.38, Innodb_row_lock_waits 0.00
  부하 중 평균: 커넥션 사용 0.2 / 대기 0.0 | Tomcat 바쁜 스레드 1.1 | insert 큐 0.0 / 워커 0.0 | 폴링 158회
  누적 타이머(측정 15분): 커넥션 점유 평균 0.1개, 커넥션 획득 대기 평균 0.1ms, 성공 주문의 서버 처리 평균 3.2ms · 평균 동시 처리 0건
  노트북 CPU 3.7% (mysqld 1.2 / java 0.7), 클럭 81%, 주문당 CPU mysqld 30.62 / java 17.68 (%p per 1000건/s), TCP 재전송 0/s
  GC 멈춤 33회, 최대 114ms
  데스크톱 CPU 평균 11.0% / 최대 16.2%
[11:11:23] 회차 완료 1/2 (sync)
[11:11:23] [2/2 async] 전 휴식 294초 (끝 11:16:17)
[11:16:18] 전원 상태 [2회차 기동 전] = 2 98 (첫 값 2 = 충전기)
서버 기동 요청 P=20  rc=0 pid=13328
[11:16:30] 서버 준비 완료 (풀 20.0, 3회 확인)
서버 커넥션 풀 = 20.0 (기대 20), insert 워커 = 20.0 (기대 20), 비동기 대기 자리 = 70000.0 (기대 70000), 동기 처리 상한 = 없음 (없어야 함)
[1/1 11:16:46] 부하 전 노트북 CPU 평균 = 0.116 (기준 0.15 미만) / 데스크톱 = 5% (기준 30% 미만)
워밍업 종료 11:17:46 exit=0 (초당 500건 1분)
워밍업 k6 연결 실패 0건
큐 소진 (queued=0.0 active=0.0, 2초 이내)
reviews	orders	order_menus	stats_not_zero
0	0	0	0
[11:17:48] 전원 상태 [2회차 측정 전] = 2 98 (첫 값 2 = 충전기)
서버 커넥션 풀 = 20.0 (기대 20), insert 워커 = 20.0 (기대 20), 비동기 대기 자리 = 70000.0 (기대 70000), 동기 처리 상한 = 없음 (없어야 함)
[1/8 11:18:05] 부하 전 노트북 CPU 평균 = 0.080 (기준 0.15 미만) / 데스크톱 = 6.1% (기준 30% 미만)
측정 종료 11:33:06 exit=0
측정 k6 연결 실패 0건 → 통과
큐 소진 (queued=0.0 active=0.0, 2초 이내)
측정 중 데스크톱 CPU 평균 11.4% / 최대 18.0% / 80% 이상 최장 연속 0표본 → 통과
[11:33:42] DB 주문 수(측정분) = 36001
[11:33:43] 전원 상태 [2회차 측정 후] = 2 98 (첫 값 2 = 충전기)
서버 종료 pid=17892
서버 종료 pid=9324
== 02-async  W = 40.0건/s (DB 36,001, 응답 성공 36,001) | 거절 0 (0.0%) 실패 0 dropped 0 | 성공 p95 1.8 p99 2.2ms
  주문당 MySQL: Questions 6.00, Com_select 1.00, Com_set_option 2.00, Com_commit 1.00, Innodb_os_log_fsyncs 2.32, Innodb_row_lock_waits 0.00
  부하 중 평균: 커넥션 사용 0.1 / 대기 0.0 | Tomcat 바쁜 스레드 1.0 | insert 큐 0.0 / 워커 0.2 | 폴링 158회
  누적 타이머(측정 15분): 커넥션 점유 평균 0.1개, 커넥션 획득 대기 평균 0.0ms, 성공 주문의 서버 처리 평균 0.2ms · 평균 동시 처리 0건
  비동기 제출 → 커밋(36,001건): 평균 2.9ms, p50 ≈ 2.5 · p95 ≈ 4.8 · p99 ≈ 5.0ms (구간 보간)
  노트북 CPU 5.0% (mysqld 1.2 / java 0.7), 클럭 85%, 주문당 CPU mysqld 30.41 / java 18.07 (%p per 1000건/s), TCP 재전송 0/s
  GC 멈춤 32회, 최대 114ms
  데스크톱 CPU 평균 11.4% / 최대 18.0%
[11:33:47] 회차 완료 2/2 (async)
노트북 CPU 기록 종료 pid=3956
[11:33:48] 노트북 CPU 기록 → benchmark/results/2026-10-01-B/laptop-cpu-b.csv
[11:33:48] === 평상시 주문 B b 끝 ===
