[2026-09-28T21:19:26.632+0900][0.006s] Using G1
[2026-09-28T21:19:27.485+0900][0.852s] GC(0) Pause Young (Normal) (G1 Evacuation Pause) 102M->5M(2048M) 4.330ms
[2026-09-28T21:19:27.874+0900][1.242s] GC(1) Pause Young (Concurrent Start) (Metadata GC Threshold) 103M->10M(2048M) 6.318ms
[2026-09-28T21:19:27.874+0900][1.242s] GC(2) Concurrent Mark Cycle
[2026-09-28T21:19:27.881+0900][1.247s] GC(2) Pause Remark 11M->11M(2048M) 1.154ms
[2026-09-28T21:19:27.881+0900][1.248s] GC(2) Pause Cleanup 11M->11M(2048M) 0.006ms
[2026-09-28T21:19:27.885+0900][1.253s] GC(2) Concurrent Mark Cycle 10.861ms
[2026-09-28T21:19:28.887+0900][2.255s] GC(3) Pause Young (Normal) (G1 Evacuation Pause) 130M->15M(2048M) 9.763ms
[2026-09-28T21:19:29.339+0900][2.708s] GC(4) Pause Young (Concurrent Start) (Metadata GC Threshold) 73M->18M(2048M) 5.949ms
[2026-09-28T21:19:29.339+0900][2.708s] GC(5) Concurrent Mark Cycle
[2026-09-28T21:19:29.352+0900][2.719s] GC(5) Pause Remark 19M->19M(2048M) 3.414ms
[2026-09-28T21:19:29.354+0900][2.721s] GC(5) Pause Cleanup 20M->20M(2048M) 0.162ms
[2026-09-28T21:19:29.357+0900][2.725s] GC(5) Concurrent Mark Cycle 16.795ms
[2026-09-28T21:19:30.839+0900][4.206s] GC(6) Pause Young (Concurrent Start) (Metadata GC Threshold) 188M->26M(2048M) 9.483ms
[2026-09-28T21:19:30.839+0900][4.206s] GC(7) Concurrent Mark Cycle
[2026-09-28T21:19:30.856+0900][4.223s] GC(7) Pause Remark 28M->28M(2048M) 3.593ms
[2026-09-28T21:19:30.857+0900][4.225s] GC(7) Pause Cleanup 28M->28M(2048M) 0.153ms
[2026-09-28T21:19:30.859+0900][4.227s] GC(7) Concurrent Mark Cycle 21.221ms
[2026-09-28T21:19:33.751+0900][7.118s] GC(8) Pause Young (Normal) (G1 Evacuation Pause) 507M->41M(2048M) 20.244ms
[2026-09-28T21:19:54.385+0900][27.752s] GC(9) Pause Young (Concurrent Start) (Metadata GC Threshold) 208M->66M(2048M) 19.969ms
[2026-09-28T21:19:54.385+0900][27.752s] GC(10) Concurrent Mark Cycle
[2026-09-28T21:19:54.413+0900][27.780s] GC(10) Pause Remark 100M->100M(2048M) 5.626ms
[2026-09-28T21:19:54.425+0900][27.792s] GC(10) Pause Cleanup 101M->101M(2048M) 0.303ms
[2026-09-28T21:19:54.434+0900][27.801s] GC(10) Concurrent Mark Cycle 48.607ms
[2026-09-28T21:19:55.291+0900][28.658s] GC(11) Pause Young (Prepare Mixed) (G1 Evacuation Pause) 523M->203M(2048M) 83.755ms
[2026-09-28T21:19:55.373+0900][28.741s] GC(12) Pause Young (Mixed) (G1 Evacuation Pause) 285M->224M(2048M) 31.269ms
[2026-09-28T21:19:55.474+0900][28.841s] GC(13) Pause Young (Normal) (G1 Evacuation Pause) 315M->257M(2048M) 26.604ms
[2026-09-28T21:19:55.595+0900][28.963s] GC(14) Pause Young (Normal) (G1 Evacuation Pause) 383M->304M(2048M) 32.551ms
[2026-09-28T21:19:55.756+0900][29.123s] GC(15) Pause Young (Normal) (G1 Evacuation Pause) 490M->376M(2048M) 50.003ms
[2026-09-28T21:19:55.950+0900][29.317s] GC(16) Pause Young (Normal) (G1 Evacuation Pause) 642M->453M(2048M) 47.758ms
[2026-09-28T21:19:56.170+0900][29.536s] GC(17) Pause Young (Normal) (G1 Evacuation Pause) 786M->505M(2048M) 39.865ms
[2026-09-28T21:19:56.491+0900][29.858s] GC(18) Pause Young (Normal) (G1 Evacuation Pause) 941M->666M(2048M) 85.661ms
[2026-09-28T21:19:57.292+0900][30.659s] GC(19) Pause Young (Normal) (G1 Evacuation Pause) 1051M->691M(2048M) 40.638ms
[2026-09-28T21:20:00.117+0900][33.484s] GC(20) Pause Young (Normal) (G1 Evacuation Pause) 1252M->699M(2048M) 30.163ms
[2026-09-28T21:20:03.472+0900][36.838s] GC(21) Pause Young (Concurrent Start) (CodeCache GC Threshold) 1556M->699M(2048M) 5.283ms
[2026-09-28T21:20:03.472+0900][36.838s] GC(22) Concurrent Mark Cycle
[2026-09-28T21:20:03.557+0900][36.923s] GC(22) Pause Remark 713M->265M(2048M) 24.661ms
[2026-09-28T21:20:03.680+0900][37.046s] GC(22) Pause Cleanup 298M->298M(2048M) 0.391ms
[2026-09-28T21:20:03.690+0900][37.057s] GC(22) Concurrent Mark Cycle 218.590ms
[2026-09-28T21:20:07.406+0900][40.773s] GC(23) Pause Young (Prepare Mixed) (G1 Evacuation Pause) 1361M->252M(2048M) 6.557ms
[2026-09-28T21:20:10.466+0900][43.834s] GC(24) Pause Young (Mixed) (G1 Evacuation Pause) 1471M->183M(2048M) 8.168ms
[2026-09-28T21:20:13.038+0900][46.406s] GC(25) Pause Young (Normal) (G1 Evacuation Pause) 1399M->185M(2048M) 7.238ms
[2026-09-28T21:20:15.657+0900][49.026s] GC(26) Pause Young (Normal) (G1 Evacuation Pause) 1399M->188M(2048M) 7.799ms
[2026-09-28T21:20:18.291+0900][51.658s] GC(27) Pause Young (Normal) (G1 Evacuation Pause) 1399M->190M(2048M) 9.826ms
[2026-09-28T21:20:20.858+0900][54.226s] GC(28) Pause Young (Normal) (G1 Evacuation Pause) 1399M->193M(2048M) 11.083ms
[2026-09-28T21:20:23.393+0900][56.760s] GC(29) Pause Young (Normal) (G1 Evacuation Pause) 1400M->195M(2048M) 12.244ms
[2026-09-28T21:20:25.929+0900][59.297s] GC(30) Pause Young (Normal) (G1 Evacuation Pause) 1400M->198M(2048M) 12.909ms
[2026-09-28T21:20:28.460+0900][61.829s] GC(31) Pause Young (Normal) (G1 Evacuation Pause) 1400M->200M(2048M) 12.425ms
[2026-09-28T21:20:30.991+0900][64.359s] GC(32) Pause Young (Normal) (G1 Evacuation Pause) 1400M->203M(2048M) 13.463ms
[2026-09-28T21:20:33.519+0900][66.887s] GC(33) Pause Young (Normal) (G1 Evacuation Pause) 1400M->205M(2048M) 14.790ms
[2026-09-28T21:20:36.038+0900][69.406s] GC(34) Pause Young (Normal) (G1 Evacuation Pause) 1400M->207M(2048M) 15.017ms
[2026-09-28T21:20:38.547+0900][71.915s] GC(35) Pause Young (Normal) (G1 Evacuation Pause) 1400M->210M(2048M) 16.193ms
[2026-09-28T21:20:41.084+0900][74.453s] GC(36) Pause Young (Normal) (G1 Evacuation Pause) 1402M->213M(2048M) 17.952ms
[2026-09-28T21:20:43.629+0900][76.998s] GC(37) Pause Young (Normal) (G1 Evacuation Pause) 1406M->217M(2048M) 17.322ms
[2026-09-28T21:20:46.133+0900][79.501s] GC(38) Pause Young (Normal) (G1 Evacuation Pause) 1409M->218M(2048M) 17.401ms
[2026-09-28T21:20:48.643+0900][82.012s] GC(39) Pause Young (Normal) (G1 Evacuation Pause) 1410M->221M(2048M) 17.789ms
[2026-09-28T21:20:51.151+0900][84.518s] GC(40) Pause Young (Normal) (G1 Evacuation Pause) 1412M->225M(2048M) 17.916ms
[2026-09-28T21:20:53.651+0900][87.019s] GC(41) Pause Young (Normal) (G1 Evacuation Pause) 1415M->227M(2048M) 18.030ms
[2026-09-28T21:21:32.632+0900][125.999s] GC(42) Pause Young (Normal) (G1 Evacuation Pause) 1418M->229M(2048M) 18.724ms
[2026-09-28T21:21:35.183+0900][128.552s] GC(43) Pause Young (Normal) (G1 Evacuation Pause) 1420M->232M(2048M) 21.882ms
[2026-09-28T21:21:37.744+0900][131.112s] GC(44) Pause Young (Normal) (G1 Evacuation Pause) 1423M->234M(2048M) 19.815ms
[2026-09-28T21:21:40.230+0900][133.597s] GC(45) Pause Young (Normal) (G1 Evacuation Pause) 1425M->236M(2048M) 17.942ms
[2026-09-28T21:21:42.732+0900][136.099s] GC(46) Pause Young (Normal) (G1 Evacuation Pause) 1428M->239M(2048M) 18.187ms
[2026-09-28T21:21:45.241+0900][138.609s] GC(47) Pause Young (Normal) (G1 Evacuation Pause) 1430M->243M(2048M) 18.218ms
[2026-09-28T21:21:47.749+0900][141.117s] GC(48) Pause Young (Normal) (G1 Evacuation Pause) 1433M->244M(2048M) 18.453ms
[2026-09-28T21:21:50.248+0900][143.617s] GC(49) Pause Young (Normal) (G1 Evacuation Pause) 1438M->251M(2048M) 20.199ms
[2026-09-28T21:21:52.756+0900][146.124s] GC(50) Pause Young (Normal) (G1 Evacuation Pause) 1441M->254M(2048M) 20.355ms
[2026-09-28T21:21:55.252+0900][148.619s] GC(51) Pause Young (Normal) (G1 Evacuation Pause) 1444M->256M(2048M) 19.902ms
[2026-09-28T21:21:57.762+0900][151.131s] GC(52) Pause Young (Normal) (G1 Evacuation Pause) 1447M->258M(2048M) 19.728ms
[2026-09-28T21:22:00.332+0900][153.699s] GC(53) Pause Young (Normal) (G1 Evacuation Pause) 1449M->260M(2048M) 19.742ms
[2026-09-28T21:22:02.837+0900][156.204s] GC(54) Pause Young (Normal) (G1 Evacuation Pause) 1451M->263M(2048M) 19.881ms
[2026-09-28T21:22:05.341+0900][158.708s] GC(55) Pause Young (Normal) (G1 Evacuation Pause) 1454M->265M(2048M) 19.835ms
[2026-09-28T21:22:07.844+0900][161.211s] GC(56) Pause Young (Normal) (G1 Evacuation Pause) 1456M->268M(2048M) 19.704ms
[2026-09-28T21:22:10.348+0900][163.717s] GC(57) Pause Young (Normal) (G1 Evacuation Pause) 1459M->271M(2048M) 20.015ms
[2026-09-28T21:22:12.860+0900][166.227s] GC(58) Pause Young (Normal) (G1 Evacuation Pause) 1462M->272M(2048M) 20.793ms
[2026-09-28T21:22:15.360+0900][168.728s] GC(59) Pause Young (Normal) (G1 Evacuation Pause) 1464M->275M(2048M) 22.495ms
[2026-09-28T21:22:17.861+0900][171.228s] GC(60) Pause Young (Normal) (G1 Evacuation Pause) 1466M->278M(2048M) 19.783ms
[2026-09-28T21:22:20.372+0900][173.739s] GC(61) Pause Young (Normal) (G1 Evacuation Pause) 1470M->281M(2048M) 20.346ms
[2026-09-28T21:22:22.870+0900][176.237s] GC(62) Pause Young (Normal) (G1 Evacuation Pause) 1472M->283M(2048M) 20.145ms
[2026-09-28T21:22:25.386+0900][178.752s] GC(63) Pause Young (Normal) (G1 Evacuation Pause) 1474M->285M(2048M) 19.960ms
[2026-09-28T21:22:27.892+0900][181.261s] GC(64) Pause Young (Normal) (G1 Evacuation Pause) 1476M->288M(2048M) 21.038ms
[2026-09-28T21:22:30.478+0900][183.845s] GC(65) Pause Young (Normal) (G1 Evacuation Pause) 1480M->291M(2048M) 18.959ms
[2026-09-28T21:22:32.972+0900][186.339s] GC(66) Pause Young (Normal) (G1 Evacuation Pause) 1482M->293M(2048M) 18.957ms
[2026-09-28T21:22:35.477+0900][188.845s] GC(67) Pause Young (Normal) (G1 Evacuation Pause) 1485M->296M(2048M) 18.839ms
[2026-09-28T21:22:37.984+0900][191.352s] GC(68) Pause Young (Normal) (G1 Evacuation Pause) 1488M->299M(2048M) 18.806ms
[2026-09-28T21:22:40.491+0900][193.860s] GC(69) Pause Young (Normal) (G1 Evacuation Pause) 1491M->301M(2048M) 19.120ms
[2026-09-28T21:22:43.004+0900][196.371s] GC(70) Pause Young (Normal) (G1 Evacuation Pause) 1493M->303M(2048M) 18.786ms
[2026-09-28T21:22:45.525+0900][198.894s] GC(71) Pause Young (Normal) (G1 Evacuation Pause) 1495M->306M(2048M) 18.312ms
[2026-09-28T21:22:48.039+0900][201.406s] GC(72) Pause Young (Normal) (G1 Evacuation Pause) 1498M->308M(2048M) 19.049ms
[2026-09-28T21:22:50.587+0900][203.954s] GC(73) Pause Young (Normal) (G1 Evacuation Pause) 1501M->310M(2048M) 18.868ms
[2026-09-28T21:22:53.093+0900][206.461s] GC(74) Pause Young (Normal) (G1 Evacuation Pause) 1503M->313M(2048M) 18.938ms
[2026-09-28T21:22:55.605+0900][208.973s] GC(75) Pause Young (Normal) (G1 Evacuation Pause) 1506M->316M(2048M) 19.012ms
[2026-09-28T21:22:58.106+0900][211.475s] GC(76) Pause Young (Normal) (G1 Evacuation Pause) 1508M->319M(2048M) 18.955ms
[2026-09-28T21:23:00.620+0900][213.988s] GC(77) Pause Young (Normal) (G1 Evacuation Pause) 1516M->328M(2048M) 23.291ms
[2026-09-28T21:23:03.250+0900][216.617s] GC(78) Pause Young (Normal) (G1 Evacuation Pause) 1518M->331M(2048M) 26.121ms
[2026-09-28T21:23:05.802+0900][219.170s] GC(79) Pause Young (Normal) (G1 Evacuation Pause) 1521M->332M(2048M) 23.283ms
[2026-09-28T21:23:08.306+0900][221.674s] GC(80) Pause Young (Normal) (G1 Evacuation Pause) 1523M->335M(2048M) 23.364ms
[2026-09-28T21:23:10.809+0900][224.177s] GC(81) Pause Young (Normal) (G1 Evacuation Pause) 1525M->338M(2048M) 24.129ms
[2026-09-28T21:23:13.316+0900][226.683s] GC(82) Pause Young (Normal) (G1 Evacuation Pause) 1528M->340M(2048M) 23.378ms
[2026-09-28T21:23:15.897+0900][229.264s] GC(83) Pause Young (Normal) (G1 Evacuation Pause) 1531M->343M(2048M) 23.633ms
[2026-09-28T21:23:18.447+0900][231.815s] GC(84) Pause Young (Normal) (G1 Evacuation Pause) 1533M->346M(2048M) 26.614ms
[2026-09-28T21:23:20.947+0900][234.314s] GC(85) Pause Young (Normal) (G1 Evacuation Pause) 1536M->348M(2048M) 23.330ms
[2026-09-28T21:23:23.451+0900][236.819s] GC(86) Pause Young (Normal) (G1 Evacuation Pause) 1538M->350M(2048M) 23.598ms
[2026-09-28T21:23:25.965+0900][239.332s] GC(87) Pause Young (Normal) (G1 Evacuation Pause) 1540M->353M(2048M) 26.686ms
[2026-09-28T21:23:28.459+0900][241.828s] GC(88) Pause Young (Normal) (G1 Evacuation Pause) 1543M->355M(2048M) 23.424ms
[2026-09-28T21:23:30.963+0900][244.330s] GC(89) Pause Young (Normal) (G1 Evacuation Pause) 1546M->358M(2048M) 23.179ms
[2026-09-28T21:23:33.467+0900][246.834s] GC(90) Pause Young (Normal) (G1 Evacuation Pause) 1548M->360M(2048M) 23.244ms
[2026-09-28T21:23:35.965+0900][249.332s] GC(91) Pause Young (Normal) (G1 Evacuation Pause) 1550M->362M(2048M) 23.105ms
[2026-09-28T21:23:38.471+0900][251.838s] GC(92) Pause Young (Normal) (G1 Evacuation Pause) 1553M->365M(2048M) 22.921ms
[2026-09-28T21:23:40.980+0900][254.348s] GC(93) Pause Young (Normal) (G1 Evacuation Pause) 1557M->367M(2048M) 23.274ms
[2026-09-28T21:23:43.495+0900][256.863s] GC(94) Pause Young (Normal) (G1 Evacuation Pause) 1560M->370M(2048M) 20.567ms
[2026-09-28T21:23:46.016+0900][259.383s] GC(95) Pause Young (Normal) (G1 Evacuation Pause) 1563M->373M(2048M) 20.532ms
[2026-09-28T21:23:48.524+0900][261.892s] GC(96) Pause Young (Normal) (G1 Evacuation Pause) 1565M->375M(2048M) 20.754ms
[2026-09-28T21:23:51.042+0900][264.409s] GC(97) Pause Young (Normal) (G1 Evacuation Pause) 1567M->378M(2048M) 21.112ms
[2026-09-28T21:23:53.556+0900][266.924s] GC(98) Pause Young (Normal) (G1 Evacuation Pause) 1570M->379M(2048M) 20.726ms
[2026-09-28T21:23:56.075+0900][269.442s] GC(99) Pause Young (Normal) (G1 Evacuation Pause) 1572M->383M(2048M) 24.455ms
[2026-09-28T21:23:58.597+0900][271.965s] GC(100) Pause Young (Normal) (G1 Evacuation Pause) 1575M->385M(2048M) 20.791ms
[2026-09-28T21:24:01.108+0900][274.476s] GC(101) Pause Young (Normal) (G1 Evacuation Pause) 1578M->388M(2048M) 20.980ms
[2026-09-28T21:24:03.621+0900][276.987s] GC(102) Pause Young (Normal) (G1 Evacuation Pause) 1580M->390M(2048M) 23.892ms
[2026-09-28T21:24:06.264+0900][279.632s] GC(103) Pause Young (Normal) (G1 Evacuation Pause) 1582M->393M(2048M) 23.957ms
[2026-09-28T21:24:08.813+0900][282.181s] GC(104) Pause Young (Normal) (G1 Evacuation Pause) 1585M->394M(2048M) 21.343ms
[2026-09-28T21:24:11.318+0900][284.685s] GC(105) Pause Young (Normal) (G1 Evacuation Pause) 1587M->397M(2048M) 21.229ms
[2026-09-28T21:24:13.881+0900][287.248s] GC(106) Pause Young (Normal) (G1 Evacuation Pause) 1590M->400M(2048M) 21.391ms
[2026-09-28T21:24:16.388+0900][289.755s] GC(107) Pause Young (Normal) (G1 Evacuation Pause) 1592M->402M(2048M) 20.789ms
[2026-09-28T21:24:18.887+0900][292.255s] GC(108) Pause Young (Normal) (G1 Evacuation Pause) 1594M->404M(2048M) 21.223ms
[2026-09-28T21:24:21.402+0900][294.770s] GC(109) Pause Young (Normal) (G1 Evacuation Pause) 1597M->407M(2048M) 22.072ms
[2026-09-28T21:24:23.905+0900][297.272s] GC(110) Pause Young (Normal) (G1 Evacuation Pause) 1599M->410M(2048M) 20.810ms
[2026-09-28T21:24:26.408+0900][299.775s] GC(111) Pause Young (Normal) (G1 Evacuation Pause) 1602M->412M(2048M) 21.058ms
[2026-09-28T21:24:28.918+0900][302.285s] GC(112) Pause Young (Normal) (G1 Evacuation Pause) 1604M->415M(2048M) 22.179ms
