time="2026-09-28T21:21:30+09:00" level=info msg="[run] 시작 21:21:30 MODE=async SCENARIO=fixed TAG=P2-p20-k20" source=console
time="2026-09-28T21:24:30+09:00" level=info msg="[run] 종료 21:24:30 TAG=P2-p20-k20" source=console
[31m     ✗ status is 202
      ↳  99% — ✓ 508123 / ✗ 4654[0m
[31m     ✗ has sse location
      ↳  99% — ✓ 508123 / ✗ 4654[0m

     checks[2m.........................:[0m [36m99.09%[0m [36;2m✓ 1016246[0m     [36;2m✗ 9308[0m  
     data_received[2m..................:[0m [36m72 MB[0m  [36;2m397 kB/s[0m
     data_sent[2m......................:[0m [36m138 MB[0m [36;2m765 kB/s[0m
     dropped_iterations[2m.............:[0m [36m224[0m    [36;2m1.24425/s[0m
     http_req_blocked[2m...............:[0m avg=[36m191.61µs[0m min=[36m0s[0m med=[36m0s[0m     max=[36m1.05s[0m    p(90)=[36m0s[0m      p(95)=[36m0s[0m       p(99)=[36m1.1ms[0m   
     http_req_connecting[2m............:[0m avg=[36m191.4µs[0m  min=[36m0s[0m med=[36m0s[0m     max=[36m1.05s[0m    p(90)=[36m0s[0m      p(95)=[36m0s[0m       p(99)=[36m1.08ms[0m  
     http_req_duration[2m..............:[0m avg=[36m13.13ms[0m  min=[36m0s[0m med=[36m9.31ms[0m max=[36m1.18s[0m    p(90)=[36m21.78ms[0m p(95)=[36m31.57ms[0m  p(99)=[36m61.47ms[0m 
       { expected_response:true }[2m...:[0m avg=[36m13.01ms[0m  min=[36m0s[0m med=[36m9.33ms[0m max=[36m1.18s[0m    p(90)=[36m21.68ms[0m p(95)=[36m31.29ms[0m  p(99)=[36m60.05ms[0m 
     http_req_failed[2m................:[0m [36m0.90%[0m  [36;2m✓ 4654[0m        [36;2m✗ 508123[0m
     http_req_receiving[2m.............:[0m avg=[36m16.88µs[0m  min=[36m0s[0m med=[36m0s[0m     max=[36m13.77ms[0m  p(90)=[36m0s[0m      p(95)=[36m0s[0m       p(99)=[36m537µs[0m   
     http_req_sending[2m...............:[0m avg=[36m690ns[0m    min=[36m0s[0m med=[36m0s[0m     max=[36m11.63ms[0m  p(90)=[36m0s[0m      p(95)=[36m0s[0m       p(99)=[36m0s[0m      
     http_req_tls_handshaking[2m.......:[0m avg=[36m0s[0m       min=[36m0s[0m med=[36m0s[0m     max=[36m0s[0m       p(90)=[36m0s[0m      p(95)=[36m0s[0m       p(99)=[36m0s[0m      
     http_req_waiting[2m...............:[0m avg=[36m13.11ms[0m  min=[36m0s[0m med=[36m9.29ms[0m max=[36m1.18s[0m    p(90)=[36m21.75ms[0m p(95)=[36m31.56ms[0m  p(99)=[36m61.47ms[0m 
     http_reqs[2m......................:[0m [36m512777[0m [36;2m2848.314916/s[0m
     iteration_duration[2m.............:[0m avg=[36m13.36ms[0m  min=[36m0s[0m med=[36m9.44ms[0m max=[36m1.18s[0m    p(90)=[36m22.16ms[0m p(95)=[36m32.12ms[0m  p(99)=[36m62.5ms[0m  
     iterations[2m.....................:[0m [36m512777[0m [36;2m2848.314916/s[0m
     order_accepted_duration[2m........:[0m avg=[36m13.01ms[0m  min=[36m0s[0m med=[36m9.33ms[0m max=[36m1.18s[0m    p(90)=[36m21.68ms[0m p(95)=[36m31.29ms[0m  p(99)=[36m60.05ms[0m 
     order_rejected_duration[2m........:[0m avg=[36m25.88ms[0m  min=[36m0s[0m med=[36m5.99ms[0m max=[36m565.48ms[0m p(90)=[36m44.56ms[0m p(95)=[36m237.02ms[0m p(99)=[36m291.71ms[0m
     orders_accepted[2m................:[0m [36m508123[0m [36;2m2822.46341/s[0m
     orders_rejected[2m................:[0m [36m4654[0m   [36;2m25.851506/s[0m
     vus[2m............................:[0m [36m39[0m     [36;2mmin=2[0m         [36;2mmax=311[0m 
     vus_max[2m........................:[0m [36m410[0m    [36;2mmin=300[0m       [36;2mmax=410[0m 