time="2026-09-28T21:19:54+09:00" level=info msg="[run] 시작 21:19:54 MODE=async SCENARIO=fixed TAG=P2-p20-k20-warmup" source=console
time="2026-09-28T21:20:54+09:00" level=info msg="[run] 종료 21:20:54 TAG=P2-p20-k20-warmup" source=console
[31m     ✗ status is 202
      ↳  83% — ✓ 141806 / ✗ 28541[0m
[31m     ✗ has sse location
      ↳  83% — ✓ 141806 / ✗ 28541[0m

     checks[2m.........................:[0m [36m83.24%[0m [36;2m✓ 283612[0m      [36;2m✗ 57082[0m 
     data_received[2m..................:[0m [36m24 MB[0m  [36;2m404 kB/s[0m
     data_sent[2m......................:[0m [36m46 MB[0m  [36;2m762 kB/s[0m
     dropped_iterations[2m.............:[0m [36m655[0m    [36;2m10.911872/s[0m
     http_req_blocked[2m...............:[0m avg=[36m351.51µs[0m min=[36m0s[0m med=[36m0s[0m      max=[36m1.1s[0m    p(90)=[36m0s[0m       p(95)=[36m0s[0m       p(99)=[36m1.05ms[0m  
     http_req_connecting[2m............:[0m avg=[36m351.19µs[0m min=[36m0s[0m med=[36m0s[0m      max=[36m1.1s[0m    p(90)=[36m0s[0m       p(95)=[36m0s[0m       p(99)=[36m1.05ms[0m  
     http_req_duration[2m..............:[0m avg=[36m23.33ms[0m  min=[36m0s[0m med=[36m9.56ms[0m  max=[36m2.39s[0m   p(90)=[36m44.76ms[0m  p(95)=[36m84.67ms[0m  p(99)=[36m312.18ms[0m
       { expected_response:true }[2m...:[0m avg=[36m16.03ms[0m  min=[36m0s[0m med=[36m8.97ms[0m  max=[36m2.37s[0m   p(90)=[36m26.38ms[0m  p(95)=[36m43.65ms[0m  p(99)=[36m171.2ms[0m 
     http_req_failed[2m................:[0m [36m16.75%[0m [36;2m✓ 28541[0m       [36;2m✗ 141806[0m
     http_req_receiving[2m.............:[0m avg=[36m15.98µs[0m  min=[36m0s[0m med=[36m0s[0m      max=[36m2.98ms[0m  p(90)=[36m0s[0m       p(95)=[36m0s[0m       p(99)=[36m534.69µs[0m
     http_req_sending[2m...............:[0m avg=[36m1µs[0m      min=[36m0s[0m med=[36m0s[0m      max=[36m11.73ms[0m p(90)=[36m0s[0m       p(95)=[36m0s[0m       p(99)=[36m0s[0m      
     http_req_tls_handshaking[2m.......:[0m avg=[36m0s[0m       min=[36m0s[0m med=[36m0s[0m      max=[36m0s[0m      p(90)=[36m0s[0m       p(95)=[36m0s[0m       p(99)=[36m0s[0m      
     http_req_waiting[2m...............:[0m avg=[36m23.32ms[0m  min=[36m0s[0m med=[36m9.54ms[0m  max=[36m2.39s[0m   p(90)=[36m44.75ms[0m  p(95)=[36m84.66ms[0m  p(99)=[36m312.18ms[0m
     http_reqs[2m......................:[0m [36m170347[0m [36;2m2837.869693/s[0m
     iteration_duration[2m.............:[0m avg=[36m23.73ms[0m  min=[36m0s[0m med=[36m9.63ms[0m  max=[36m2.39s[0m   p(90)=[36m45.23ms[0m  p(95)=[36m85.76ms[0m  p(99)=[36m313.59ms[0m
     iterations[2m.....................:[0m [36m170347[0m [36;2m2837.869693/s[0m
     order_accepted_duration[2m........:[0m avg=[36m16.03ms[0m  min=[36m0s[0m med=[36m8.97ms[0m  max=[36m2.37s[0m   p(90)=[36m26.38ms[0m  p(95)=[36m43.65ms[0m  p(99)=[36m171.2ms[0m 
     order_rejected_duration[2m........:[0m avg=[36m59.59ms[0m  min=[36m0s[0m med=[36m23.35ms[0m max=[36m2.39s[0m   p(90)=[36m145.41ms[0m p(95)=[36m287.59ms[0m p(99)=[36m397.15ms[0m
     orders_accepted[2m................:[0m [36m141806[0m [36;2m2362.395285/s[0m
     orders_rejected[2m................:[0m [36m28541[0m  [36;2m475.474408/s[0m
     vus[2m............................:[0m [36m31[0m     [36;2mmin=5[0m         [36;2mmax=657[0m 
     vus_max[2m........................:[0m [36m666[0m    [36;2mmin=420[0m       [36;2mmax=666[0m 