[31m     ✗ status is 2xx
      ↳  22% — ✓ 2117 / ✗ 7111[0m

     checks[2m.........................:[0m [36m22.94%[0m [36;2m✓ 2117[0m       [36;2m✗ 7111[0m
     data_received[2m..................:[0m [36m2.1 MB[0m [36;2m35 kB/s[0m
     data_sent[2m......................:[0m [36m2.2 MB[0m [36;2m36 kB/s[0m
     http_req_blocked[2m...............:[0m avg=[36m790.88µs[0m min=[36m0s[0m      med=[36m927.84µs[0m max=[36m16.56ms[0m  p(90)=[36m1.16ms[0m   p(95)=[36m1.36ms[0m   p(99)=[36m3.49ms[0m  
     http_req_connecting[2m............:[0m avg=[36m775.33µs[0m min=[36m0s[0m      med=[36m912µs[0m    max=[36m16.56ms[0m  p(90)=[36m1.14ms[0m   p(95)=[36m1.33ms[0m   p(99)=[36m3.43ms[0m  
     http_req_duration[2m..............:[0m avg=[36m325.07ms[0m min=[36m17.52ms[0m med=[36m328.6ms[0m  max=[36m677.01ms[0m p(90)=[36m408.81ms[0m p(95)=[36m434.4ms[0m  p(99)=[36m514.5ms[0m 
       { expected_response:true }[2m...:[0m avg=[36m310.55ms[0m min=[36m17.52ms[0m med=[36m319.17ms[0m max=[36m636.53ms[0m p(90)=[36m427.25ms[0m p(95)=[36m465.21ms[0m p(99)=[36m525ms[0m   
     http_req_failed[2m................:[0m [36m77.05%[0m [36;2m✓ 7111[0m       [36;2m✗ 2117[0m
     http_req_receiving[2m.............:[0m avg=[36m1.14ms[0m   min=[36m0s[0m      med=[36m0s[0m       max=[36m15.42ms[0m  p(90)=[36m3.33ms[0m   p(95)=[36m4.53ms[0m   p(99)=[36m9.26ms[0m  
     http_req_sending[2m...............:[0m avg=[36m24.36µs[0m  min=[36m0s[0m      med=[36m0s[0m       max=[36m3.05ms[0m   p(90)=[36m0s[0m       p(95)=[36m0s[0m       p(99)=[36m561.35µs[0m
     http_req_tls_handshaking[2m.......:[0m avg=[36m0s[0m       min=[36m0s[0m      med=[36m0s[0m       max=[36m0s[0m       p(90)=[36m0s[0m       p(95)=[36m0s[0m       p(99)=[36m0s[0m      
     http_req_waiting[2m...............:[0m avg=[36m323.9ms[0m  min=[36m10.01ms[0m med=[36m327.36ms[0m max=[36m677.01ms[0m p(90)=[36m408.07ms[0m p(95)=[36m432.96ms[0m p(99)=[36m512.78ms[0m
     http_reqs[2m......................:[0m [36m9228[0m   [36;2m153.051994/s[0m
     iteration_duration[2m.............:[0m avg=[36m325.92ms[0m min=[36m20.89ms[0m med=[36m329.41ms[0m max=[36m677.86ms[0m p(90)=[36m409.88ms[0m p(95)=[36m435.29ms[0m p(99)=[36m515.74ms[0m
     iterations[2m.....................:[0m [36m9228[0m   [36;2m153.051994/s[0m
     reviews_5xx[2m....................:[0m [36m7111[0m   [36;2m117.940261/s[0m
     reviews_created[2m................:[0m [36m2117[0m   [36;2m35.111733/s[0m
     reviews_success_duration[2m.......:[0m avg=[36m310.55ms[0m min=[36m17.52ms[0m med=[36m319.17ms[0m max=[36m636.53ms[0m p(90)=[36m427.25ms[0m p(95)=[36m465.21ms[0m p(99)=[36m525ms[0m   
     vus[2m............................:[0m [36m50[0m     [36;2mmin=50[0m       [36;2mmax=50[0m
     vus_max[2m........................:[0m [36m50[0m     [36;2mmin=50[0m       [36;2mmax=50[0m