[32m     ✓ status is 2xx[0m

     checks[2m.........................:[0m [36m100.00%[0m [36;2m✓ 12001[0m      [36;2m✗ 0[0m    
     data_received[2m..................:[0m [36m1.5 MB[0m  [36;2m26 kB/s[0m
     data_sent[2m......................:[0m [36m2.8 MB[0m  [36;2m47 kB/s[0m
     http_req_blocked[2m...............:[0m avg=[36m25.99µs[0m min=[36m0s[0m       med=[36m0s[0m     max=[36m32.29ms[0m  p(90)=[36m0s[0m     p(95)=[36m0s[0m     p(99)=[36m642.59µs[0m
     http_req_connecting[2m............:[0m avg=[36m25.16µs[0m min=[36m0s[0m       med=[36m0s[0m     max=[36m32.29ms[0m  p(90)=[36m0s[0m     p(95)=[36m0s[0m     p(99)=[36m638.9µs[0m 
     http_req_duration[2m..............:[0m avg=[36m4.65ms[0m  min=[36m302.7µs[0m  med=[36m3.3ms[0m  max=[36m388.71ms[0m p(90)=[36m4.08ms[0m p(95)=[36m4.93ms[0m p(99)=[36m15.67ms[0m 
       { expected_response:true }[2m...:[0m avg=[36m4.65ms[0m  min=[36m302.7µs[0m  med=[36m3.3ms[0m  max=[36m388.71ms[0m p(90)=[36m4.08ms[0m p(95)=[36m4.93ms[0m p(99)=[36m15.67ms[0m 
     http_req_failed[2m................:[0m [36m0.00%[0m   [36;2m✓ 0[0m          [36;2m✗ 12001[0m
     http_req_receiving[2m.............:[0m avg=[36m1.24ms[0m  min=[36m0s[0m       med=[36m1.08ms[0m max=[36m8.26ms[0m   p(90)=[36m2.81ms[0m p(95)=[36m3.01ms[0m p(99)=[36m3.35ms[0m  
     http_req_sending[2m...............:[0m avg=[36m1.58µs[0m  min=[36m0s[0m       med=[36m0s[0m     max=[36m2.52ms[0m   p(90)=[36m0s[0m     p(95)=[36m0s[0m     p(99)=[36m0s[0m      
     http_req_tls_handshaking[2m.......:[0m avg=[36m0s[0m      min=[36m0s[0m       med=[36m0s[0m     max=[36m0s[0m       p(90)=[36m0s[0m     p(95)=[36m0s[0m     p(99)=[36m0s[0m      
     http_req_waiting[2m...............:[0m avg=[36m3.4ms[0m   min=[36m301.09µs[0m med=[36m1.86ms[0m max=[36m388.71ms[0m p(90)=[36m3.7ms[0m  p(95)=[36m4.78ms[0m p(99)=[36m15.22ms[0m 
     http_reqs[2m......................:[0m [36m12001[0m   [36;2m200.003318/s[0m
     iteration_duration[2m.............:[0m avg=[36m4.74ms[0m  min=[36m302.7µs[0m  med=[36m3.33ms[0m max=[36m390.5ms[0m  p(90)=[36m4.14ms[0m p(95)=[36m5.03ms[0m p(99)=[36m16.85ms[0m 
     iterations[2m.....................:[0m [36m12001[0m   [36;2m200.003318/s[0m
     reviews_created[2m................:[0m [36m12001[0m   [36;2m200.003318/s[0m
     reviews_success_duration[2m.......:[0m avg=[36m4.65ms[0m  min=[36m302.7µs[0m  med=[36m3.3ms[0m  max=[36m388.71ms[0m p(90)=[36m4.08ms[0m p(95)=[36m4.93ms[0m p(99)=[36m15.67ms[0m 
     vus[2m............................:[0m [36m0[0m       [36;2mmin=0[0m        [36;2mmax=1[0m  
     vus_max[2m........................:[0m [36m100[0m     [36;2mmin=100[0m      [36;2mmax=100[0m