time="2026-09-27T00:04:30+09:00" level=info msg="[run] 시작 00:04:30 MODE=async SCENARIO=fixed TAG=P2-p10-k6" source=console
time="2026-09-27T00:07:30+09:00" level=info msg="[run] 종료 00:07:30 TAG=P2-p10-k6" source=console
[31m     ✗ status is 202
      ↳  97% — ✓ 263545 / ✗ 6456[0m
[31m     ✗ has sse location
      ↳  97% — ✓ 263545 / ✗ 6456[0m

     checks[2m.........................:[0m [36m97.60%[0m [36;2m✓ 527090[0m      [36;2m✗ 12912[0m 
     data_received[2m..................:[0m [36m38 MB[0m  [36;2m211 kB/s[0m
     data_sent[2m......................:[0m [36m73 MB[0m  [36;2m403 kB/s[0m
     http_req_blocked[2m...............:[0m avg=[36m138.11µs[0m min=[36m0s[0m     med=[36m0s[0m      max=[36m43.24ms[0m  p(90)=[36m0s[0m      p(95)=[36m0s[0m      p(99)=[36m4.67ms[0m  
     http_req_connecting[2m............:[0m avg=[36m137.32µs[0m min=[36m0s[0m     med=[36m0s[0m      max=[36m43.24ms[0m  p(90)=[36m0s[0m      p(95)=[36m0s[0m      p(99)=[36m4.66ms[0m  
     http_req_duration[2m..............:[0m avg=[36m9.97ms[0m   min=[36m0s[0m     med=[36m4.65ms[0m  max=[36m789.42ms[0m p(90)=[36m20.98ms[0m p(95)=[36m32.64ms[0m p(99)=[36m74.86ms[0m 
       { expected_response:true }[2m...:[0m avg=[36m9.72ms[0m   min=[36m0s[0m     med=[36m4.61ms[0m  max=[36m789.42ms[0m p(90)=[36m20.26ms[0m p(95)=[36m31.21ms[0m p(99)=[36m73.26ms[0m 
     http_req_failed[2m................:[0m [36m2.39%[0m  [36;2m✓ 6456[0m        [36;2m✗ 263545[0m
     http_req_receiving[2m.............:[0m avg=[36m25.22µs[0m  min=[36m0s[0m     med=[36m0s[0m      max=[36m23.55ms[0m  p(90)=[36m0s[0m      p(95)=[36m0s[0m      p(99)=[36m531.8µs[0m 
     http_req_sending[2m...............:[0m avg=[36m2.11µs[0m   min=[36m0s[0m     med=[36m0s[0m      max=[36m21.2ms[0m   p(90)=[36m0s[0m      p(95)=[36m0s[0m      p(99)=[36m0s[0m      
     http_req_tls_handshaking[2m.......:[0m avg=[36m0s[0m       min=[36m0s[0m     med=[36m0s[0m      max=[36m0s[0m       p(90)=[36m0s[0m      p(95)=[36m0s[0m      p(99)=[36m0s[0m      
     http_req_waiting[2m...............:[0m avg=[36m9.94ms[0m   min=[36m0s[0m     med=[36m4.64ms[0m  max=[36m789.42ms[0m p(90)=[36m20.95ms[0m p(95)=[36m32.6ms[0m  p(99)=[36m74.86ms[0m 
     http_reqs[2m......................:[0m [36m270001[0m [36;2m1499.687442/s[0m
     iteration_duration[2m.............:[0m avg=[36m10.17ms[0m  min=[36m0s[0m     med=[36m4.68ms[0m  max=[36m789.42ms[0m p(90)=[36m21.55ms[0m p(95)=[36m33.47ms[0m p(99)=[36m76.17ms[0m 
     iterations[2m.....................:[0m [36m270001[0m [36;2m1499.687442/s[0m
     order_accepted_duration[2m........:[0m avg=[36m9.72ms[0m   min=[36m0s[0m     med=[36m4.61ms[0m  max=[36m789.42ms[0m p(90)=[36m20.26ms[0m p(95)=[36m31.21ms[0m p(99)=[36m73.26ms[0m 
     order_rejected_duration[2m........:[0m avg=[36m20.3ms[0m   min=[36m1.03ms[0m med=[36m10.73ms[0m max=[36m603.62ms[0m p(90)=[36m47.27ms[0m p(95)=[36m59.69ms[0m p(99)=[36m125.13ms[0m
     orders_accepted[2m................:[0m [36m263545[0m [36;2m1463.828382/s[0m
     orders_rejected[2m................:[0m [36m6456[0m   [36;2m35.85906/s[0m
     vus[2m............................:[0m [36m39[0m     [36;2mmin=1[0m         [36;2mmax=122[0m 
     vus_max[2m........................:[0m [36m300[0m    [36;2mmin=300[0m       [36;2mmax=300[0m 