time="2026-09-27T00:02:54+09:00" level=info msg="[run] 시작 00:02:54 MODE=async SCENARIO=fixed TAG=P2-p10-k6-warmup" source=console
time="2026-09-27T00:03:54+09:00" level=info msg="[run] 종료 00:03:54 TAG=P2-p10-k6-warmup" source=console
[31m     ✗ status is 202
      ↳  81% — ✓ 71585 / ✗ 16380[0m
[31m     ✗ has sse location
      ↳  81% — ✓ 71585 / ✗ 16380[0m

     checks[2m.........................:[0m [36m81.37%[0m [36;2m✓ 143170[0m      [36;2m✗ 32760[0m 
     data_received[2m..................:[0m [36m14 MB[0m  [36;2m225 kB/s[0m
     data_sent[2m......................:[0m [36m24 MB[0m  [36;2m394 kB/s[0m
     dropped_iterations[2m.............:[0m [36m2035[0m   [36;2m33.904127/s[0m
     http_req_blocked[2m...............:[0m avg=[36m43.01ms[0m  min=[36m0s[0m     med=[36m0s[0m       max=[36m1.05s[0m   p(90)=[36m227.76ms[0m p(95)=[36m361.3ms[0m  p(99)=[36m505.95ms[0m
     http_req_connecting[2m............:[0m avg=[36m43.01ms[0m  min=[36m0s[0m     med=[36m0s[0m       max=[36m1.05s[0m   p(90)=[36m227.72ms[0m p(95)=[36m361.3ms[0m  p(99)=[36m505.95ms[0m
     http_req_duration[2m..............:[0m avg=[36m161.51ms[0m min=[36m0s[0m     med=[36m2.39ms[0m   max=[36m3.99s[0m   p(90)=[36m656.21ms[0m p(95)=[36m1.08s[0m    p(99)=[36m1.62s[0m   
       { expected_response:true }[2m...:[0m avg=[36m33.06ms[0m  min=[36m0s[0m     med=[36m2.11ms[0m   max=[36m3.89s[0m   p(90)=[36m6.28ms[0m   p(95)=[36m63.91ms[0m  p(99)=[36m940.75ms[0m
     http_req_failed[2m................:[0m [36m18.62%[0m [36;2m✓ 16380[0m       [36;2m✗ 71585[0m 
     http_req_receiving[2m.............:[0m avg=[36m74.33µs[0m  min=[36m0s[0m     med=[36m0s[0m       max=[36m18.99ms[0m p(90)=[36m309.8µs[0m  p(95)=[36m528.59µs[0m p(99)=[36m1.24ms[0m  
     http_req_sending[2m...............:[0m avg=[36m24.03µs[0m  min=[36m0s[0m     med=[36m0s[0m       max=[36m14.59ms[0m p(90)=[36m0s[0m       p(95)=[36m0s[0m       p(99)=[36m630.6µs[0m 
     http_req_tls_handshaking[2m.......:[0m avg=[36m0s[0m       min=[36m0s[0m     med=[36m0s[0m       max=[36m0s[0m      p(90)=[36m0s[0m       p(95)=[36m0s[0m       p(99)=[36m0s[0m      
     http_req_waiting[2m...............:[0m avg=[36m161.41ms[0m min=[36m0s[0m     med=[36m2.34ms[0m   max=[36m3.99s[0m   p(90)=[36m655.79ms[0m p(95)=[36m1.08s[0m    p(99)=[36m1.62s[0m   
     http_reqs[2m......................:[0m [36m87965[0m  [36;2m1465.5413/s[0m
     iteration_duration[2m.............:[0m avg=[36m204.59ms[0m min=[36m0s[0m     med=[36m2.52ms[0m   max=[36m3.99s[0m   p(90)=[36m1s[0m       p(95)=[36m1.19s[0m    p(99)=[36m1.68s[0m   
     iterations[2m.....................:[0m [36m87965[0m  [36;2m1465.5413/s[0m
     order_accepted_duration[2m........:[0m avg=[36m33.06ms[0m  min=[36m0s[0m     med=[36m2.11ms[0m   max=[36m3.89s[0m   p(90)=[36m6.28ms[0m   p(95)=[36m63.91ms[0m  p(99)=[36m940.75ms[0m
     order_rejected_duration[2m........:[0m avg=[36m722.88ms[0m min=[36m2.24ms[0m med=[36m610.87ms[0m max=[36m3.99s[0m   p(90)=[36m1.36s[0m    p(95)=[36m1.58s[0m    p(99)=[36m2.16s[0m   
     orders_accepted[2m................:[0m [36m71585[0m  [36;2m1192.642233/s[0m
     orders_rejected[2m................:[0m [36m16380[0m  [36;2m272.899068/s[0m
     vus[2m............................:[0m [36m3[0m      [36;2mmin=3[0m         [36;2mmax=1787[0m
     vus_max[2m........................:[0m [36m1841[0m   [36;2mmin=792[0m       [36;2mmax=1841[0m