[2026-09-28T19:57:21.173+0900][0.006s] Using G1
[2026-09-28T19:57:22.032+0900][0.864s] GC(0) Pause Young (Normal) (G1 Evacuation Pause) 102M->5M(2048M) 5.102ms
[2026-09-28T19:57:22.439+0900][1.272s] GC(1) Pause Young (Concurrent Start) (Metadata GC Threshold) 103M->10M(2048M) 5.962ms
[2026-09-28T19:57:22.439+0900][1.272s] GC(2) Concurrent Mark Cycle
[2026-09-28T19:57:22.449+0900][1.279s] GC(2) Pause Remark 11M->11M(2048M) 1.771ms
[2026-09-28T19:57:22.449+0900][1.279s] GC(2) Pause Cleanup 11M->11M(2048M) 0.008ms
[2026-09-28T19:57:22.453+0900][1.284s] GC(2) Concurrent Mark Cycle 11.839ms
[2026-09-28T19:57:23.457+0900][2.287s] GC(3) Pause Young (Normal) (G1 Evacuation Pause) 131M->16M(2048M) 13.459ms
[2026-09-28T19:57:23.933+0900][2.765s] GC(4) Pause Young (Concurrent Start) (Metadata GC Threshold) 75M->18M(2048M) 5.340ms
[2026-09-28T19:57:23.933+0900][2.765s] GC(5) Concurrent Mark Cycle
[2026-09-28T19:57:23.946+0900][2.776s] GC(5) Pause Remark 19M->19M(2048M) 3.217ms
[2026-09-28T19:57:23.946+0900][2.778s] GC(5) Pause Cleanup 19M->19M(2048M) 0.110ms
[2026-09-28T19:57:23.946+0900][2.780s] GC(5) Concurrent Mark Cycle 14.983ms
[2026-09-28T19:57:25.422+0900][4.256s] GC(6) Pause Young (Concurrent Start) (Metadata GC Threshold) 191M->26M(2048M) 10.120ms
[2026-09-28T19:57:25.422+0900][4.256s] GC(7) Concurrent Mark Cycle
[2026-09-28T19:57:25.442+0900][4.272s] GC(7) Pause Remark 27M->27M(2048M) 3.424ms
[2026-09-28T19:57:25.443+0900][4.274s] GC(7) Pause Cleanup 27M->27M(2048M) 0.204ms
[2026-09-28T19:57:25.445+0900][4.276s] GC(7) Concurrent Mark Cycle 19.587ms
[2026-09-28T19:57:27.094+0900][5.926s] GC(8) Pause Young (Normal) (G1 Evacuation Pause) 266M->35M(2048M) 16.563ms
[2026-09-28T19:57:49.835+0900][28.668s] GC(9) Pause Young (Concurrent Start) (Metadata GC Threshold) 484M->67M(2048M) 25.656ms
[2026-09-28T19:57:49.835+0900][28.668s] GC(10) Concurrent Mark Cycle
[2026-09-28T19:57:49.867+0900][28.699s] GC(10) Pause Remark 73M->73M(2048M) 5.734ms
[2026-09-28T19:57:49.876+0900][28.706s] GC(10) Pause Cleanup 75M->75M(2048M) 0.259ms
[2026-09-28T19:57:49.882+0900][28.712s] GC(10) Concurrent Mark Cycle 43.583ms
[2026-09-28T19:57:50.988+0900][29.819s] GC(11) Pause Young (Prepare Mixed) (G1 Evacuation Pause) 1108M->112M(2048M) 45.347ms
[2026-09-28T19:57:51.251+0900][30.083s] GC(12) Pause Young (Mixed) (G1 Evacuation Pause) 479M->208M(2048M) 84.965ms
[2026-09-28T19:57:51.384+0900][30.214s] GC(13) Pause Young (Normal) (G1 Evacuation Pause) 331M->252M(2048M) 48.963ms
[2026-09-28T19:57:51.566+0900][30.397s] GC(14) Pause Young (Normal) (G1 Evacuation Pause) 476M->336M(2048M) 55.728ms
[2026-09-28T19:57:52.044+0900][30.876s] GC(15) Pause Young (Normal) (G1 Evacuation Pause) 506M->360M(2048M) 29.224ms
[2026-09-28T19:57:55.415+0900][34.246s] GC(16) Pause Young (Normal) (G1 Evacuation Pause) 921M->375M(2048M) 16.250ms
[2026-09-28T19:57:59.033+0900][37.865s] GC(17) Pause Young (Normal) (G1 Evacuation Pause) 1222M->391M(2048M) 21.353ms
[2026-09-28T19:57:59.612+0900][38.442s] GC(18) Pause Young (Concurrent Start) (CodeCache GC Threshold) 542M->393M(2048M) 18.200ms
[2026-09-28T19:57:59.612+0900][38.442s] GC(19) Concurrent Mark Cycle
[2026-09-28T19:57:59.802+0900][38.636s] GC(19) Pause Remark 433M->367M(2048M) 26.625ms
[2026-09-28T19:58:00.131+0900][38.962s] GC(19) Pause Cleanup 443M->443M(2048M) 0.528ms
[2026-09-28T19:58:00.143+0900][38.975s] GC(19) Concurrent Mark Cycle 532.790ms
[2026-09-28T19:58:03.601+0900][42.432s] GC(20) Pause Young (Prepare Mixed) (G1 Evacuation Pause) 1498M->344M(2048M) 27.009ms
[2026-09-28T19:58:06.310+0900][45.141s] GC(21) Pause Young (Mixed) (G1 Evacuation Pause) 1498M->326M(2048M) 19.081ms
[2026-09-28T19:58:08.841+0900][47.671s] GC(22) Pause Young (Normal) (G1 Evacuation Pause) 1473M->332M(2048M) 22.460ms
[2026-09-28T19:58:11.494+0900][50.325s] GC(23) Pause Young (Normal) (G1 Evacuation Pause) 1496M->335M(2048M) 11.305ms
[2026-09-28T19:58:13.993+0900][52.824s] GC(24) Pause Young (Normal) (G1 Evacuation Pause) 1495M->340M(2048M) 12.533ms
[2026-09-28T19:58:16.436+0900][55.268s] GC(25) Pause Young (Normal) (G1 Evacuation Pause) 1496M->343M(2048M) 12.135ms
[2026-09-28T19:58:18.675+0900][57.506s] GC(26) Pause Young (Normal) (G1 Evacuation Pause) 1496M->346M(2048M) 14.809ms
[2026-09-28T19:58:20.969+0900][59.800s] GC(27) Pause Young (Normal) (G1 Evacuation Pause) 1496M->349M(2048M) 15.042ms
[2026-09-28T19:58:23.281+0900][62.113s] GC(28) Pause Young (Normal) (G1 Evacuation Pause) 1496M->353M(2048M) 15.595ms
[2026-09-28T19:58:25.739+0900][64.570s] GC(29) Pause Young (Normal) (G1 Evacuation Pause) 1510M->354M(2048M) 14.615ms
[2026-09-28T19:58:28.015+0900][66.847s] GC(30) Pause Young (Normal) (G1 Evacuation Pause) 1510M->356M(2048M) 15.351ms
[2026-09-28T19:58:30.339+0900][69.171s] GC(31) Pause Young (Normal) (G1 Evacuation Pause) 1510M->359M(2048M) 16.089ms
[2026-09-28T19:58:32.653+0900][71.485s] GC(32) Pause Young (Normal) (G1 Evacuation Pause) 1510M->362M(2048M) 17.108ms
[2026-09-28T19:58:34.991+0900][73.822s] GC(33) Pause Young (Normal) (G1 Evacuation Pause) 1512M->366M(2048M) 18.446ms
[2026-09-28T19:58:37.665+0900][76.495s] GC(34) Pause Young (Normal) (G1 Evacuation Pause) 1530M->369M(2048M) 20.280ms
[2026-09-28T19:58:40.424+0900][79.256s] GC(35) Pause Young (Normal) (G1 Evacuation Pause) 1533M->373M(2048M) 20.713ms
[2026-09-28T19:58:43.131+0900][81.963s] GC(36) Pause Young (Normal) (G1 Evacuation Pause) 1552M->376M(2048M) 18.777ms
[2026-09-28T19:58:45.463+0900][84.296s] GC(37) Pause Young (Normal) (G1 Evacuation Pause) 1561M->379M(2048M) 18.767ms
[2026-09-28T19:58:48.058+0900][86.888s] GC(38) Pause Young (Normal) (G1 Evacuation Pause) 1566M->381M(2048M) 21.119ms
[2026-09-28T19:59:36.518+0900][135.351s] GC(39) Pause Young (Normal) (G1 Evacuation Pause) 1569M->385M(2048M) 21.498ms
[2026-09-28T19:59:39.174+0900][138.005s] GC(40) Pause Young (Normal) (G1 Evacuation Pause) 1574M->387M(2048M) 18.892ms
[2026-09-28T19:59:41.736+0900][140.566s] GC(41) Pause Young (Normal) (G1 Evacuation Pause) 1578M->391M(2048M) 17.699ms
[2026-09-28T19:59:44.386+0900][143.216s] GC(42) Pause Young (Normal) (G1 Evacuation Pause) 1582M->393M(2048M) 19.593ms
[2026-09-28T19:59:46.915+0900][145.745s] GC(43) Pause Young (Normal) (G1 Evacuation Pause) 1586M->397M(2048M) 20.851ms
[2026-09-28T19:59:49.426+0900][148.257s] GC(44) Pause Young (Normal) (G1 Evacuation Pause) 1589M->398M(2048M) 18.725ms
[2026-09-28T19:59:51.810+0900][150.641s] GC(45) Pause Young (Normal) (G1 Evacuation Pause) 1591M->401M(2048M) 18.592ms
[2026-09-28T19:59:54.207+0900][153.039s] GC(46) Pause Young (Normal) (G1 Evacuation Pause) 1593M->404M(2048M) 19.003ms
[2026-09-28T19:59:56.877+0900][155.707s] GC(47) Pause Young (Normal) (G1 Evacuation Pause) 1599M->410M(2048M) 20.545ms
[2026-09-28T19:59:59.594+0900][158.423s] GC(48) Pause Young (Normal) (G1 Evacuation Pause) 1601M->413M(2048M) 23.292ms
[2026-09-28T20:00:02.100+0900][160.931s] GC(49) Pause Young (Normal) (G1 Evacuation Pause) 1604M->415M(2048M) 20.742ms
[2026-09-28T20:00:04.497+0900][163.329s] GC(50) Pause Young (Normal) (G1 Evacuation Pause) 1606M->418M(2048M) 21.039ms
[2026-09-28T20:00:06.979+0900][165.810s] GC(51) Pause Young (Normal) (G1 Evacuation Pause) 1609M->420M(2048M) 23.491ms
[2026-09-28T20:00:09.435+0900][168.267s] GC(52) Pause Young (Normal) (G1 Evacuation Pause) 1611M->422M(2048M) 21.168ms
[2026-09-28T20:00:11.884+0900][170.714s] GC(53) Pause Young (Normal) (G1 Evacuation Pause) 1613M->425M(2048M) 21.180ms
[2026-09-28T20:00:14.358+0900][173.188s] GC(54) Pause Young (Normal) (G1 Evacuation Pause) 1615M->428M(2048M) 21.775ms
[2026-09-28T20:00:17.012+0900][175.842s] GC(55) Pause Young (Normal) (G1 Evacuation Pause) 1619M->430M(2048M) 22.707ms
[2026-09-28T20:00:19.779+0900][178.609s] GC(56) Pause Young (Normal) (G1 Evacuation Pause) 1621M->433M(2048M) 23.107ms
[2026-09-28T20:00:22.604+0900][181.434s] GC(57) Pause Young (Normal) (G1 Evacuation Pause) 1624M->435M(2048M) 22.006ms
[2026-09-28T20:00:25.375+0900][184.207s] GC(58) Pause Young (Normal) (G1 Evacuation Pause) 1626M->438M(2048M) 23.684ms
[2026-09-28T20:00:27.796+0900][186.626s] GC(59) Pause Young (Normal) (G1 Evacuation Pause) 1629M->441M(2048M) 22.966ms
[2026-09-28T20:00:30.466+0900][189.296s] GC(60) Pause Young (Normal) (G1 Evacuation Pause) 1630M->443M(2048M) 23.852ms
[2026-09-28T20:00:32.985+0900][191.815s] GC(61) Pause Young (Normal) (G1 Evacuation Pause) 1633M->445M(2048M) 23.570ms
[2026-09-28T20:00:35.778+0900][194.608s] GC(62) Pause Young (Normal) (G1 Evacuation Pause) 1636M->448M(2048M) 23.105ms
[2026-09-28T20:00:38.581+0900][197.412s] GC(63) Pause Young (Normal) (G1 Evacuation Pause) 1640M->450M(2048M) 22.131ms
[2026-09-28T20:00:41.030+0900][199.861s] GC(64) Pause Young (Normal) (G1 Evacuation Pause) 1642M->453M(2048M) 21.924ms
[2026-09-28T20:00:43.423+0900][202.255s] GC(65) Pause Young (Normal) (G1 Evacuation Pause) 1645M->456M(2048M) 20.163ms
[2026-09-28T20:00:45.917+0900][204.747s] GC(66) Pause Young (Normal) (G1 Evacuation Pause) 1647M->458M(2048M) 22.282ms
[2026-09-28T20:00:48.681+0900][207.512s] GC(67) Pause Young (Normal) (G1 Evacuation Pause) 1649M->460M(2048M) 20.589ms
[2026-09-28T20:00:51.069+0900][209.900s] GC(68) Pause Young (Normal) (G1 Evacuation Pause) 1652M->463M(2048M) 20.846ms
[2026-09-28T20:00:53.443+0900][212.273s] GC(69) Pause Young (Normal) (G1 Evacuation Pause) 1654M->466M(2048M) 20.463ms
[2026-09-28T20:00:55.924+0900][214.755s] GC(70) Pause Young (Normal) (G1 Evacuation Pause) 1657M->468M(2048M) 22.835ms
[2026-09-28T20:00:58.638+0900][217.468s] GC(71) Pause Young (Normal) (G1 Evacuation Pause) 1659M->470M(2048M) 21.514ms
[2026-09-28T20:01:01.062+0900][219.893s] GC(72) Pause Young (Normal) (G1 Evacuation Pause) 1662M->473M(2048M) 21.207ms
[2026-09-28T20:01:03.493+0900][222.323s] GC(73) Pause Young (Normal) (G1 Evacuation Pause) 1665M->475M(2048M) 20.794ms
[2026-09-28T20:01:05.945+0900][224.775s] GC(74) Pause Young (Normal) (G1 Evacuation Pause) 1668M->478M(2048M) 20.907ms
[2026-09-28T20:01:08.406+0900][227.236s] GC(75) Pause Young (Normal) (G1 Evacuation Pause) 1671M->480M(2048M) 22.655ms
[2026-09-28T20:01:11.239+0900][230.069s] GC(76) Pause Young (Normal) (G1 Evacuation Pause) 1678M->489M(2048M) 27.519ms
[2026-09-28T20:01:13.862+0900][232.693s] GC(77) Pause Young (Normal) (G1 Evacuation Pause) 1680M->493M(2048M) 24.513ms
[2026-09-28T20:01:16.411+0900][235.241s] GC(78) Pause Young (Normal) (G1 Evacuation Pause) 1683M->495M(2048M) 24.620ms
[2026-09-28T20:01:18.813+0900][237.645s] GC(79) Pause Young (Normal) (G1 Evacuation Pause) 1685M->497M(2048M) 24.747ms
[2026-09-28T20:01:21.250+0900][240.081s] GC(80) Pause Young (Normal) (G1 Evacuation Pause) 1688M->500M(2048M) 25.444ms
[2026-09-28T20:01:24.031+0900][242.862s] GC(81) Pause Young (Normal) (G1 Evacuation Pause) 1690M->503M(2048M) 27.491ms
[2026-09-28T20:01:26.702+0900][245.532s] GC(82) Pause Young (Normal) (G1 Evacuation Pause) 1692M->504M(2048M) 26.553ms
[2026-09-28T20:01:29.387+0900][248.217s] GC(83) Pause Young (Normal) (G1 Evacuation Pause) 1695M->508M(2048M) 25.037ms
[2026-09-28T20:01:31.831+0900][250.662s] GC(84) Pause Young (Normal) (G1 Evacuation Pause) 1698M->510M(2048M) 27.429ms
[2026-09-28T20:01:34.628+0900][253.459s] GC(85) Pause Young (Normal) (G1 Evacuation Pause) 1700M->512M(2048M) 26.838ms
[2026-09-28T20:01:37.072+0900][255.902s] GC(86) Pause Young (Normal) (G1 Evacuation Pause) 1703M->515M(2048M) 24.282ms
[2026-09-28T20:01:39.563+0900][258.393s] GC(87) Pause Young (Normal) (G1 Evacuation Pause) 1705M->517M(2048M) 26.726ms
[2026-09-28T20:01:42.188+0900][261.019s] GC(88) Pause Young (Normal) (G1 Evacuation Pause) 1707M->520M(2048M) 24.365ms
[2026-09-28T20:01:44.815+0900][263.644s] GC(89) Pause Young (Normal) (G1 Evacuation Pause) 1710M->523M(2048M) 27.956ms
[2026-09-28T20:01:47.594+0900][266.425s] GC(90) Pause Young (Normal) (G1 Evacuation Pause) 1713M->525M(2048M) 24.749ms
[2026-09-28T20:01:50.163+0900][268.993s] GC(91) Pause Young (Normal) (G1 Evacuation Pause) 1715M->527M(2048M) 26.981ms
[2026-09-28T20:01:52.996+0900][271.826s] GC(92) Pause Young (Normal) (G1 Evacuation Pause) 1720M->531M(2048M) 24.155ms
[2026-09-28T20:01:55.339+0900][274.171s] GC(93) Pause Young (Normal) (G1 Evacuation Pause) 1723M->532M(2048M) 21.976ms
[2026-09-28T20:01:57.761+0900][276.593s] GC(94) Pause Young (Normal) (G1 Evacuation Pause) 1725M->536M(2048M) 21.814ms
[2026-09-28T20:02:00.193+0900][279.023s] GC(95) Pause Young (Normal) (G1 Evacuation Pause) 1728M->538M(2048M) 22.237ms
[2026-09-28T20:02:02.936+0900][281.765s] GC(96) Pause Young (Normal) (G1 Evacuation Pause) 1730M->540M(2048M) 22.019ms
[2026-09-28T20:02:05.333+0900][284.164s] GC(97) Pause Young (Normal) (G1 Evacuation Pause) 1732M->541M(2048M) 22.695ms
[2026-09-28T20:02:07.954+0900][286.786s] GC(98) Pause Young (Normal) (G1 Evacuation Pause) 1735M->546M(2048M) 22.100ms
[2026-09-28T20:02:10.445+0900][289.276s] GC(99) Pause Young (Normal) (G1 Evacuation Pause) 1738M->548M(2048M) 24.829ms
[2026-09-28T20:02:13.288+0900][292.119s] GC(100) Pause Young (Normal) (G1 Evacuation Pause) 1740M->551M(2048M) 24.927ms
[2026-09-28T20:02:15.989+0900][294.819s] GC(101) Pause Young (Normal) (G1 Evacuation Pause) 1742M->553M(2048M) 22.380ms
[2026-09-28T20:02:18.365+0900][297.195s] GC(102) Pause Young (Normal) (G1 Evacuation Pause) 1745M->555M(2048M) 21.876ms
[2026-09-28T20:02:21.017+0900][299.847s] GC(103) Pause Young (Normal) (G1 Evacuation Pause) 1747M->558M(2048M) 24.388ms
[2026-09-28T20:02:23.433+0900][302.264s] GC(104) Pause Young (Normal) (G1 Evacuation Pause) 1750M->561M(2048M) 22.598ms
[2026-09-28T20:02:26.079+0900][304.909s] GC(105) Pause Young (Normal) (G1 Evacuation Pause) 1753M->564M(2048M) 22.366ms
[2026-09-28T20:02:28.523+0900][307.353s] GC(106) Pause Young (Normal) (G1 Evacuation Pause) 1755M->566M(2048M) 22.498ms
[2026-09-28T20:02:30.931+0900][309.762s] GC(107) Pause Young (Normal) (G1 Evacuation Pause) 1758M->568M(2048M) 23.094ms
[2026-09-28T20:02:33.367+0900][312.197s] GC(108) Pause Young (Normal) (G1 Evacuation Pause) 1760M->570M(2048M) 23.164ms
