[2026-09-30T15:35:53.665+0900][0.006s] Using G1
[2026-09-30T15:35:54.541+0900][0.884s] GC(0) Pause Young (Normal) (G1 Evacuation Pause) 102M->5M(2048M) 4.507ms
[2026-09-30T15:35:54.940+0900][1.282s] GC(1) Pause Young (Concurrent Start) (Metadata GC Threshold) 103M->10M(2048M) 5.709ms
[2026-09-30T15:35:54.940+0900][1.283s] GC(2) Concurrent Mark Cycle
[2026-09-30T15:35:54.945+0900][1.288s] GC(2) Pause Remark 11M->11M(2048M) 1.403ms
[2026-09-30T15:35:54.945+0900][1.289s] GC(2) Pause Cleanup 11M->11M(2048M) 0.007ms
[2026-09-30T15:35:54.953+0900][1.294s] GC(2) Concurrent Mark Cycle 11.197ms
[2026-09-30T15:35:55.974+0900][2.314s] GC(3) Pause Young (Normal) (G1 Evacuation Pause) 129M->16M(2048M) 11.446ms
[2026-09-30T15:35:56.461+0900][2.803s] GC(4) Pause Young (Concurrent Start) (Metadata GC Threshold) 78M->18M(2048M) 7.214ms
[2026-09-30T15:35:56.461+0900][2.803s] GC(5) Concurrent Mark Cycle
[2026-09-30T15:35:56.477+0900][2.817s] GC(5) Pause Remark 21M->21M(2048M) 3.389ms
[2026-09-30T15:35:56.477+0900][2.820s] GC(5) Pause Cleanup 21M->21M(2048M) 0.137ms
[2026-09-30T15:35:56.482+0900][2.822s] GC(5) Concurrent Mark Cycle 18.373ms
[2026-09-30T15:35:58.044+0900][4.384s] GC(6) Pause Young (Concurrent Start) (Metadata GC Threshold) 192M->26M(2048M) 10.924ms
[2026-09-30T15:35:58.044+0900][4.384s] GC(7) Concurrent Mark Cycle
[2026-09-30T15:35:58.061+0900][4.402s] GC(7) Pause Remark 27M->27M(2048M) 4.314ms
[2026-09-30T15:35:58.061+0900][4.405s] GC(7) Pause Cleanup 28M->28M(2048M) 0.108ms
[2026-09-30T15:35:58.061+0900][4.407s] GC(7) Concurrent Mark Cycle 23.404ms
[2026-09-30T15:36:21.206+0900][27.547s] GC(8) Pause Young (Concurrent Start) (Metadata GC Threshold) 672M->68M(2048M) 28.877ms
[2026-09-30T15:36:21.206+0900][27.547s] GC(9) Concurrent Mark Cycle
[2026-09-30T15:36:21.241+0900][27.582s] GC(9) Pause Remark 78M->78M(2048M) 6.697ms
[2026-09-30T15:36:21.246+0900][27.586s] GC(9) Pause Cleanup 80M->80M(2048M) 0.179ms
[2026-09-30T15:36:21.249+0900][27.590s] GC(9) Concurrent Mark Cycle 42.742ms
[2026-09-30T15:36:21.962+0900][28.303s] GC(10) Pause Young (Prepare Mixed) (G1 Evacuation Pause) 530M->224M(2048M) 100.468ms
[2026-09-30T15:36:22.011+0900][28.353s] GC(11) Pause Young (Mixed) (G1 Evacuation Pause) 260M->241M(2048M) 36.661ms
[2026-09-30T15:36:22.120+0900][28.461s] GC(12) Pause Young (Normal) (G1 Evacuation Pause) 330M->273M(2048M) 23.663ms
[2026-09-30T15:36:22.299+0900][28.639s] GC(13) Pause Young (Normal) (G1 Evacuation Pause) 470M->349M(2048M) 40.310ms
[2026-09-30T15:36:22.435+0900][28.776s] GC(14) Pause Young (Normal) (G1 Evacuation Pause) 523M->403M(2048M) 37.741ms
[2026-09-30T15:36:22.633+0900][28.974s] GC(15) Pause Young (Normal) (G1 Evacuation Pause) 672M->459M(2048M) 35.066ms
[2026-09-30T15:36:22.853+0900][29.195s] GC(16) Pause Young (Normal) (G1 Evacuation Pause) 762M->518M(2048M) 40.946ms
[2026-09-30T15:36:24.729+0900][31.069s] GC(17) Pause Young (Normal) (G1 Evacuation Pause) 895M->553M(2048M) 34.939ms
[2026-09-30T15:36:27.525+0900][33.866s] GC(18) Pause Young (Normal) (G1 Evacuation Pause) 1143M->554M(2048M) 18.495ms
[2026-09-30T15:36:28.778+0900][35.119s] GC(19) Pause Young (Concurrent Start) (CodeCache GC Threshold) 847M->554M(2048M) 18.199ms
[2026-09-30T15:36:28.778+0900][35.119s] GC(20) Concurrent Mark Cycle
[2026-09-30T15:36:28.920+0900][35.260s] GC(20) Pause Remark 590M->352M(2048M) 22.978ms
[2026-09-30T15:36:29.017+0900][35.358s] GC(20) Pause Cleanup 370M->370M(2048M) 0.532ms
[2026-09-30T15:36:29.039+0900][35.379s] GC(20) Concurrent Mark Cycle 260.119ms
[2026-09-30T15:36:32.937+0900][39.279s] GC(21) Pause Young (Prepare Mixed) (G1 Evacuation Pause) 1409M->317M(2048M) 21.028ms
[2026-09-30T15:36:36.811+0900][43.152s] GC(22) Pause Young (Mixed) (G1 Evacuation Pause) 1506M->249M(2048M) 22.331ms
[2026-09-30T15:36:40.649+0900][46.990s] GC(23) Pause Young (Normal) (G1 Evacuation Pause) 1435M->252M(2048M) 23.720ms
[2026-09-30T15:36:44.478+0900][50.820s] GC(24) Pause Young (Normal) (G1 Evacuation Pause) 1435M->254M(2048M) 24.179ms
[2026-09-30T15:36:48.293+0900][54.635s] GC(25) Pause Young (Normal) (G1 Evacuation Pause) 1434M->256M(2048M) 25.544ms
[2026-09-30T15:36:52.111+0900][58.453s] GC(26) Pause Young (Normal) (G1 Evacuation Pause) 1435M->260M(2048M) 26.872ms
[2026-09-30T15:36:55.920+0900][62.261s] GC(27) Pause Young (Normal) (G1 Evacuation Pause) 1436M->263M(2048M) 27.790ms
[2026-09-30T15:36:59.718+0900][66.059s] GC(28) Pause Young (Normal) (G1 Evacuation Pause) 1436M->265M(2048M) 29.541ms
[2026-09-30T15:37:03.508+0900][69.849s] GC(29) Pause Young (Normal) (G1 Evacuation Pause) 1435M->267M(2048M) 32.632ms
[2026-09-30T15:37:07.288+0900][73.631s] GC(30) Pause Young (Normal) (G1 Evacuation Pause) 1436M->269M(2048M) 29.755ms
[2026-09-30T15:37:11.067+0900][77.408s] GC(31) Pause Young (Normal) (G1 Evacuation Pause) 1435M->271M(2048M) 31.459ms
[2026-09-30T15:37:14.836+0900][81.178s] GC(32) Pause Young (Normal) (G1 Evacuation Pause) 1435M->274M(2048M) 32.677ms
[2026-09-30T15:37:18.597+0900][84.940s] GC(33) Pause Young (Normal) (G1 Evacuation Pause) 1438M->280M(2048M) 34.168ms
[2026-09-30T15:37:57.909+0900][124.249s] GC(34) Pause Young (Normal) (G1 Evacuation Pause) 1473M->287M(2048M) 16.535ms
[2026-09-30T15:38:00.444+0900][126.786s] GC(35) Pause Young (Normal) (G1 Evacuation Pause) 1478M->292M(2048M) 16.787ms
[2026-09-30T15:38:02.462+0900][128.804s] GC(36) Pause Young (Normal) (G1 Evacuation Pause) 1479M->295M(2048M) 17.859ms
[2026-09-30T15:38:04.609+0900][130.950s] GC(37) Pause Young (Normal) (G1 Evacuation Pause) 1482M->299M(2048M) 18.679ms
[2026-09-30T15:38:06.797+0900][133.139s] GC(38) Pause Young (Normal) (G1 Evacuation Pause) 1484M->301M(2048M) 18.795ms
[2026-09-30T15:38:08.935+0900][135.277s] GC(39) Pause Young (Normal) (G1 Evacuation Pause) 1487M->303M(2048M) 19.179ms
[2026-09-30T15:38:11.138+0900][137.480s] GC(40) Pause Young (Normal) (G1 Evacuation Pause) 1490M->306M(2048M) 21.167ms
[2026-09-30T15:38:13.311+0900][139.653s] GC(41) Pause Young (Normal) (G1 Evacuation Pause) 1492M->310M(2048M) 18.974ms
[2026-09-30T15:38:15.489+0900][141.831s] GC(42) Pause Young (Normal) (G1 Evacuation Pause) 1496M->312M(2048M) 19.163ms
[2026-09-30T15:38:17.700+0900][144.041s] GC(43) Pause Young (Normal) (G1 Evacuation Pause) 1498M->315M(2048M) 18.465ms
[2026-09-30T15:38:19.891+0900][146.232s] GC(44) Pause Young (Normal) (G1 Evacuation Pause) 1501M->318M(2048M) 19.662ms
[2026-09-30T15:38:22.084+0900][148.426s] GC(45) Pause Young (Normal) (G1 Evacuation Pause) 1504M->320M(2048M) 19.271ms
[2026-09-30T15:38:24.295+0900][150.638s] GC(46) Pause Young (Normal) (G1 Evacuation Pause) 1509M->325M(2048M) 21.427ms
[2026-09-30T15:38:26.518+0900][152.858s] GC(47) Pause Young (Normal) (G1 Evacuation Pause) 1511M->328M(2048M) 21.238ms
[2026-09-30T15:38:28.679+0900][155.021s] GC(48) Pause Young (Normal) (G1 Evacuation Pause) 1514M->330M(2048M) 21.500ms
[2026-09-30T15:38:30.874+0900][157.216s] GC(49) Pause Young (Normal) (G1 Evacuation Pause) 1517M->334M(2048M) 23.216ms
[2026-09-30T15:38:33.139+0900][159.480s] GC(50) Pause Young (Normal) (G1 Evacuation Pause) 1520M->335M(2048M) 20.269ms
[2026-09-30T15:38:35.331+0900][161.671s] GC(51) Pause Young (Normal) (G1 Evacuation Pause) 1524M->338M(2048M) 23.184ms
[2026-09-30T15:38:37.533+0900][163.874s] GC(52) Pause Young (Normal) (G1 Evacuation Pause) 1527M->341M(2048M) 20.784ms
[2026-09-30T15:38:39.744+0900][166.084s] GC(53) Pause Young (Normal) (G1 Evacuation Pause) 1530M->343M(2048M) 20.477ms
[2026-09-30T15:38:41.985+0900][168.327s] GC(54) Pause Young (Normal) (G1 Evacuation Pause) 1533M->346M(2048M) 20.538ms
[2026-09-30T15:38:44.168+0900][170.510s] GC(55) Pause Young (Normal) (G1 Evacuation Pause) 1536M->348M(2048M) 20.665ms
[2026-09-30T15:38:46.359+0900][172.700s] GC(56) Pause Young (Normal) (G1 Evacuation Pause) 1538M->351M(2048M) 23.426ms
[2026-09-30T15:38:48.593+0900][174.934s] GC(57) Pause Young (Normal) (G1 Evacuation Pause) 1541M->354M(2048M) 20.746ms
[2026-09-30T15:38:50.767+0900][177.108s] GC(58) Pause Young (Normal) (G1 Evacuation Pause) 1543M->356M(2048M) 20.945ms
[2026-09-30T15:38:53.031+0900][179.372s] GC(59) Pause Young (Normal) (G1 Evacuation Pause) 1546M->360M(2048M) 21.731ms
[2026-09-30T15:38:55.259+0900][181.601s] GC(60) Pause Young (Normal) (G1 Evacuation Pause) 1549M->362M(2048M) 20.666ms
[2026-09-30T15:38:57.430+0900][183.771s] GC(61) Pause Young (Normal) (G1 Evacuation Pause) 1552M->364M(2048M) 20.898ms
[2026-09-30T15:38:59.624+0900][185.965s] GC(62) Pause Young (Normal) (G1 Evacuation Pause) 1555M->367M(2048M) 19.533ms
[2026-09-30T15:39:01.846+0900][188.188s] GC(63) Pause Young (Normal) (G1 Evacuation Pause) 1557M->369M(2048M) 19.376ms
[2026-09-30T15:39:04.099+0900][190.441s] GC(64) Pause Young (Normal) (G1 Evacuation Pause) 1560M->372M(2048M) 20.094ms
[2026-09-30T15:39:06.284+0900][192.624s] GC(65) Pause Young (Normal) (G1 Evacuation Pause) 1563M->375M(2048M) 19.590ms
[2026-09-30T15:39:08.528+0900][194.869s] GC(66) Pause Young (Normal) (G1 Evacuation Pause) 1565M->378M(2048M) 20.050ms
[2026-09-30T15:39:10.740+0900][197.082s] GC(67) Pause Young (Normal) (G1 Evacuation Pause) 1568M->380M(2048M) 19.983ms
[2026-09-30T15:39:12.929+0900][199.271s] GC(68) Pause Young (Normal) (G1 Evacuation Pause) 1571M->382M(2048M) 19.889ms
[2026-09-30T15:39:15.116+0900][201.459s] GC(69) Pause Young (Normal) (G1 Evacuation Pause) 1573M->386M(2048M) 20.263ms
[2026-09-30T15:39:17.346+0900][203.688s] GC(70) Pause Young (Normal) (G1 Evacuation Pause) 1576M->387M(2048M) 20.168ms
[2026-09-30T15:39:19.618+0900][205.959s] GC(71) Pause Young (Normal) (G1 Evacuation Pause) 1578M->391M(2048M) 22.123ms
[2026-09-30T15:39:21.901+0900][208.243s] GC(72) Pause Young (Normal) (G1 Evacuation Pause) 1581M->393M(2048M) 22.603ms
[2026-09-30T15:39:24.135+0900][210.476s] GC(73) Pause Young (Normal) (G1 Evacuation Pause) 1588M->402M(2048M) 25.994ms
[2026-09-30T15:39:26.330+0900][212.672s] GC(74) Pause Young (Normal) (G1 Evacuation Pause) 1591M->404M(2048M) 24.602ms
[2026-09-30T15:39:28.545+0900][214.885s] GC(75) Pause Young (Normal) (G1 Evacuation Pause) 1594M->408M(2048M) 24.122ms
[2026-09-30T15:39:30.854+0900][217.196s] GC(76) Pause Young (Normal) (G1 Evacuation Pause) 1597M->410M(2048M) 25.938ms
[2026-09-30T15:39:33.067+0900][219.409s] GC(77) Pause Young (Normal) (G1 Evacuation Pause) 1599M->413M(2048M) 24.063ms
[2026-09-30T15:39:35.305+0900][221.646s] GC(78) Pause Young (Normal) (G1 Evacuation Pause) 1601M->415M(2048M) 27.799ms
[2026-09-30T15:39:37.602+0900][223.942s] GC(79) Pause Young (Normal) (G1 Evacuation Pause) 1604M->418M(2048M) 23.941ms
[2026-09-30T15:39:39.815+0900][226.156s] GC(80) Pause Young (Normal) (G1 Evacuation Pause) 1607M->421M(2048M) 24.971ms
[2026-09-30T15:39:42.010+0900][228.351s] GC(81) Pause Young (Normal) (G1 Evacuation Pause) 1609M->422M(2048M) 24.557ms
[2026-09-30T15:39:44.241+0900][230.584s] GC(82) Pause Young (Normal) (G1 Evacuation Pause) 1612M->425M(2048M) 25.990ms
[2026-09-30T15:39:46.447+0900][232.787s] GC(83) Pause Young (Normal) (G1 Evacuation Pause) 1614M->428M(2048M) 24.241ms
[2026-09-30T15:39:48.746+0900][235.087s] GC(84) Pause Young (Normal) (G1 Evacuation Pause) 1617M->430M(2048M) 24.615ms
[2026-09-30T15:39:50.975+0900][237.316s] GC(85) Pause Young (Normal) (G1 Evacuation Pause) 1619M->432M(2048M) 26.766ms
[2026-09-30T15:39:53.184+0900][239.525s] GC(86) Pause Young (Normal) (G1 Evacuation Pause) 1621M->435M(2048M) 24.633ms
[2026-09-30T15:39:55.459+0900][241.800s] GC(87) Pause Young (Normal) (G1 Evacuation Pause) 1624M->437M(2048M) 24.363ms
[2026-09-30T15:39:57.672+0900][244.014s] GC(88) Pause Young (Normal) (G1 Evacuation Pause) 1627M->441M(2048M) 24.452ms
[2026-09-30T15:40:00.006+0900][246.347s] GC(89) Pause Young (Normal) (G1 Evacuation Pause) 1631M->444M(2048M) 21.762ms
[2026-09-30T15:40:02.208+0900][248.549s] GC(90) Pause Young (Normal) (G1 Evacuation Pause) 1635M->446M(2048M) 21.732ms
[2026-09-30T15:40:04.476+0900][250.816s] GC(91) Pause Young (Normal) (G1 Evacuation Pause) 1637M->448M(2048M) 24.187ms
[2026-09-30T15:40:06.731+0900][253.072s] GC(92) Pause Young (Normal) (G1 Evacuation Pause) 1639M->451M(2048M) 21.016ms
[2026-09-30T15:40:08.945+0900][255.289s] GC(93) Pause Young (Normal) (G1 Evacuation Pause) 1642M->453M(2048M) 22.235ms
[2026-09-30T15:40:11.182+0900][257.525s] GC(94) Pause Young (Normal) (G1 Evacuation Pause) 1644M->455M(2048M) 21.994ms
[2026-09-30T15:40:13.467+0900][259.809s] GC(95) Pause Young (Normal) (G1 Evacuation Pause) 1646M->458M(2048M) 22.530ms
[2026-09-30T15:40:15.703+0900][262.045s] GC(96) Pause Young (Normal) (G1 Evacuation Pause) 1649M->460M(2048M) 21.869ms
[2026-09-30T15:40:17.944+0900][264.285s] GC(97) Pause Young (Normal) (G1 Evacuation Pause) 1651M->463M(2048M) 22.458ms
[2026-09-30T15:40:20.241+0900][266.582s] GC(98) Pause Young (Normal) (G1 Evacuation Pause) 1654M->465M(2048M) 22.698ms
[2026-09-30T15:40:22.522+0900][268.863s] GC(99) Pause Young (Normal) (G1 Evacuation Pause) 1656M->469M(2048M) 24.608ms
[2026-09-30T15:40:24.823+0900][271.165s] GC(100) Pause Young (Normal) (G1 Evacuation Pause) 1659M->470M(2048M) 22.672ms
[2026-09-30T15:40:27.094+0900][273.436s] GC(101) Pause Young (Normal) (G1 Evacuation Pause) 1661M->474M(2048M) 22.575ms
[2026-09-30T15:40:29.325+0900][275.666s] GC(102) Pause Young (Normal) (G1 Evacuation Pause) 1664M->476M(2048M) 22.092ms
[2026-09-30T15:40:31.595+0900][277.936s] GC(103) Pause Young (Normal) (G1 Evacuation Pause) 1666M->478M(2048M) 22.549ms
[2026-09-30T15:40:33.849+0900][280.191s] GC(104) Pause Young (Normal) (G1 Evacuation Pause) 1669M->480M(2048M) 25.448ms
[2026-09-30T15:40:36.152+0900][282.494s] GC(105) Pause Young (Normal) (G1 Evacuation Pause) 1671M->484M(2048M) 22.315ms
[2026-09-30T15:40:38.361+0900][284.702s] GC(106) Pause Young (Normal) (G1 Evacuation Pause) 1674M->486M(2048M) 22.385ms
[2026-09-30T15:40:40.639+0900][286.981s] GC(107) Pause Young (Normal) (G1 Evacuation Pause) 1677M->490M(2048M) 22.693ms
[2026-09-30T15:40:42.885+0900][289.226s] GC(108) Pause Young (Normal) (G1 Evacuation Pause) 1680M->491M(2048M) 22.040ms
[2026-09-30T15:40:45.115+0900][291.458s] GC(109) Pause Young (Normal) (G1 Evacuation Pause) 1682M->493M(2048M) 22.615ms
[2026-09-30T15:40:47.375+0900][293.717s] GC(110) Pause Young (Normal) (G1 Evacuation Pause) 1684M->497M(2048M) 22.319ms
[2026-09-30T15:40:49.622+0900][295.964s] GC(111) Pause Young (Normal) (G1 Evacuation Pause) 1687M->499M(2048M) 22.711ms
[2026-09-30T15:40:51.820+0900][298.162s] GC(112) Pause Young (Normal) (G1 Evacuation Pause) 1690M->501M(2048M) 22.387ms
[2026-09-30T15:40:54.105+0900][300.447s] GC(113) Pause Young (Normal) (G1 Evacuation Pause) 1692M->504M(2048M) 22.983ms
[2026-09-30T15:40:56.348+0900][302.689s] GC(114) Pause Young (Normal) (G1 Evacuation Pause) 1694M->507M(2048M) 22.854ms
