time="2026-09-30T15:37:58+09:00" level=info msg="[run] 시작 15:37:58 MODE=async SCENARIO=fixed TAG=CAP-async" source=console
time="2026-09-30T15:40:58+09:00" level=info msg="[run] 종료 15:40:58 TAG=CAP-async" source=console
[31m     ✗ status is 202
      ↳  82% — ✓ 594410 / ✗ 125196[0m
[31m     ✗ has sse location
      ↳  82% — ✓ 594410 / ✗ 125196[0m

     checks[2m.........................:[0m [36m82.60%[0m [36;2m✓ 1188820[0m     [36;2m✗ 250392[0m
     data_received[2m..................:[0m [36m103 MB[0m [36;2m570 kB/s[0m
     data_sent[2m......................:[0m [36m193 MB[0m [36;2m1.1 MB/s[0m
     dropped_iterations[2m.............:[0m [36m392[0m    [36;2m2.177069/s[0m
     http_req_blocked[2m...............:[0m avg=[36m473.43µs[0m min=[36m0s[0m med=[36m0s[0m     max=[36m3.02s[0m   p(90)=[36m0s[0m      p(95)=[36m0s[0m      p(99)=[36m1.05ms[0m  
     http_req_connecting[2m............:[0m avg=[36m473.19µs[0m min=[36m0s[0m med=[36m0s[0m     max=[36m3.02s[0m   p(90)=[36m0s[0m      p(95)=[36m0s[0m      p(99)=[36m1.05ms[0m  
     http_req_duration[2m..............:[0m avg=[36m13.64ms[0m  min=[36m0s[0m med=[36m8.77ms[0m max=[36m1.16s[0m   p(90)=[36m21.44ms[0m p(95)=[36m29.88ms[0m p(99)=[36m154.47ms[0m
       { expected_response:true }[2m...:[0m avg=[36m14.1ms[0m   min=[36m0s[0m med=[36m9.48ms[0m max=[36m1.16s[0m   p(90)=[36m21.99ms[0m p(95)=[36m30.37ms[0m p(99)=[36m78.07ms[0m 
     http_req_failed[2m................:[0m [36m17.39%[0m [36;2m✓ 125196[0m      [36;2m✗ 594410[0m
     http_req_receiving[2m.............:[0m avg=[36m16.77µs[0m  min=[36m0s[0m med=[36m0s[0m     max=[36m12.55ms[0m p(90)=[36m0s[0m      p(95)=[36m0s[0m      p(99)=[36m540.5µs[0m 
     http_req_sending[2m...............:[0m avg=[36m702ns[0m    min=[36m0s[0m med=[36m0s[0m     max=[36m13.17ms[0m p(90)=[36m0s[0m      p(95)=[36m0s[0m      p(99)=[36m0s[0m      
     http_req_tls_handshaking[2m.......:[0m avg=[36m0s[0m       min=[36m0s[0m med=[36m0s[0m     max=[36m0s[0m      p(90)=[36m0s[0m      p(95)=[36m0s[0m      p(99)=[36m0s[0m      
     http_req_waiting[2m...............:[0m avg=[36m13.62ms[0m  min=[36m0s[0m med=[36m8.76ms[0m max=[36m1.16s[0m   p(90)=[36m21.43ms[0m p(95)=[36m29.86ms[0m p(99)=[36m154.47ms[0m
     http_reqs[2m......................:[0m [36m719606[0m [36;2m3996.510431/s[0m
     iteration_duration[2m.............:[0m avg=[36m14.15ms[0m  min=[36m0s[0m med=[36m8.89ms[0m max=[36m3.04s[0m   p(90)=[36m21.72ms[0m p(95)=[36m30.42ms[0m p(99)=[36m219.52ms[0m
     iterations[2m.....................:[0m [36m719606[0m [36;2m3996.510431/s[0m
     order_accepted_duration[2m........:[0m avg=[36m14.1ms[0m   min=[36m0s[0m med=[36m9.48ms[0m max=[36m1.16s[0m   p(90)=[36m21.99ms[0m p(95)=[36m30.37ms[0m p(99)=[36m78.07ms[0m 
     order_rejected_duration[2m........:[0m avg=[36m11.43ms[0m  min=[36m0s[0m med=[36m5.08ms[0m max=[36m1.16s[0m   p(90)=[36m17.29ms[0m p(95)=[36m26.9ms[0m  p(99)=[36m241.28ms[0m
     orders_accepted[2m................:[0m [36m594410[0m [36;2m3301.203388/s[0m
     orders_rejected[2m................:[0m [36m125196[0m [36;2m695.307043/s[0m
     vus[2m............................:[0m [36m66[0m     [36;2mmin=2[0m         [36;2mmax=499[0m 
     vus_max[2m........................:[0m [36m592[0m    [36;2mmin=300[0m       [36;2mmax=592[0m 