time="2026-09-29T11:23:43+09:00" level=info msg="[run] 시작 11:23:43 MODE=async SCENARIO=fixed TAG=ISO-2000" source=console
time="2026-09-29T11:26:43+09:00" level=info msg="[run] 종료 11:26:43 TAG=ISO-2000" source=console
[32m     ✓ status is 202[0m
[32m     ✓ has sse location[0m

     checks[2m.........................:[0m [36m100.00%[0m [36;2m✓ 720002[0m      [36;2m✗ 0[0m     
     data_received[2m..................:[0m [36m50 MB[0m   [36;2m278 kB/s[0m
     data_sent[2m......................:[0m [36m97 MB[0m   [36;2m537 kB/s[0m
     http_req_blocked[2m...............:[0m avg=[36m21.44µs[0m min=[36m0s[0m med=[36m0s[0m     max=[36m25.61ms[0m p(90)=[36m0s[0m     p(95)=[36m0s[0m     p(99)=[36m0s[0m      
     http_req_connecting[2m............:[0m avg=[36m21.2µs[0m  min=[36m0s[0m med=[36m0s[0m     max=[36m25.1ms[0m  p(90)=[36m0s[0m     p(95)=[36m0s[0m     p(99)=[36m0s[0m      
     http_req_duration[2m..............:[0m avg=[36m1.46ms[0m  min=[36m0s[0m med=[36m1.02ms[0m max=[36m46.42ms[0m p(90)=[36m2.57ms[0m p(95)=[36m4.2ms[0m  p(99)=[36m13.61ms[0m 
       { expected_response:true }[2m...:[0m avg=[36m1.46ms[0m  min=[36m0s[0m med=[36m1.02ms[0m max=[36m46.42ms[0m p(90)=[36m2.57ms[0m p(95)=[36m4.2ms[0m  p(99)=[36m13.61ms[0m 
     http_req_failed[2m................:[0m [36m0.00%[0m   [36;2m✓ 0[0m           [36;2m✗ 360001[0m
     http_req_receiving[2m.............:[0m avg=[36m16.47µs[0m min=[36m0s[0m med=[36m0s[0m     max=[36m10.04ms[0m p(90)=[36m0s[0m     p(95)=[36m0s[0m     p(99)=[36m529.29µs[0m
     http_req_sending[2m...............:[0m avg=[36m751ns[0m   min=[36m0s[0m med=[36m0s[0m     max=[36m10.02ms[0m p(90)=[36m0s[0m     p(95)=[36m0s[0m     p(99)=[36m0s[0m      
     http_req_tls_handshaking[2m.......:[0m avg=[36m0s[0m      min=[36m0s[0m med=[36m0s[0m     max=[36m0s[0m      p(90)=[36m0s[0m     p(95)=[36m0s[0m     p(99)=[36m0s[0m      
     http_req_waiting[2m...............:[0m avg=[36m1.45ms[0m  min=[36m0s[0m med=[36m1.02ms[0m max=[36m46.42ms[0m p(90)=[36m2.56ms[0m p(95)=[36m4.19ms[0m p(99)=[36m13.58ms[0m 
     http_reqs[2m......................:[0m [36m360001[0m  [36;2m1999.770016/s[0m
     iteration_duration[2m.............:[0m avg=[36m1.52ms[0m  min=[36m0s[0m med=[36m1.03ms[0m max=[36m46.42ms[0m p(90)=[36m2.6ms[0m  p(95)=[36m4.39ms[0m p(99)=[36m14ms[0m    
     iterations[2m.....................:[0m [36m360001[0m  [36;2m1999.770016/s[0m
     order_accepted_duration[2m........:[0m avg=[36m1.46ms[0m  min=[36m0s[0m med=[36m1.02ms[0m max=[36m46.42ms[0m p(90)=[36m2.57ms[0m p(95)=[36m4.2ms[0m  p(99)=[36m13.61ms[0m 
     orders_accepted[2m................:[0m [36m360001[0m  [36;2m1999.770016/s[0m
     vus[2m............................:[0m [36m3[0m       [36;2mmin=0[0m         [36;2mmax=40[0m  
     vus_max[2m........................:[0m [36m300[0m     [36;2mmin=300[0m       [36;2mmax=300[0m 