time="2026-09-29T11:22:07+09:00" level=info msg="[run] 시작 11:22:07 MODE=async SCENARIO=fixed TAG=S-warmup" source=console
time="2026-09-29T11:23:07+09:00" level=info msg="[run] 종료 11:23:07 TAG=S-warmup" source=console
[32m     ✓ status is 202[0m
[32m     ✓ has sse location[0m

     checks[2m.........................:[0m [36m100.00%[0m [36;2m✓ 179808[0m      [36;2m✗ 0[0m    
     data_received[2m..................:[0m [36m13 MB[0m   [36;2m209 kB/s[0m
     data_sent[2m......................:[0m [36m24 MB[0m   [36;2m402 kB/s[0m
     dropped_iterations[2m.............:[0m [36m97[0m      [36;2m1.616175/s[0m
     http_req_blocked[2m...............:[0m avg=[36m10.98µs[0m min=[36m0s[0m med=[36m0s[0m       max=[36m20.93ms[0m  p(90)=[36m0s[0m      p(95)=[36m0s[0m      p(99)=[36m510.6µs[0m
     http_req_connecting[2m............:[0m avg=[36m10.64µs[0m min=[36m0s[0m med=[36m0s[0m       max=[36m20.93ms[0m  p(90)=[36m0s[0m      p(95)=[36m0s[0m      p(99)=[36m510.1µs[0m
     http_req_duration[2m..............:[0m avg=[36m6.48ms[0m  min=[36m0s[0m med=[36m517.1µs[0m  max=[36m507.15ms[0m p(90)=[36m13.15ms[0m p(95)=[36m29.13ms[0m p(99)=[36m91.81ms[0m
       { expected_response:true }[2m...:[0m avg=[36m6.48ms[0m  min=[36m0s[0m med=[36m517.1µs[0m  max=[36m507.15ms[0m p(90)=[36m13.15ms[0m p(95)=[36m29.13ms[0m p(99)=[36m91.81ms[0m
     http_req_failed[2m................:[0m [36m0.00%[0m   [36;2m✓ 0[0m           [36;2m✗ 89904[0m
     http_req_receiving[2m.............:[0m avg=[36m9.35µs[0m  min=[36m0s[0m med=[36m0s[0m       max=[36m7.25ms[0m   p(90)=[36m0s[0m      p(95)=[36m0s[0m      p(99)=[36m512µs[0m  
     http_req_sending[2m...............:[0m avg=[36m766ns[0m   min=[36m0s[0m med=[36m0s[0m       max=[36m2.01ms[0m   p(90)=[36m0s[0m      p(95)=[36m0s[0m      p(99)=[36m0s[0m     
     http_req_tls_handshaking[2m.......:[0m avg=[36m0s[0m      min=[36m0s[0m med=[36m0s[0m       max=[36m0s[0m       p(90)=[36m0s[0m      p(95)=[36m0s[0m      p(99)=[36m0s[0m     
     http_req_waiting[2m...............:[0m avg=[36m6.47ms[0m  min=[36m0s[0m med=[36m516.8µs[0m  max=[36m507.15ms[0m p(90)=[36m13.14ms[0m p(95)=[36m29.09ms[0m p(99)=[36m91.81ms[0m
     http_reqs[2m......................:[0m [36m89904[0m   [36;2m1497.944425/s[0m
     iteration_duration[2m.............:[0m avg=[36m6.52ms[0m  min=[36m0s[0m med=[36m517.59µs[0m max=[36m510.26ms[0m p(90)=[36m13.21ms[0m p(95)=[36m29.27ms[0m p(99)=[36m92.03ms[0m
     iterations[2m.....................:[0m [36m89904[0m   [36;2m1497.944425/s[0m
     order_accepted_duration[2m........:[0m avg=[36m6.48ms[0m  min=[36m0s[0m med=[36m517.1µs[0m  max=[36m507.15ms[0m p(90)=[36m13.15ms[0m p(95)=[36m29.13ms[0m p(99)=[36m91.81ms[0m
     orders_accepted[2m................:[0m [36m89904[0m   [36;2m1497.944425/s[0m
     vus[2m............................:[0m [36m1[0m       [36;2mmin=1[0m         [36;2mmax=108[0m
     vus_max[2m........................:[0m [36m389[0m     [36;2mmin=389[0m       [36;2mmax=389[0m