[32m     ✓ status is 2xx[0m

     checks[2m.........................:[0m [36m100.00%[0m [36;2m✓ 18001[0m     [36;2m✗ 0[0m    
     data_received[2m..................:[0m [36m2.3 MB[0m  [36;2m2.6 kB/s[0m
     data_sent[2m......................:[0m [36m4.2 MB[0m  [36;2m4.7 kB/s[0m
     http_req_blocked[2m...............:[0m avg=[36m11.78µs[0m min=[36m0s[0m       med=[36m0s[0m     max=[36m2.56ms[0m  p(90)=[36m0s[0m     p(95)=[36m0s[0m     p(99)=[36m708.09µs[0m
     http_req_connecting[2m............:[0m avg=[36m11.08µs[0m min=[36m0s[0m       med=[36m0s[0m     max=[36m2.56ms[0m  p(90)=[36m0s[0m     p(95)=[36m0s[0m     p(99)=[36m698.8µs[0m 
     http_req_duration[2m..............:[0m avg=[36m3.85ms[0m  min=[36m0s[0m       med=[36m4.16ms[0m max=[36m26.2ms[0m  p(90)=[36m4.55ms[0m p(95)=[36m5.61ms[0m p(99)=[36m8.14ms[0m  
       { expected_response:true }[2m...:[0m avg=[36m3.85ms[0m  min=[36m0s[0m       med=[36m4.16ms[0m max=[36m26.2ms[0m  p(90)=[36m4.55ms[0m p(95)=[36m5.61ms[0m p(99)=[36m8.14ms[0m  
     http_req_failed[2m................:[0m [36m0.00%[0m   [36;2m✓ 0[0m         [36;2m✗ 18001[0m
     http_req_receiving[2m.............:[0m avg=[36m1.89ms[0m  min=[36m0s[0m       med=[36m1.96ms[0m max=[36m17.26ms[0m p(90)=[36m3.63ms[0m p(95)=[36m3.76ms[0m p(99)=[36m6.55ms[0m  
     http_req_sending[2m...............:[0m avg=[36m1.39µs[0m  min=[36m0s[0m       med=[36m0s[0m     max=[36m1.39ms[0m  p(90)=[36m0s[0m     p(95)=[36m0s[0m     p(99)=[36m0s[0m      
     http_req_tls_handshaking[2m.......:[0m avg=[36m0s[0m      min=[36m0s[0m       med=[36m0s[0m     max=[36m0s[0m      p(90)=[36m0s[0m     p(95)=[36m0s[0m     p(99)=[36m0s[0m      
     http_req_waiting[2m...............:[0m avg=[36m1.95ms[0m  min=[36m0s[0m       med=[36m1.24ms[0m max=[36m26.2ms[0m  p(90)=[36m4.15ms[0m p(95)=[36m4.4ms[0m  p(99)=[36m6.9ms[0m   
     http_reqs[2m......................:[0m [36m18001[0m   [36;2m20.001009/s[0m
     iteration_duration[2m.............:[0m avg=[36m3.92ms[0m  min=[36m321.29µs[0m med=[36m4.17ms[0m max=[36m26.2ms[0m  p(90)=[36m4.61ms[0m p(95)=[36m5.86ms[0m p(99)=[36m8.16ms[0m  
     iterations[2m.....................:[0m [36m18001[0m   [36;2m20.001009/s[0m
     reviews_created[2m................:[0m [36m18001[0m   [36;2m20.001009/s[0m
     reviews_success_duration[2m.......:[0m avg=[36m3.85ms[0m  min=[36m0s[0m       med=[36m4.16ms[0m max=[36m26.2ms[0m  p(90)=[36m4.55ms[0m p(95)=[36m5.61ms[0m p(99)=[36m8.14ms[0m  
     vus[2m............................:[0m [36m0[0m       [36;2mmin=0[0m       [36;2mmax=0[0m  
     vus_max[2m........................:[0m [36m100[0m     [36;2mmin=100[0m     [36;2mmax=100[0m