[32m     ✓ status is 2xx[0m

     checks[2m.........................:[0m [36m100.00%[0m [36;2m✓ 12001[0m      [36;2m✗ 0[0m    
     data_received[2m..................:[0m [36m1.5 MB[0m  [36;2m26 kB/s[0m
     data_sent[2m......................:[0m [36m2.8 MB[0m  [36;2m47 kB/s[0m
     http_req_blocked[2m...............:[0m avg=[36m21.88µs[0m min=[36m0s[0m       med=[36m0s[0m     max=[36m16.37ms[0m  p(90)=[36m0s[0m     p(95)=[36m0s[0m     p(99)=[36m673.7µs[0m
     http_req_connecting[2m............:[0m avg=[36m21.42µs[0m min=[36m0s[0m       med=[36m0s[0m     max=[36m16.37ms[0m  p(90)=[36m0s[0m     p(95)=[36m0s[0m     p(99)=[36m671.4µs[0m
     http_req_duration[2m..............:[0m avg=[36m4.51ms[0m  min=[36m300.09µs[0m med=[36m3.27ms[0m max=[36m389.8ms[0m  p(90)=[36m4.06ms[0m p(95)=[36m4.71ms[0m p(99)=[36m9.04ms[0m 
       { expected_response:true }[2m...:[0m avg=[36m4.51ms[0m  min=[36m300.09µs[0m med=[36m3.27ms[0m max=[36m389.8ms[0m  p(90)=[36m4.06ms[0m p(95)=[36m4.71ms[0m p(99)=[36m9.04ms[0m 
     http_req_failed[2m................:[0m [36m0.00%[0m   [36;2m✓ 0[0m          [36;2m✗ 12001[0m
     http_req_receiving[2m.............:[0m avg=[36m1.25ms[0m  min=[36m0s[0m       med=[36m1.17ms[0m max=[36m18.57ms[0m  p(90)=[36m2.8ms[0m  p(95)=[36m3.03ms[0m p(99)=[36m3.4ms[0m  
     http_req_sending[2m...............:[0m avg=[36m741ns[0m   min=[36m0s[0m       med=[36m0s[0m     max=[36m758.1µs[0m  p(90)=[36m0s[0m     p(95)=[36m0s[0m     p(99)=[36m0s[0m     
     http_req_tls_handshaking[2m.......:[0m avg=[36m0s[0m      min=[36m0s[0m       med=[36m0s[0m     max=[36m0s[0m       p(90)=[36m0s[0m     p(95)=[36m0s[0m     p(99)=[36m0s[0m     
     http_req_waiting[2m...............:[0m avg=[36m3.25ms[0m  min=[36m0s[0m       med=[36m1.72ms[0m max=[36m389.8ms[0m  p(90)=[36m3.62ms[0m p(95)=[36m4.5ms[0m  p(99)=[36m8.94ms[0m 
     http_reqs[2m......................:[0m [36m12001[0m   [36;2m200.003367/s[0m
     iteration_duration[2m.............:[0m avg=[36m4.61ms[0m  min=[36m300.09µs[0m med=[36m3.31ms[0m max=[36m391.86ms[0m p(90)=[36m4.12ms[0m p(95)=[36m4.8ms[0m  p(99)=[36m9.58ms[0m 
     iterations[2m.....................:[0m [36m12001[0m   [36;2m200.003367/s[0m
     reviews_created[2m................:[0m [36m12001[0m   [36;2m200.003367/s[0m
     reviews_success_duration[2m.......:[0m avg=[36m4.51ms[0m  min=[36m300.09µs[0m med=[36m3.27ms[0m max=[36m389.8ms[0m  p(90)=[36m4.06ms[0m p(95)=[36m4.71ms[0m p(99)=[36m9.04ms[0m 
     vus[2m............................:[0m [36m1[0m       [36;2mmin=1[0m        [36;2mmax=2[0m  
     vus_max[2m........................:[0m [36m100[0m     [36;2mmin=100[0m      [36;2mmax=100[0m