time="2026-09-30T06:14:25+09:00" level=info msg="[run] 시작 06:14:25 MODE=async TAG=FLASH-warmup PROMOTION_ID=2" source=console
time="2026-09-30T06:14:25+09:00" level=info msg="[flash] 시도 06:14:30 ~ 06:15:25 (최고 초당 1000건), 관찰 끝 06:15:30" source=console
time="2026-09-30T06:15:30+09:00" level=info msg="[run] 종료 06:15:30 TAG=FLASH-warmup" source=console
     base_accepted[2m..................:[0m [36m2601[0m   [36;2m39.982455/s[0m
     base_accepted_duration[2m.........:[0m avg=[36m1.62ms[0m   min=[36m0s[0m med=[36m523µs[0m   max=[36m93.35ms[0m  p(90)=[36m3.01ms[0m   p(95)=[36m4.67ms[0m   p(99)=[36m17.92ms[0m 
     data_received[2m..................:[0m [36m7.8 MB[0m [36;2m120 kB/s[0m
     data_sent[2m......................:[0m [36m16 MB[0m  [36;2m240 kB/s[0m
     http_req_blocked[2m...............:[0m avg=[36m21.16µs[0m  min=[36m0s[0m med=[36m0s[0m      max=[36m64.83ms[0m  p(90)=[36m0s[0m       p(95)=[36m0s[0m       p(99)=[36m544.39µs[0m
     http_req_connecting[2m............:[0m avg=[36m20.32µs[0m  min=[36m0s[0m med=[36m0s[0m      max=[36m64.83ms[0m  p(90)=[36m0s[0m       p(95)=[36m0s[0m       p(99)=[36m535.21µs[0m
     http_req_duration[2m..............:[0m avg=[36m1.08ms[0m   min=[36m0s[0m med=[36m519.4µs[0m max=[36m93.35ms[0m  p(90)=[36m2.08ms[0m   p(95)=[36m3.82ms[0m   p(99)=[36m9.91ms[0m  
       { expected_response:true }[2m...:[0m avg=[36m1.85ms[0m   min=[36m0s[0m med=[36m674.2µs[0m max=[36m93.35ms[0m  p(90)=[36m4.27ms[0m   p(95)=[36m6.64ms[0m   p(99)=[36m13.47ms[0m 
     http_req_failed[2m................:[0m [36m58.97%[0m [36;2m✓ 32486[0m      [36;2m✗ 22601[0m
     http_req_receiving[2m.............:[0m avg=[36m37.4µs[0m   min=[36m0s[0m med=[36m0s[0m      max=[36m8.01ms[0m   p(90)=[36m0s[0m       p(95)=[36m508.29µs[0m p(99)=[36m712.45µs[0m
     http_req_sending[2m...............:[0m avg=[36m1.67µs[0m   min=[36m0s[0m med=[36m0s[0m      max=[36m8.75ms[0m   p(90)=[36m0s[0m       p(95)=[36m0s[0m       p(99)=[36m0s[0m      
     http_req_tls_handshaking[2m.......:[0m avg=[36m0s[0m       min=[36m0s[0m med=[36m0s[0m      max=[36m0s[0m       p(90)=[36m0s[0m       p(95)=[36m0s[0m       p(99)=[36m0s[0m      
     http_req_waiting[2m...............:[0m avg=[36m1.04ms[0m   min=[36m0s[0m med=[36m518.8µs[0m max=[36m92.85ms[0m  p(90)=[36m2.04ms[0m   p(95)=[36m3.8ms[0m    p(99)=[36m9.79ms[0m  
     http_reqs[2m......................:[0m [36m55087[0m  [36;2m846.794891/s[0m
     iteration_duration[2m.............:[0m avg=[36m1.13ms[0m   min=[36m0s[0m med=[36m519.9µs[0m max=[36m100.56ms[0m p(90)=[36m2.18ms[0m   p(95)=[36m3.87ms[0m   p(99)=[36m9.97ms[0m  
     iterations[2m.....................:[0m [36m55087[0m  [36;2m846.794891/s[0m
     promo_sold_out[2m.................:[0m [36m32486[0m  [36;2m499.373334/s[0m
     promo_sold_out_duration[2m........:[0m avg=[36m552.18µs[0m min=[36m0s[0m med=[36m514.4µs[0m max=[36m24.86ms[0m  p(90)=[36m569.75µs[0m p(95)=[36m685.1µs[0m  p(99)=[36m1.25ms[0m  
     promo_success[2m..................:[0m [36m20000[0m  [36;2m307.439102/s[0m
     promo_success_duration[2m.........:[0m avg=[36m1.88ms[0m   min=[36m0s[0m med=[36m784.2µs[0m max=[36m92.65ms[0m  p(90)=[36m4.43ms[0m   p(95)=[36m6.73ms[0m   p(99)=[36m12.97ms[0m 
     vus[2m............................:[0m [36m0[0m      [36;2mmin=0[0m        [36;2mmax=7[0m  
     vus_max[2m........................:[0m [36m550[0m    [36;2mmin=550[0m      [36;2mmax=550[0m