[2026-09-30T16:58:32.275+0900][0.006s] Using G1
[2026-09-30T16:58:33.151+0900][0.882s] GC(0) Pause Young (Normal) (G1 Evacuation Pause) 102M->5M(2048M) 4.674ms
[2026-09-30T16:58:33.549+0900][1.280s] GC(1) Pause Young (Concurrent Start) (Metadata GC Threshold) 104M->10M(2048M) 6.442ms
[2026-09-30T16:58:33.549+0900][1.280s] GC(2) Concurrent Mark Cycle
[2026-09-30T16:58:33.555+0900][1.287s] GC(2) Pause Remark 11M->11M(2048M) 1.496ms
[2026-09-30T16:58:33.559+0900][1.287s] GC(2) Pause Cleanup 11M->11M(2048M) 0.007ms
[2026-09-30T16:58:33.564+0900][1.292s] GC(2) Concurrent Mark Cycle 11.508ms
[2026-09-30T16:58:34.596+0900][2.324s] GC(3) Pause Young (Normal) (G1 Evacuation Pause) 131M->16M(2048M) 12.051ms
[2026-09-30T16:58:35.073+0900][2.801s] GC(4) Pause Young (Concurrent Start) (Metadata GC Threshold) 76M->18M(2048M) 5.774ms
[2026-09-30T16:58:35.073+0900][2.801s] GC(5) Concurrent Mark Cycle
[2026-09-30T16:58:35.087+0900][2.814s] GC(5) Pause Remark 20M->20M(2048M) 3.438ms
[2026-09-30T16:58:35.089+0900][2.818s] GC(5) Pause Cleanup 20M->20M(2048M) 0.160ms
[2026-09-30T16:58:35.091+0900][2.820s] GC(5) Concurrent Mark Cycle 18.490ms
[2026-09-30T16:58:36.593+0900][4.323s] GC(6) Pause Young (Prepare Mixed) (G1 Evacuation Pause) 179M->26M(2048M) 9.140ms
[2026-09-30T16:58:36.701+0900][4.429s] GC(7) Pause Young (Mixed) (Metadata GC Threshold) 38M->27M(2048M) 8.803ms
[2026-09-30T16:58:36.737+0900][4.467s] GC(8) Pause Young (Concurrent Start) (Metadata GC Threshold) 31M->26M(2048M) 7.009ms
[2026-09-30T16:58:36.737+0900][4.467s] GC(9) Concurrent Mark Cycle
[2026-09-30T16:58:36.756+0900][4.483s] GC(9) Pause Remark 28M->28M(2048M) 3.541ms
[2026-09-30T16:58:36.759+0900][4.487s] GC(9) Pause Cleanup 29M->29M(2048M) 0.134ms
[2026-09-30T16:58:36.762+0900][4.489s] GC(9) Concurrent Mark Cycle 22.320ms
[2026-09-30T16:59:00.546+0900][28.278s] GC(10) Pause Young (Prepare Mixed) (G1 Evacuation Pause) 1002M->203M(2048M) 88.464ms
[2026-09-30T16:59:00.613+0900][28.341s] GC(11) Pause Young (Mixed) (Metadata GC Threshold) 233M->216M(2048M) 48.433ms
[2026-09-30T16:59:00.699+0900][28.428s] GC(12) Pause Young (Concurrent Start) (G1 Evacuation Pause) 316M->257M(2048M) 30.482ms
[2026-09-30T16:59:00.699+0900][28.428s] GC(13) Concurrent Mark Cycle
[2026-09-30T16:59:00.852+0900][28.582s] GC(14) Pause Young (Normal) (G1 Evacuation Pause) 344M->296M(2048M) 29.361ms
[2026-09-30T16:59:00.978+0900][28.708s] GC(13) Pause Remark 407M->407M(2048M) 14.857ms
[2026-09-30T16:59:01.024+0900][28.751s] GC(15) Pause Young (Normal) (G1 Evacuation Pause) 411M->344M(2048M) 32.767ms
[2026-09-30T16:59:01.245+0900][28.973s] GC(16) Pause Young (Normal) (G1 Evacuation Pause) 563M->432M(2048M) 53.845ms
[2026-09-30T16:59:01.269+0900][28.997s] GC(13) Pause Cleanup 470M->470M(2048M) 0.235ms
[2026-09-30T16:59:01.274+0900][29.002s] GC(13) Concurrent Mark Cycle 573.579ms
[2026-09-30T16:59:01.432+0900][29.160s] GC(17) Pause Young (Prepare Mixed) (G1 Evacuation Pause) 660M->454M(2048M) 25.676ms
[2026-09-30T16:59:01.695+0900][29.424s] GC(18) Pause Young (Mixed) (G1 Evacuation Pause) 838M->497M(2048M) 30.524ms
[2026-09-30T16:59:04.166+0900][31.893s] GC(19) Pause Young (Mixed) (G1 Evacuation Pause) 1492M->488M(2048M) 18.527ms
[2026-09-30T16:59:07.090+0900][34.819s] GC(20) Pause Young (Normal) (G1 Evacuation Pause) 1121M->488M(2048M) 17.232ms
[2026-09-30T16:59:11.752+0900][39.481s] GC(21) Pause Young (Normal) (G1 Evacuation Pause) 1672M->487M(2048M) 18.332ms
[2026-09-30T16:59:13.232+0900][40.962s] GC(22) Pause Young (Concurrent Start) (CodeCache GC Threshold) 942M->488M(2048M) 16.957ms
[2026-09-30T16:59:13.232+0900][40.962s] GC(23) Concurrent Mark Cycle
[2026-09-30T16:59:13.337+0900][41.065s] GC(23) Pause Remark 527M->330M(2048M) 17.048ms
[2026-09-30T16:59:13.378+0900][41.107s] GC(23) Pause Cleanup 338M->338M(2048M) 0.518ms
[2026-09-30T16:59:13.387+0900][41.115s] GC(23) Concurrent Mark Cycle 152.770ms
[2026-09-30T16:59:17.149+0900][44.878s] GC(24) Pause Young (Prepare Mixed) (G1 Evacuation Pause) 1475M->289M(2048M) 18.510ms
[2026-09-30T16:59:21.072+0900][48.801s] GC(25) Pause Young (Mixed) (G1 Evacuation Pause) 1475M->225M(2048M) 18.569ms
[2026-09-30T16:59:24.999+0900][52.728s] GC(26) Pause Young (Concurrent Start) (G1 Evacuation Pause) 1411M->225M(2048M) 19.398ms
[2026-09-30T16:59:24.999+0900][52.728s] GC(27) Concurrent Mark Cycle
[2026-09-30T16:59:25.102+0900][52.834s] GC(27) Pause Remark 261M->261M(2048M) 14.392ms
[2026-09-30T16:59:25.149+0900][52.877s] GC(27) Pause Cleanup 276M->276M(2048M) 0.510ms
[2026-09-30T16:59:25.156+0900][52.884s] GC(27) Concurrent Mark Cycle 155.308ms
[2026-09-30T16:59:28.925+0900][56.653s] GC(28) Pause Young (Prepare Mixed) (G1 Evacuation Pause) 1411M->226M(2048M) 17.679ms
[2026-09-30T16:59:32.858+0900][60.586s] GC(29) Pause Young (Mixed) (G1 Evacuation Pause) 1411M->207M(2048M) 19.688ms
[2026-09-30T16:59:36.780+0900][64.509s] GC(30) Pause Young (Concurrent Start) (G1 Evacuation Pause) 1393M->207M(2048M) 17.763ms
[2026-09-30T16:59:36.780+0900][64.509s] GC(31) Concurrent Mark Cycle
[2026-09-30T16:59:36.880+0900][64.611s] GC(31) Pause Remark 242M->242M(2048M) 8.186ms
[2026-09-30T16:59:36.927+0900][64.655s] GC(31) Pause Cleanup 257M->257M(2048M) 0.431ms
[2026-09-30T16:59:36.932+0900][64.661s] GC(31) Concurrent Mark Cycle 151.616ms
[2026-09-30T16:59:40.710+0900][68.440s] GC(32) Pause Young (Prepare Mixed) (G1 Evacuation Pause) 1393M->208M(2048M) 18.637ms
[2026-09-30T16:59:44.640+0900][72.368s] GC(33) Pause Young (Mixed) (G1 Evacuation Pause) 1393M->193M(2048M) 18.668ms
[2026-09-30T16:59:48.571+0900][76.300s] GC(34) Pause Young (Concurrent Start) (G1 Evacuation Pause) 1377M->192M(2048M) 18.921ms
[2026-09-30T16:59:48.571+0900][76.300s] GC(35) Concurrent Mark Cycle
[2026-09-30T16:59:48.670+0900][76.399s] GC(35) Pause Remark 234M->234M(2048M) 7.374ms
[2026-09-30T16:59:48.716+0900][76.444s] GC(35) Pause Cleanup 248M->248M(2048M) 0.555ms
[2026-09-30T16:59:48.722+0900][76.450s] GC(35) Concurrent Mark Cycle 149.867ms
[2026-09-30T16:59:52.501+0900][80.230s] GC(36) Pause Young (Prepare Mixed) (G1 Evacuation Pause) 1377M->192M(2048M) 18.436ms
[2026-09-30T16:59:56.433+0900][84.161s] GC(37) Pause Young (Mixed) (G1 Evacuation Pause) 1377M->181M(2048M) 18.620ms
[2026-09-30T17:00:35.961+0900][123.690s] GC(38) Pause Young (Concurrent Start) (G1 Evacuation Pause) 1387M->183M(2048M) 11.491ms
[2026-09-30T17:00:35.961+0900][123.690s] GC(39) Concurrent Mark Cycle
[2026-09-30T17:00:36.053+0900][123.780s] GC(39) Pause Remark 206M->196M(2048M) 16.021ms
[2026-09-30T17:00:36.092+0900][123.819s] GC(39) Pause Cleanup 207M->207M(2048M) 0.447ms
[2026-09-30T17:00:36.098+0900][123.826s] GC(39) Concurrent Mark Cycle 136.431ms
[2026-09-30T17:00:38.948+0900][126.677s] GC(40) Pause Young (Prepare Mixed) (G1 Evacuation Pause) 1396M->175M(2048M) 3.873ms
[2026-09-30T17:00:41.602+0900][129.331s] GC(41) Pause Young (Mixed) (G1 Evacuation Pause) 1399M->162M(2048M) 3.807ms
[2026-09-30T17:00:44.287+0900][132.016s] GC(42) Pause Young (Concurrent Start) (G1 Evacuation Pause) 1385M->174M(2048M) 5.081ms
[2026-09-30T17:00:44.287+0900][132.016s] GC(43) Concurrent Mark Cycle
[2026-09-30T17:00:44.360+0900][132.089s] GC(43) Pause Remark 205M->200M(2048M) 12.699ms
[2026-09-30T17:00:44.591+0900][132.319s] GC(43) Pause Cleanup 293M->293M(2048M) 0.422ms
[2026-09-30T17:00:44.597+0900][132.325s] GC(43) Concurrent Mark Cycle 308.958ms
[2026-09-30T17:00:47.081+0900][134.810s] GC(44) Pause Young (Prepare Mixed) (G1 Evacuation Pause) 1381M->178M(2048M) 6.706ms
[2026-09-30T17:00:49.837+0900][137.566s] GC(45) Pause Young (Mixed) (G1 Evacuation Pause) 1381M->174M(2048M) 5.756ms
[2026-09-30T17:00:52.576+0900][140.304s] GC(46) Pause Young (Concurrent Start) (G1 Evacuation Pause) 1368M->184M(2048M) 6.465ms
[2026-09-30T17:00:52.576+0900][140.304s] GC(47) Concurrent Mark Cycle
[2026-09-30T17:00:52.650+0900][140.381s] GC(47) Pause Remark 228M->228M(2048M) 5.426ms
[2026-09-30T17:00:52.691+0900][140.421s] GC(47) Pause Cleanup 243M->243M(2048M) 0.368ms
[2026-09-30T17:00:52.697+0900][140.426s] GC(47) Concurrent Mark Cycle 121.597ms
[2026-09-30T17:00:55.281+0900][143.009s] GC(48) Pause Young (Prepare Mixed) (G1 Evacuation Pause) 1368M->188M(2048M) 6.478ms
[2026-09-30T17:00:58.055+0900][145.783s] GC(49) Pause Young (Mixed) (G1 Evacuation Pause) 1368M->181M(2048M) 7.395ms
[2026-09-30T17:01:00.836+0900][148.565s] GC(50) Pause Young (Concurrent Start) (G1 Evacuation Pause) 1357M->181M(2048M) 8.315ms
[2026-09-30T17:01:00.836+0900][148.565s] GC(51) Concurrent Mark Cycle
[2026-09-30T17:01:00.906+0900][148.634s] GC(51) Pause Remark 220M->220M(2048M) 3.269ms
[2026-09-30T17:01:00.944+0900][148.672s] GC(51) Pause Cleanup 234M->234M(2048M) 0.361ms
[2026-09-30T17:01:00.950+0900][148.678s] GC(51) Concurrent Mark Cycle 113.303ms
[2026-09-30T17:01:03.630+0900][151.360s] GC(52) Pause Young (Prepare Mixed) (G1 Evacuation Pause) 1356M->183M(2048M) 7.194ms
[2026-09-30T17:01:06.353+0900][154.081s] GC(53) Pause Young (Mixed) (G1 Evacuation Pause) 1356M->178M(2048M) 7.914ms
[2026-09-30T17:01:09.056+0900][156.786s] GC(54) Pause Young (Concurrent Start) (G1 Evacuation Pause) 1348M->181M(2048M) 8.031ms
[2026-09-30T17:01:09.059+0900][156.786s] GC(55) Concurrent Mark Cycle
[2026-09-30T17:01:09.128+0900][156.858s] GC(55) Pause Remark 217M->217M(2048M) 3.905ms
[2026-09-30T17:01:09.168+0900][156.896s] GC(55) Pause Cleanup 234M->234M(2048M) 0.414ms
[2026-09-30T17:01:09.174+0900][156.902s] GC(55) Concurrent Mark Cycle 116.424ms
[2026-09-30T17:01:11.721+0900][159.449s] GC(56) Pause Young (Prepare Mixed) (G1 Evacuation Pause) 1348M->187M(2048M) 8.358ms
[2026-09-30T17:01:14.393+0900][162.122s] GC(57) Pause Young (Mixed) (G1 Evacuation Pause) 1348M->183M(2048M) 9.029ms
[2026-09-30T17:01:17.002+0900][164.731s] GC(58) Pause Young (Concurrent Start) (G1 Evacuation Pause) 1341M->186M(2048M) 7.967ms
[2026-09-30T17:01:17.002+0900][164.731s] GC(59) Concurrent Mark Cycle
[2026-09-30T17:01:17.070+0900][164.799s] GC(59) Pause Remark 218M->218M(2048M) 3.754ms
[2026-09-30T17:01:17.107+0900][164.835s] GC(59) Pause Cleanup 237M->237M(2048M) 0.364ms
[2026-09-30T17:01:17.113+0900][164.841s] GC(59) Concurrent Mark Cycle 110.049ms
[2026-09-30T17:01:19.627+0900][167.356s] GC(60) Pause Young (Prepare Mixed) (G1 Evacuation Pause) 1341M->189M(2048M) 8.158ms
[2026-09-30T17:01:22.285+0900][170.013s] GC(61) Pause Young (Mixed) (G1 Evacuation Pause) 1341M->187M(2048M) 8.431ms
[2026-09-30T17:01:24.961+0900][172.690s] GC(62) Pause Young (Concurrent Start) (G1 Evacuation Pause) 1339M->190M(2048M) 8.345ms
[2026-09-30T17:01:24.961+0900][172.690s] GC(63) Concurrent Mark Cycle
[2026-09-30T17:01:25.045+0900][172.773s] GC(63) Pause Remark 214M->214M(2048M) 6.139ms
[2026-09-30T17:01:25.082+0900][172.811s] GC(63) Pause Cleanup 238M->238M(2048M) 0.406ms
[2026-09-30T17:01:25.087+0900][172.815s] GC(63) Concurrent Mark Cycle 124.577ms
[2026-09-30T17:01:27.707+0900][175.436s] GC(64) Pause Young (Prepare Mixed) (G1 Evacuation Pause) 1349M->195M(2048M) 8.037ms
[2026-09-30T17:01:30.462+0900][178.190s] GC(65) Pause Young (Mixed) (G1 Evacuation Pause) 1359M->192M(2048M) 7.892ms
[2026-09-30T17:01:33.175+0900][180.904s] GC(66) Pause Young (Concurrent Start) (G1 Evacuation Pause) 1365M->197M(2048M) 7.497ms
[2026-09-30T17:01:33.175+0900][180.904s] GC(67) Concurrent Mark Cycle
[2026-09-30T17:01:33.246+0900][180.975s] GC(67) Pause Remark 229M->229M(2048M) 3.249ms
[2026-09-30T17:01:33.283+0900][181.012s] GC(67) Pause Cleanup 246M->246M(2048M) 0.511ms
[2026-09-30T17:01:33.288+0900][181.016s] GC(67) Concurrent Mark Cycle 112.654ms
[2026-09-30T17:01:35.897+0900][183.626s] GC(68) Pause Young (Prepare Mixed) (G1 Evacuation Pause) 1376M->200M(2048M) 6.836ms
[2026-09-30T17:01:38.654+0900][186.381s] GC(69) Pause Young (Mixed) (G1 Evacuation Pause) 1381M->199M(2048M) 7.637ms
[2026-09-30T17:01:41.317+0900][189.046s] GC(70) Pause Young (Concurrent Start) (G1 Evacuation Pause) 1381M->205M(2048M) 6.812ms
[2026-09-30T17:01:41.317+0900][189.046s] GC(71) Concurrent Mark Cycle
[2026-09-30T17:01:41.401+0900][189.132s] GC(71) Pause Remark 247M->247M(2048M) 3.674ms
[2026-09-30T17:01:41.444+0900][189.172s] GC(71) Pause Cleanup 264M->264M(2048M) 0.447ms
[2026-09-30T17:01:41.453+0900][189.180s] GC(71) Concurrent Mark Cycle 134.105ms
[2026-09-30T17:01:44.032+0900][191.761s] GC(72) Pause Young (Prepare Mixed) (G1 Evacuation Pause) 1383M->208M(2048M) 7.136ms
[2026-09-30T17:01:46.766+0900][194.494s] GC(73) Pause Young (Mixed) (G1 Evacuation Pause) 1384M->205M(2048M) 7.453ms
[2026-09-30T17:01:49.589+0900][197.317s] GC(74) Pause Young (Concurrent Start) (G1 Evacuation Pause) 1383M->207M(2048M) 6.548ms
[2026-09-30T17:01:49.589+0900][197.317s] GC(75) Concurrent Mark Cycle
[2026-09-30T17:01:49.675+0900][197.404s] GC(75) Pause Remark 239M->239M(2048M) 3.723ms
[2026-09-30T17:01:49.715+0900][197.445s] GC(75) Pause Cleanup 256M->256M(2048M) 0.359ms
[2026-09-30T17:01:49.721+0900][197.450s] GC(75) Concurrent Mark Cycle 132.259ms
[2026-09-30T17:01:52.367+0900][200.096s] GC(76) Pause Young (Prepare Mixed) (G1 Evacuation Pause) 1386M->207M(2048M) 7.198ms
[2026-09-30T17:01:55.213+0900][202.941s] GC(77) Pause Young (Mixed) (G1 Evacuation Pause) 1392M->204M(2048M) 8.678ms
[2026-09-30T17:01:57.908+0900][205.637s] GC(78) Pause Young (Concurrent Start) (G1 Evacuation Pause) 1392M->205M(2048M) 7.594ms
[2026-09-30T17:01:57.908+0900][205.637s] GC(79) Concurrent Mark Cycle
[2026-09-30T17:01:57.983+0900][205.716s] GC(79) Pause Remark 246M->246M(2048M) 5.353ms
[2026-09-30T17:01:58.028+0900][205.756s] GC(79) Pause Cleanup 258M->258M(2048M) 0.361ms
[2026-09-30T17:01:58.034+0900][205.762s] GC(79) Concurrent Mark Cycle 125.343ms
[2026-09-30T17:02:00.713+0900][208.440s] GC(80) Pause Young (Prepare Mixed) (G1 Evacuation Pause) 1396M->205M(2048M) 6.610ms
[2026-09-30T17:02:03.414+0900][211.142s] GC(81) Pause Young (Mixed) (G1 Evacuation Pause) 1400M->202M(2048M) 7.820ms
[2026-09-30T17:02:06.296+0900][214.024s] GC(82) Pause Young (Concurrent Start) (G1 Evacuation Pause) 1400M->204M(2048M) 6.732ms
[2026-09-30T17:02:06.296+0900][214.024s] GC(83) Concurrent Mark Cycle
[2026-09-30T17:02:06.388+0900][214.115s] GC(83) Pause Remark 253M->253M(2048M) 5.411ms
[2026-09-30T17:02:06.428+0900][214.156s] GC(83) Pause Cleanup 270M->270M(2048M) 0.308ms
[2026-09-30T17:02:06.434+0900][214.162s] GC(83) Concurrent Mark Cycle 137.432ms
[2026-09-30T17:02:09.109+0900][216.840s] GC(84) Pause Young (Prepare Mixed) (G1 Evacuation Pause) 1403M->203M(2048M) 7.776ms
[2026-09-30T17:02:11.913+0900][219.642s] GC(85) Pause Young (Mixed) (G1 Evacuation Pause) 1406M->203M(2048M) 6.095ms
[2026-09-30T17:02:14.719+0900][222.447s] GC(86) Pause Young (Concurrent Start) (G1 Evacuation Pause) 1407M->203M(2048M) 7.161ms
[2026-09-30T17:02:14.719+0900][222.447s] GC(87) Concurrent Mark Cycle
[2026-09-30T17:02:14.805+0900][222.537s] GC(87) Pause Remark 242M->242M(2048M) 4.362ms
[2026-09-30T17:02:14.848+0900][222.577s] GC(87) Pause Cleanup 257M->257M(2048M) 0.348ms
[2026-09-30T17:02:14.855+0900][222.583s] GC(87) Concurrent Mark Cycle 135.480ms
[2026-09-30T17:02:17.572+0900][225.301s] GC(88) Pause Young (Prepare Mixed) (G1 Evacuation Pause) 1409M->202M(2048M) 6.620ms
[2026-09-30T17:02:20.319+0900][228.046s] GC(89) Pause Young (Mixed) (G1 Evacuation Pause) 1412M->201M(2048M) 7.726ms
[2026-09-30T17:02:23.115+0900][230.844s] GC(90) Pause Young (Concurrent Start) (G1 Evacuation Pause) 1414M->200M(2048M) 5.880ms
[2026-09-30T17:02:23.115+0900][230.844s] GC(91) Concurrent Mark Cycle
[2026-09-30T17:02:23.201+0900][230.929s] GC(91) Pause Remark 232M->232M(2048M) 4.026ms
[2026-09-30T17:02:23.237+0900][230.966s] GC(91) Pause Cleanup 244M->244M(2048M) 0.357ms
[2026-09-30T17:02:23.245+0900][230.973s] GC(91) Concurrent Mark Cycle 128.412ms
[2026-09-30T17:02:25.972+0900][233.700s] GC(92) Pause Young (Prepare Mixed) (G1 Evacuation Pause) 1418M->201M(2048M) 5.630ms
[2026-09-30T17:02:28.894+0900][236.622s] GC(93) Pause Young (Mixed) (G1 Evacuation Pause) 1421M->199M(2048M) 7.659ms
[2026-09-30T17:02:31.727+0900][239.456s] GC(94) Pause Young (Normal) (G1 Evacuation Pause) 1420M->199M(2048M) 6.506ms
[2026-09-30T17:02:34.660+0900][242.387s] GC(95) Pause Young (Normal) (G1 Evacuation Pause) 1421M->200M(2048M) 5.855ms
[2026-09-30T17:02:37.541+0900][245.271s] GC(96) Pause Young (Normal) (G1 Evacuation Pause) 1422M->200M(2048M) 6.648ms
[2026-09-30T17:02:40.446+0900][248.175s] GC(97) Pause Young (Normal) (G1 Evacuation Pause) 1422M->201M(2048M) 6.016ms
[2026-09-30T17:02:43.261+0900][250.991s] GC(98) Pause Young (Normal) (G1 Evacuation Pause) 1422M->202M(2048M) 6.909ms
[2026-09-30T17:02:46.183+0900][253.911s] GC(99) Pause Young (Normal) (G1 Evacuation Pause) 1423M->202M(2048M) 6.656ms
[2026-09-30T17:02:49.091+0900][256.820s] GC(100) Pause Young (Normal) (G1 Evacuation Pause) 1423M->203M(2048M) 6.980ms
[2026-09-30T17:02:52.051+0900][259.780s] GC(101) Pause Young (Normal) (G1 Evacuation Pause) 1423M->203M(2048M) 6.156ms
[2026-09-30T17:02:54.885+0900][262.613s] GC(102) Pause Young (Normal) (G1 Evacuation Pause) 1424M->203M(2048M) 5.923ms
[2026-09-30T17:02:57.700+0900][265.429s] GC(103) Pause Young (Normal) (G1 Evacuation Pause) 1424M->204M(2048M) 6.612ms
[2026-09-30T17:03:00.603+0900][268.332s] GC(104) Pause Young (Normal) (G1 Evacuation Pause) 1424M->205M(2048M) 6.980ms
[2026-09-30T17:03:03.408+0900][271.137s] GC(105) Pause Young (Normal) (G1 Evacuation Pause) 1425M->204M(2048M) 6.405ms
[2026-09-30T17:03:06.233+0900][273.961s] GC(106) Pause Young (Normal) (G1 Evacuation Pause) 1424M->207M(2048M) 7.680ms
[2026-09-30T17:03:09.014+0900][276.743s] GC(107) Pause Young (Normal) (G1 Evacuation Pause) 1425M->209M(2048M) 7.200ms
[2026-09-30T17:03:11.867+0900][279.596s] GC(108) Pause Young (Normal) (G1 Evacuation Pause) 1426M->209M(2048M) 6.397ms
[2026-09-30T17:03:14.697+0900][282.424s] GC(109) Pause Young (Normal) (G1 Evacuation Pause) 1426M->210M(2048M) 7.776ms
[2026-09-30T17:03:17.545+0900][285.274s] GC(110) Pause Young (Normal) (G1 Evacuation Pause) 1427M->212M(2048M) 7.428ms
[2026-09-30T17:03:20.350+0900][288.078s] GC(111) Pause Young (Normal) (G1 Evacuation Pause) 1427M->211M(2048M) 6.421ms
[2026-09-30T17:03:23.149+0900][290.877s] GC(112) Pause Young (Normal) (G1 Evacuation Pause) 1428M->212M(2048M) 7.674ms
[2026-09-30T17:03:25.980+0900][293.709s] GC(113) Pause Young (Normal) (G1 Evacuation Pause) 1428M->212M(2048M) 7.586ms
[2026-09-30T17:03:28.909+0900][296.638s] GC(114) Pause Young (Normal) (G1 Evacuation Pause) 1428M->213M(2048M) 6.986ms
[2026-09-30T17:03:31.786+0900][299.513s] GC(115) Pause Young (Normal) (G1 Evacuation Pause) 1429M->213M(2048M) 6.438ms
[2026-09-30T17:03:34.671+0900][302.399s] GC(116) Pause Young (Normal) (G1 Evacuation Pause) 1430M->213M(2048M) 6.761ms
