time="2026-09-30T16:59:01+09:00" level=info msg="[run] 시작 16:59:01 MODE=sync SCENARIO=fixed TAG=CAP-warmup" source=console
time="2026-09-30T17:00:01+09:00" level=info msg="[run] 종료 17:00:01 TAG=CAP-warmup" source=console
[31m     ✗ status is 200
      ↳  89% — ✓ 107253 / ✗ 12083[0m
[32m     ✓ has order id[0m

     checks[2m.........................:[0m [36m94.93%[0m [36;2m✓ 226589[0m      [36;2m✗ 12083[0m 
     data_received[2m..................:[0m [36m16 MB[0m  [36;2m264 kB/s[0m
     data_sent[2m......................:[0m [36m31 MB[0m  [36;2m522 kB/s[0m
     dropped_iterations[2m.............:[0m [36m664[0m    [36;2m11.062803/s[0m
     http_req_blocked[2m...............:[0m avg=[36m129.73µs[0m min=[36m0s[0m med=[36m0s[0m     max=[36m74.38ms[0m p(90)=[36m0s[0m       p(95)=[36m0s[0m       p(99)=[36m538.1µs[0m 
     http_req_connecting[2m............:[0m avg=[36m129.34µs[0m min=[36m0s[0m med=[36m0s[0m     max=[36m74.38ms[0m p(90)=[36m0s[0m       p(95)=[36m0s[0m       p(99)=[36m534.22µs[0m
     http_req_duration[2m..............:[0m avg=[36m39.93ms[0m  min=[36m0s[0m med=[36m3.33ms[0m max=[36m4.45s[0m   p(90)=[36m93.11ms[0m  p(95)=[36m182.86ms[0m p(99)=[36m512.59ms[0m
       { expected_response:true }[2m...:[0m avg=[36m35.14ms[0m  min=[36m0s[0m med=[36m3.18ms[0m max=[36m4.45s[0m   p(90)=[36m74ms[0m     p(95)=[36m146.98ms[0m p(99)=[36m523.69ms[0m
     http_req_failed[2m................:[0m [36m10.12%[0m [36;2m✓ 12083[0m       [36;2m✗ 107253[0m
     http_req_receiving[2m.............:[0m avg=[36m36.48µs[0m  min=[36m0s[0m med=[36m0s[0m     max=[36m76.64ms[0m p(90)=[36m0s[0m       p(95)=[36m459.6µs[0m  p(99)=[36m600.69µs[0m
     http_req_sending[2m...............:[0m avg=[36m883ns[0m    min=[36m0s[0m med=[36m0s[0m     max=[36m2ms[0m     p(90)=[36m0s[0m       p(95)=[36m0s[0m       p(99)=[36m0s[0m      
     http_req_tls_handshaking[2m.......:[0m avg=[36m0s[0m       min=[36m0s[0m med=[36m0s[0m     max=[36m0s[0m      p(90)=[36m0s[0m       p(95)=[36m0s[0m       p(99)=[36m0s[0m      
     http_req_waiting[2m...............:[0m avg=[36m39.89ms[0m  min=[36m0s[0m med=[36m3.28ms[0m max=[36m4.45s[0m   p(90)=[36m93.04ms[0m  p(95)=[36m182.83ms[0m p(99)=[36m512.49ms[0m
     http_reqs[2m......................:[0m [36m119336[0m [36;2m1988.238904/s[0m
     iteration_duration[2m.............:[0m avg=[36m40.1ms[0m   min=[36m0s[0m med=[36m3.43ms[0m max=[36m4.46s[0m   p(90)=[36m93.15ms[0m  p(95)=[36m182.94ms[0m p(99)=[36m513.91ms[0m
     iterations[2m.....................:[0m [36m119336[0m [36;2m1988.238904/s[0m
     order_accepted_duration[2m........:[0m avg=[36m35.14ms[0m  min=[36m0s[0m med=[36m3.18ms[0m max=[36m4.45s[0m   p(90)=[36m74ms[0m     p(95)=[36m146.98ms[0m p(99)=[36m523.69ms[0m
     order_rejected_duration[2m........:[0m avg=[36m82.4ms[0m   min=[36m0s[0m med=[36m41.1ms[0m max=[36m1.22s[0m   p(90)=[36m284.14ms[0m p(95)=[36m348.55ms[0m p(99)=[36m449ms[0m   
     orders_accepted[2m................:[0m [36m107253[0m [36;2m1786.925883/s[0m
     orders_rejected[2m................:[0m [36m12083[0m  [36;2m201.313021/s[0m
     vus[2m............................:[0m [36m8[0m      [36;2mmin=4[0m         [36;2mmax=502[0m 
     vus_max[2m........................:[0m [36m818[0m    [36;2mmin=502[0m       [36;2mmax=818[0m 