time="2026-09-30T10:20:18+09:00" level=info msg="[run] 시작 10:20:18 MODE=sync TAG=FLASH-sync-ff-db-bucket PROMOTION_ID=1" source=console
time="2026-09-30T10:20:18+09:00" level=info msg="[flash] 시도 10:20:48 ~ 10:22:35 (최고 초당 3000건), 관찰 끝 10:27:35" source=console
time="2026-09-30T10:27:35+09:00" level=info msg="[run] 종료 10:27:35 TAG=FLASH-sync-ff-db-bucket" source=console
     base_accepted[2m..................:[0m [36m16667[0m  [36;2m38.137455/s[0m
     base_accepted_duration[2m.........:[0m avg=[36m14.61ms[0m  min=[36m302.09µs[0m med=[36m4.23ms[0m  max=[36m2.49s[0m   p(90)=[36m5.07ms[0m   p(95)=[36m59.75ms[0m  p(99)=[36m302.67ms[0m
     base_rejected[2m..................:[0m [36m814[0m    [36;2m1.862596/s[0m
     data_received[2m..................:[0m [36m35 MB[0m  [36;2m80 kB/s[0m
     data_sent[2m......................:[0m [36m70 MB[0m  [36;2m160 kB/s[0m
     http_req_blocked[2m...............:[0m avg=[36m20.59µs[0m  min=[36m0s[0m       med=[36m0s[0m      max=[36m31.74ms[0m p(90)=[36m0s[0m       p(95)=[36m0s[0m       p(99)=[36m520.7µs[0m 
     http_req_connecting[2m............:[0m avg=[36m20.23µs[0m  min=[36m0s[0m       med=[36m0s[0m      max=[36m31.74ms[0m p(90)=[36m0s[0m       p(95)=[36m0s[0m       p(99)=[36m520.1µs[0m 
     http_req_duration[2m..............:[0m avg=[36m78ms[0m     min=[36m0s[0m       med=[36m21ms[0m    max=[36m5.76s[0m   p(90)=[36m223.09ms[0m p(95)=[36m331.06ms[0m p(99)=[36m697.97ms[0m
       { expected_response:true }[2m...:[0m avg=[36m120.3ms[0m  min=[36m302.09µs[0m med=[36m67.07ms[0m max=[36m5.76s[0m   p(90)=[36m307.1ms[0m  p(95)=[36m393.08ms[0m p(99)=[36m746.76ms[0m
     http_req_failed[2m................:[0m [36m53.32%[0m [36;2m✓ 133303[0m     [36;2m✗ 116667[0m
     http_req_receiving[2m.............:[0m avg=[36m77.24µs[0m  min=[36m0s[0m       med=[36m0s[0m      max=[36m65.43ms[0m p(90)=[36m0s[0m       p(95)=[36m515.1µs[0m  p(99)=[36m2.35ms[0m  
     http_req_sending[2m...............:[0m avg=[36m872ns[0m    min=[36m0s[0m       med=[36m0s[0m      max=[36m2.22ms[0m  p(90)=[36m0s[0m       p(95)=[36m0s[0m       p(99)=[36m0s[0m      
     http_req_tls_handshaking[2m.......:[0m avg=[36m0s[0m       min=[36m0s[0m       med=[36m0s[0m      max=[36m0s[0m      p(90)=[36m0s[0m       p(95)=[36m0s[0m       p(99)=[36m0s[0m      
     http_req_waiting[2m...............:[0m avg=[36m77.92ms[0m  min=[36m0s[0m       med=[36m20.98ms[0m max=[36m5.76s[0m   p(90)=[36m223.07ms[0m p(95)=[36m331ms[0m    p(99)=[36m697.89ms[0m
     http_reqs[2m......................:[0m [36m249970[0m [36;2m571.981736/s[0m
     iteration_duration[2m.............:[0m avg=[36m78.04ms[0m  min=[36m0s[0m       med=[36m21.06ms[0m max=[36m5.76s[0m   p(90)=[36m223.11ms[0m p(95)=[36m331.1ms[0m  p(99)=[36m698.11ms[0m
     iterations[2m.....................:[0m [36m249970[0m [36;2m571.981736/s[0m
     promo_queue_full[2m...............:[0m [36m60670[0m  [36;2m138.825187/s[0m
     promo_queue_full_duration[2m......:[0m avg=[36m82.81ms[0m  min=[36m0s[0m       med=[36m20.15ms[0m max=[36m4.84s[0m   p(90)=[36m286.08ms[0m p(95)=[36m322.62ms[0m p(99)=[36m1.19s[0m   
     promo_sold_out[2m.................:[0m [36m71819[0m  [36;2m164.336345/s[0m
     promo_sold_out_duration[2m........:[0m avg=[36m5.05ms[0m   min=[36m0s[0m       med=[36m1.03ms[0m  max=[36m4.82s[0m   p(90)=[36m1.53ms[0m   p(95)=[36m1.6ms[0m    p(99)=[36m10.52ms[0m 
     promo_success[2m..................:[0m [36m100000[0m [36;2m228.820153/s[0m
     promo_success_duration[2m.........:[0m avg=[36m137.92ms[0m min=[36m600.9µs[0m  med=[36m79.77ms[0m max=[36m5.76s[0m   p(90)=[36m324.87ms[0m p(95)=[36m411.96ms[0m p(99)=[36m789.55ms[0m
     vus[2m............................:[0m [36m1[0m      [36;2mmin=0[0m        [36;2mmax=1165[0m
     vus_max[2m........................:[0m [36m2050[0m   [36;2mmin=2050[0m     [36;2mmax=2050[0m