time="2026-09-30T10:18:52+09:00" level=info msg="[run] 시작 10:18:52 MODE=sync TAG=FLASH-warmup PROMOTION_ID=2" source=console
time="2026-09-30T10:18:52+09:00" level=info msg="[flash] 시도 10:18:57 ~ 10:19:52 (최고 초당 1000건), 관찰 끝 10:19:57" source=console
time="2026-09-30T10:19:57+09:00" level=info msg="[run] 종료 10:19:57 TAG=FLASH-warmup" source=console
     base_accepted[2m..................:[0m [36m2597[0m   [36;2m39.938941/s[0m
     base_accepted_duration[2m.........:[0m avg=[36m23.18ms[0m  min=[36m625.9µs[0m med=[36m2.46ms[0m max=[36m1.2s[0m    p(90)=[36m24.42ms[0m  p(95)=[36m76.5ms[0m   p(99)=[36m620.81ms[0m
     base_rejected[2m..................:[0m [36m4[0m      [36;2m0.061516/s[0m
     data_received[2m..................:[0m [36m7.6 MB[0m [36;2m117 kB/s[0m
     data_sent[2m......................:[0m [36m15 MB[0m  [36;2m235 kB/s[0m
     http_req_blocked[2m...............:[0m avg=[36m20.39µs[0m  min=[36m0s[0m      med=[36m0s[0m     max=[36m45.79ms[0m p(90)=[36m0s[0m       p(95)=[36m0s[0m       p(99)=[36m527µs[0m   
     http_req_connecting[2m............:[0m avg=[36m19.67µs[0m  min=[36m0s[0m      med=[36m0s[0m     max=[36m45.79ms[0m p(90)=[36m0s[0m       p(95)=[36m0s[0m       p(99)=[36m524.6µs[0m 
     http_req_duration[2m..............:[0m avg=[36m12.96ms[0m  min=[36m0s[0m      med=[36m1.1ms[0m  max=[36m1.2s[0m    p(90)=[36m27.7ms[0m   p(95)=[36m57.25ms[0m  p(99)=[36m222.02ms[0m
       { expected_response:true }[2m...:[0m avg=[36m30.11ms[0m  min=[36m625.9µs[0m med=[36m5.33ms[0m max=[36m1.2s[0m    p(90)=[36m71.45ms[0m  p(95)=[36m131.05ms[0m p(99)=[36m343.35ms[0m
     http_req_failed[2m................:[0m [36m58.98%[0m [36;2m✓ 32495[0m      [36;2m✗ 22597[0m
     http_req_receiving[2m.............:[0m avg=[36m63.53µs[0m  min=[36m0s[0m      med=[36m0s[0m     max=[36m63.21ms[0m p(90)=[36m0s[0m       p(95)=[36m509.29µs[0m p(99)=[36m891.18µs[0m
     http_req_sending[2m...............:[0m avg=[36m1.5µs[0m    min=[36m0s[0m      med=[36m0s[0m     max=[36m3.57ms[0m  p(90)=[36m0s[0m       p(95)=[36m0s[0m       p(99)=[36m0s[0m      
     http_req_tls_handshaking[2m.......:[0m avg=[36m0s[0m       min=[36m0s[0m      med=[36m0s[0m     max=[36m0s[0m      p(90)=[36m0s[0m       p(95)=[36m0s[0m       p(99)=[36m0s[0m      
     http_req_waiting[2m...............:[0m avg=[36m12.89ms[0m  min=[36m0s[0m      med=[36m1.08ms[0m max=[36m1.2s[0m    p(90)=[36m27.62ms[0m  p(95)=[36m57.18ms[0m  p(99)=[36m222.02ms[0m
     http_reqs[2m......................:[0m [36m55092[0m  [36;2m847.253035/s[0m
     iteration_duration[2m.............:[0m avg=[36m13.01ms[0m  min=[36m0s[0m      med=[36m1.13ms[0m max=[36m1.2s[0m    p(90)=[36m27.76ms[0m  p(95)=[36m57.28ms[0m  p(99)=[36m222.44ms[0m
     iterations[2m.....................:[0m [36m55092[0m  [36;2m847.253035/s[0m
     promo_queue_full[2m...............:[0m [36m58[0m     [36;2m0.891975/s[0m
     promo_queue_full_duration[2m......:[0m avg=[36m23.07ms[0m  min=[36m520µs[0m   med=[36m8.42ms[0m max=[36m151ms[0m   p(90)=[36m103.24ms[0m p(95)=[36m133.39ms[0m p(99)=[36m143.61ms[0m
     promo_sold_out[2m.................:[0m [36m32433[0m  [36;2m498.783084/s[0m
     promo_sold_out_duration[2m........:[0m avg=[36m994.61µs[0m min=[36m0s[0m      med=[36m1.02ms[0m max=[36m16.5ms[0m  p(90)=[36m1.14ms[0m   p(95)=[36m1.23ms[0m   p(99)=[36m1.69ms[0m  
     promo_success[2m..................:[0m [36m20000[0m  [36;2m307.577519/s[0m
     promo_success_duration[2m.........:[0m avg=[36m31.01ms[0m  min=[36m2.2ms[0m   med=[36m7.29ms[0m max=[36m1.05s[0m   p(90)=[36m76.1ms[0m   p(95)=[36m134.91ms[0m p(99)=[36m332.89ms[0m
     vus[2m............................:[0m [36m0[0m      [36;2mmin=0[0m        [36;2mmax=135[0m
     vus_max[2m........................:[0m [36m550[0m    [36;2mmin=550[0m      [36;2mmax=550[0m