time="2026-09-27T20:25:27+09:00" level=info msg="[run] 시작 20:25:27 MODE=async SCENARIO=fixed TAG=P2-p10-k10" source=console
time="2026-09-27T20:28:27+09:00" level=info msg="[run] 종료 20:28:27 TAG=P2-p10-k10" source=console
[31m     ✗ status is 202
      ↳  73% — ✓ 397798 / ✗ 142115[0m
[31m     ✗ has sse location
      ↳  73% — ✓ 397798 / ✗ 142115[0m

     checks[2m.........................:[0m [36m73.67%[0m [36;2m✓ 795596[0m      [36;2m✗ 284230[0m
     data_received[2m..................:[0m [36m81 MB[0m  [36;2m448 kB/s[0m
     data_sent[2m......................:[0m [36m145 MB[0m [36;2m805 kB/s[0m
     dropped_iterations[2m.............:[0m [36m86[0m     [36;2m0.477617/s[0m
     http_req_blocked[2m...............:[0m avg=[36m5.26ms[0m  min=[36m0s[0m med=[36m0s[0m      max=[36m124.02ms[0m p(90)=[36m21.46ms[0m p(95)=[36m30.41ms[0m p(99)=[36m45.53ms[0m 
     http_req_connecting[2m............:[0m avg=[36m5.26ms[0m  min=[36m0s[0m med=[36m0s[0m      max=[36m124.02ms[0m p(90)=[36m21.45ms[0m p(95)=[36m30.39ms[0m p(99)=[36m45.5ms[0m  
     http_req_duration[2m..............:[0m avg=[36m24.26ms[0m min=[36m0s[0m med=[36m21.55ms[0m max=[36m153.24ms[0m p(90)=[36m44.04ms[0m p(95)=[36m51.69ms[0m p(99)=[36m68.31ms[0m 
       { expected_response:true }[2m...:[0m avg=[36m26.54ms[0m min=[36m0s[0m med=[36m23.98ms[0m max=[36m153.24ms[0m p(90)=[36m46.29ms[0m p(95)=[36m54.15ms[0m p(99)=[36m70.57ms[0m 
     http_req_failed[2m................:[0m [36m26.32%[0m [36;2m✓ 142115[0m      [36;2m✗ 397798[0m
     http_req_receiving[2m.............:[0m avg=[36m63.91µs[0m min=[36m0s[0m med=[36m0s[0m      max=[36m50.38ms[0m  p(90)=[36m0s[0m      p(95)=[36m532.2µs[0m p(99)=[36m1.07ms[0m  
     http_req_sending[2m...............:[0m avg=[36m16.54µs[0m min=[36m0s[0m med=[36m0s[0m      max=[36m10.94ms[0m  p(90)=[36m0s[0m      p(95)=[36m0s[0m      p(99)=[36m561.48µs[0m
     http_req_tls_handshaking[2m.......:[0m avg=[36m0s[0m      min=[36m0s[0m med=[36m0s[0m      max=[36m0s[0m       p(90)=[36m0s[0m      p(95)=[36m0s[0m      p(99)=[36m0s[0m      
     http_req_waiting[2m...............:[0m avg=[36m24.18ms[0m min=[36m0s[0m med=[36m21.47ms[0m max=[36m153.24ms[0m p(90)=[36m43.97ms[0m p(95)=[36m51.59ms[0m p(99)=[36m68.25ms[0m 
     http_reqs[2m......................:[0m [36m539913[0m [36;2m2998.507481/s[0m
     iteration_duration[2m.............:[0m avg=[36m29.59ms[0m min=[36m0s[0m med=[36m25.73ms[0m max=[36m164.28ms[0m p(90)=[36m55.34ms[0m p(95)=[36m65.98ms[0m p(99)=[36m89.73ms[0m 
     iterations[2m.....................:[0m [36m539913[0m [36;2m2998.507481/s[0m
     order_accepted_duration[2m........:[0m avg=[36m26.54ms[0m min=[36m0s[0m med=[36m23.98ms[0m max=[36m153.24ms[0m p(90)=[36m46.29ms[0m p(95)=[36m54.15ms[0m p(99)=[36m70.57ms[0m 
     order_rejected_duration[2m........:[0m avg=[36m17.89ms[0m min=[36m0s[0m med=[36m15.36ms[0m max=[36m119.31ms[0m p(90)=[36m34ms[0m    p(95)=[36m41.17ms[0m p(99)=[36m56.42ms[0m 
     orders_accepted[2m................:[0m [36m397798[0m [36;2m2209.245339/s[0m
     orders_rejected[2m................:[0m [36m142115[0m [36;2m789.262142/s[0m
     vus[2m............................:[0m [36m152[0m    [36;2mmin=3[0m         [36;2mmax=218[0m 
     vus_max[2m........................:[0m [36m356[0m    [36;2mmin=300[0m       [36;2mmax=356[0m 