[32m     ✓ status is 2xx[0m

     checks[2m.........................:[0m [36m100.00%[0m [36;2m✓ 18000[0m     [36;2m✗ 0[0m    
     data_received[2m..................:[0m [36m2.3 MB[0m  [36;2m2.6 kB/s[0m
     data_sent[2m......................:[0m [36m4.2 MB[0m  [36;2m4.7 kB/s[0m
     http_req_blocked[2m...............:[0m avg=[36m10.28µs[0m min=[36m0s[0m      med=[36m0s[0m      max=[36m2ms[0m     p(90)=[36m0s[0m     p(95)=[36m0s[0m     p(99)=[36m691µs[0m   
     http_req_connecting[2m............:[0m avg=[36m9.98µs[0m  min=[36m0s[0m      med=[36m0s[0m      max=[36m1.59ms[0m  p(90)=[36m0s[0m     p(95)=[36m0s[0m     p(99)=[36m689.71µs[0m
     http_req_duration[2m..............:[0m avg=[36m3.63ms[0m  min=[36m0s[0m      med=[36m4.15ms[0m  max=[36m25.56ms[0m p(90)=[36m4.55ms[0m p(95)=[36m4.81ms[0m p(99)=[36m8.06ms[0m  
       { expected_response:true }[2m...:[0m avg=[36m3.63ms[0m  min=[36m0s[0m      med=[36m4.15ms[0m  max=[36m25.56ms[0m p(90)=[36m4.55ms[0m p(95)=[36m4.81ms[0m p(99)=[36m8.06ms[0m  
     http_req_failed[2m................:[0m [36m0.00%[0m   [36;2m✓ 0[0m         [36;2m✗ 18000[0m
     http_req_receiving[2m.............:[0m avg=[36m2.09ms[0m  min=[36m0s[0m      med=[36m2.75ms[0m  max=[36m10.03ms[0m p(90)=[36m3.73ms[0m p(95)=[36m3.87ms[0m p(99)=[36m6.87ms[0m  
     http_req_sending[2m...............:[0m avg=[36m369ns[0m   min=[36m0s[0m      med=[36m0s[0m      max=[36m696µs[0m   p(90)=[36m0s[0m     p(95)=[36m0s[0m     p(99)=[36m0s[0m      
     http_req_tls_handshaking[2m.......:[0m avg=[36m0s[0m      min=[36m0s[0m      med=[36m0s[0m      max=[36m0s[0m      p(90)=[36m0s[0m     p(95)=[36m0s[0m     p(99)=[36m0s[0m      
     http_req_waiting[2m...............:[0m avg=[36m1.53ms[0m  min=[36m0s[0m      med=[36m755.1µs[0m max=[36m21.3ms[0m  p(90)=[36m3.67ms[0m p(95)=[36m4.17ms[0m p(99)=[36m6.01ms[0m  
     http_reqs[2m......................:[0m [36m18000[0m   [36;2m19.999989/s[0m
     iteration_duration[2m.............:[0m avg=[36m3.69ms[0m  min=[36m333.3µs[0m med=[36m4.16ms[0m  max=[36m25.56ms[0m p(90)=[36m4.57ms[0m p(95)=[36m4.91ms[0m p(99)=[36m8.08ms[0m  
     iterations[2m.....................:[0m [36m18000[0m   [36;2m19.999989/s[0m
     reviews_created[2m................:[0m [36m18000[0m   [36;2m19.999989/s[0m
     reviews_success_duration[2m.......:[0m avg=[36m3.63ms[0m  min=[36m0s[0m      med=[36m4.15ms[0m  max=[36m25.56ms[0m p(90)=[36m4.55ms[0m p(95)=[36m4.81ms[0m p(99)=[36m8.06ms[0m  
     vus[2m............................:[0m [36m0[0m       [36;2mmin=0[0m       [36;2mmax=0[0m  
     vus_max[2m........................:[0m [36m100[0m     [36;2mmin=100[0m     [36;2mmax=100[0m