[32m     ✓ status is 2xx[0m

     checks[2m.........................:[0m [36m100.00%[0m [36;2m✓ 12001[0m      [36;2m✗ 0[0m    
     data_received[2m..................:[0m [36m1.6 MB[0m  [36;2m26 kB/s[0m
     data_sent[2m......................:[0m [36m2.8 MB[0m  [36;2m47 kB/s[0m
     http_req_blocked[2m...............:[0m avg=[36m37.86µs[0m min=[36m0s[0m      med=[36m0s[0m       max=[36m43.78ms[0m  p(90)=[36m0s[0m     p(95)=[36m0s[0m     p(99)=[36m622.6µs[0m
     http_req_connecting[2m............:[0m avg=[36m37.37µs[0m min=[36m0s[0m      med=[36m0s[0m       max=[36m40.93ms[0m  p(90)=[36m0s[0m     p(95)=[36m0s[0m     p(99)=[36m621.6µs[0m
     http_req_duration[2m..............:[0m avg=[36m4.79ms[0m  min=[36m465.5µs[0m med=[36m3.17ms[0m   max=[36m439.22ms[0m p(90)=[36m4.12ms[0m p(95)=[36m5.17ms[0m p(99)=[36m12.92ms[0m
       { expected_response:true }[2m...:[0m avg=[36m4.79ms[0m  min=[36m465.5µs[0m med=[36m3.17ms[0m   max=[36m439.22ms[0m p(90)=[36m4.12ms[0m p(95)=[36m5.17ms[0m p(99)=[36m12.92ms[0m
     http_req_failed[2m................:[0m [36m0.00%[0m   [36;2m✓ 0[0m          [36;2m✗ 12001[0m
     http_req_receiving[2m.............:[0m avg=[36m1.54ms[0m  min=[36m0s[0m      med=[36m2.01ms[0m   max=[36m4.8ms[0m    p(90)=[36m3.01ms[0m p(95)=[36m3.2ms[0m  p(99)=[36m3.51ms[0m 
     http_req_sending[2m...............:[0m avg=[36m691ns[0m   min=[36m0s[0m      med=[36m0s[0m       max=[36m2.85ms[0m   p(90)=[36m0s[0m     p(95)=[36m0s[0m     p(99)=[36m0s[0m     
     http_req_tls_handshaking[2m.......:[0m avg=[36m0s[0m      min=[36m0s[0m      med=[36m0s[0m       max=[36m0s[0m       p(90)=[36m0s[0m     p(95)=[36m0s[0m     p(99)=[36m0s[0m     
     http_req_waiting[2m...............:[0m avg=[36m3.25ms[0m  min=[36m300.2µs[0m med=[36m636.19µs[0m max=[36m438.01ms[0m p(90)=[36m3.66ms[0m p(95)=[36m5.02ms[0m p(99)=[36m12.07ms[0m
     http_reqs[2m......................:[0m [36m12001[0m   [36;2m200.004815/s[0m
     iteration_duration[2m.............:[0m avg=[36m4.92ms[0m  min=[36m465.5µs[0m med=[36m3.22ms[0m   max=[36m440.25ms[0m p(90)=[36m4.18ms[0m p(95)=[36m5.21ms[0m p(99)=[36m13.39ms[0m
     iterations[2m.....................:[0m [36m12001[0m   [36;2m200.004815/s[0m
     reviews_created[2m................:[0m [36m12001[0m   [36;2m200.004815/s[0m
     reviews_success_duration[2m.......:[0m avg=[36m4.79ms[0m  min=[36m465.5µs[0m med=[36m3.17ms[0m   max=[36m439.22ms[0m p(90)=[36m4.12ms[0m p(95)=[36m5.17ms[0m p(99)=[36m12.92ms[0m
     vus[2m............................:[0m [36m0[0m       [36;2mmin=0[0m        [36;2mmax=2[0m  
     vus_max[2m........................:[0m [36m100[0m     [36;2mmin=100[0m      [36;2mmax=100[0m