[09:26:40] === S 시리즈 s 시작: 회차 13개 (20:async 20:sync 20:syncff 10:async 10:sync 20:sync 20:syncff 20:async 10:sync 10:async 20:syncff 20:async 20:sync), 휴식 900초 ===
노트북 CPU 기록 시작 pid=4080 rc=0
[09:26:44] [1/13 20만 명 async] 전 휴식 896초 (끝 09:41:40)
[09:27:53] === 사용자 요청으로 1회차 전 휴식 중에 중단(부하 없음) ===
노트북 CPU 기록 종료 pid=4080
[09:27:57] 노트북 CPU 기록 → benchmark/results/2026-09-29-S/laptop-cpu-s.csv
[09:54:22] === S 시리즈 s 시작: 회차 13개 (20:async 20:sync 20:syncff 10:async 10:sync 20:sync 20:syncff 20:async 10:sync 10:async 20:syncff 20:async 20:sync), 휴식 900초 ===
노트북 CPU 기록 시작 pid=11712 rc=0
[09:54:27] 전원 상태 [1회차 기동 전] = 2 100 (첫 값 2 = 충전기)
서버 기동 요청 P=20  rc=0 pid=16156
[09:54:38] 서버 준비 완료 (풀 20.0, 3회 확인)
서버 커넥션 풀 = 20.0 (기대 20), insert 워커 = 20.0 (기대 20), 비동기 대기 자리 = 70000.0 (기대 70000), 동기 처리 자리 = 없음 (syncff만 120)
[1/1 09:54:55] 부하 전 노트북 CPU 평균 = 0.016 (기준 0.15 미만) / 데스크톱 = 16.2% (기준 30% 미만)
워밍업 종료 09:55:56 exit=0
워밍업 k6 연결 실패 1건
큐 소진 (queued=0.0 active=0.0, 2초 이내)
reviews	orders	order_menus	stats_not_zero
0	0	0	0
[09:55:58] 전원 상태 [1회차 측정 전] = 2 100 (첫 값 2 = 충전기)
서버 커넥션 풀 = 20.0 (기대 20), insert 워커 = 20.0 (기대 20), 비동기 대기 자리 = 70000.0 (기대 70000), 동기 처리 자리 = 없음 (syncff만 120)
[1/8 09:56:15] 부하 전 노트북 CPU 평균 = 0.186 (기준 0.15 미만) / 데스크톱 = 10.2% (기준 30% 미만)
[2/8 09:56:31] 부하 전 노트북 CPU 평균 = 0.022 (기준 0.15 미만) / 데스크톱 = 8.9% (기준 30% 미만)
측정 종료 10:04:37 exit=0
측정 k6 연결 실패 0건 (과부하 방식에서는 결과의 일부일 수 있음 — 데스크톱 CPU로 부하기 문제와 구분)
[spike] 절대값, 평상시 40/s, 스파이크 3373/s
[spike] base  09:56:31 ~ 09:58:31
[spike] spike 09:58:31 ~ 09:59:36
[spike] after 09:59:36 ~ 10:04:36
[spike] 저장 완료 판정 구간(스파이크 시작 ~ 끝+90초): hist_window.py ... --from 09:58:31 --to 10:01:06 --slo 30
큐 소진 (queued=0.0 active=0.0, 2초 이내)
측정 중 데스크톱 CPU 평균 14.0% / 최대 38.7% / 80% 이상 최장 연속 0표본 → 통과
[10:05:12] DB 주문 수(측정분) = 219324
[10:05:13] 전원 상태 [1회차 측정 후] = 2 100 (첫 값 2 = 충전기)
서버 종료 pid=2848
서버 종료 pid=7432
== 01-s20-async (async)  스파이크 09:58:31 ~ 09:59:36
  base  접수    4,798 거절       0 실패      0 | 성공 p95 1.8 p99 2.3 max 32.4ms | 거절 p95 0.0ms
  spike 접수  202,525 거절       0 실패      0 | 성공 p95 20.8 p99 84.2 max 271.8ms | 거절 p95 0.0ms
  after 접수   12,001 거절       0 실패      0 | 성공 p95 1.8 p99 3.8 max 31.8ms | 거절 p95 0.0ms
  k6가 보내지 못한 요청(dropped) 55건, VU 최대 340
  큐 최대 28,274 (09:59:32), 다시 0이 된 시각 09:59:45 | 커넥션 대기 최대 0 | Tomcat 바쁜 스레드 최대 6 | Tomcat 연결 최대 342 | 폴링 86회
  대조: k6 거절 0 / 서버 거절 0 (일치), k6 접수 219,324 / DB 219324 − 저장 실패 0 (일치), 커넥션 대기 시간 초과 0
  저장 완료(스파이크 시작 ~ 끝+90초): 완료 건수: 206445 | p50 (보간 추정): 5.03 s | p95 (보간 추정): 9.50 s | p99 (보간 추정): 9.90 s | 30초 이하 비율: 100.000% (정확값) → p99 ≤ 30초 충족
  데스크톱 CPU 평균 14.0% / 최대 38.7%
[10:05:17] 회차 완료 1/13 (20만 명 async)
[10:05:17] [2/13 20만 명 sync] 전 휴식 894초 (끝 10:20:11)
[10:06:17] === 1회차 뒤 중단: 주문 트랜잭션의 격리 수준 지정(READ_COMMITTED)을 빼고 격리 수준 비교부터 한다. 1회차는 변경 전 코드(참고용) ===
노트북 CPU 기록 종료 pid=11712
[10:06:21] 노트북 CPU 기록 → benchmark/results/2026-09-29-S/laptop-cpu-s.csv
