time="2026-09-27T22:23:15+09:00" level=info msg="[run] 시작 22:23:15 MODE=async SCENARIO=fixed TAG=P2-p20-k20" source=console
time="2026-09-27T22:26:17+09:00" level=info msg="[run] 종료 22:26:17 TAG=P2-p20-k20" source=console
[31m     ✗ status is 202
      ↳  85% — ✓ 504692 / ✗ 88390[0m
[31m     ✗ has sse location
      ↳  85% — ✓ 504692 / ✗ 88390[0m

     checks[2m.........................:[0m [36m85.09%[0m [36;2m✓ 1009384[0m     [36;2m✗ 176780[0m
     data_received[2m..................:[0m [36m86 MB[0m  [36;2m474 kB/s[0m
     data_sent[2m......................:[0m [36m159 MB[0m [36;2m879 kB/s[0m
     dropped_iterations[2m.............:[0m [36m919[0m    [36;2m5.070486/s[0m
     http_req_blocked[2m...............:[0m avg=[36m11.17ms[0m  min=[36m0s[0m med=[36m0s[0m      max=[36m7.05s[0m    p(90)=[36m13.97ms[0m  p(95)=[36m24.31ms[0m  p(99)=[36m133.82ms[0m
     http_req_connecting[2m............:[0m avg=[36m11.16ms[0m  min=[36m0s[0m med=[36m0s[0m      max=[36m7.05s[0m    p(90)=[36m13.93ms[0m  p(95)=[36m24.26ms[0m  p(99)=[36m133.77ms[0m
     http_req_duration[2m..............:[0m avg=[36m48.68ms[0m  min=[36m0s[0m med=[36m22.46ms[0m max=[36m3.6s[0m     p(90)=[36m125.33ms[0m p(95)=[36m245.48ms[0m p(99)=[36m372.96ms[0m
       { expected_response:true }[2m...:[0m avg=[36m48.39ms[0m  min=[36m0s[0m med=[36m23.18ms[0m max=[36m3s[0m       p(90)=[36m123.18ms[0m p(95)=[36m206.28ms[0m p(99)=[36m360.2ms[0m 
     http_req_failed[2m................:[0m [36m14.90%[0m [36;2m✓ 88390[0m       [36;2m✗ 504692[0m
     http_req_receiving[2m.............:[0m avg=[36m112.09µs[0m min=[36m0s[0m med=[36m0s[0m      max=[36m178.89ms[0m p(90)=[36m0s[0m       p(95)=[36m535.69µs[0m p(99)=[36m1.79ms[0m  
     http_req_sending[2m...............:[0m avg=[36m40.87µs[0m  min=[36m0s[0m med=[36m0s[0m      max=[36m148.2ms[0m  p(90)=[36m0s[0m       p(95)=[36m0s[0m       p(99)=[36m995.14µs[0m
     http_req_tls_handshaking[2m.......:[0m avg=[36m0s[0m       min=[36m0s[0m med=[36m0s[0m      max=[36m0s[0m       p(90)=[36m0s[0m       p(95)=[36m0s[0m       p(99)=[36m0s[0m      
     http_req_waiting[2m...............:[0m avg=[36m48.52ms[0m  min=[36m0s[0m med=[36m22.36ms[0m max=[36m3.6s[0m     p(90)=[36m125.04ms[0m p(95)=[36m245.14ms[0m p(99)=[36m371.87ms[0m
     http_reqs[2m......................:[0m [36m593082[0m [36;2m3272.267377/s[0m
     iteration_duration[2m.............:[0m avg=[36m59.96ms[0m  min=[36m0s[0m med=[36m24.68ms[0m max=[36m7.07s[0m    p(90)=[36m139.29ms[0m p(95)=[36m264.73ms[0m p(99)=[36m613.52ms[0m
     iterations[2m.....................:[0m [36m593082[0m [36;2m3272.267377/s[0m
     order_accepted_duration[2m........:[0m avg=[36m48.39ms[0m  min=[36m0s[0m med=[36m23.18ms[0m max=[36m3s[0m       p(90)=[36m123.18ms[0m p(95)=[36m206.28ms[0m p(99)=[36m360.2ms[0m 
     order_rejected_duration[2m........:[0m avg=[36m50.32ms[0m  min=[36m0s[0m med=[36m17.9ms[0m  max=[36m3.6s[0m     p(90)=[36m143.68ms[0m p(95)=[36m269.78ms[0m p(99)=[36m471.69ms[0m
     orders_accepted[2m................:[0m [36m504692[0m [36;2m2784.584876/s[0m
     orders_rejected[2m................:[0m [36m88390[0m  [36;2m487.682502/s[0m
     vus[2m............................:[0m [36m24[0m     [36;2mmin=7[0m         [36;2mmax=720[0m 
     vus_max[2m........................:[0m [36m756[0m    [36;2mmin=340[0m       [36;2mmax=756[0m 