time="2026-09-27T17:02:35+09:00" level=info msg="[run] 시작 17:02:35 MODE=async SCENARIO=fixed TAG=P2-p15-k15" source=console
time="2026-09-27T17:05:35+09:00" level=info msg="[run] 종료 17:05:35 TAG=P2-p15-k15" source=console
[31m     ✗ status is 202
      ↳  97% — ✓ 472873 / ✗ 12756[0m
[31m     ✗ has sse location
      ↳  97% — ✓ 472873 / ✗ 12756[0m

     checks[2m.........................:[0m [36m97.37%[0m [36;2m✓ 945746[0m      [36;2m✗ 25512[0m 
     data_received[2m..................:[0m [36m68 MB[0m  [36;2m378 kB/s[0m
     data_sent[2m......................:[0m [36m130 MB[0m [36;2m724 kB/s[0m
     dropped_iterations[2m.............:[0m [36m403[0m    [36;2m2.238073/s[0m
     http_req_blocked[2m...............:[0m avg=[36m590.24µs[0m min=[36m0s[0m med=[36m0s[0m     max=[36m219.69ms[0m p(90)=[36m0s[0m      p(95)=[36m0s[0m      p(99)=[36m20.3ms[0m  
     http_req_connecting[2m............:[0m avg=[36m589.26µs[0m min=[36m0s[0m med=[36m0s[0m     max=[36m219.69ms[0m p(90)=[36m0s[0m      p(95)=[36m0s[0m      p(99)=[36m20.29ms[0m 
     http_req_duration[2m..............:[0m avg=[36m13.93ms[0m  min=[36m0s[0m med=[36m9.08ms[0m max=[36m251.91ms[0m p(90)=[36m31.75ms[0m p(95)=[36m40.72ms[0m p(99)=[36m59.3ms[0m  
       { expected_response:true }[2m...:[0m avg=[36m13.88ms[0m  min=[36m0s[0m med=[36m9.06ms[0m max=[36m251.91ms[0m p(90)=[36m31.69ms[0m p(95)=[36m40.57ms[0m p(99)=[36m58.03ms[0m 
     http_req_failed[2m................:[0m [36m2.62%[0m  [36;2m✓ 12756[0m       [36;2m✗ 472873[0m
     http_req_receiving[2m.............:[0m avg=[36m24.65µs[0m  min=[36m0s[0m med=[36m0s[0m     max=[36m12.9ms[0m   p(90)=[36m0s[0m      p(95)=[36m0s[0m      p(99)=[36m594.09µs[0m
     http_req_sending[2m...............:[0m avg=[36m3.37µs[0m   min=[36m0s[0m med=[36m0s[0m     max=[36m15.59ms[0m  p(90)=[36m0s[0m      p(95)=[36m0s[0m      p(99)=[36m0s[0m      
     http_req_tls_handshaking[2m.......:[0m avg=[36m0s[0m       min=[36m0s[0m med=[36m0s[0m     max=[36m0s[0m       p(90)=[36m0s[0m      p(95)=[36m0s[0m      p(99)=[36m0s[0m      
     http_req_waiting[2m...............:[0m avg=[36m13.91ms[0m  min=[36m0s[0m med=[36m9.05ms[0m max=[36m251.91ms[0m p(90)=[36m31.71ms[0m p(95)=[36m40.68ms[0m p(99)=[36m59.25ms[0m 
     http_reqs[2m......................:[0m [36m485629[0m [36;2m2696.955986/s[0m
     iteration_duration[2m.............:[0m avg=[36m14.59ms[0m  min=[36m0s[0m med=[36m9.22ms[0m max=[36m398.22ms[0m p(90)=[36m33.1ms[0m  p(95)=[36m42.64ms[0m p(99)=[36m66.12ms[0m 
     iterations[2m.....................:[0m [36m485629[0m [36;2m2696.955986/s[0m
     order_accepted_duration[2m........:[0m avg=[36m13.88ms[0m  min=[36m0s[0m med=[36m9.06ms[0m max=[36m251.91ms[0m p(90)=[36m31.69ms[0m p(95)=[36m40.57ms[0m p(99)=[36m58.03ms[0m 
     order_rejected_duration[2m........:[0m avg=[36m15.96ms[0m  min=[36m0s[0m med=[36m9.62ms[0m max=[36m171.32ms[0m p(90)=[36m34.33ms[0m p(95)=[36m53.42ms[0m p(99)=[36m124.77ms[0m
     orders_accepted[2m................:[0m [36m472873[0m [36;2m2626.115137/s[0m
     orders_rejected[2m................:[0m [36m12756[0m  [36;2m70.840849/s[0m
     vus[2m............................:[0m [36m151[0m    [36;2mmin=2[0m         [36;2mmax=357[0m 
     vus_max[2m........................:[0m [36m512[0m    [36;2mmin=358[0m       [36;2mmax=512[0m 