time="2026-09-27T17:00:59+09:00" level=info msg="[run] 시작 17:00:59 MODE=async SCENARIO=fixed TAG=P2-p15-k15-warmup" source=console
time="2026-09-27T17:01:59+09:00" level=info msg="[run] 종료 17:01:59 TAG=P2-p15-k15-warmup" source=console
[31m     ✗ status is 202
      ↳  82% — ✓ 131618 / ✗ 27507[0m
[31m     ✗ has sse location
      ↳  82% — ✓ 131618 / ✗ 27507[0m

     checks[2m.........................:[0m [36m82.71%[0m [36;2m✓ 263236[0m      [36;2m✗ 55014[0m 
     data_received[2m..................:[0m [36m23 MB[0m  [36;2m386 kB/s[0m
     data_sent[2m......................:[0m [36m43 MB[0m  [36;2m712 kB/s[0m
     dropped_iterations[2m.............:[0m [36m2874[0m   [36;2m47.87891/s[0m
     http_req_blocked[2m...............:[0m avg=[36m24.65ms[0m  min=[36m0s[0m med=[36m0s[0m      max=[36m3.21s[0m    p(90)=[36m34.76ms[0m  p(95)=[36m130.56ms[0m p(99)=[36m404.7ms[0m 
     http_req_connecting[2m............:[0m avg=[36m24.61ms[0m  min=[36m0s[0m med=[36m0s[0m      max=[36m3.21s[0m    p(90)=[36m34.54ms[0m  p(95)=[36m130.29ms[0m p(99)=[36m404.7ms[0m 
     http_req_duration[2m..............:[0m avg=[36m43.59ms[0m  min=[36m0s[0m med=[36m12.68ms[0m max=[36m721.4ms[0m  p(90)=[36m108.52ms[0m p(95)=[36m224.92ms[0m p(99)=[36m456.85ms[0m
       { expected_response:true }[2m...:[0m avg=[36m27.18ms[0m  min=[36m0s[0m med=[36m10.04ms[0m max=[36m721.4ms[0m  p(90)=[36m40.86ms[0m  p(95)=[36m91.1ms[0m   p(99)=[36m408.01ms[0m
     http_req_failed[2m................:[0m [36m17.28%[0m [36;2m✓ 27507[0m       [36;2m✗ 131618[0m
     http_req_receiving[2m.............:[0m avg=[36m224.89µs[0m min=[36m0s[0m med=[36m0s[0m      max=[36m59.71ms[0m  p(90)=[36m511.49µs[0m p(95)=[36m1.09ms[0m   p(99)=[36m4.54ms[0m  
     http_req_sending[2m...............:[0m avg=[36m88.23µs[0m  min=[36m0s[0m med=[36m0s[0m      max=[36m140.67ms[0m p(90)=[36m0s[0m       p(95)=[36m0s[0m       p(99)=[36m2.09ms[0m  
     http_req_tls_handshaking[2m.......:[0m avg=[36m0s[0m       min=[36m0s[0m med=[36m0s[0m      max=[36m0s[0m       p(90)=[36m0s[0m       p(95)=[36m0s[0m       p(99)=[36m0s[0m      
     http_req_waiting[2m...............:[0m avg=[36m43.28ms[0m  min=[36m0s[0m med=[36m12.61ms[0m max=[36m721.4ms[0m  p(90)=[36m106.42ms[0m p(95)=[36m223.92ms[0m p(99)=[36m455.91ms[0m
     http_reqs[2m......................:[0m [36m159125[0m [36;2m2650.915623/s[0m
     iteration_duration[2m.............:[0m avg=[36m68.35ms[0m  min=[36m0s[0m med=[36m13.23ms[0m max=[36m3.36s[0m    p(90)=[36m157.42ms[0m p(95)=[36m367.17ms[0m p(99)=[36m862.08ms[0m
     iterations[2m.....................:[0m [36m159125[0m [36;2m2650.915623/s[0m
     order_accepted_duration[2m........:[0m avg=[36m27.18ms[0m  min=[36m0s[0m med=[36m10.04ms[0m max=[36m721.4ms[0m  p(90)=[36m40.86ms[0m  p(95)=[36m91.1ms[0m   p(99)=[36m408.01ms[0m
     order_rejected_duration[2m........:[0m avg=[36m122.14ms[0m min=[36m0s[0m med=[36m70.63ms[0m max=[36m680.12ms[0m p(90)=[36m360.57ms[0m p(95)=[36m426ms[0m    p(99)=[36m543.54ms[0m
     orders_accepted[2m................:[0m [36m131618[0m [36;2m2192.667478/s[0m
     orders_rejected[2m................:[0m [36m27507[0m  [36;2m458.248145/s[0m
     vus[2m............................:[0m [36m7[0m      [36;2mmin=3[0m         [36;2mmax=1527[0m
     vus_max[2m........................:[0m [36m1703[0m   [36;2mmin=383[0m       [36;2mmax=1703[0m