time="2026-09-30T08:41:06+09:00" level=info msg="[run] 시작 08:41:06 MODE=sync TAG=FLASH-warmup PROMOTION_ID=2" source=console
time="2026-09-30T08:41:06+09:00" level=info msg="[flash] 시도 08:41:11 ~ 08:42:06 (최고 초당 1000건), 관찰 끝 08:42:11" source=console
time="2026-09-30T08:42:11+09:00" level=info msg="[run] 종료 08:42:11 TAG=FLASH-warmup" source=console
     base_accepted[2m..................:[0m [36m2601[0m   [36;2m39.999972/s[0m
     base_accepted_duration[2m.........:[0m avg=[36m16.55ms[0m  min=[36m410.4µs[0m med=[36m2.68ms[0m  max=[36m1.18s[0m    p(90)=[36m9.67ms[0m  p(95)=[36m20.93ms[0m p(99)=[36m564.3ms[0m 
     data_received[2m..................:[0m [36m7.6 MB[0m [36;2m117 kB/s[0m
     data_sent[2m......................:[0m [36m15 MB[0m  [36;2m235 kB/s[0m
     http_req_blocked[2m...............:[0m avg=[36m17.52µs[0m  min=[36m0s[0m      med=[36m0s[0m      max=[36m64.53ms[0m  p(90)=[36m0s[0m      p(95)=[36m0s[0m      p(99)=[36m518.5µs[0m 
     http_req_connecting[2m............:[0m avg=[36m17.02µs[0m  min=[36m0s[0m      med=[36m0s[0m      max=[36m64.53ms[0m  p(90)=[36m0s[0m      p(95)=[36m0s[0m      p(99)=[36m517.59µs[0m
     http_req_duration[2m..............:[0m avg=[36m4.29ms[0m   min=[36m0s[0m      med=[36m526.1µs[0m max=[36m1.18s[0m    p(90)=[36m8.34ms[0m  p(95)=[36m15.49ms[0m p(99)=[36m52.58ms[0m 
       { expected_response:true }[2m...:[0m avg=[36m9.77ms[0m   min=[36m410.4µs[0m med=[36m3.43ms[0m  max=[36m1.18s[0m    p(90)=[36m18.14ms[0m p(95)=[36m32.69ms[0m p(99)=[36m80.79ms[0m 
     http_req_failed[2m................:[0m [36m58.97%[0m [36;2m✓ 32490[0m      [36;2m✗ 22601[0m
     http_req_receiving[2m.............:[0m avg=[36m75.88µs[0m  min=[36m0s[0m      med=[36m0s[0m      max=[36m19.29ms[0m  p(90)=[36m506.1µs[0m p(95)=[36m518.5µs[0m p(99)=[36m762.82µs[0m
     http_req_sending[2m...............:[0m avg=[36m1.42µs[0m   min=[36m0s[0m      med=[36m0s[0m      max=[36m15.78ms[0m  p(90)=[36m0s[0m      p(95)=[36m0s[0m      p(99)=[36m0s[0m      
     http_req_tls_handshaking[2m.......:[0m avg=[36m0s[0m       min=[36m0s[0m      med=[36m0s[0m      max=[36m0s[0m       p(90)=[36m0s[0m      p(95)=[36m0s[0m      p(99)=[36m0s[0m      
     http_req_waiting[2m...............:[0m avg=[36m4.21ms[0m   min=[36m0s[0m      med=[36m523.7µs[0m max=[36m1.18s[0m    p(90)=[36m8.24ms[0m  p(95)=[36m15.43ms[0m p(99)=[36m52.58ms[0m 
     http_reqs[2m......................:[0m [36m55091[0m  [36;2m847.227406/s[0m
     iteration_duration[2m.............:[0m avg=[36m4.35ms[0m   min=[36m0s[0m      med=[36m531.9µs[0m max=[36m1.18s[0m    p(90)=[36m8.45ms[0m  p(95)=[36m15.55ms[0m p(99)=[36m52.62ms[0m 
     iterations[2m.....................:[0m [36m55091[0m  [36;2m847.227406/s[0m
     promo_sold_out[2m.................:[0m [36m32490[0m  [36;2m499.653635/s[0m
     promo_sold_out_duration[2m........:[0m avg=[36m477.79µs[0m min=[36m0s[0m      med=[36m512.4µs[0m max=[36m35.98ms[0m  p(90)=[36m542.4µs[0m p(95)=[36m606.5µs[0m p(99)=[36m1.02ms[0m  
     promo_success[2m..................:[0m [36m20000[0m  [36;2m307.573798/s[0m
     promo_success_duration[2m.........:[0m avg=[36m8.88ms[0m   min=[36m505.4µs[0m med=[36m3.84ms[0m  max=[36m269.23ms[0m p(90)=[36m19.12ms[0m p(95)=[36m33.58ms[0m p(99)=[36m77.09ms[0m 
     vus[2m............................:[0m [36m0[0m      [36;2mmin=0[0m        [36;2mmax=65[0m 
     vus_max[2m........................:[0m [36m550[0m    [36;2mmin=550[0m      [36;2mmax=550[0m