time="2026-09-27T15:39:53+09:00" level=info msg="[run] 시작 15:39:53 MODE=async SCENARIO=fixed TAG=P2-p10-k8" source=console
time="2026-09-27T15:42:53+09:00" level=info msg="[run] 종료 15:42:53 TAG=P2-p10-k8" source=console
[31m     ✗ status is 202
      ↳  80% — ✓ 391133 / ✗ 94869[0m
[31m     ✗ has sse location
      ↳  80% — ✓ 391133 / ✗ 94869[0m

     checks[2m.........................:[0m [36m80.47%[0m [36;2m✓ 782266[0m      [36;2m✗ 189738[0m
     data_received[2m..................:[0m [36m71 MB[0m  [36;2m396 kB/s[0m
     data_sent[2m......................:[0m [36m131 MB[0m [36;2m725 kB/s[0m
     http_req_blocked[2m...............:[0m avg=[36m2.09ms[0m  min=[36m0s[0m med=[36m0s[0m      max=[36m64.4ms[0m   p(90)=[36m9.05ms[0m  p(95)=[36m13.23ms[0m p(99)=[36m22.72ms[0m 
     http_req_connecting[2m............:[0m avg=[36m2.09ms[0m  min=[36m0s[0m med=[36m0s[0m      max=[36m64.4ms[0m   p(90)=[36m9.03ms[0m  p(95)=[36m13.21ms[0m p(99)=[36m22.7ms[0m  
     http_req_duration[2m..............:[0m avg=[36m12.25ms[0m min=[36m0s[0m med=[36m10.71ms[0m max=[36m89.71ms[0m  p(90)=[36m20.88ms[0m p(95)=[36m25.24ms[0m p(99)=[36m36.33ms[0m 
       { expected_response:true }[2m...:[0m avg=[36m12.81ms[0m min=[36m0s[0m med=[36m11.28ms[0m max=[36m73.23ms[0m  p(90)=[36m21.49ms[0m p(95)=[36m25.84ms[0m p(99)=[36m36.85ms[0m 
     http_req_failed[2m................:[0m [36m19.52%[0m [36;2m✓ 94869[0m       [36;2m✗ 391133[0m
     http_req_receiving[2m.............:[0m avg=[36m30.59µs[0m min=[36m0s[0m med=[36m0s[0m      max=[36m17.05ms[0m  p(90)=[36m0s[0m      p(95)=[36m0s[0m      p(99)=[36m587.79µs[0m
     http_req_sending[2m...............:[0m avg=[36m8.39µs[0m  min=[36m0s[0m med=[36m0s[0m      max=[36m12.54ms[0m  p(90)=[36m0s[0m      p(95)=[36m0s[0m      p(99)=[36m512µs[0m   
     http_req_tls_handshaking[2m.......:[0m avg=[36m0s[0m      min=[36m0s[0m med=[36m0s[0m      max=[36m0s[0m       p(90)=[36m0s[0m      p(95)=[36m0s[0m      p(99)=[36m0s[0m      
     http_req_waiting[2m...............:[0m avg=[36m12.21ms[0m min=[36m0s[0m med=[36m10.67ms[0m max=[36m89.71ms[0m  p(90)=[36m20.84ms[0m p(95)=[36m25.19ms[0m p(99)=[36m36.27ms[0m 
     http_reqs[2m......................:[0m [36m486002[0m [36;2m2699.549418/s[0m
     iteration_duration[2m.............:[0m avg=[36m14.41ms[0m min=[36m0s[0m med=[36m12.21ms[0m max=[36m103.93ms[0m p(90)=[36m25.82ms[0m p(95)=[36m31.81ms[0m p(99)=[36m46.09ms[0m 
     iterations[2m.....................:[0m [36m486002[0m [36;2m2699.549418/s[0m
     order_accepted_duration[2m........:[0m avg=[36m12.81ms[0m min=[36m0s[0m med=[36m11.28ms[0m max=[36m73.23ms[0m  p(90)=[36m21.49ms[0m p(95)=[36m25.84ms[0m p(99)=[36m36.85ms[0m 
     order_rejected_duration[2m........:[0m avg=[36m9.94ms[0m  min=[36m0s[0m med=[36m8.44ms[0m  max=[36m89.71ms[0m  p(90)=[36m17.33ms[0m p(95)=[36m21.77ms[0m p(99)=[36m34.21ms[0m 
     orders_accepted[2m................:[0m [36m391133[0m [36;2m2172.589542/s[0m
     orders_rejected[2m................:[0m [36m94869[0m  [36;2m526.959876/s[0m
     vus[2m............................:[0m [36m11[0m     [36;2mmin=8[0m         [36;2mmax=171[0m 
     vus_max[2m........................:[0m [36m300[0m    [36;2mmin=300[0m       [36;2mmax=300[0m 