time="2026-09-30T14:27:49+09:00" level=info msg="[run] 시작 14:27:49 MODE=sync TAG=FLASH-sync-ff-db-single PROMOTION_ID=1" source=console
time="2026-09-30T14:27:49+09:00" level=info msg="[flash] 시도 14:28:19 ~ 14:30:06 (최고 초당 3000건), 관찰 끝 14:35:06" source=console
time="2026-09-30T14:35:06+09:00" level=info msg="[run] 종료 14:35:06 TAG=FLASH-sync-ff-db-single" source=console
     base_accepted[2m..................:[0m [36m15429[0m  [36;2m35.304515/s[0m
     base_accepted_duration[2m.........:[0m avg=[36m11.61ms[0m  min=[36m0s[0m       med=[36m4.3ms[0m    max=[36m377.6ms[0m  p(90)=[36m4.9ms[0m    p(95)=[36m95.18ms[0m  p(99)=[36m109.56ms[0m
     base_rejected[2m..................:[0m [36m2052[0m   [36;2m4.69537/s[0m
     data_received[2m..................:[0m [36m36 MB[0m  [36;2m82 kB/s[0m
     data_sent[2m......................:[0m [36m70 MB[0m  [36;2m160 kB/s[0m
     http_req_blocked[2m...............:[0m avg=[36m13.83µs[0m  min=[36m0s[0m       med=[36m0s[0m       max=[36m20.32ms[0m  p(90)=[36m0s[0m       p(95)=[36m0s[0m       p(99)=[36m519.9µs[0m 
     http_req_connecting[2m............:[0m avg=[36m13.44µs[0m  min=[36m0s[0m       med=[36m0s[0m       max=[36m20.32ms[0m  p(90)=[36m0s[0m       p(95)=[36m0s[0m       p(99)=[36m519.5µs[0m 
     http_req_duration[2m..............:[0m avg=[36m45.89ms[0m  min=[36m0s[0m       med=[36m1.86ms[0m   max=[36m695.44ms[0m p(90)=[36m115.25ms[0m p(95)=[36m127.78ms[0m p(99)=[36m217.42ms[0m
       { expected_response:true }[2m...:[0m avg=[36m98.11ms[0m  min=[36m0s[0m       med=[36m110.51ms[0m max=[36m695.44ms[0m p(90)=[36m130.61ms[0m p(95)=[36m206.84ms[0m p(99)=[36m282.16ms[0m
     http_req_failed[2m................:[0m [36m53.82%[0m [36;2m✓ 134542[0m     [36;2m✗ 115429[0m
     http_req_receiving[2m.............:[0m avg=[36m136.63µs[0m min=[36m0s[0m       med=[36m0s[0m       max=[36m36.32ms[0m  p(90)=[36m0s[0m       p(95)=[36m530.75µs[0m p(99)=[36m3.71ms[0m  
     http_req_sending[2m...............:[0m avg=[36m804ns[0m    min=[36m0s[0m       med=[36m0s[0m       max=[36m2.5ms[0m    p(90)=[36m0s[0m       p(95)=[36m0s[0m       p(99)=[36m0s[0m      
     http_req_tls_handshaking[2m.......:[0m avg=[36m0s[0m       min=[36m0s[0m       med=[36m0s[0m       max=[36m0s[0m       p(90)=[36m0s[0m       p(95)=[36m0s[0m       p(99)=[36m0s[0m      
     http_req_waiting[2m...............:[0m avg=[36m45.75ms[0m  min=[36m0s[0m       med=[36m1.56ms[0m   max=[36m695.44ms[0m p(90)=[36m115.23ms[0m p(95)=[36m127.73ms[0m p(99)=[36m217.39ms[0m
     http_reqs[2m......................:[0m [36m249971[0m [36;2m571.981653/s[0m
     iteration_duration[2m.............:[0m avg=[36m45.93ms[0m  min=[36m0s[0m       med=[36m2.04ms[0m   max=[36m695.44ms[0m p(90)=[36m115.31ms[0m p(95)=[36m127.82ms[0m p(99)=[36m217.5ms[0m 
     iterations[2m.....................:[0m [36m249971[0m [36;2m571.981653/s[0m
     promo_queue_full[2m...............:[0m [36m119250[0m [36;2m272.866901/s[0m
     promo_queue_full_duration[2m......:[0m avg=[36m1.09ms[0m   min=[36m0s[0m       med=[36m547.69µs[0m max=[36m34.21ms[0m  p(90)=[36m1.71ms[0m   p(95)=[36m2.62ms[0m   p(99)=[36m8.37ms[0m  
     promo_sold_out[2m.................:[0m [36m13240[0m  [36;2m30.295663/s[0m
     promo_sold_out_duration[2m........:[0m avg=[36m1.1ms[0m    min=[36m0s[0m       med=[36m524.1µs[0m  max=[36m118.22ms[0m p(90)=[36m1.1ms[0m    p(95)=[36m1.44ms[0m   p(99)=[36m3.6ms[0m   
     promo_success[2m..................:[0m [36m100000[0m [36;2m228.819204/s[0m
     promo_success_duration[2m.........:[0m avg=[36m111.46ms[0m min=[36m503.49µs[0m med=[36m111.48ms[0m max=[36m695.44ms[0m p(90)=[36m148.41ms[0m p(95)=[36m208.08ms[0m p(99)=[36m294.42ms[0m
     vus[2m............................:[0m [36m0[0m      [36;2mmin=0[0m        [36;2mmax=205[0m 
     vus_max[2m........................:[0m [36m2050[0m   [36;2mmin=2050[0m     [36;2mmax=2050[0m