time="2026-09-30T14:26:23+09:00" level=info msg="[run] 시작 14:26:23 MODE=sync TAG=FLASH-warmup PROMOTION_ID=2" source=console
time="2026-09-30T14:26:23+09:00" level=info msg="[flash] 시도 14:26:28 ~ 14:27:23 (최고 초당 1000건), 관찰 끝 14:27:28" source=console
time="2026-09-30T14:27:28+09:00" level=info msg="[run] 종료 14:27:28 TAG=FLASH-warmup" source=console
     base_accepted[2m..................:[0m [36m2457[0m   [36;2m37.790193/s[0m
     base_accepted_duration[2m.........:[0m avg=[36m29.12ms[0m  min=[36m658.9µs[0m med=[36m2.24ms[0m max=[36m1.27s[0m    p(90)=[36m39.42ms[0m  p(95)=[36m154.79ms[0m p(99)=[36m671.54ms[0m
     base_rejected[2m..................:[0m [36m143[0m    [36;2m2.199429/s[0m
     data_received[2m..................:[0m [36m7.7 MB[0m [36;2m118 kB/s[0m
     data_sent[2m......................:[0m [36m15 MB[0m  [36;2m235 kB/s[0m
     dropped_iterations[2m.............:[0m [36m1[0m      [36;2m0.015381/s[0m
     http_req_blocked[2m...............:[0m avg=[36m16.94µs[0m  min=[36m0s[0m      med=[36m0s[0m     max=[36m32.99ms[0m  p(90)=[36m0s[0m       p(95)=[36m0s[0m       p(99)=[36m514.6µs[0m 
     http_req_connecting[2m............:[0m avg=[36m16.15µs[0m  min=[36m0s[0m      med=[36m0s[0m     max=[36m32.56ms[0m  p(90)=[36m0s[0m       p(95)=[36m0s[0m       p(99)=[36m513.7µs[0m 
     http_req_duration[2m..............:[0m avg=[36m24.39ms[0m  min=[36m0s[0m      med=[36m1.02ms[0m max=[36m1.27s[0m    p(90)=[36m100.5ms[0m  p(95)=[36m176.97ms[0m p(99)=[36m323.38ms[0m
       { expected_response:true }[2m...:[0m avg=[36m58.75ms[0m  min=[36m658.9µs[0m med=[36m3.67ms[0m max=[36m1.27s[0m    p(90)=[36m186.78ms[0m p(95)=[36m239.7ms[0m  p(99)=[36m393.06ms[0m
     http_req_failed[2m................:[0m [36m59.23%[0m [36;2m✓ 32634[0m      [36;2m✗ 22457[0m
     http_req_receiving[2m.............:[0m avg=[36m56.79µs[0m  min=[36m0s[0m      med=[36m0s[0m     max=[36m11.67ms[0m  p(90)=[36m0s[0m       p(95)=[36m508.29µs[0m p(99)=[36m671.02µs[0m
     http_req_sending[2m...............:[0m avg=[36m2.42µs[0m   min=[36m0s[0m      med=[36m0s[0m     max=[36m10.61ms[0m  p(90)=[36m0s[0m       p(95)=[36m0s[0m       p(99)=[36m0s[0m      
     http_req_tls_handshaking[2m.......:[0m avg=[36m0s[0m       min=[36m0s[0m      med=[36m0s[0m     max=[36m0s[0m       p(90)=[36m0s[0m       p(95)=[36m0s[0m       p(99)=[36m0s[0m      
     http_req_waiting[2m...............:[0m avg=[36m24.33ms[0m  min=[36m0s[0m      med=[36m1.01ms[0m max=[36m1.27s[0m    p(90)=[36m100.47ms[0m p(95)=[36m176.88ms[0m p(99)=[36m323.38ms[0m
     http_reqs[2m......................:[0m [36m55091[0m  [36;2m847.333963/s[0m
     iteration_duration[2m.............:[0m avg=[36m24.45ms[0m  min=[36m0s[0m      med=[36m1.02ms[0m max=[36m1.27s[0m    p(90)=[36m100.5ms[0m  p(95)=[36m176.98ms[0m p(99)=[36m323.38ms[0m
     iterations[2m.....................:[0m [36m55091[0m  [36;2m847.333963/s[0m
     promo_queue_full[2m...............:[0m [36m2169[0m   [36;2m33.360574/s[0m
     promo_queue_full_duration[2m......:[0m avg=[36m1.76ms[0m   min=[36m0s[0m      med=[36m1.14ms[0m max=[36m15.77ms[0m  p(90)=[36m3.23ms[0m   p(95)=[36m4.47ms[0m   p(99)=[36m8.23ms[0m  
     promo_sold_out[2m.................:[0m [36m30322[0m  [36;2m466.371284/s[0m
     promo_sold_out_duration[2m........:[0m avg=[36m679.74µs[0m min=[36m0s[0m      med=[36m512µs[0m  max=[36m28.04ms[0m  p(90)=[36m1.02ms[0m   p(95)=[36m1.04ms[0m   p(99)=[36m1.53ms[0m  
     promo_success[2m..................:[0m [36m20000[0m  [36;2m307.612482/s[0m
     promo_success_duration[2m.........:[0m avg=[36m62.39ms[0m  min=[36m715.6µs[0m med=[36m4.23ms[0m max=[36m920.81ms[0m p(90)=[36m188.89ms[0m p(95)=[36m246.69ms[0m p(99)=[36m389.53ms[0m
     vus[2m............................:[0m [36m1[0m      [36;2mmin=1[0m        [36;2mmax=133[0m
     vus_max[2m........................:[0m [36m551[0m    [36;2mmin=550[0m      [36;2mmax=551[0m