time="2026-10-01T09:56:02+09:00" level=info msg="[run] 시작 09:56:02 MODE=sync TAG=FLASH-sync-ff-memory PROMOTION_ID=1" source=console
time="2026-10-01T09:56:02+09:00" level=info msg="[flash] 시도 09:56:32 ~ 09:58:19 (최고 초당 3000건), 관찰 끝 10:03:19" source=console
time="2026-10-01T10:03:19+09:00" level=info msg="[run] 종료 10:03:19 TAG=FLASH-sync-ff-memory" source=console
     base_accepted[2m..................:[0m [36m17361[0m  [36;2m39.726177/s[0m
     base_accepted_duration[2m.........:[0m avg=[36m7.69ms[0m   min=[36m0s[0m    med=[36m4.21ms[0m  max=[36m585.27ms[0m p(90)=[36m4.88ms[0m   p(95)=[36m26.95ms[0m  p(99)=[36m101.71ms[0m
     base_rejected[2m..................:[0m [36m120[0m    [36;2m0.274589/s[0m
     data_received[2m..................:[0m [36m34 MB[0m  [36;2m79 kB/s[0m
     data_sent[2m......................:[0m [36m70 MB[0m  [36;2m160 kB/s[0m
     http_req_blocked[2m...............:[0m avg=[36m8.46µs[0m   min=[36m0s[0m    med=[36m0s[0m      max=[36m2ms[0m      p(90)=[36m0s[0m       p(95)=[36m0s[0m       p(99)=[36m511.4µs[0m 
     http_req_connecting[2m............:[0m avg=[36m7.95µs[0m   min=[36m0s[0m    med=[36m0s[0m      max=[36m2ms[0m      p(90)=[36m0s[0m       p(95)=[36m0s[0m       p(99)=[36m510.7µs[0m 
     http_req_duration[2m..............:[0m avg=[36m23.93ms[0m  min=[36m0s[0m    med=[36m1.45ms[0m  max=[36m1.05s[0m    p(90)=[36m71.29ms[0m  p(95)=[36m105.16ms[0m p(99)=[36m224.06ms[0m
       { expected_response:true }[2m...:[0m avg=[36m48.99ms[0m  min=[36m0s[0m    med=[36m32.49ms[0m max=[36m1.05s[0m    p(90)=[36m107.17ms[0m p(95)=[36m145.15ms[0m p(99)=[36m282.98ms[0m
     http_req_failed[2m................:[0m [36m53.05%[0m [36;2m✓ 132610[0m     [36;2m✗ 117361[0m
     http_req_receiving[2m.............:[0m avg=[36m165.32µs[0m min=[36m0s[0m    med=[36m0s[0m      max=[36m50.84ms[0m  p(90)=[36m509.29µs[0m p(95)=[36m577.6µs[0m  p(99)=[36m3.73ms[0m  
     http_req_sending[2m...............:[0m avg=[36m1.11µs[0m   min=[36m0s[0m    med=[36m0s[0m      max=[36m4.01ms[0m   p(90)=[36m0s[0m       p(95)=[36m0s[0m       p(99)=[36m0s[0m      
     http_req_tls_handshaking[2m.......:[0m avg=[36m0s[0m       min=[36m0s[0m    med=[36m0s[0m      max=[36m0s[0m       p(90)=[36m0s[0m       p(95)=[36m0s[0m       p(99)=[36m0s[0m      
     http_req_waiting[2m...............:[0m avg=[36m23.76ms[0m  min=[36m0s[0m    med=[36m689.1µs[0m max=[36m1.05s[0m    p(90)=[36m71.23ms[0m  p(95)=[36m105.1ms[0m  p(99)=[36m224.03ms[0m
     http_reqs[2m......................:[0m [36m249971[0m [36;2m571.994258/s[0m
     iteration_duration[2m.............:[0m avg=[36m23.98ms[0m  min=[36m0s[0m    med=[36m1.57ms[0m  max=[36m1.05s[0m    p(90)=[36m71.33ms[0m  p(95)=[36m105.25ms[0m p(99)=[36m224.28ms[0m
     iterations[2m.....................:[0m [36m249971[0m [36;2m571.994258/s[0m
     promo_queue_full[2m...............:[0m [36m9279[0m   [36;2m21.232602/s[0m
     promo_queue_full_duration[2m......:[0m avg=[36m20.59ms[0m  min=[36m0s[0m    med=[36m9.38ms[0m  max=[36m560.04ms[0m p(90)=[36m30.51ms[0m  p(95)=[36m60.05ms[0m  p(99)=[36m278.05ms[0m
     promo_sold_out[2m.................:[0m [36m123211[0m [36;2m281.936643/s[0m
     promo_sold_out_duration[2m........:[0m avg=[36m321.24µs[0m min=[36m0s[0m    med=[36m0s[0m      max=[36m21.3ms[0m   p(90)=[36m599.79µs[0m p(95)=[36m653.2µs[0m  p(99)=[36m1.78ms[0m  
     promo_success[2m..................:[0m [36m100000[0m [36;2m228.824247/s[0m
     promo_success_duration[2m.........:[0m avg=[36m56.16ms[0m  min=[36m503µs[0m med=[36m43.44ms[0m max=[36m1.05s[0m    p(90)=[36m114.34ms[0m p(95)=[36m153.93ms[0m p(99)=[36m289.95ms[0m
     vus[2m............................:[0m [36m0[0m      [36;2mmin=0[0m        [36;2mmax=250[0m 
     vus_max[2m........................:[0m [36m2050[0m   [36;2mmin=2050[0m     [36;2mmax=2050[0m