[06:24:01] === 리뷰 rev 시작: 회차 9개 (before sync async async sync before sync before async, 폴더 1번부터), 휴식 900초, closed VUS 50, SHOP_POOL 3, 15m ===
lock_deadlocks	enabled
innodb_print_all_deadlocks	0
노트북 CPU 기록 시작 pid=18264 rc=0
[06:24:05] [1/9 before] 전 휴식 895초 (끝 06:39:00)
[06:39:01] 전원 상태 [1회차 기동 전] = 2 98 (첫 값 2 = 충전기)
서버 기동 요청 P=20  rc=0 pid=19304
[06:39:12] 서버 준비 완료 (풀 20.0, 3회 확인)
서버 커넥션 풀 = 20.0 (기대 20), 리뷰 통계 워커 = 10.0 (기대 10), 설계 = before
[1/1 06:39:29] 부하 전 노트북 CPU 평균 = 0.016 (기준 0.15 미만) / 데스크톱 = 4.5% (기준 30% 미만)
워밍업 종료 06:40:30 exit=0 (open 초당 200건, SHOP_POOL 1000)
워밍업 k6 연결 실패 0건
통계 작업 소진 (queued=0.0 active=0.0, 2초 이내)
reviews	orders	order_menus	stats_not_zero
0	0	0	0
shops_stats_not_zero	0
[06:40:32] 전원 상태 [1회차 측정 전] = 2 98 (첫 값 2 = 충전기)
서버 커넥션 풀 = 20.0 (기대 20), 리뷰 통계 워커 = 10.0 (기대 10), 설계 = before
[1/8 06:40:49] 부하 전 노트북 CPU 평균 = 0.046 (기준 0.15 미만) / 데스크톱 = 5.4% (기준 30% 미만)
본측정 시작 06:40:49 (설계 before, closed VUS 50, SHOP_POOL 3, 15m)
본측정 종료 06:55:50 exit=0
측정 k6 연결 실패 0건
통계 작업 소진 (queued=0.0 active=0.0, 2초 이내)
측정 중 데스크톱 CPU 평균 38.5% / 최대 54.0% / 80% 이상 최장 연속 0표본 → 통과
[06:56:27] 정합성: reviews 327269|v4a_rows_deficit_excess 3 152030 0|v4c_avg_rows 0|
[06:56:28] 전원 상태 [1회차 측정 후] = 2 98 (첫 값 2 = 충전기)
서버 종료 pid=16064
서버 종료 pid=4476
== 01-before  (설계 before)
  요청 1,359,379건 (900초): 성공(2xx) 327,269 · 5xx 1,032,110 · 그 밖 0 | 처리량 364건/s
  성공 응답 ms (평균 / 중앙값 / p95 / p99 / 최대): 30.2 / 29.4 / 46.8 / 58.7 / 158  → p95 ≤ 500ms ✓
  MySQL: 교착 1,032,110건, 행 잠금 대기 2,492,178회 / 10,617.5초, 커밋 327,269 · 롤백 1,032,110, 요청당 명령 6.00
  원본 리뷰 327,269건 vs 성공 응답 327,269건 → 일치 ✓
  ① 정합성(shops 통계 vs 리뷰): 불일치 가게 3곳, 통계 부족 152,030건 · 초과 0건, 평균 불일치 0곳
  최근 교착의 잠금 대상: shops.PRIMARY (잠금 종류 S·X)
  통계 갱신 거절 0건 · 실패 0건
  커넥션 점유 평균 18.9개, 커넥션 획득 대기 평균 13.5ms
  노트북 CPU 98.4% (mysqld 61.6 / java 28.4), 클럭 111%, TCP 재전송 1/s
  데스크톱 CPU 평균 38.5% / 최대 54.0% → 유효
  GC 멈춤 319회(워밍업 포함), 최대 24ms
[06:56:31] 회차 완료 1/9 (before)
[06:56:31] [2/9 sync] 전 휴식 893초 (끝 07:11:24)
[07:11:26] 전원 상태 [2회차 기동 전] = 2 98 (첫 값 2 = 충전기)
서버 기동 요청 P=20 --omp.review.stats.mode=sync rc=0 pid=4296
[07:11:37] 서버 준비 완료 (풀 20.0, 3회 확인)
서버 커넥션 풀 = 20.0 (기대 20), 리뷰 통계 워커 = 10.0 (기대 10), 설계 = sync
[1/1 07:11:54] 부하 전 노트북 CPU 평균 = 0.015 (기준 0.15 미만) / 데스크톱 = 4.1% (기준 30% 미만)
워밍업 종료 07:12:55 exit=0 (open 초당 200건, SHOP_POOL 1000)
워밍업 k6 연결 실패 0건
통계 작업 소진 (queued=0.0 active=0.0, 2초 이내)
reviews	orders	order_menus	stats_not_zero
0	0	0	0
[07:12:57] 전원 상태 [2회차 측정 전] = 2 98 (첫 값 2 = 충전기)
서버 커넥션 풀 = 20.0 (기대 20), 리뷰 통계 워커 = 10.0 (기대 10), 설계 = sync
[1/8 07:13:13] 부하 전 노트북 CPU 평균 = 0.135 (기준 0.15 미만) / 데스크톱 = 4.6% (기준 30% 미만)
본측정 시작 07:13:13 (설계 sync, closed VUS 50, SHOP_POOL 3, 15m)
본측정 종료 07:28:15 exit=0
측정 k6 연결 실패 0건
통계 작업 소진 (queued=0.0 active=0.0, 2초 이내)
측정 중 데스크톱 CPU 평균 30.5% / 최대 35.4% / 80% 이상 최장 연속 0표본 → 통과
[07:29:03] 정합성: reviews 2051697|v2_rows_deficit_excess 0 0 0|v2b_rows_reviews 0 0|v2c_avg_rows 0|
[07:29:04] 전원 상태 [2회차 측정 후] = 2 98 (첫 값 2 = 충전기)
서버 종료 pid=7140
서버 종료 pid=8424
== 02-sync  (설계 sync)
  요청 2,051,697건 (900초): 성공(2xx) 2,051,697 · 5xx 0 · 그 밖 0 | 처리량 2,280건/s
  성공 응답 ms (평균 / 중앙값 / p95 / p99 / 최대): 21.9 / 20.5 / 37.1 / 49.6 / 196  → p95 ≤ 500ms ✓
  MySQL: 교착 0건, 행 잠금 대기 1,887,206회 / 12,298.5초, 커밋 2,051,697 · 롤백 0, 요청당 명령 6.00
  원본 리뷰 2,051,697건 vs 성공 응답 2,051,697건 → 일치 ✓
  통계 정합성(verify 2·2-b·2-c): 불일치 가게 0곳(부족 0건 · 초과 0건), 통계 행 없는 가게 0곳(0건), 평균 불일치 0곳 → 일치 ✓
  통계 갱신 거절 0건 · 실패 0건
  커넥션 점유 평균 18.7개, 커넥션 획득 대기 평균 10.8ms
  노트북 CPU 97.5% (mysqld 63.0 / java 26.4), 클럭 106%, TCP 재전송 0/s
  데스크톱 CPU 평균 30.5% / 최대 35.4% → 유효
  GC 멈춤 176회(워밍업 포함), 최대 23ms
[07:29:08] 회차 완료 2/9 (sync)
[07:29:08] [3/9 async] 전 휴식 881초 (끝 07:43:49)
[07:43:50] 전원 상태 [3회차 기동 전] = 2 98 (첫 값 2 = 충전기)
서버 기동 요청 P=20 --omp.review.stats.mode=async rc=0 pid=10480
[07:44:01] 서버 준비 완료 (풀 20.0, 3회 확인)
서버 커넥션 풀 = 20.0 (기대 20), 리뷰 통계 워커 = 10.0 (기대 10), 설계 = async
[1/1 07:44:18] 부하 전 노트북 CPU 평균 = 0.020 (기준 0.15 미만) / 데스크톱 = 4.1% (기준 30% 미만)
워밍업 종료 07:45:19 exit=0 (open 초당 200건, SHOP_POOL 1000)
워밍업 k6 연결 실패 0건
통계 작업 소진 (queued=0.0 active=0.0, 2초 이내)
reviews	orders	order_menus	stats_not_zero
0	0	0	0
[07:45:21] 전원 상태 [3회차 측정 전] = 2 98 (첫 값 2 = 충전기)
서버 커넥션 풀 = 20.0 (기대 20), 리뷰 통계 워커 = 10.0 (기대 10), 설계 = async
[1/8 07:45:37] 부하 전 노트북 CPU 평균 = 0.152 (기준 0.15 미만) / 데스크톱 = 5.2% (기준 30% 미만)
[2/8 07:45:53] 부하 전 노트북 CPU 평균 = 0.141 (기준 0.15 미만) / 데스크톱 = 4.9% (기준 30% 미만)
본측정 시작 07:45:53 (설계 async, closed VUS 50, SHOP_POOL 3, 15m)
본측정 종료 08:00:55 exit=0
측정 k6 연결 실패 0건
통계 작업 소진 (queued=0.0 active=0.0, 2초 이내)
측정 중 데스크톱 CPU 평균 30.3% / 최대 36.5% / 80% 이상 최장 연속 0표본 → 통과
[08:01:48] 정합성: reviews 2527605|v2_rows_deficit_excess 3 1559347 0|v2b_rows_reviews 0 0|v2c_avg_rows 0|
[08:01:49] 전원 상태 [3회차 측정 후] = 2 98 (첫 값 2 = 충전기)
서버 종료 pid=15116
서버 종료 pid=10732
== 03-async  (설계 async)
  요청 2,527,605건 (900초): 성공(2xx) 2,527,605 · 5xx 0 · 그 밖 0 | 처리량 2,808건/s
  성공 응답 ms (평균 / 중앙값 / p95 / p99 / 최대): 17.7 / 15.8 / 33.0 / 47.5 / 221  → p95 ≤ 500ms ✓
  MySQL: 교착 0건, 행 잠금 대기 787,340회 / 4,475.5초, 커밋 3,495,863 · 롤백 0, 요청당 명령 6.53
  원본 리뷰 2,527,605건 vs 성공 응답 2,527,605건 → 일치 ✓
  통계 정합성(verify 2·2-b·2-c): 불일치 가게 3곳(부족 1,559,347건 · 초과 0건), 통계 행 없는 가게 0곳(0건), 평균 불일치 0곳 → 불일치 ✗
  통계 갱신 거절 1,559,347건 · 실패 0건 | 통계 반영 지연(커밋 → 통계 커밋, 968,258건): 평균 1,866.8ms, p95 ≈ 2,425ms, p99 ≈ 2,485ms
  커넥션 점유 평균 17.0개, 커넥션 획득 대기 평균 5.7ms
  노트북 CPU 97.7% (mysqld 60.3 / java 30.8), 클럭 106%, TCP 재전송 0/s
  데스크톱 CPU 평균 30.3% / 최대 36.5% → 유효
  GC 멈춤 217회(워밍업 포함), 최대 27ms
[08:01:53] 회차 완료 3/9 (async)
[08:01:53] [4/9 async] 전 휴식 875초 (끝 08:16:28)
[08:16:29] 전원 상태 [4회차 기동 전] = 2 98 (첫 값 2 = 충전기)
서버 기동 요청 P=20 --omp.review.stats.mode=async rc=0 pid=7448
[08:16:40] 서버 준비 완료 (풀 20.0, 3회 확인)
서버 커넥션 풀 = 20.0 (기대 20), 리뷰 통계 워커 = 10.0 (기대 10), 설계 = async
[1/1 08:16:58] 부하 전 노트북 CPU 평균 = 0.023 (기준 0.15 미만) / 데스크톱 = 4.1% (기준 30% 미만)
워밍업 종료 08:17:59 exit=0 (open 초당 200건, SHOP_POOL 1000)
워밍업 k6 연결 실패 0건
통계 작업 소진 (queued=0.0 active=0.0, 2초 이내)
reviews	orders	order_menus	stats_not_zero
0	0	0	0
[08:18:01] 전원 상태 [4회차 측정 전] = 2 98 (첫 값 2 = 충전기)
서버 커넥션 풀 = 20.0 (기대 20), 리뷰 통계 워커 = 10.0 (기대 10), 설계 = async
[1/8 08:18:18] 부하 전 노트북 CPU 평균 = 0.047 (기준 0.15 미만) / 데스크톱 = 4.6% (기준 30% 미만)
본측정 시작 08:18:18 (설계 async, closed VUS 50, SHOP_POOL 3, 15m)
본측정 종료 08:33:19 exit=0
측정 k6 연결 실패 0건
통계 작업 소진 (queued=0.0 active=0.0, 2초 이내)
측정 중 데스크톱 CPU 평균 30.1% / 최대 35.1% / 80% 이상 최장 연속 0표본 → 통과
[08:34:11] 정합성: reviews 2509897|v2_rows_deficit_excess 3 1502661 0|v2b_rows_reviews 0 0|v2c_avg_rows 0|
[08:34:13] 전원 상태 [4회차 측정 후] = 2 98 (첫 값 2 = 충전기)
서버 종료 pid=15816
서버 종료 pid=17152
== 04-async  (설계 async)
  요청 2,509,897건 (900초): 성공(2xx) 2,509,897 · 5xx 0 · 그 밖 0 | 처리량 2,789건/s
  성공 응답 ms (평균 / 중앙값 / p95 / p99 / 최대): 17.8 / 15.8 / 33.9 / 50.0 / 259  → p95 ≤ 500ms ✓
  MySQL: 교착 0건, 행 잠금 대기 819,080회 / 4,467.1초, 커밋 3,517,133 · 롤백 0, 요청당 명령 6.61
  원본 리뷰 2,509,897건 vs 성공 응답 2,509,897건 → 일치 ✓
  통계 정합성(verify 2·2-b·2-c): 불일치 가게 3곳(부족 1,502,661건 · 초과 0건), 통계 행 없는 가게 0곳(0건), 평균 불일치 0곳 → 불일치 ✗
  통계 갱신 거절 1,502,661건 · 실패 0건 | 통계 반영 지연(커밋 → 통계 커밋, 1,007,236건): 평균 1,794.4ms, p95 ≈ 2,425ms, p99 ≈ 2,485ms
  커넥션 점유 평균 16.9개, 커넥션 획득 대기 평균 5.6ms
  노트북 CPU 97.2% (mysqld 60.3 / java 30.2), 클럭 105%, TCP 재전송 0/s
  데스크톱 CPU 평균 30.1% / 최대 35.1% → 유효
  GC 멈춤 209회(워밍업 포함), 최대 23ms
[08:34:16] 회차 완료 4/9 (async)
[08:34:16] [5/9 sync] 전 휴식 877초 (끝 08:48:53)
[08:48:54] 전원 상태 [5회차 기동 전] = 2 98 (첫 값 2 = 충전기)
서버 기동 요청 P=20 --omp.review.stats.mode=sync rc=0 pid=18756
[08:49:06] 서버 준비 완료 (풀 20.0, 3회 확인)
서버 커넥션 풀 = 20.0 (기대 20), 리뷰 통계 워커 = 10.0 (기대 10), 설계 = sync
[1/1 08:49:23] 부하 전 노트북 CPU 평균 = 0.018 (기준 0.15 미만) / 데스크톱 = 4.9% (기준 30% 미만)
워밍업 종료 08:50:23 exit=0 (open 초당 200건, SHOP_POOL 1000)
워밍업 k6 연결 실패 0건
통계 작업 소진 (queued=0.0 active=0.0, 2초 이내)
reviews	orders	order_menus	stats_not_zero
0	0	0	0
[08:50:25] 전원 상태 [5회차 측정 전] = 2 98 (첫 값 2 = 충전기)
서버 커넥션 풀 = 20.0 (기대 20), 리뷰 통계 워커 = 10.0 (기대 10), 설계 = sync
[1/8 08:50:42] 부하 전 노트북 CPU 평균 = 0.157 (기준 0.15 미만) / 데스크톱 = 4.5% (기준 30% 미만)
[2/8 08:50:58] 부하 전 노트북 CPU 평균 = 0.140 (기준 0.15 미만) / 데스크톱 = 5% (기준 30% 미만)
본측정 시작 08:50:58 (설계 sync, closed VUS 50, SHOP_POOL 3, 15m)
본측정 종료 09:05:59 exit=0
측정 k6 연결 실패 0건
통계 작업 소진 (queued=0.0 active=0.0, 2초 이내)
측정 중 데스크톱 CPU 평균 30.2% / 최대 35.4% / 80% 이상 최장 연속 0표본 → 통과
[09:06:48] 정합성: reviews 2047391|v2_rows_deficit_excess 0 0 0|v2b_rows_reviews 0 0|v2c_avg_rows 0|
[09:06:49] 전원 상태 [5회차 측정 후] = 2 98 (첫 값 2 = 충전기)
서버 종료 pid=5012
서버 종료 pid=7292
== 05-sync  (설계 sync)
  요청 2,047,391건 (900초): 성공(2xx) 2,047,391 · 5xx 0 · 그 밖 0 | 처리량 2,275건/s
  성공 응답 ms (평균 / 중앙값 / p95 / p99 / 최대): 21.9 / 20.7 / 35.5 / 46.2 / 187  → p95 ≤ 500ms ✓
  MySQL: 교착 0건, 행 잠금 대기 1,888,246회 / 12,409.6초, 커밋 2,047,391 · 롤백 0, 요청당 명령 6.00
  원본 리뷰 2,047,391건 vs 성공 응답 2,047,391건 → 일치 ✓
  통계 정합성(verify 2·2-b·2-c): 불일치 가게 0곳(부족 0건 · 초과 0건), 통계 행 없는 가게 0곳(0건), 평균 불일치 0곳 → 일치 ✓
  통계 갱신 거절 0건 · 실패 0건
  커넥션 점유 평균 18.7개, 커넥션 획득 대기 평균 10.9ms
  노트북 CPU 97.3% (mysqld 62.8 / java 26.3), 클럭 108%, TCP 재전송 0/s
  데스크톱 CPU 평균 30.2% / 최대 35.4% → 유효
  GC 멈춤 179회(워밍업 포함), 최대 24ms
[09:06:53] 회차 완료 5/9 (sync)
[09:06:53] [6/9 before] 전 휴식 880초 (끝 09:21:33)
[09:15:17] 사용자 결정: ②·③ 2회씩 결과가 같아 리뷰 회차를 줄임. ①만 한 번 더(rev2 6회차) 재고 7~9회차는 뺌
