[09:16:12] === 리뷰 rev2 시작: 회차 1개 (before, 폴더 6번부터), 휴식 900초, closed VUS 50, SHOP_POOL 3, 15m ===
lock_deadlocks	enabled
innodb_print_all_deadlocks	0
노트북 CPU 기록 시작 pid=14532 rc=0
[09:16:17] [6/6 before] 전 휴식 317초 (끝 09:21:33)
[09:21:35] 전원 상태 [6회차 기동 전] = 2 98 (첫 값 2 = 충전기)
서버 기동 요청 P=20  rc=0 pid=19176
[09:21:46] 서버 준비 완료 (풀 20.0, 3회 확인)
서버 커넥션 풀 = 20.0 (기대 20), 리뷰 통계 워커 = 10.0 (기대 10), 설계 = before
[1/1 09:22:03] 부하 전 노트북 CPU 평균 = 0.018 (기준 0.15 미만) / 데스크톱 = 11.9% (기준 30% 미만)
워밍업 종료 09:23:04 exit=0 (open 초당 200건, SHOP_POOL 1000)
워밍업 k6 연결 실패 0건
통계 작업 소진 (queued=0.0 active=0.0, 2초 이내)
reviews	orders	order_menus	stats_not_zero
0	0	0	0
shops_stats_not_zero	0
[09:23:06] 전원 상태 [6회차 측정 전] = 2 98 (첫 값 2 = 충전기)
서버 커넥션 풀 = 20.0 (기대 20), 리뷰 통계 워커 = 10.0 (기대 10), 설계 = before
[1/8 09:23:23] 부하 전 노트북 CPU 평균 = 0.039 (기준 0.15 미만) / 데스크톱 = 9.9% (기준 30% 미만)
본측정 시작 09:23:23 (설계 before, closed VUS 50, SHOP_POOL 3, 15m)
본측정 종료 09:38:24 exit=0
측정 k6 연결 실패 0건
통계 작업 소진 (queued=0.0 active=0.0, 2초 이내)
측정 중 데스크톱 CPU 평균 46.3% / 최대 58.6% / 80% 이상 최장 연속 0표본 → 통과
[09:39:01] 정합성: reviews 322909|v4a_rows_deficit_excess 3 149939 0|v4c_avg_rows 0|
[09:39:02] 전원 상태 [6회차 측정 후] = 2 98 (첫 값 2 = 충전기)
서버 종료 pid=5508
서버 종료 pid=13876
== 06-before  (설계 before)
  요청 1,340,366건 (900초): 성공(2xx) 322,909 · 5xx 1,017,457 · 그 밖 0 | 처리량 359건/s
  성공 응답 ms (평균 / 중앙값 / p95 / p99 / 최대): 30.6 / 29.8 / 47.5 / 60.0 / 175  → p95 ≤ 500ms ✓
  MySQL: 교착 1,017,457건, 행 잠금 대기 2,457,181회 / 10,618.3초, 커밋 322,909 · 롤백 1,017,457, 요청당 명령 6.00
  원본 리뷰 322,909건 vs 성공 응답 322,909건 → 일치 ✓
  ① 정합성(shops 통계 vs 리뷰): 불일치 가게 3곳, 통계 부족 149,939건 · 초과 0건, 평균 불일치 0곳
  최근 교착의 잠금 대상: shops.PRIMARY (잠금 종류 S·X)
  통계 갱신 거절 0건 · 실패 0건
  커넥션 점유 평균 18.9개, 커넥션 획득 대기 평균 13.7ms
  노트북 CPU 98.1% (mysqld 61.4 / java 28.5), 클럭 109%, TCP 재전송 0/s
  데스크톱 CPU 평균 46.3% / 최대 58.6% → 유효
  GC 멈춤 315회(워밍업 포함), 최대 22ms
[09:39:06] 회차 완료 6/6 (before)
노트북 CPU 기록 종료 pid=14532
[09:39:07] 노트북 CPU 기록 → benchmark/results/2026-10-01-REVIEW/laptop-cpu-rev2.csv
[09:39:07] === 리뷰 rev2 끝 ===
