time="2026-09-26T19:11:07+09:00" level=info msg="[run] 시작 19:11:07 MODE=sync SCENARIO=saturate TAG=P1-p20" source=console
time="2026-09-26T19:14:07+09:00" level=info msg="[run] 종료 19:14:07 TAG=P1-p20" source=console
[32m     ✓ status is 200[0m
[32m     ✓ has order id[0m

     checks[2m.........................:[0m [36m100.00%[0m [36;2m✓ 811150[0m      [36;2m✗ 0[0m     
     data_received[2m..................:[0m [36m53 MB[0m   [36;2m293 kB/s[0m
     data_sent[2m......................:[0m [36m107 MB[0m  [36;2m592 kB/s[0m
     http_req_blocked[2m...............:[0m avg=[36m181.32µs[0m min=[36m0s[0m     med=[36m0s[0m      max=[36m224.21ms[0m p(90)=[36m0s[0m      p(95)=[36m0s[0m       p(99)=[36m2.02ms[0m  
     http_req_connecting[2m............:[0m avg=[36m178.01µs[0m min=[36m0s[0m     med=[36m0s[0m      max=[36m224.21ms[0m p(90)=[36m0s[0m      p(95)=[36m0s[0m       p(99)=[36m1.56ms[0m  
     http_req_duration[2m..............:[0m avg=[36m28.09ms[0m  min=[36m2.46ms[0m med=[36m25.56ms[0m max=[36m247.42ms[0m p(90)=[36m38.92ms[0m p(95)=[36m47.32ms[0m  p(99)=[36m105.84ms[0m
       { expected_response:true }[2m...:[0m avg=[36m28.09ms[0m  min=[36m2.46ms[0m med=[36m25.56ms[0m max=[36m247.42ms[0m p(90)=[36m38.92ms[0m p(95)=[36m47.32ms[0m  p(99)=[36m105.84ms[0m
     http_req_failed[2m................:[0m [36m0.00%[0m   [36;2m✓ 0[0m           [36;2m✗ 405575[0m
     http_req_receiving[2m.............:[0m avg=[36m91.11µs[0m  min=[36m0s[0m     med=[36m0s[0m      max=[36m31.3ms[0m   p(90)=[36m0s[0m      p(95)=[36m533.59µs[0m p(99)=[36m1.05ms[0m  
     http_req_sending[2m...............:[0m avg=[36m12.98µs[0m  min=[36m0s[0m     med=[36m0s[0m      max=[36m13.38ms[0m  p(90)=[36m0s[0m      p(95)=[36m0s[0m       p(99)=[36m523.7µs[0m 
     http_req_tls_handshaking[2m.......:[0m avg=[36m0s[0m       min=[36m0s[0m     med=[36m0s[0m      max=[36m0s[0m       p(90)=[36m0s[0m      p(95)=[36m0s[0m       p(99)=[36m0s[0m      
     http_req_waiting[2m...............:[0m avg=[36m27.99ms[0m  min=[36m2.46ms[0m med=[36m25.47ms[0m max=[36m247.42ms[0m p(90)=[36m38.77ms[0m p(95)=[36m47.1ms[0m   p(99)=[36m105.48ms[0m
     http_reqs[2m......................:[0m [36m405575[0m  [36;2m2252.682301/s[0m
     iteration_duration[2m.............:[0m avg=[36m28.39ms[0m  min=[36m2.78ms[0m med=[36m25.74ms[0m max=[36m358ms[0m    p(90)=[36m39.44ms[0m p(95)=[36m48.31ms[0m  p(99)=[36m106.78ms[0m
     iterations[2m.....................:[0m [36m405575[0m  [36;2m2252.682301/s[0m
     order_accepted_duration[2m........:[0m avg=[36m28.09ms[0m  min=[36m2.46ms[0m med=[36m25.56ms[0m max=[36m247.42ms[0m p(90)=[36m38.92ms[0m p(95)=[36m47.32ms[0m  p(99)=[36m105.84ms[0m
     orders_accepted[2m................:[0m [36m405575[0m  [36;2m2252.682301/s[0m
     vus[2m............................:[0m [36m64[0m      [36;2mmin=64[0m        [36;2mmax=64[0m  
     vus_max[2m........................:[0m [36m64[0m      [36;2mmin=64[0m        [36;2mmax=64[0m  